[0.044s][info][gc] Using G1
[1,342s][info][gc] GC(0) Pause Young (G1 Evacuation Pause) 16M->6M(256M) 12,693ms
[2,540s][info][gc] GC(1) Pause Initial Mark (Metadata GC Threshold) 59M->51M(256M) 18,010ms
[2,540s][info][gc] GC(2) Concurrent Cycle
[2,565s][info][gc] GC(2) Pause Remark 52M->52M(256M) 5,418ms
[2,568s][info][gc] GC(2) Pause Cleanup 52M->52M(256M) 0,611ms
[2,572s][info][gc] GC(2) Concurrent Cycle 32,077ms
[6,535s][info][gc] GC(3) Pause Initial Mark (G1 Humongous Allocation) 104M->55M(256M) 8,756ms
[6,535s][info][gc] GC(4) Concurrent Cycle
[6,573s][info][gc] GC(4) Pause Remark 99M->99M(256M) 8,176ms
[6,577s][info][gc] GC(4) Pause Cleanup 99M->99M(256M) 0,359ms
[6,580s][info][gc] GC(4) Concurrent Cycle 45,406ms
[7,496s][info][gc] GC(5) Pause Initial Mark (G1 Humongous Allocation) 105M->100M(256M) 9,380ms
[7,496s][info][gc] GC(6) Concurrent Cycle
[7,557s][info][gc] GC(6) Pause Remark 144M->144M(256M) 14,685ms
[7,561s][info][gc] GC(6) Pause Cleanup 144M->144M(256M) 0,440ms
[7,563s][info][gc] GC(6) Concurrent Cycle 66,819ms
[11,489s][info][gc] GC(7) Pause Initial Mark (G1 Humongous Allocation) 150M->100M(256M) 8,015ms
[11,489s][info][gc] GC(8) Concurrent Cycle
[11,527s][info][gc] GC(8) Pause Remark 145M->145M(256M) 7,840ms
[11,531s][info][gc] GC(8) Pause Cleanup 145M->145M(256M) 0,317ms
[11,532s][info][gc] GC(8) Concurrent Cycle 42,689ms
[12,148s][info][gc] GC(9) Pause Initial Mark (G1 Humongous Allocation) 147M->145M(256M) 14,286ms
[12,148s][info][gc] GC(10) Concurrent Cycle
[12,209s][info][gc] GC(10) Pause Remark 189M->189M(256M) 12,319ms
[12,221s][info][gc] GC(10) Pause Cleanup 189M->189M(256M) 0,328ms
[12,223s][info][gc] GC(10) Concurrent Cycle 74,209ms
[20,924s][info][gc] GC(11) Pause Young (G1 Evacuation Pause) 225M->113M(256M) 58,035ms
[26,471s][info][gc] GC(12) Pause Young (G1 Evacuation Pause) 165M->125M(256M) 36,756ms
[26,691s][info][gc] GC(13) Pause Initial Mark (G1 Humongous Allocation) 149M->127M(256M) 26,849ms
[26,691s][info][gc] GC(14) Concurrent Cycle
[26,878s][info][gc] GC(14) Pause Remark 146M->146M(256M) 17,128ms
[26,899s][info][gc] GC(14) Pause Cleanup 147M->145M(256M) 0,516ms
[26,901s][info][gc] GC(14) Concurrent Cycle 209,682ms
[27,197s][info][gc] GC(15) Pause Young (G1 Evacuation Pause) 174M->130M(256M) 16,276ms
[27,431s][info][gc] GC(16) Pause Initial Mark (G1 Evacuation Pause) 181M->130M(256M) 7,215ms
[27,431s][info][gc] GC(17) Concurrent Cycle
[27,545s][info][gc] GC(17) Pause Remark 155M->155M(256M) 16,111ms
[27,569s][info][gc] GC(17) Pause Cleanup 161M->161M(256M) 0,382ms
[27,571s][info][gc] GC(17) Concurrent Cycle 139,878ms
[27,685s][info][gc] GC(18) Pause Young (G1 Evacuation Pause) 195M->130M(256M) 9,319ms
[27,853s][info][gc] GC(19) Pause Initial Mark (G1 Evacuation Pause) 197M->131M(256M) 8,823ms
[27,853s][info][gc] GC(20) Concurrent Cycle
[27,965s][info][gc] GC(20) Pause Remark 171M->171M(256M) 12,516ms
[27,990s][info][gc] GC(20) Pause Cleanup 180M->180M(256M) 0,480ms
[27,992s][info][gc] GC(20) Concurrent Cycle 138,264ms
[28,040s][info][gc] GC(21) Pause Young (G1 Evacuation Pause) 200M->132M(256M) 17,314ms
[28,177s][info][gc] GC(22) Pause Initial Mark (G1 Evacuation Pause) 202M->133M(256M) 19,097ms
[28,177s][info][gc] GC(23) Concurrent Cycle
[28,330s][info][gc] GC(23) Pause Remark 186M->186M(256M) 16,074ms
[28,352s][info][gc] GC(23) Pause Cleanup 195M->195M(256M) 0,511ms
[28,354s][info][gc] GC(23) Concurrent Cycle 177,778ms
[28,398s][info][gc] GC(24) Pause Young (G1 Evacuation Pause) 206M->134M(256M) 21,775ms
[28,554s][info][gc] GC(25) Pause Initial Mark (G1 Evacuation Pause) 210M->134M(256M) 19,145ms
[28,554s][info][gc] GC(26) Concurrent Cycle
[28,672s][info][gc] GC(26) Pause Remark 172M->172M(256M) 12,437ms
[28,698s][info][gc] GC(26) Pause Cleanup 185M->185M(256M) 0,441ms
[28,700s][info][gc] GC(26) Concurrent Cycle 145,618ms
[28,757s][info][gc] GC(27) Pause Young (G1 Evacuation Pause) 213M->135M(256M) 16,546ms
[28,918s][info][gc] GC(28) Pause Initial Mark (G1 Evacuation Pause) 216M->136M(256M) 32,392ms
[28,918s][info][gc] GC(29) Concurrent Cycle
[29,041s][info][gc] GC(29) Pause Remark 173M->173M(256M) 15,623ms
[29,065s][info][gc] GC(29) Pause Cleanup 189M->189M(256M) 0,513ms
[29,067s][info][gc] GC(29) Concurrent Cycle 148,901ms
[29,137s][info][gc] GC(30) Pause Young (G1 Evacuation Pause) 219M->137M(256M) 21,543ms
[29,270s][info][gc] GC(31) Pause Initial Mark (G1 Evacuation Pause) 220M->138M(256M) 20,751ms
[29,270s][info][gc] GC(32) Concurrent Cycle
[29,399s][info][gc] GC(32) Pause Remark 191M->191M(256M) 17,592ms
[29,425s][info][gc] GC(32) Pause Cleanup 200M->200M(256M) 0,514ms
[29,427s][info][gc] GC(32) Concurrent Cycle 156,682ms
[29,465s][info][gc] GC(33) Pause Young (G1 Evacuation Pause) 221M->139M(256M) 15,939ms
[29,598s][info][gc] GC(34) Pause Initial Mark (G1 Evacuation Pause) 222M->140M(256M) 15,538ms
[29,598s][info][gc] GC(35) Concurrent Cycle
[29,726s][info][gc] GC(36) Pause Young (G1 Evacuation Pause) 220M->141M(256M) 17,595ms
[29,745s][info][gc] GC(35) Pause Remark 144M->144M(256M) 12,194ms
[29,773s][info][gc] GC(35) Pause Cleanup 163M->163M(256M) 0,476ms
[29,775s][info][gc] GC(35) Concurrent Cycle 176,925ms
[29,905s][info][gc] GC(37) Pause Young (G1 Evacuation Pause) 222M->142M(256M) 20,019ms
[30,022s][info][gc] GC(38) Pause Initial Mark (G1 Evacuation Pause) 222M->148M(256M) 25,962ms
[30,022s][info][gc] GC(39) Concurrent Cycle
[30,139s][info][gc] GC(40) Pause Young (G1 Evacuation Pause) 218M->152M(256M) 22,408ms
[30,191s][info][gc] GC(39) Pause Remark 188M->188M(256M) 13,960ms
[30,220s][info][gc] GC(39) Pause Cleanup 206M->206M(256M) 0,543ms
[30,222s][info][gc] GC(39) Concurrent Cycle 199,825ms
[30,245s][info][gc] GC(41) Pause Young (G1 Evacuation Pause) 220M->154M(256M) 12,908ms
[30,296s][info][gc] GC(42) Pause Initial Mark (G1 Evacuation Pause) 221M->155M(256M) 12,572ms
[30,296s][info][gc] GC(43) Concurrent Cycle
[30,356s][info][gc] GC(44) Pause Young (G1 Evacuation Pause) 222M->155M(256M) 10,266ms
[30,414s][info][gc] GC(45) Pause Young (G1 Evacuation Pause) 222M->156M(256M) 10,239ms
[30,457s][info][gc] GC(43) Pause Remark 199M->199M(256M) 12,320ms
[30,491s][info][gc] GC(46) Pause Young (G1 Evacuation Pause) 224M->156M(256M) 13,501ms
[30,512s][info][gc] GC(43) Pause Cleanup 191M->190M(256M) 0,456ms
[30,514s][info][gc] GC(43) Concurrent Cycle 218,362ms
[30,545s][info][gc] GC(47) Pause Young (G1 Evacuation Pause) 221M->157M(256M) 14,308ms
[30,562s][info][gc] GC(48) Pause Mixed (G1 Evacuation Pause) 164M->156M(256M) 13,080ms
[30,606s][info][gc] GC(49) Pause Initial Mark (G1 Evacuation Pause) 223M->156M(256M) 9,060ms
[30,606s][info][gc] GC(50) Concurrent Cycle
[30,673s][info][gc] GC(51) Pause Young (G1 Evacuation Pause) 224M->156M(256M) 4,118ms
[30,733s][info][gc] GC(52) Pause Young (G1 Evacuation Pause) 223M->157M(256M) 6,244ms
[30,776s][info][gc] GC(50) Pause Remark 194M->194M(256M) 12,593ms
[30,806s][info][gc] GC(53) Pause Young (G1 Evacuation Pause) 224M->158M(256M) 7,392ms
[30,831s][info][gc] GC(50) Pause Cleanup 197M->197M(256M) 0,492ms
[30,833s][info][gc] GC(50) Concurrent Cycle 227,103ms
[30,856s][info][gc] GC(54) Pause Young (G1 Evacuation Pause) 225M->159M(256M) 8,660ms
[30,869s][info][gc] GC(55) Pause Mixed (G1 Evacuation Pause) 167M->158M(256M) 7,560ms
[30,915s][info][gc] GC(56) Pause Initial Mark (G1 Evacuation Pause) 224M->159M(256M) 7,823ms
[30,915s][info][gc] GC(57) Concurrent Cycle
[30,972s][info][gc] GC(58) Pause Young (G1 Evacuation Pause) 225M->159M(256M) 5,890ms
[31,030s][info][gc] GC(59) Pause Young (G1 Evacuation Pause) 224M->162M(256M) 11,073ms
[31,099s][info][gc] GC(57) Pause Remark 220M->220M(256M) 13,994ms
[31,120s][info][gc] GC(60) Pause Young (G1 Evacuation Pause) 222M->163M(256M) 18,541ms
[31,159s][info][gc] GC(57) Pause Cleanup 220M->220M(256M) 0,491ms
[31,161s][info][gc] GC(57) Concurrent Cycle 245,633ms
[31,177s][info][gc] GC(61) Pause Young (G1 Evacuation Pause) 224M->164M(256M) 15,989ms
[31,196s][info][gc] GC(62) Pause Mixed (G1 Evacuation Pause) 170M->165M(256M) 11,888ms
[31,241s][info][gc] GC(63) Pause Initial Mark (G1 Evacuation Pause) 224M->166M(256M) 12,433ms
[31,241s][info][gc] GC(64) Concurrent Cycle
[31,297s][info][gc] GC(65) Pause Young (G1 Evacuation Pause) 222M->168M(256M) 11,719ms
[31,347s][info][gc] GC(66) Pause Young (G1 Evacuation Pause) 222M->171M(256M) 13,341ms
[31,397s][info][gc] GC(67) Pause Young (G1 Evacuation Pause) 223M->172M(256M) 10,519ms
[31,444s][info][gc] GC(64) Pause Remark 217M->217M(256M) 12,427ms
[31,457s][info][gc] GC(68) Pause Young (G1 Evacuation Pause) 223M->172M(256M) 8,085ms
[31,492s][info][gc] GC(64) Pause Cleanup 214M->214M(256M) 0,650ms
[31,494s][info][gc] GC(64) Concurrent Cycle 253,533ms
[31,507s][info][gc] GC(69) Pause Young (G1 Evacuation Pause) 224M->172M(256M) 8,667ms
[31,524s][info][gc] GC(70) Pause Mixed (G1 Evacuation Pause) 180M->167M(256M) 11,546ms
[31,562s][info][gc] GC(71) Pause Young (G1 Evacuation Pause) 222M->170M(256M) 13,091ms
[31,599s][info][gc] GC(72) Pause Young (G1 Evacuation Pause) 223M->171M(256M) 8,556ms
[31,633s][info][gc] GC(73) Pause Initial Mark (G1 Evacuation Pause) 223M->172M(256M) 9,720ms
[31,633s][info][gc] GC(74) Concurrent Cycle
[31,681s][info][gc] GC(75) Pause Young (G1 Evacuation Pause) 224M->172M(256M) 9,471ms
[31,744s][info][gc] GC(76) Pause Young (G1 Evacuation Pause) 224M->173M(256M) 7,644ms
[31,793s][info][gc] GC(77) Pause Young (G1 Evacuation Pause) 225M->173M(256M) 8,594ms
[31,836s][info][gc] GC(74) Pause Remark 204M->204M(256M) 12,200ms
[31,857s][info][gc] GC(78) Pause Young (G1 Evacuation Pause) 224M->174M(256M) 7,497ms
[31,885s][info][gc] GC(74) Pause Cleanup 205M->205M(256M) 0,535ms
[31,887s][info][gc] GC(74) Concurrent Cycle 253,126ms
[31,905s][info][gc] GC(79) Pause Young (G1 Evacuation Pause) 225M->174M(256M) 8,325ms
[31,924s][info][gc] GC(80) Pause Mixed (G1 Evacuation Pause) 182M->167M(256M) 14,446ms
[31,964s][info][gc] GC(81) Pause Young (G1 Evacuation Pause) 221M->168M(256M) 9,242ms
[31,998s][info][gc] GC(82) Pause Young (G1 Evacuation Pause) 222M->168M(256M) 5,592ms
[32,032s][info][gc] GC(83) Pause Initial Mark (G1 Evacuation Pause) 222M->169M(256M) 7,261ms
[32,032s][info][gc] GC(84) Concurrent Cycle
[32,084s][info][gc] GC(85) Pause Young (G1 Evacuation Pause) 223M->170M(256M) 11,295ms
[32,140s][info][gc] GC(86) Pause Young (G1 Evacuation Pause) 224M->173M(256M) 14,239ms
[32,194s][info][gc] GC(87) Pause Young (G1 Evacuation Pause) 220M->174M(256M) 19,541ms
[32,261s][info][gc] GC(88) Pause Young (G1 Evacuation Pause) 223M->174M(256M) 9,225ms
[32,283s][info][gc] GC(84) Pause Remark 179M->179M(256M) 14,020ms
[32,330s][info][gc] GC(89) Pause Young (G1 Evacuation Pause) 224M->175M(256M) 5,292ms
[32,350s][info][gc] GC(84) Pause Cleanup 201M->201M(256M) 0,549ms
[32,354s][info][gc] GC(84) Concurrent Cycle 322,281ms
[32,370s][info][gc] GC(90) Pause Young (G1 Evacuation Pause) 225M->175M(256M) 6,104ms
[32,383s][info][gc] GC(91) Pause Mixed (G1 Evacuation Pause) 184M->175M(256M) 8,433ms
[32,417s][info][gc] GC(92) Pause Young (G1 Evacuation Pause) 224M->178M(256M) 10,878ms
[32,447s][info][gc] GC(93) Pause Young (G1 Evacuation Pause) 223M->179M(256M) 8,744ms
[32,480s][info][gc] GC(94) Pause Initial Mark (G1 Evacuation Pause) 224M->180M(256M) 9,147ms
[32,481s][info][gc] GC(95) Concurrent Cycle
[32,521s][info][gc] GC(96) Pause Young (G1 Evacuation Pause) 225M->180M(256M) 6,836ms
[32,561s][info][gc] GC(97) Pause Young (G1 Evacuation Pause) 225M->182M(256M) 8,216ms
[32,602s][info][gc] GC(98) Pause Young (G1 Evacuation Pause) 225M->184M(256M) 10,603ms
[32,652s][info][gc] GC(99) Pause Young (G1 Evacuation Pause) 224M->184M(256M) 9,811ms
[32,692s][info][gc] GC(100) Pause Young (G1 Evacuation Pause) 224M->185M(256M) 9,302ms
[32,730s][info][gc] GC(95) Pause Remark 202M->202M(256M) 13,004ms
[32,751s][info][gc] GC(101) Pause Young (G1 Evacuation Pause) 225M->185M(256M) 7,662ms
[32,791s][info][gc] GC(102) Pause Young (G1 Evacuation Pause) 224M->186M(256M) 7,704ms
[32,824s][info][gc] GC(95) Pause Cleanup 214M->214M(256M) 0,614ms
[32,840s][info][gc] GC(103) Pause Young (G1 Evacuation Pause) 225M->186M(256M) 6,846ms
[32,842s][info][gc] GC(95) Concurrent Cycle 360,962ms
[32,857s][info][gc] GC(104) Pause Mixed (G1 Evacuation Pause) 195M->179M(256M) 10,942ms
[32,888s][info][gc] GC(105) Pause Young (G1 Evacuation Pause) 221M->179M(256M) 7,857ms
[32,915s][info][gc] GC(106) Pause Young (G1 Evacuation Pause) 222M->180M(256M) 6,093ms
[32,946s][info][gc] GC(107) Pause Initial Mark (G1 Evacuation Pause) 223M->180M(256M) 7,375ms
[32,946s][info][gc] GC(108) Concurrent Cycle
[32,986s][info][gc] GC(109) Pause Young (G1 Evacuation Pause) 223M->181M(256M) 7,043ms
[33,028s][info][gc] GC(110) Pause Young (G1 Evacuation Pause) 224M->181M(256M) 8,204ms
[33,072s][info][gc] GC(111) Pause Young (G1 Evacuation Pause) 224M->182M(256M) 8,871ms
[33,119s][info][gc] GC(112) Pause Young (G1 Evacuation Pause) 225M->182M(256M) 8,823ms
[33,164s][info][gc] GC(113) Pause Young (G1 Evacuation Pause) 224M->183M(256M) 10,256ms
[33,200s][info][gc] GC(108) Pause Remark 214M->214M(256M) 11,749ms
[33,223s][info][gc] GC(114) Pause Young (G1 Evacuation Pause) 225M->185M(256M) 12,429ms
[33,280s][info][gc] GC(115) Pause Young (G1 Evacuation Pause) 222M->187M(256M) 22,584ms
[33,289s][info][gc] GC(108) Pause Cleanup 198M->198M(256M) 0,649ms
[33,317s][info][gc] GC(116) Pause Young (G1 Evacuation Pause) 224M->187M(256M) 12,463ms
[33,319s][info][gc] GC(108) Concurrent Cycle 373,252ms
[33,338s][info][gc] GC(117) Pause Mixed (G1 Evacuation Pause) 196M->184M(256M) 10,522ms
[33,369s][info][gc] GC(118) Pause Young (G1 Evacuation Pause) 223M->184M(256M) 5,753ms
[33,394s][info][gc] GC(119) Pause Young (G1 Evacuation Pause) 223M->185M(256M) 7,254ms
[33,423s][info][gc] GC(120) Pause Initial Mark (G1 Evacuation Pause) 223M->188M(256M) 10,389ms
[33,423s][info][gc] GC(121) Concurrent Cycle
[33,467s][info][gc] GC(122) Pause Young (G1 Evacuation Pause) 224M->189M(256M) 10,167ms
[33,506s][info][gc] GC(123) Pause Young (G1 Evacuation Pause) 224M->189M(256M) 8,774ms
[33,545s][info][gc] GC(124) Pause Young (G1 Evacuation Pause) 225M->189M(256M) 5,236ms
[33,576s][info][gc] GC(125) Pause Young (G1 Evacuation Pause) 224M->191M(256M) 7,071ms
[33,615s][info][gc] GC(126) Pause Young (G1 Evacuation Pause) 225M->193M(256M) 10,200ms
[33,653s][info][gc] GC(127) Pause Young (G1 Evacuation Pause) 225M->194M(256M) 9,188ms
[33,685s][info][gc] GC(128) Pause Young (G1 Evacuation Pause) 225M->194M(256M) 8,976ms
[33,707s][info][gc] GC(121) Pause Remark 200M->200M(256M) 16,074ms
[33,734s][info][gc] GC(129) Pause Young (G1 Evacuation Pause) 225M->194M(256M) 7,209ms
[33,767s][info][gc] GC(130) Pause Young (G1 Evacuation Pause) 225M->194M(256M) 7,202ms
[33,782s][info][gc] GC(121) Pause Cleanup 215M->215M(256M) 0,665ms
[33,796s][info][gc] GC(131) Pause Young (G1 Evacuation Pause) 225M->195M(256M) 7,341ms
[33,798s][info][gc] GC(121) Concurrent Cycle 375,448ms
[33,816s][info][gc] GC(132) Pause Mixed (G1 Evacuation Pause) 205M->187M(256M) 13,246ms
[33,845s][info][gc] GC(133) Pause Young (G1 Evacuation Pause) 222M->187M(256M) 8,400ms
[33,868s][info][gc] GC(134) Pause Young (G1 Evacuation Pause) 222M->188M(256M) 6,211ms
[33,894s][info][gc] GC(135) Pause Initial Mark (G1 Evacuation Pause) 224M->188M(256M) 7,019ms
[33,894s][info][gc] GC(136) Concurrent Cycle
[33,926s][info][gc] GC(137) Pause Young (G1 Evacuation Pause) 223M->188M(256M) 6,492ms
[33,962s][info][gc] GC(138) Pause Young (G1 Evacuation Pause) 224M->189M(256M) 7,029ms
[34,004s][info][gc] GC(139) Pause Young (G1 Evacuation Pause) 225M->189M(256M) 7,578ms
[34,040s][info][gc] GC(140) Pause Young (G1 Evacuation Pause) 225M->190M(256M) 8,065ms
[34,077s][info][gc] GC(141) Pause Young (G1 Evacuation Pause) 225M->190M(256M) 8,073ms
[34,112s][info][gc] GC(142) Pause Young (G1 Evacuation Pause) 224M->190M(256M) 8,203ms
[34,156s][info][gc] GC(143) Pause Young (G1 Evacuation Pause) 224M->191M(256M) 10,137ms
[34,190s][info][gc] GC(136) Pause Remark 216M->216M(256M) 12,388ms
[34,207s][info][gc] GC(144) Pause Young (G1 Evacuation Pause) 226M->191M(256M) 8,082ms
[34,258s][info][gc] GC(145) Pause Young (G1 Evacuation Pause) 226M->191M(256M) 8,655ms
[34,262s][info][gc] GC(136) Pause Cleanup 192M->192M(256M) 1,238ms
[34,271s][info][gc] GC(136) Concurrent Cycle 376,758ms
[34,298s][info][gc] GC(146) Pause Young (G1 Evacuation Pause) 226M->192M(256M) 8,049ms
[34,318s][info][gc] GC(147) Pause Mixed (G1 Evacuation Pause) 201M->188M(256M) 12,889ms
[34,350s][info][gc] GC(148) Pause Young (G1 Evacuation Pause) 224M->189M(256M) 12,441ms
[34,378s][info][gc] GC(149) Pause Young (G1 Evacuation Pause) 224M->191M(256M) 9,832ms
[34,407s][info][gc] GC(150) Pause Initial Mark (G1 Evacuation Pause) 223M->193M(256M) 13,044ms
[34,407s][info][gc] GC(151) Concurrent Cycle
[34,439s][info][gc] GC(152) Pause Young (G1 Evacuation Pause) 223M->194M(256M) 10,329ms
[34,473s][info][gc] GC(153) Pause Young (G1 Evacuation Pause) 225M->196M(256M) 9,034ms
[34,510s][info][gc] GC(154) Pause Young (G1 Evacuation Pause) 225M->197M(256M) 8,133ms
[34,541s][info][gc] GC(155) Pause Young (G1 Evacuation Pause) 225M->197M(256M) 6,354ms
[34,569s][info][gc] GC(156) Pause Young (G1 Evacuation Pause) 224M->197M(256M) 5,157ms
[34,597s][info][gc] GC(157) Pause Young (G1 Evacuation Pause) 225M->197M(256M) 5,104ms
[34,628s][info][gc] GC(158) Pause Young (G1 Evacuation Pause) 225M->200M(256M) 8,183ms
[34,660s][info][gc] GC(159) Pause Young (G1 Evacuation Pause) 225M->201M(256M) 8,283ms
[34,684s][info][gc] GC(160) Pause Young (G1 Evacuation Pause) 225M->201M(256M) 6,480ms
[34,705s][info][gc] GC(161) Pause Young (G1 Evacuation Pause) 225M->201M(256M) 3,798ms
[34,730s][info][gc] GC(151) Pause Remark 215M->215M(256M) 11,253ms
[34,743s][info][gc] GC(162) Pause Young (G1 Evacuation Pause) 225M->201M(256M) 4,597ms
[34,767s][info][gc] GC(163) Pause Young (G1 Evacuation Pause) 225M->201M(256M) 4,704ms
[34,788s][info][gc] GC(164) Pause Young (G1 Evacuation Pause) 225M->201M(256M) 4,829ms
[34,809s][info][gc] GC(165) Pause Young (G1 Evacuation Pause) 225M->201M(256M) 5,118ms
[34,814s][info][gc] GC(151) Pause Cleanup 205M->205M(256M) 0,739ms
[34,832s][info][gc] GC(166) Pause Young (G1 Evacuation Pause) 225M->201M(256M) 6,344ms
[34,834s][info][gc] GC(151) Concurrent Cycle 426,819ms
[34,858s][info][gc] GC(167) Pause Mixed (G1 Evacuation Pause) 211M->196M(256M) 15,620ms
[34,885s][info][gc] GC(168) Pause Young (G1 Evacuation Pause) 224M->196M(256M) 11,921ms
[34,907s][info][gc] GC(169) Pause Young (G1 Evacuation Pause) 224M->196M(256M) 5,894ms
[34,931s][info][gc] GC(170) Pause Initial Mark (G1 Evacuation Pause) 225M->196M(256M) 7,047ms
[34,931s][info][gc] GC(171) Concurrent Cycle
[34,962s][info][gc] GC(172) Pause Young (G1 Evacuation Pause) 225M->196M(256M) 8,618ms
[34,997s][info][gc] GC(173) Pause Young (G1 Evacuation Pause) 225M->196M(256M) 9,987ms
[35,033s][info][gc] GC(174) Pause Young (G1 Evacuation Pause) 225M->196M(256M) 7,823ms
[35,072s][info][gc] GC(175) Pause Young (G1 Evacuation Pause) 226M->196M(256M) 8,641ms
[35,106s][info][gc] GC(176) Pause Young (G1 Evacuation Pause) 225M->197M(256M) 8,623ms
[35,136s][info][gc] GC(177) Pause Young (G1 Evacuation Pause) 226M->197M(256M) 9,205ms
[35,171s][info][gc] GC(178) Pause Young (G1 Evacuation Pause) 226M->197M(256M) 9,685ms
[35,200s][info][gc] GC(179) Pause Young (G1 Evacuation Pause) 226M->197M(256M) 9,602ms
[35,250s][info][gc] GC(180) Pause Young (G1 Evacuation Pause) 226M->197M(256M) 11,762ms
[35,280s][info][gc] GC(171) Pause Remark 221M->221M(256M) 12,621ms
[35,295s][info][gc] GC(181) Pause Young (G1 Evacuation Pause) 226M->197M(256M) 9,949ms
[35,323s][info][gc] GC(182) Pause Young (G1 Evacuation Pause) 226M->197M(256M) 9,191ms
[35,355s][info][gc] GC(183) Pause Young (G1 Evacuation Pause) 226M->197M(256M) 10,049ms
[35,372s][info][gc] GC(171) Pause Cleanup 215M->215M(256M) 0,744ms
[35,374s][info][gc] GC(171) Concurrent Cycle 443,656ms
[35,389s][info][gc] GC(184) Pause Young (G1 Evacuation Pause) 226M->197M(256M) 9,686ms
[35,413s][info][gc] GC(185) Pause Mixed (G1 Evacuation Pause) 207M->190M(256M) 16,087ms
[35,451s][info][gc] GC(186) Pause Young (G1 Evacuation Pause) 223M->191M(256M) 12,480ms
[35,479s][info][gc] GC(187) Pause Young (G1 Evacuation Pause) 224M->191M(256M) 9,219ms
[35,508s][info][gc] GC(188) Pause Initial Mark (G1 Evacuation Pause) 223M->193M(256M) 12,523ms
[35,508s][info][gc] GC(189) Concurrent Cycle
[35,545s][info][gc] GC(190) Pause Young (G1 Evacuation Pause) 225M->193M(256M) 12,152ms
[35,582s][info][gc] GC(191) Pause Young (G1 Evacuation Pause) 225M->196M(256M) 15,101ms
[35,618s][info][gc] GC(192) Pause Young (G1 Evacuation Pause) 224M->198M(256M) 12,896ms
[35,648s][info][gc] GC(193) Pause Young (G1 Evacuation Pause) 225M->198M(256M) 7,977ms
[35,678s][info][gc] GC(194) Pause Young (G1 Evacuation Pause) 225M->198M(256M) 5,358ms
[35,708s][info][gc] GC(195) Pause Young (G1 Evacuation Pause) 225M->198M(256M) 8,391ms
[35,748s][info][gc] GC(196) Pause Young (G1 Evacuation Pause) 225M->198M(256M) 7,246ms
[35,781s][info][gc] GC(197) Pause Young (G1 Evacuation Pause) 225M->199M(256M) 9,300ms
[35,808s][info][gc] GC(198) Pause Young (G1 Evacuation Pause) 224M->200M(256M) 8,833ms
[35,837s][info][gc] GC(199) Pause Young (G1 Evacuation Pause) 225M->201M(256M) 9,032ms
[35,861s][info][gc] GC(189) Pause Remark 214M->214M(256M) 12,762ms
[35,876s][info][gc] GC(200) Pause Young (G1 Evacuation Pause) 226M->202M(256M) 9,366ms
[35,901s][info][gc] GC(201) Pause Young (G1 Evacuation Pause) 226M->202M(256M) 7,043ms
[35,924s][info][gc] GC(202) Pause Young (G1 Evacuation Pause) 226M->202M(256M) 5,987ms
[35,946s][info][gc] GC(203) Pause Young (G1 Evacuation Pause) 226M->202M(256M) 6,285ms
[35,956s][info][gc] GC(189) Pause Cleanup 213M->213M(256M) 0,761ms
[35,972s][info][gc] GC(204) Pause Young (G1 Evacuation Pause) 225M->202M(256M) 6,939ms
[35,972s][info][gc] GC(189) Concurrent Cycle 464,017ms
[35,991s][info][gc] GC(205) Pause Mixed (G1 Evacuation Pause) 211M->198M(256M) 13,232ms
[36,015s][info][gc] GC(206) Pause Young (G1 Evacuation Pause) 225M->198M(256M) 7,806ms
[36,037s][info][gc] GC(207) Pause Young (G1 Evacuation Pause) 225M->198M(256M) 5,395ms
[36,056s][info][gc] GC(208) Pause Initial Mark (G1 Evacuation Pause) 225M->198M(256M) 5,534ms
[36,057s][info][gc] GC(209) Concurrent Cycle
[36,086s][info][gc] GC(210) Pause Young (G1 Evacuation Pause) 225M->198M(256M) 5,226ms
[36,119s][info][gc] GC(211) Pause Young (G1 Evacuation Pause) 225M->198M(256M) 12,442ms
[36,150s][info][gc] GC(212) Pause Young (G1 Evacuation Pause) 225M->198M(256M) 6,902ms
[36,181s][info][gc] GC(213) Pause Young (G1 Evacuation Pause) 225M->198M(256M) 6,897ms
[36,213s][info][gc] GC(214) Pause Young (G1 Evacuation Pause) 225M->198M(256M) 7,700ms
[36,248s][info][gc] GC(215) Pause Young (G1 Evacuation Pause) 225M->198M(256M) 9,317ms
[36,276s][info][gc] GC(216) Pause Young (G1 Evacuation Pause) 225M->199M(256M) 7,876ms
[36,312s][info][gc] GC(217) Pause Young (G1 Evacuation Pause) 226M->199M(256M) 8,269ms
[36,349s][info][gc] GC(218) Pause Young (G1 Evacuation Pause) 226M->199M(256M) 10,411ms
[36,380s][info][gc] GC(219) Pause Young (G1 Evacuation Pause) 226M->199M(256M) 9,447ms
[36,406s][info][gc] GC(220) Pause Young (G1 Evacuation Pause) 226M->199M(256M) 8,887ms
[36,433s][info][gc] GC(209) Pause Remark 218M->218M(256M) 11,315ms
[36,449s][info][gc] GC(221) Pause Young (G1 Evacuation Pause) 226M->199M(256M) 8,706ms
[36,480s][info][gc] GC(222) Pause Young (G1 Evacuation Pause) 226M->199M(256M) 8,753ms
[36,506s][info][gc] GC(223) Pause Young (G1 Evacuation Pause) 226M->199M(256M) 8,809ms
[36,524s][info][gc] GC(209) Pause Cleanup 212M->211M(256M) 0,744ms
[36,526s][info][gc] GC(209) Concurrent Cycle 469,107ms
[36,545s][info][gc] GC(224) Pause Young (G1 Evacuation Pause) 225M->198M(256M) 9,522ms
[36,566s][info][gc] GC(225) Pause Mixed (G1 Evacuation Pause) 208M->191M(256M) 14,941ms
[36,593s][info][gc] GC(226) Pause Young (G1 Evacuation Pause) 222M->192M(256M) 11,970ms
[36,620s][info][gc] GC(227) Pause Young (G1 Evacuation Pause) 223M->193M(256M) 11,751ms
[36,650s][info][gc] GC(228) Pause Initial Mark (G1 Evacuation Pause) 223M->196M(256M) 13,823ms
[36,650s][info][gc] GC(229) Concurrent Cycle
[36,681s][info][gc] GC(230) Pause Young (G1 Evacuation Pause) 224M->198M(256M) 14,423ms
[36,713s][info][gc] GC(231) Pause Young (G1 Evacuation Pause) 224M->199M(256M) 9,356ms
[36,756s][info][gc] GC(232) Pause Young (G1 Evacuation Pause) 225M->199M(256M) 7,126ms
[36,783s][info][gc] GC(233) Pause Young (G1 Evacuation Pause) 225M->199M(256M) 3,989ms
[36,811s][info][gc] GC(234) Pause Young (G1 Evacuation Pause) 225M->199M(256M) 4,915ms
[36,837s][info][gc] GC(235) Pause Young (G1 Evacuation Pause) 225M->199M(256M) 4,584ms
[36,868s][info][gc] GC(236) Pause Young (G1 Evacuation Pause) 225M->199M(256M) 6,875ms
[36,895s][info][gc] GC(237) Pause Young (G1 Evacuation Pause) 225M->199M(256M) 6,643ms
[36,923s][info][gc] GC(238) Pause Young (G1 Evacuation Pause) 225M->199M(256M) 6,275ms
[36,951s][info][gc] GC(239) Pause Young (G1 Evacuation Pause) 225M->199M(256M) 8,415ms
[36,983s][info][gc] GC(240) Pause Young (G1 Evacuation Pause) 226M->199M(256M) 7,557ms
[37,005s][info][gc] GC(229) Pause Remark 208M->208M(256M) 11,662ms
[37,032s][info][gc] GC(241) Pause Young (G1 Evacuation Pause) 226M->201M(256M) 10,719ms
[37,060s][info][gc] GC(242) Pause Young (G1 Evacuation Pause) 224M->203M(256M) 11,087ms
[37,089s][info][gc] GC(243) Pause Young (G1 Evacuation Pause) 226M->203M(256M) 8,454ms
[37,119s][info][gc] GC(244) Pause Young (G1 Evacuation Pause) 226M->203M(256M) 4,338ms
[37,141s][info][gc] GC(229) Pause Cleanup 211M->211M(256M) 1,069ms
[37,143s][info][gc] GC(229) Concurrent Cycle 493,097ms
[37,170s][info][gc] GC(245) Pause Young (G1 Evacuation Pause) 227M->203M(256M) 10,182ms
[37,199s][info][gc] GC(246) Pause Mixed (G1 Evacuation Pause) 213M->196M(256M) 18,369ms
[37,225s][info][gc] GC(247) Pause Young (G1 Evacuation Pause) 223M->196M(256M) 7,749ms
[37,248s][info][gc] GC(248) Pause Young (G1 Evacuation Pause) 224M->196M(256M) 4,822ms
[37,274s][info][gc] GC(249) Pause Initial Mark (G1 Evacuation Pause) 224M->196M(256M) 6,464ms
[37,274s][info][gc] GC(250) Concurrent Cycle
[37,302s][info][gc] GC(251) Pause Young (G1 Evacuation Pause) 224M->196M(256M) 5,755ms
[37,329s][info][gc] GC(252) Pause Young (G1 Evacuation Pause) 224M->196M(256M) 6,611ms
[37,358s][info][gc] GC(253) Pause Young (G1 Evacuation Pause) 224M->197M(256M) 6,847ms
[37,387s][info][gc] GC(254) Pause Young (G1 Evacuation Pause) 225M->197M(256M) 6,993ms
[37,419s][info][gc] GC(255) Pause Young (G1 Evacuation Pause) 225M->197M(256M) 7,552ms
[37,455s][info][gc] GC(256) Pause Young (G1 Evacuation Pause) 225M->197M(256M) 15,247ms
[37,488s][info][gc] GC(257) Pause Young (G1 Evacuation Pause) 225M->197M(256M) 8,041ms
[37,522s][info][gc] GC(258) Pause Young (G1 Evacuation Pause) 225M->197M(256M) 9,431ms
[37,555s][info][gc] GC(259) Pause Young (G1 Evacuation Pause) 225M->197M(256M) 8,877ms
[37,592s][info][gc] GC(260) Pause Young (G1 Evacuation Pause) 225M->197M(256M) 9,310ms
[37,620s][info][gc] GC(250) Pause Remark 215M->215M(256M) 11,712ms
[37,638s][info][gc] GC(261) Pause Young (G1 Evacuation Pause) 225M->197M(256M) 8,960ms
[37,665s][info][gc] GC(262) Pause Young (G1 Evacuation Pause) 225M->198M(256M) 9,119ms
[37,701s][info][gc] GC(263) Pause Young (G1 Evacuation Pause) 226M->198M(256M) 9,270ms
[37,710s][info][gc] GC(250) Pause Cleanup 211M->211M(256M) 0,795ms
[37,728s][info][gc] GC(264) Pause Young (G1 Evacuation Pause) 226M->198M(256M) 10,334ms
[37,730s][info][gc] GC(250) Concurrent Cycle 455,732ms
[37,760s][info][gc] GC(265) Pause Mixed (G1 Evacuation Pause) 208M->191M(256M) 22,419ms
[37,800s][info][gc] GC(266) Pause Young (G1 Evacuation Pause) 222M->192M(256M) 12,722ms
[37,825s][info][gc] GC(267) Pause Young (G1 Evacuation Pause) 224M->192M(256M) 7,431ms
[37,853s][info][gc] GC(268) Pause Initial Mark (G1 Evacuation Pause) 224M->193M(256M) 11,801ms
[37,853s][info][gc] GC(269) Concurrent Cycle
[37,887s][info][gc] GC(270) Pause Young (G1 Evacuation Pause) 224M->196M(256M) 14,197ms
[37,922s][info][gc] GC(271) Pause Young (G1 Evacuation Pause) 224M->198M(256M) 14,705ms
[37,956s][info][gc] GC(272) Pause Young (G1 Evacuation Pause) 224M->199M(256M) 12,061ms
[37,982s][info][gc] GC(273) Pause Young (G1 Evacuation Pause) 224M->199M(256M) 7,424ms
[38,008s][info][gc] GC(274) Pause Young (G1 Evacuation Pause) 224M->199M(256M) 5,943ms
[38,036s][info][gc] GC(275) Pause Young (G1 Evacuation Pause) 225M->199M(256M) 5,100ms
[38,068s][info][gc] GC(276) Pause Young (G1 Evacuation Pause) 225M->199M(256M) 6,824ms
[38,093s][info][gc] GC(277) Pause Young (G1 Evacuation Pause) 225M->199M(256M) 5,600ms
[38,122s][info][gc] GC(278) Pause Young (G1 Evacuation Pause) 226M->200M(256M) 6,155ms
[38,153s][info][gc] GC(279) Pause Young (G1 Evacuation Pause) 226M->200M(256M) 7,287ms
[38,183s][info][gc] GC(280) Pause Young (G1 Evacuation Pause) 226M->200M(256M) 8,243ms
[38,210s][info][gc] GC(281) Pause Young (G1 Evacuation Pause) 226M->200M(256M) 7,455ms
[38,228s][info][gc] GC(269) Pause Remark 209M->209M(256M) 11,212ms
[38,251s][info][gc] GC(282) Pause Young (G1 Evacuation Pause) 226M->200M(256M) 7,572ms
[38,287s][info][gc] GC(283) Pause Young (G1 Evacuation Pause) 226M->201M(256M) 9,918ms
[38,324s][info][gc] GC(284) Pause Young (G1 Evacuation Pause) 226M->202M(256M) 14,780ms
[38,334s][info][gc] GC(269) Pause Cleanup 210M->210M(256M) 1,083ms
[38,336s][info][gc] GC(269) Concurrent Cycle 482,665ms
[38,354s][info][gc] GC(285) Pause Young (G1 Evacuation Pause) 224M->203M(256M) 10,475ms
[38,373s][info][gc] GC(286) Pause Mixed (G1 Evacuation Pause) 212M->200M(256M) 11,546ms
[38,397s][info][gc] GC(287) Pause Young (G1 Evacuation Pause) 224M->200M(256M) 7,233ms
[38,414s][info][gc] GC(288) Pause Young (G1 Evacuation Pause) 224M->200M(256M) 4,449ms
[38,435s][info][gc] GC(289) Pause Initial Mark (G1 Evacuation Pause) 225M->200M(256M) 5,369ms
[38,436s][info][gc] GC(290) Concurrent Cycle
[38,462s][info][gc] GC(291) Pause Young (G1 Evacuation Pause) 225M->200M(256M) 5,066ms
[38,486s][info][gc] GC(292) Pause Young (G1 Evacuation Pause) 225M->200M(256M) 5,411ms
[38,513s][info][gc] GC(293) Pause Young (G1 Evacuation Pause) 225M->201M(256M) 6,281ms
[38,542s][info][gc] GC(294) Pause Young (G1 Evacuation Pause) 226M->201M(256M) 6,306ms
[38,569s][info][gc] GC(295) Pause Young (G1 Evacuation Pause) 226M->201M(256M) 7,366ms
[38,595s][info][gc] GC(296) Pause Young (G1 Evacuation Pause) 226M->201M(256M) 6,848ms
[38,624s][info][gc] GC(297) Pause Young (G1 Evacuation Pause) 226M->201M(256M) 7,501ms
[38,660s][info][gc] GC(298) Pause Young (G1 Evacuation Pause) 226M->201M(256M) 15,731ms
[38,691s][info][gc] GC(299) Pause Young (G1 Evacuation Pause) 226M->201M(256M) 8,720ms
[38,721s][info][gc] GC(300) Pause Young (G1 Evacuation Pause) 225M->201M(256M) 8,707ms
[38,754s][info][gc] GC(301) Pause Young (G1 Evacuation Pause) 225M->201M(256M) 9,410ms
[38,789s][info][gc] GC(302) Pause Young (G1 Evacuation Pause) 226M->201M(256M) 10,579ms
[38,803s][info][gc] GC(290) Pause Remark 204M->204M(256M) 11,884ms
[38,827s][info][gc] GC(303) Pause Young (G1 Evacuation Pause) 226M->202M(256M) 9,139ms
[38,855s][info][gc] GC(304) Pause Young (G1 Evacuation Pause) 227M->202M(256M) 9,375ms
[38,884s][info][gc] GC(305) Pause Young (G1 Evacuation Pause) 227M->202M(256M) 9,083ms
[38,895s][info][gc] GC(290) Pause Cleanup 218M->218M(256M) 0,852ms
[38,912s][info][gc] GC(306) Pause Young (G1 Evacuation Pause) 227M->202M(256M) 10,790ms
[38,914s][info][gc] GC(290) Concurrent Cycle 478,056ms
[38,943s][info][gc] GC(307) Pause Mixed (G1 Evacuation Pause) 212M->193M(256M) 20,210ms
[38,976s][info][gc] GC(308) Pause Young (G1 Evacuation Pause) 223M->193M(256M) 13,641ms
[38,999s][info][gc] GC(309) Pause Young (G1 Evacuation Pause) 224M->193M(256M) 7,762ms
[39,030s][info][gc] GC(310) Pause Initial Mark (G1 Evacuation Pause) 224M->193M(256M) 9,370ms
[39,030s][info][gc] GC(311) Concurrent Cycle
[39,066s][info][gc] GC(312) Pause Young (G1 Evacuation Pause) 225M->193M(256M) 8,678ms
[39,101s][info][gc] GC(313) Pause Young (G1 Evacuation Pause) 225M->195M(256M) 12,528ms
[39,140s][info][gc] GC(314) Pause Young (G1 Evacuation Pause) 226M->196M(256M) 14,096ms
[39,173s][info][gc] GC(315) Pause Young (G1 Evacuation Pause) 225M->197M(256M) 12,927ms
[39,209s][info][gc] GC(316) Pause Young (G1 Evacuation Pause) 224M->198M(256M) 11,540ms
[39,236s][info][gc] GC(317) Pause Young (G1 Evacuation Pause) 224M->200M(256M) 7,952ms
[39,264s][info][gc] GC(318) Pause Young (G1 Evacuation Pause) 225M->201M(256M) 9,308ms
[39,295s][info][gc] GC(319) Pause Young (G1 Evacuation Pause) 225M->201M(256M) 7,412ms
[39,321s][info][gc] GC(320) Pause Young (G1 Evacuation Pause) 225M->201M(256M) 5,043ms
[39,345s][info][gc] GC(321) Pause Young (G1 Evacuation Pause) 225M->201M(256M) 4,831ms
[39,372s][info][gc] GC(322) Pause Young (G1 Evacuation Pause) 225M->201M(256M) 7,121ms
[39,400s][info][gc] GC(323) Pause Young (G1 Evacuation Pause) 226M->201M(256M) 5,677ms
[39,418s][info][gc] GC(311) Pause Remark 205M->205M(256M) 12,719ms
[39,441s][info][gc] GC(324) Pause Young (G1 Evacuation Pause) 226M->204M(256M) 9,745ms
[39,467s][info][gc] GC(325) Pause Young (G1 Evacuation Pause) 225M->204M(256M) 10,118ms
[39,486s][info][gc] GC(326) Pause Young (G1 Evacuation Pause) 225M->204M(256M) 5,445ms
[39,507s][info][gc] GC(327) Pause Young (G1 Evacuation Pause) 225M->205M(256M) 5,295ms
[39,517s][info][gc] GC(311) Pause Cleanup 216M->216M(256M) 0,854ms
[39,519s][info][gc] GC(311) Concurrent Cycle 489,176ms
[39,528s][info][gc] GC(328) Pause Young (G1 Evacuation Pause) 226M->205M(256M) 4,566ms
[39,544s][info][gc] GC(329) Pause Mixed (G1 Evacuation Pause) 215M->203M(256M) 10,233ms
[39,566s][info][gc] GC(330) Pause Initial Mark (G1 Evacuation Pause) 224M->203M(256M) 8,475ms
[39,566s][info][gc] GC(331) Concurrent Cycle
[39,589s][info][gc] GC(332) Pause Young (G1 Evacuation Pause) 225M->203M(256M) 4,919ms
[39,614s][info][gc] GC(333) Pause Young (G1 Evacuation Pause) 225M->203M(256M) 5,274ms
[39,638s][info][gc] GC(334) Pause Young (G1 Evacuation Pause) 225M->203M(256M) 5,889ms
[39,664s][info][gc] GC(335) Pause Young (G1 Evacuation Pause) 225M->203M(256M) 6,594ms
[39,691s][info][gc] GC(336) Pause Young (G1 Evacuation Pause) 225M->203M(256M) 6,436ms
[39,721s][info][gc] GC(337) Pause Young (G1 Evacuation Pause) 225M->204M(256M) 12,161ms
[39,745s][info][gc] GC(338) Pause Young (G1 Evacuation Pause) 226M->204M(256M) 8,366ms
[39,782s][info][gc] GC(339) Pause Young (G1 Evacuation Pause) 226M->204M(256M) 8,954ms
[39,811s][info][gc] GC(340) Pause Young (G1 Evacuation Pause) 226M->204M(256M) 7,825ms
[39,843s][info][gc] GC(341) Pause Young (G1 Evacuation Pause) 226M->204M(256M) 7,566ms
[39,871s][info][gc] GC(342) Pause Young (G1 Evacuation Pause) 226M->204M(256M) 8,594ms
[39,896s][info][gc] GC(343) Pause Young (G1 Evacuation Pause) 226M->204M(256M) 8,820ms
[39,921s][info][gc] GC(344) Pause Young (G1 Evacuation Pause) 226M->204M(256M) 8,037ms
[39,943s][info][gc] GC(331) Pause Remark 216M->216M(256M) 11,889ms
[39,958s][info][gc] GC(345) Pause Young (G1 Evacuation Pause) 226M->204M(256M) 7,469ms
[39,985s][info][gc] GC(346) Pause Young (G1 Evacuation Pause) 226M->204M(256M) 8,892ms
[40,009s][info][gc] GC(347) Pause Young (G1 Evacuation Pause) 226M->204M(256M) 9,101ms
[40,036s][info][gc] GC(348) Pause Young (G1 Evacuation Pause) 226M->204M(256M) 8,940ms
[40,044s][info][gc] GC(331) Pause Cleanup 216M->216M(256M) 0,872ms
[40,051s][info][gc] GC(331) Concurrent Cycle 485,328ms
[40,062s][info][gc] GC(349) Pause Young (G1 Evacuation Pause) 226M->204M(256M) 9,274ms
[40,088s][info][gc] GC(350) Pause Mixed (G1 Evacuation Pause) 214M->193M(256M) 20,384ms
[40,120s][info][gc] GC(351) Pause Young (G1 Evacuation Pause) 222M->194M(256M) 13,993ms
[40,144s][info][gc] GC(352) Pause Young (G1 Evacuation Pause) 223M->194M(256M) 7,621ms
[40,167s][info][gc] GC(353) Pause Initial Mark (G1 Evacuation Pause) 224M->194M(256M) 9,021ms
[40,167s][info][gc] GC(354) Concurrent Cycle
[40,205s][info][gc] GC(355) Pause Young (G1 Evacuation Pause) 224M->194M(256M) 11,556ms
[40,236s][info][gc] GC(356) Pause Young (G1 Evacuation Pause) 224M->194M(256M) 7,750ms
[40,272s][info][gc] GC(357) Pause Young (G1 Evacuation Pause) 225M->194M(256M) 8,212ms
[40,313s][info][gc] GC(358) Pause Young (G1 Evacuation Pause) 225M->195M(256M) 10,076ms
[40,346s][info][gc] GC(359) Pause Young (G1 Evacuation Pause) 226M->196M(256M) 11,433ms
[40,382s][info][gc] GC(360) Pause Young (G1 Evacuation Pause) 226M->197M(256M) 12,441ms
[40,416s][info][gc] GC(361) Pause Young (G1 Evacuation Pause) 225M->199M(256M) 15,736ms
[40,449s][info][gc] GC(362) Pause Young (G1 Evacuation Pause) 225M->200M(256M) 12,153ms
[40,475s][info][gc] GC(363) Pause Young (G1 Evacuation Pause) 225M->201M(256M) 6,588ms
[40,497s][info][gc] GC(364) Pause Young (G1 Evacuation Pause) 225M->201M(256M) 6,191ms
[40,526s][info][gc] GC(365) Pause Young (G1 Evacuation Pause) 225M->202M(256M) 7,744ms
[40,553s][info][gc] GC(354) Pause Remark 221M->221M(256M) 11,567ms
[40,563s][info][gc] GC(366) Pause Young (G1 Evacuation Pause) 225M->202M(256M) 5,979ms
[40,587s][info][gc] GC(367) Pause Young (G1 Evacuation Pause) 225M->202M(256M) 5,816ms
[40,607s][info][gc] GC(368) Pause Young (G1 Evacuation Pause) 225M->202M(256M) 5,224ms
[40,629s][info][gc] GC(369) Pause Young (G1 Evacuation Pause) 225M->202M(256M) 5,270ms
[40,642s][info][gc] GC(354) Pause Cleanup 221M->221M(256M) 0,919ms
[40,644s][info][gc] GC(354) Concurrent Cycle 476,271ms
[40,652s][info][gc] GC(370) Pause Young (G1 Evacuation Pause) 225M->202M(256M) 6,835ms
[40,673s][info][gc] GC(371) Pause Mixed (G1 Evacuation Pause) 212M->201M(256M) 13,716ms
[40,702s][info][gc] GC(372) Pause Young (G1 Evacuation Pause) 225M->201M(256M) 12,488ms
[40,725s][info][gc] GC(373) Pause Young (G1 Evacuation Pause) 225M->202M(256M) 7,955ms
[40,746s][info][gc] GC(374) Pause Initial Mark (G1 Evacuation Pause) 226M->202M(256M) 8,190ms
[40,746s][info][gc] GC(375) Concurrent Cycle
[40,771s][info][gc] GC(376) Pause Young (G1 Evacuation Pause) 226M->202M(256M) 7,496ms
[40,800s][info][gc] GC(377) Pause Young (G1 Evacuation Pause) 226M->202M(256M) 8,519ms
[40,829s][info][gc] GC(378) Pause Young (G1 Evacuation Pause) 226M->202M(256M) 12,142ms
[40,855s][info][gc] GC(379) Pause Young (G1 Evacuation Pause) 226M->202M(256M) 7,879ms
[40,879s][info][gc] GC(380) Pause Young (G1 Evacuation Pause) 225M->202M(256M) 7,834ms
[40,907s][info][gc] GC(381) Pause Young (G1 Evacuation Pause) 225M->202M(256M) 8,956ms
[40,939s][info][gc] GC(382) Pause Young (G1 Evacuation Pause) 225M->202M(256M) 12,809ms
[40,965s][info][gc] GC(383) Pause Young (G1 Evacuation Pause) 225M->202M(256M) 9,124ms
[40,991s][info][gc] GC(384) Pause Young (G1 Evacuation Pause) 225M->202M(256M) 9,792ms
[41,015s][info][gc] GC(385) Pause Young (G1 Evacuation Pause) 225M->202M(256M) 8,671ms
[41,040s][info][gc] GC(386) Pause Young (G1 Evacuation Pause) 225M->203M(256M) 8,990ms
[41,067s][info][gc] GC(387) Pause Young (G1 Evacuation Pause) 227M->203M(256M) 10,028ms
[41,093s][info][gc] GC(388) Pause Young (G1 Evacuation Pause) 227M->203M(256M) 9,389ms
[41,121s][info][gc] GC(389) Pause Young (G1 Evacuation Pause) 227M->203M(256M) 8,808ms
[41,147s][info][gc] GC(390) Pause Young (G1 Evacuation Pause) 227M->203M(256M) 8,710ms
[41,164s][info][gc] GC(375) Pause Remark 208M->208M(256M) 12,644ms
[41,189s][info][gc] GC(391) Pause Young (G1 Evacuation Pause) 227M->203M(256M) 8,423ms
[41,218s][info][gc] GC(392) Pause Young (G1 Evacuation Pause) 226M->203M(256M) 8,435ms
[41,246s][info][gc] GC(393) Pause Young (G1 Evacuation Pause) 226M->203M(256M) 8,173ms
[41,253s][info][gc] GC(375) Pause Cleanup 208M->208M(256M) 0,909ms
[41,254s][info][gc] GC(375) Concurrent Cycle 507,878ms
[41,292s][info][gc] GC(394) Pause Young (G1 Evacuation Pause) 226M->203M(256M) 10,024ms
[41,339s][info][gc] GC(395) Pause Mixed (G1 Evacuation Pause) 213M->193M(256M) 30,317ms
[42,478s][info][gc] GC(396) Pause Young (G1 Evacuation Pause) 222M->200M(256M) 109,378ms
[42,893s][info][gc] GC(397) Pause Young (G1 Evacuation Pause) 222M->207M(256M) 92,741ms
[43,146s][info][gc] GC(398) Pause Initial Mark (G1 Evacuation Pause) 220M->211M(256M) 28,291ms
[43,146s][info][gc] GC(399) Concurrent Cycle
[43,325s][info][gc] GC(399) Pause Remark 215M->215M(256M) 14,118ms
[43,363s][info][gc] GC(399) Pause Cleanup 216M->216M(256M) 1,202ms
[43,365s][info][gc] GC(399) Concurrent Cycle 218,930ms
[43,452s][info][gc] GC(400) Pause Young (G1 Evacuation Pause) 222M->211M(256M) 18,262ms
[43,562s][info][gc] GC(401) Pause Mixed (G1 Evacuation Pause) 222M->188M(256M) 16,734ms
[43,687s][info][gc] GC(402) Pause Mixed (G1 Evacuation Pause) 199M->167M(256M) 39,447ms
[43,797s][info][gc] GC(403) Pause Mixed (G1 Evacuation Pause) 178M->161M(256M) 29,830ms
[49,213s][info][gc] GC(404) Pause Young (G1 Evacuation Pause) 193M->163M(256M) 17,116ms
[61,479s][info][gc] GC(405) Pause Young (G1 Evacuation Pause) 203M->172M(256M) 14,655ms
[61,672s][info][gc] GC(406) Pause Young (G1 Evacuation Pause) 204M->176M(256M) 15,862ms
[62,459s][info][gc] GC(407) Pause Young (G1 Evacuation Pause) 207M->188M(256M) 42,645ms
[62,756s][info][gc] GC(408) Pause Initial Mark (G1 Evacuation Pause) 212M->195M(256M) 49,926ms
[62,756s][info][gc] GC(409) Concurrent Cycle
[62,965s][info][gc] GC(409) Pause Remark 203M->203M(256M) 14,383ms
[63,007s][info][gc] GC(409) Pause Cleanup 205M->201M(256M) 0,851ms
[63,009s][info][gc] GC(409) Concurrent Cycle 253,121ms
[63,245s][info][gc] GC(410) Pause Young (G1 Evacuation Pause) 210M->199M(256M) 33,364ms
[63,490s][info][gc] GC(411) Pause Mixed (G1 Evacuation Pause) 208M->181M(256M) 57,779ms
[65,459s][info][gc] GC(412) Pause Young (G1 Evacuation Pause) 204M->183M(256M) 35,444ms
[68,048s][info][gc] GC(413) Pause Young (G1 Evacuation Pause) 207M->184M(256M) 22,390ms
[69,603s][info][gc] GC(414) Pause Initial Mark (G1 Evacuation Pause) 209M->185M(256M) 26,276ms
[69,603s][info][gc] GC(415) Concurrent Cycle
[69,862s][info][gc] GC(415) Pause Remark 195M->195M(256M) 20,373ms
[69,951s][info][gc] GC(415) Pause Cleanup 201M->201M(256M) 0,910ms
[69,953s][info][gc] GC(415) Concurrent Cycle 349,268ms
[70,118s][info][gc] GC(416) Pause Young (GCLocker Initiated GC) 211M->190M(256M) 26,065ms
[70,228s][info][gc] GC(417) Pause Mixed (G1 Evacuation Pause) 198M->188M(256M) 25,383ms
[70,526s][info][gc] GC(418) Pause Young (G1 Evacuation Pause) 212M->189M(256M) 23,716ms
[70,720s][info][gc] GC(419) Pause Young (G1 Evacuation Pause) 213M->191M(256M) 7,711ms
[70,906s][info][gc] GC(420) Pause Initial Mark (G1 Evacuation Pause) 216M->193M(256M) 16,910ms
[70,906s][info][gc] GC(421) Concurrent Cycle
[71,124s][info][gc] GC(422) Pause Young (G1 Evacuation Pause) 217M->194M(256M) 16,099ms
[71,191s][info][gc] GC(421) Pause Remark 199M->199M(256M) 21,973ms
[71,244s][info][gc] GC(421) Pause Cleanup 209M->209M(256M) 1,816ms
[71,247s][info][gc] GC(421) Concurrent Cycle 340,430ms
[71,369s][info][gc] GC(423) Pause Young (G1 Evacuation Pause) 219M->196M(256M) 12,933ms
[71,458s][info][gc] GC(424) Pause Mixed (G1 Evacuation Pause) 205M->190M(256M) 41,323ms
[71,609s][info][gc] GC(425) Pause Young (G1 Evacuation Pause) 217M->192M(256M) 20,588ms
[71,749s][info][gc] GC(426) Pause Young (G1 Evacuation Pause) 218M->194M(256M) 10,767ms
[71,906s][info][gc] GC(427) Pause Initial Mark (G1 Evacuation Pause) 220M->196M(256M) 15,489ms
[71,906s][info][gc] GC(428) Concurrent Cycle
[72,191s][info][gc] GC(428) Pause Remark 215M->215M(256M) 20,672ms
[72,245s][info][gc] GC(428) Pause Cleanup 215M->215M(256M) 2,354ms
[72,246s][info][gc] GC(428) Concurrent Cycle 340,102ms
[72,720s][info][gc] GC(429) Pause Young (G1 Evacuation Pause) 221M->198M(256M) 18,054ms
[73,094s][info][gc] GC(430) Pause Initial Mark (G1 Evacuation Pause) 222M->205M(256M) 39,159ms
[73,094s][info][gc] GC(431) Concurrent Cycle
[73,396s][info][gc] GC(431) Pause Remark 208M->208M(256M) 20,868ms
[73,452s][info][gc] GC(431) Pause Cleanup 212M->212M(256M) 3,419ms
[73,453s][info][gc] GC(431) Concurrent Cycle 358,809ms
[73,563s][info][gc] GC(432) Pause Young (G1 Evacuation Pause) 221M->207M(256M) 24,031ms
[73,717s][info][gc] GC(433) Pause Mixed (G1 Evacuation Pause) 217M->202M(256M) 21,015ms
[73,872s][info][gc] GC(434) Pause Young (G1 Evacuation Pause) 220M->202M(256M) 12,326ms
[74,099s][info][gc] GC(435) Pause Young (G1 Evacuation Pause) 220M->204M(256M) 9,487ms
[76,036s][info][gc] GC(436) Pause Initial Mark (G1 Evacuation Pause) 221M->204M(256M) 11,874ms
[76,036s][info][gc] GC(437) Concurrent Cycle
[76,339s][info][gc] GC(437) Pause Remark 208M->208M(256M) 24,176ms
[76,399s][info][gc] GC(437) Pause Cleanup 208M->208M(256M) 2,606ms
[76,400s][info][gc] GC(437) Concurrent Cycle 364,149ms
[77,819s][info][gc] GC(438) Pause Young (G1 Evacuation Pause) 221M->204M(256M) 9,349ms
[77,993s][info][gc] GC(439) Pause Mixed (G1 Evacuation Pause) 215M->207M(256M) 17,027ms
[78,251s][info][gc] GC(440) Pause Young (G1 Evacuation Pause) 223M->211M(256M) 15,987ms
[81,156s][info][gc] GC(441) Pause Initial Mark (G1 Evacuation Pause) 223M->213M(256M) 13,228ms
[81,156s][info][gc] GC(442) Concurrent Cycle
[81,269s][info][gc] GC(443) Pause Young (G1 Evacuation Pause) 224M->214M(256M) 19,064ms
[81,447s][info][gc] GC(444) Pause Young (G1 Evacuation Pause) 224M->214M(256M) 15,621ms
[81,527s][info][gc] GC(442) Pause Remark 219M->219M(256M) 21,890ms
[81,583s][info][gc] GC(445) Pause Young (G1 Evacuation Pause) 224M->215M(256M) 7,177ms
[81,610s][info][gc] GC(442) Pause Cleanup 221M->221M(256M) 2,271ms
[81,612s][info][gc] GC(442) Concurrent Cycle 456,059ms
[81,651s][info][gc] GC(446) Pause Young (G1 Evacuation Pause) 226M->215M(256M) 7,016ms
[81,739s][info][gc] GC(447) Pause Mixed (G1 Evacuation Pause) 226M->213M(256M) 9,515ms
[81,897s][info][gc] GC(448) Pause Initial Mark (G1 Evacuation Pause) 224M->214M(256M) 15,138ms
[81,898s][info][gc] GC(449) Concurrent Cycle
[82,155s][info][gc] GC(450) Pause Young (G1 Evacuation Pause) 225M->216M(256M) 9,116ms
[82,248s][info][gc] GC(449) Pause Remark 222M->222M(256M) 17,856ms
[82,315s][info][gc] GC(449) Pause Cleanup 223M->223M(256M) 1,515ms
[82,316s][info][gc] GC(449) Concurrent Cycle 418,687ms
[82,359s][info][gc] GC(451) Pause Young (G1 Evacuation Pause) 226M->217M(256M) 20,323ms
[82,523s][info][gc] GC(452) Pause Mixed (G1 Evacuation Pause) 227M->216M(256M) 21,563ms
[82,610s][info][gc] GC(453) Pause Initial Mark (G1 Evacuation Pause) 227M->217M(256M) 12,795ms
[82,610s][info][gc] GC(454) Concurrent Cycle
[82,706s][info][gc] GC(455) Pause Young (G1 Evacuation Pause) 227M->218M(256M) 5,406ms
[82,851s][info][gc] GC(456) Pause Young (G1 Evacuation Pause) 228M->218M(256M) 7,479ms
[82,943s][info][gc] GC(454) Pause Remark 224M->224M(256M) 22,046ms
[83,017s][info][gc] GC(454) Pause Cleanup 228M->228M(256M) 14,385ms
[83,019s][info][gc] GC(454) Concurrent Cycle 409,225ms
[83,067s][info][gc] GC(457) Pause Young (G1 Evacuation Pause) 228M->219M(256M) 5,552ms
[83,146s][info][gc] GC(458) Pause Mixed (G1 Evacuation Pause) 229M->214M(256M) 30,992ms
[83,242s][info][gc] GC(459) Pause Initial Mark (G1 Evacuation Pause) 224M->215M(256M) 16,348ms
[83,242s][info][gc] GC(460) Concurrent Cycle
[83,340s][info][gc] GC(461) Pause Young (G1 Evacuation Pause) 225M->216M(256M) 6,409ms
[83,425s][info][gc] GC(462) Pause Young (G1 Evacuation Pause) 227M->216M(256M) 5,369ms
[83,572s][info][gc] GC(460) Pause Remark 224M->224M(256M) 18,189ms
[83,633s][info][gc] GC(460) Pause Cleanup 225M->225M(256M) 1,117ms
[83,635s][info][gc] GC(460) Concurrent Cycle 392,692ms
[83,870s][info][gc] GC(463) Pause Young (G1 Evacuation Pause) 226M->217M(256M) 5,830ms
[83,964s][info][gc] GC(464) Pause Mixed (G1 Evacuation Pause) 227M->217M(256M) 15,947ms
[84,088s][info][gc] GC(465) Pause Initial Mark (G1 Evacuation Pause) 227M->218M(256M) 22,895ms
[84,088s][info][gc] GC(466) Concurrent Cycle
[84,316s][info][gc] GC(467) Pause Young (G1 Evacuation Pause) 228M->219M(256M) 9,117ms
[84,424s][info][gc] GC(468) Pause Young (G1 Evacuation Pause) 229M->220M(256M) 7,499ms
[84,455s][info][gc] GC(466) Pause Remark 224M->224M(256M) 18,508ms
[84,523s][info][gc] GC(466) Pause Cleanup 224M->224M(256M) 3,108ms
[84,524s][info][gc] GC(466) Concurrent Cycle 436,671ms
[84,571s][info][gc] GC(469) Pause Young (G1 Evacuation Pause) 231M->221M(256M) 7,236ms
[84,665s][info][gc] GC(470) Pause Mixed (G1 Evacuation Pause) 231M->220M(256M) 9,400ms
[84,750s][info][gc] GC(471) Pause Initial Mark (G1 Evacuation Pause) 230M->221M(256M) 8,956ms
[84,750s][info][gc] GC(472) Concurrent Cycle
[84,890s][info][gc] GC(473) Pause Young (G1 Evacuation Pause) 231M->222M(256M) 6,750ms
[84,974s][info][gc] GC(474) Pause Young (G1 Evacuation Pause) 232M->223M(256M) 6,397ms
[85,093s][info][gc] GC(472) Pause Remark 232M->232M(256M) 19,328ms
[85,131s][info][gc] GC(475) Pause Young (G1 Evacuation Pause) 233M->224M(256M) 6,467ms
[85,168s][info][gc] GC(472) Pause Cleanup 231M->231M(256M) 2,167ms
[85,170s][info][gc] GC(472) Concurrent Cycle 419,910ms
[85,217s][info][gc] GC(476) Pause Young (G1 Evacuation Pause) 234M->225M(256M) 7,171ms
[85,309s][info][gc] GC(477) Pause Mixed (G1 Evacuation Pause) 235M->225M(256M) 10,934ms
[87,832s][info][gc] GC(478) Pause Initial Mark (G1 Evacuation Pause) 235M->226M(256M) 17,815ms
[87,832s][info][gc] GC(479) Concurrent Cycle
[88,182s][info][gc] GC(479) Pause Remark 236M->236M(256M) 20,627ms
[88,199s][info][gc] GC(480) Pause Young (G1 Evacuation Pause) 236M->226M(256M) 13,669ms
[88,265s][info][gc] GC(479) Pause Cleanup 227M->227M(256M) 1,103ms
[88,267s][info][gc] GC(479) Concurrent Cycle 434,518ms
[88,715s][info][gc] GC(481) Pause Young (G1 Evacuation Pause) 236M->227M(256M) 9,727ms
[89,108s][info][gc] GC(482) Pause Mixed (G1 Evacuation Pause) 237M->226M(256M) 23,817ms
[89,470s][info][gc] GC(483) Pause Initial Mark (G1 Evacuation Pause) 236M->226M(256M) 10,452ms
[89,470s][info][gc] GC(484) Concurrent Cycle
[89,817s][info][gc] GC(484) Pause Remark 236M->236M(256M) 18,111ms
[89,865s][info][gc] GC(485) Pause Young (G1 Evacuation Pause) 236M->227M(256M) 5,472ms
[89,891s][info][gc] GC(484) Pause Cleanup 228M->228M(256M) 1,093ms
[89,893s][info][gc] GC(484) Concurrent Cycle 422,745ms
[90,225s][info][gc] GC(486) Pause Young (G1 Evacuation Pause) 238M->227M(256M) 5,132ms
[91,167s][info][gc] GC(487) Pause Initial Mark (G1 Evacuation Pause) 237M->228M(256M) 5,494ms
[91,167s][info][gc] GC(488) Concurrent Cycle
[91,461s][info][gc] GC(489) Pause Young (G1 Evacuation Pause) 238M->229M(256M) 6,156ms
[91,531s][info][gc] GC(488) Pause Remark 231M->231M(256M) 19,817ms
[91,603s][info][gc] GC(488) Pause Cleanup 233M->233M(256M) 2,859ms
[91,604s][info][gc] GC(488) Concurrent Cycle 437,767ms
[91,702s][info][gc] GC(490) Pause Young (G1 Evacuation Pause) 239M->229M(256M) 5,125ms
[91,857s][info][gc] GC(491) Pause Initial Mark (G1 Evacuation Pause) 239M->230M(256M) 6,335ms
[91,857s][info][gc] GC(492) Concurrent Cycle
[92,085s][info][gc] GC(493) Pause Young (G1 Evacuation Pause) 240M->231M(256M) 7,508ms
[92,217s][info][gc] GC(492) Pause Remark 232M->232M(256M) 18,803ms
[92,289s][info][gc] GC(492) Pause Cleanup 233M->233M(256M) 1,507ms
[92,291s][info][gc] GC(492) Concurrent Cycle 433,840ms
[99,430s][info][gc] GC(494) Pause Young (G1 Evacuation Pause) 244M->235M(256M) 9,064ms
[99,486s][info][gc] GC(495) Pause Mixed (G1 Evacuation Pause) 245M->235M(256M) 9,662ms
[99,527s][info][gc] GC(496) Pause Initial Mark (G1 Evacuation Pause) 245M->236M(256M) 10,663ms
[99,528s][info][gc] GC(497) Concurrent Cycle
[99,574s][info][gc] GC(498) Pause Young (G1 Evacuation Pause) 246M->238M(256M) 7,916ms
[99,619s][info][gc] GC(499) Pause Young (G1 Evacuation Pause) 248M->239M(256M) 6,626ms
[99,681s][info][gc] GC(500) Pause Young (G1 Evacuation Pause) 249M->240M(256M) 10,770ms
[99,748s][info][gc] GC(501) Pause Young (G1 Evacuation Pause) 250M->242M(256M) 9,860ms
[99,836s][info][gc] GC(502) To-space exhausted
[99,836s][info][gc] GC(502) Pause Young (G1 Evacuation Pause) 252M->255M(256M) 20,702ms
[99,849s][info][gc] GC(503) To-space exhausted
[99,849s][info][gc] GC(503) Pause Young (G1 Evacuation Pause) 255M->255M(256M) 12,503ms
[100,580s][info][gc] GC(504) Pause Full (Allocation Failure) 255M->226M(256M) 731,178ms
[100,582s][info][gc] GC(497) Concurrent Cycle 1054,558ms
[100,679s][info][gc] GC(505) Pause Young (G1 Evacuation Pause) 238M->230M(256M) 8,617ms
[100,780s][info][gc] GC(506) Pause Initial Mark (G1 Evacuation Pause) 240M->230M(256M) 30,502ms
[100,780s][info][gc] GC(507) Concurrent Cycle
[100,989s][info][gc] GC(508) Pause Young (G1 Evacuation Pause) 241M->230M(256M) 22,055ms
[101,133s][info][gc] GC(509) Pause Young (G1 Evacuation Pause) 241M->232M(256M) 10,969ms
[101,212s][info][gc] GC(507) Pause Remark 240M->240M(256M) 19,983ms
[101,244s][info][gc] GC(510) Pause Young (G1 Evacuation Pause) 242M->234M(256M) 17,140ms
[101,312s][info][gc] GC(511) Pause Young (G1 Evacuation Pause) 244M->237M(256M) 12,244ms
[101,324s][info][gc] GC(507) Pause Cleanup 237M->234M(256M) 1,090ms
[101,326s][info][gc] GC(507) Concurrent Cycle 546,044ms
[101,391s][info][gc] GC(512) Pause Young (G1 Evacuation Pause) 244M->236M(256M) 19,594ms
[101,547s][info][gc] GC(513) Pause Initial Mark (G1 Evacuation Pause) 246M->239M(256M) 19,584ms
[101,547s][info][gc] GC(514) Concurrent Cycle
[101,638s][info][gc] GC(515) Pause Young (G1 Evacuation Pause) 249M->242M(256M) 28,746ms
[101,715s][info][gc] GC(516) To-space exhausted
[101,715s][info][gc] GC(516) Pause Young (G1 Evacuation Pause) 252M->244M(256M) 19,753ms
[101,794s][info][gc] GC(517) To-space exhausted
[101,795s][info][gc] GC(517) Pause Young (G1 Evacuation Pause) 254M->254M(256M) 25,032ms
[101,813s][info][gc] GC(518) Pause Young (G1 Evacuation Pause) 254M->254M(256M) 18,523ms
[102,637s][info][gc] GC(519) Pause Full (Allocation Failure) 254M->238M(256M) 823,830ms
[102,638s][info][gc] GC(514) Concurrent Cycle 1090,086ms
[102,731s][info][gc] GC(520) Pause Young (G1 Evacuation Pause) 250M->243M(256M) 21,934ms
[102,871s][info][gc] GC(521) To-space exhausted
[102,871s][info][gc] GC(521) Pause Initial Mark (G1 Evacuation Pause) 253M->255M(256M) 54,613ms
[102,871s][info][gc] GC(522) Concurrent Cycle
[102,907s][info][gc] GC(523) To-space exhausted
[102,907s][info][gc] GC(523) Pause Young (G1 Evacuation Pause) 255M->255M(256M) 33,630ms
[103,754s][info][gc] GC(524) Pause Full (Allocation Failure) 255M->246M(256M) 846,560ms
[103,754s][info][gc] GC(522) Concurrent Cycle 882,805ms
[103,851s][info][gc] GC(525) To-space exhausted
[103,851s][info][gc] GC(525) Pause Young (G1 Evacuation Pause) 255M->255M(256M) 9,840ms
[103,858s][info][gc] GC(526) Pause Initial Mark (G1 Evacuation Pause) 255M->255M(256M) 6,165ms
[103,858s][info][gc] GC(527) Concurrent Cycle
[104,686s][info][gc] GC(528) Pause Full (Allocation Failure) 255M->246M(256M) 827,581ms
[104,686s][info][gc] GC(527) Concurrent Cycle 828,035ms
[104,792s][info][gc] GC(529) To-space exhausted
[104,793s][info][gc] GC(529) Pause Young (G1 Evacuation Pause) 254M->254M(256M) 13,320ms
[104,798s][info][gc] GC(530) Pause Initial Mark (G1 Evacuation Pause) 254M->254M(256M) 5,444ms
[104,798s][info][gc] GC(531) Concurrent Cycle
[105,594s][info][gc] GC(532) Pause Full (Allocation Failure) 254M->249M(256M) 795,103ms
[105,594s][info][gc] GC(531) Concurrent Cycle 795,479ms
[105,669s][info][gc] GC(533) To-space exhausted
[105,669s][info][gc] GC(533) Pause Young (G1 Evacuation Pause) 255M->255M(256M) 11,631ms
[105,678s][info][gc] GC(534) Pause Initial Mark (G1 Evacuation Pause) 255M->255M(256M) 8,691ms
[105,678s][info][gc] GC(535) Concurrent Cycle
[106,499s][info][gc] GC(536) Pause Full (Allocation Failure) 255M->251M(256M) 818,094ms
[106,499s][info][gc] GC(535) Concurrent Cycle 821,287ms
[106,570s][info][gc] GC(537) To-space exhausted
[106,570s][info][gc] GC(537) Pause Young (G1 Evacuation Pause) 255M->255M(256M) 19,232ms
[106,581s][info][gc] GC(538) Pause Initial Mark (G1 Evacuation Pause) 255M->255M(256M) 10,582ms
[106,581s][info][gc] GC(539) Concurrent Cycle
[107,438s][info][gc] GC(540) Pause Full (Allocation Failure) 255M->251M(256M) 851,674ms
[107,438s][info][gc] GC(539) Concurrent Cycle 857,340ms
[107,482s][info][gc] GC(541) To-space exhausted
[107,482s][info][gc] GC(541) Pause Young (G1 Evacuation Pause) 255M->255M(256M) 16,114ms
[107,487s][info][gc] GC(542) Pause Initial Mark (G1 Evacuation Pause) 255M->255M(256M) 4,715ms
[107,487s][info][gc] GC(543) Concurrent Cycle
[107,490s][info][gc] GC(544) Pause Young (G1 Evacuation Pause) 255M->255M(256M) 1,543ms
[108,318s][info][gc] GC(545) Pause Full (Allocation Failure) 255M->251M(256M) 827,899ms
[108,318s][info][gc] GC(543) Concurrent Cycle 831,201ms
[108,451s][info][gc] GC(546) To-space exhausted
[108,451s][info][gc] GC(546) Pause Young (G1 Evacuation Pause) 255M->255M(256M) 8,876ms
[108,455s][info][gc] GC(547) Pause Initial Mark (G1 Evacuation Pause) 255M->255M(256M) 4,097ms
[108,455s][info][gc] GC(548) Concurrent Cycle
[109,276s][info][gc] GC(549) Pause Full (Allocation Failure) 255M->251M(256M) 821,061ms
[109,277s][info][gc] GC(548) Concurrent Cycle 821,479ms
[109,761s][info][gc] GC(550) To-space exhausted
[109,761s][info][gc] GC(550) Pause Young (G1 Evacuation Pause) 255M->255M(256M) 6,134ms
[109,765s][info][gc] GC(551) Pause Initial Mark (G1 Evacuation Pause) 255M->255M(256M) 4,235ms
[109,765s][info][gc] GC(552) Concurrent Cycle
[110,539s][info][gc] GC(553) Pause Full (Allocation Failure) 255M->251M(256M) 773,720ms
[110,540s][info][gc] GC(552) Concurrent Cycle 774,158ms
[110,771s][info][gc] GC(554) To-space exhausted
[110,771s][info][gc] GC(554) Pause Young (G1 Evacuation Pause) 255M->253M(256M) 6,920ms
[110,888s][info][gc] GC(555) To-space exhausted
[110,888s][info][gc] GC(555) Pause Initial Mark (G1 Evacuation Pause) 255M->255M(256M) 5,819ms
[110,889s][info][gc] GC(556) Concurrent Cycle
[110,890s][info][gc] GC(557) Pause Young (G1 Evacuation Pause) 255M->255M(256M) 1,473ms
[111,636s][info][gc] GC(558) Pause Full (Allocation Failure) 255M->251M(256M) 745,035ms
[111,636s][info][gc] GC(556) Concurrent Cycle 747,275ms
[113,056s][info][gc] GC(559) To-space exhausted
[113,056s][info][gc] GC(559) Pause Young (G1 Evacuation Pause) 255M->255M(256M) 5,377ms
[113,059s][info][gc] GC(560) Pause Initial Mark (G1 Evacuation Pause) 255M->255M(256M) 2,760ms
[113,059s][info][gc] GC(561) Concurrent Cycle
[113,806s][info][gc] GC(562) Pause Full (Allocation Failure) 255M->251M(256M) 747,204ms
[113,806s][info][gc] GC(561) Concurrent Cycle 747,574ms
[114,001s][info][gc] GC(563) To-space exhausted
[114,001s][info][gc] GC(563) Pause Young (G1 Evacuation Pause) 255M->254M(256M) 5,945ms
[114,033s][info][gc] GC(564) To-space exhausted
[114,033s][info][gc] GC(564) Pause Initial Mark (G1 Evacuation Pause) 255M->255M(256M) 5,168ms
[114,033s][info][gc] GC(565) Concurrent Cycle
[114,035s][info][gc] GC(566) Pause Young (G1 Evacuation Pause) 255M->255M(256M) 1,390ms
[114,782s][info][gc] GC(567) Pause Full (Allocation Failure) 255M->251M(256M) 746,171ms
[114,782s][info][gc] GC(565) Concurrent Cycle 748,346ms
[114,989s][info][gc] GC(568) To-space exhausted
[114,989s][info][gc] GC(568) Pause Young (G1 Evacuation Pause) 255M->254M(256M) 5,719ms
[117,404s][info][gc] GC(569) To-space exhausted
[117,404s][info][gc] GC(569) Pause Initial Mark (G1 Evacuation Pause) 255M->255M(256M) 3,462ms
[117,404s][info][gc] GC(570) Concurrent Cycle
[117,406s][info][gc] GC(571) Pause Young (G1 Evacuation Pause) 255M->255M(256M) 2,075ms
[118,147s][info][gc] GC(572) Pause Full (Allocation Failure) 255M->251M(256M) 740,134ms
[118,147s][info][gc] GC(570) Concurrent Cycle 742,982ms
[118,284s][info][gc] GC(573) To-space exhausted
[118,284s][info][gc] GC(573) Pause Young (G1 Evacuation Pause) 255M->254M(256M) 5,530ms
[118,340s][info][gc] GC(574) To-space exhausted
[118,340s][info][gc] GC(574) Pause Initial Mark (G1 Evacuation Pause) 255M->255M(256M) 5,112ms
[118,340s][info][gc] GC(575) Concurrent Cycle
[118,342s][info][gc] GC(576) Pause Young (G1 Evacuation Pause) 255M->255M(256M) 1,452ms
[119,084s][info][gc] GC(577) Pause Full (Allocation Failure) 255M->251M(256M) 741,824ms
[119,084s][info][gc] GC(575) Concurrent Cycle 744,041ms
[121,122s][info][gc] GC(578) To-space exhausted
[121,122s][info][gc] GC(578) Pause Young (G1 Evacuation Pause) 255M->255M(256M) 5,157ms
[121,125s][info][gc] GC(579) Pause Initial Mark (G1 Evacuation Pause) 255M->255M(256M) 2,770ms
[121,125s][info][gc] GC(580) Concurrent Cycle
[121,879s][info][gc] GC(581) Pause Full (Allocation Failure) 255M->251M(256M) 753,934ms
[121,880s][info][gc] GC(580) Concurrent Cycle 754,532ms
[122,179s][info][gc] GC(582) To-space exhausted
[122,179s][info][gc] GC(582) Pause Young (G1 Evacuation Pause) 255M->254M(256M) 5,182ms
[122,211s][info][gc] GC(583) To-space exhausted
[122,211s][info][gc] GC(583) Pause Initial Mark (G1 Evacuation Pause) 255M->255M(256M) 3,768ms
[122,211s][info][gc] GC(584) Concurrent Cycle
[122,212s][info][gc] GC(585) Pause Young (G1 Evacuation Pause) 255M->255M(256M) 1,523ms
[122,953s][info][gc] GC(586) Pause Full (Allocation Failure) 255M->251M(256M) 740,116ms
[122,953s][info][gc] GC(584) Concurrent Cycle 742,404ms
[124,067s][info][gc] GC(587) To-space exhausted
[124,067s][info][gc] GC(587) Pause Young (G1 Evacuation Pause) 255M->254M(256M) 5,101ms
[124,081s][info][gc] GC(588) To-space exhausted
[124,081s][info][gc] GC(588) Pause Initial Mark (G1 Evacuation Pause) 255M->255M(256M) 3,187ms
[124,081s][info][gc] GC(589) Concurrent Cycle
[124,083s][info][gc] GC(590) Pause Young (G1 Evacuation Pause) 255M->255M(256M) 1,496ms
[124,829s][info][gc] GC(591) Pause Full (Allocation Failure) 255M->251M(256M) 745,628ms
[124,829s][info][gc] GC(589) Concurrent Cycle 748,013ms
[124,907s][info][gc] GC(592) To-space exhausted
[124,908s][info][gc] GC(592) Pause Young (G1 Evacuation Pause) 255M->255M(256M) 5,123ms
[124,910s][info][gc] GC(593) Pause Initial Mark (G1 Evacuation Pause) 255M->255M(256M) 2,380ms
[124,910s][info][gc] GC(594) Concurrent Cycle
[125,651s][info][gc] GC(595) Pause Full (Allocation Failure) 255M->251M(256M) 739,964ms
[125,651s][info][gc] GC(594) Concurrent Cycle 740,416ms
[126,091s][info][gc] GC(596) To-space exhausted
[126,092s][info][gc] GC(596) Pause Young (G1 Evacuation Pause) 255M->254M(256M) 5,982ms
[126,110s][info][gc] GC(597) To-space exhausted
[126,110s][info][gc] GC(597) Pause Initial Mark (G1 Evacuation Pause) 255M->255M(256M) 4,016ms
[126,110s][info][gc] GC(598) Concurrent Cycle
[126,114s][info][gc] GC(599) Pause Young (G1 Evacuation Pause) 255M->255M(256M) 3,554ms
[126,948s][info][gc] GC(600) Pause Full (Allocation Failure) 255M->251M(256M) 833,361ms
[126,948s][info][gc] GC(598) Concurrent Cycle 837,734ms
[127,006s][info][gc] GC(601) To-space exhausted
[127,006s][info][gc] GC(601) Pause Young (G1 Evacuation Pause) 255M->255M(256M) 13,919ms
[127,014s][info][gc] GC(602) Pause Initial Mark (G1 Evacuation Pause) 255M->255M(256M) 4,689ms
[127,014s][info][gc] GC(603) Concurrent Cycle
[127,787s][info][gc] GC(604) Pause Full (Allocation Failure) 255M->251M(256M) 767,217ms
[127,787s][info][gc] GC(603) Concurrent Cycle 773,737ms
[127,828s][info][gc] GC(605) To-space exhausted
[127,828s][info][gc] GC(605) Pause Young (G1 Evacuation Pause) 254M->254M(256M) 9,880ms
[127,833s][info][gc] GC(606) Pause Initial Mark (G1 Evacuation Pause) 254M->254M(256M) 4,257ms
[127,833s][info][gc] GC(607) Concurrent Cycle
[128,615s][info][gc] GC(608) Pause Full (Allocation Failure) 254M->251M(256M) 770,105ms
[128,615s][info][gc] GC(607) Concurrent Cycle 782,512ms
[128,736s][info][gc] GC(609) To-space exhausted
[128,736s][info][gc] GC(609) Pause Young (G1 Evacuation Pause) 254M->254M(256M) 15,118ms
[128,739s][info][gc] GC(610) Pause Initial Mark (G1 Evacuation Pause) 254M->254M(256M) 2,946ms
[128,739s][info][gc] GC(611) Concurrent Cycle
[128,741s][info][gc] GC(612) Pause Young (G1 Evacuation Pause) 254M->254M(256M) 1,237ms
[128,742s][info][gc] GC(613) Pause Young (G1 Evacuation Pause) 254M->254M(256M) 1,405ms
[129,500s][info][gc] GC(614) Pause Full (Allocation Failure) 254M->251M(256M) 756,743ms
[129,500s][info][gc] GC(611) Concurrent Cycle 760,920ms
[129,666s][info][gc] GC(615) To-space exhausted
[129,667s][info][gc] GC(615) Pause Young (G1 Evacuation Pause) 255M->254M(256M) 13,844ms
[129,747s][info][gc] GC(616) To-space exhausted
[129,747s][info][gc] GC(616) Pause Initial Mark (G1 Evacuation Pause) 255M->255M(256M) 5,573ms
[129,747s][info][gc] GC(617) Concurrent Cycle
[129,749s][info][gc] GC(618) Pause Young (G1 Evacuation Pause) 255M->255M(256M) 2,019ms
[130,522s][info][gc] GC(619) Pause Full (Allocation Failure) 255M->251M(256M) 772,311ms
[130,522s][info][gc] GC(617) Concurrent Cycle 775,115ms
[130,590s][info][gc] GC(620) To-space exhausted
[130,590s][info][gc] GC(620) Pause Young (G1 Evacuation Pause) 255M->255M(256M) 8,900ms
[130,597s][info][gc] GC(621) Pause Initial Mark (G1 Evacuation Pause) 255M->255M(256M) 6,155ms
[130,597s][info][gc] GC(622) Concurrent Cycle
[131,417s][info][gc] GC(623) Pause Full (Allocation Failure) 255M->251M(256M) 820,183ms
[131,417s][info][gc] GC(622) Concurrent Cycle 820,575ms
[131,485s][info][gc] GC(624) To-space exhausted
[131,485s][info][gc] GC(624) Pause Young (G1 Evacuation Pause) 255M->255M(256M) 10,576ms
[131,487s][info][gc] GC(625) Pause Initial Mark (G1 Evacuation Pause) 255M->255M(256M) 2,302ms
[131,487s][info][gc] GC(626) Concurrent Cycle
[132,250s][info][gc] GC(627) Pause Full (Allocation Failure) 255M->251M(256M) 762,464ms
[132,250s][info][gc] GC(626) Concurrent Cycle 762,954ms
[132,288s][info][gc] GC(628) To-space exhausted
[132,288s][info][gc] GC(628) Pause Young (G1 Evacuation Pause) 255M->255M(256M) 7,259ms
[132,292s][info][gc] GC(629) Pause Initial Mark (G1 Evacuation Pause) 255M->255M(256M) 4,185ms
[132,292s][info][gc] GC(630) Concurrent Cycle
[133,078s][info][gc] GC(631) Pause Full (Allocation Failure) 255M->251M(256M) 785,643ms
[133,078s][info][gc] GC(630) Concurrent Cycle 786,037ms
[133,121s][info][gc] GC(632) To-space exhausted
[133,121s][info][gc] GC(632) Pause Young (G1 Evacuation Pause) 255M->255M(256M) 11,190ms
[133,125s][info][gc] GC(633) Pause Initial Mark (G1 Evacuation Pause) 255M->255M(256M) 3,829ms
[133,125s][info][gc] GC(634) Concurrent Cycle
[133,888s][info][gc] GC(635) Pause Full (Allocation Failure) 255M->251M(256M) 762,755ms
[133,888s][info][gc] GC(634) Concurrent Cycle 763,155ms
[133,931s][info][gc] GC(636) To-space exhausted
[133,931s][info][gc] GC(636) Pause Young (G1 Evacuation Pause) 255M->255M(256M) 14,717ms
[133,936s][info][gc] GC(637) Pause Initial Mark (G1 Evacuation Pause) 255M->255M(256M) 4,947ms
[133,936s][info][gc] GC(638) Concurrent Cycle
[134,697s][info][gc] GC(639) Pause Full (Allocation Failure) 255M->252M(256M) 760,899ms
[134,697s][info][gc] GC(638) Concurrent Cycle 761,278ms
[134,735s][info][gc] GC(640) To-space exhausted
[134,736s][info][gc] GC(640) Pause Young (G1 Evacuation Pause) 255M->255M(256M) 7,089ms
[134,740s][info][gc] GC(641) Pause Initial Mark (G1 Evacuation Pause) 255M->255M(256M) 4,561ms
[134,740s][info][gc] GC(642) Concurrent Cycle
[135,516s][info][gc] GC(643) Pause Full (Allocation Failure) 255M->252M(256M) 775,466ms
[135,516s][info][gc] GC(642) Concurrent Cycle 775,819ms
[135,555s][info][gc] GC(644) To-space exhausted
[135,555s][info][gc] GC(644) Pause Young (G1 Evacuation Pause) 255M->255M(256M) 7,788ms
[135,560s][info][gc] GC(645) Pause Initial Mark (G1 Evacuation Pause) 255M->255M(256M) 4,383ms
[135,560s][info][gc] GC(646) Concurrent Cycle
[136,328s][info][gc] GC(647) Pause Full (Allocation Failure) 255M->253M(256M) 767,968ms
[136,329s][info][gc] GC(646) Concurrent Cycle 768,531ms
[136,356s][info][gc] GC(648) To-space exhausted
[136,356s][info][gc] GC(648) Pause Young (G1 Evacuation Pause) 255M->255M(256M) 5,543ms
[136,359s][info][gc] GC(649) Pause Initial Mark (G1 Evacuation Pause) 255M->255M(256M) 2,941ms
[136,359s][info][gc] GC(650) Concurrent Cycle
[137,133s][info][gc] GC(651) Pause Full (Allocation Failure) 255M->254M(256M) 773,725ms
[137,133s][info][gc] GC(650) Concurrent Cycle 774,090ms
[137,148s][info][gc] GC(652) To-space exhausted
[137,148s][info][gc] GC(652) Pause Young (G1 Evacuation Pause) 255M->255M(256M) 4,134ms
[137,151s][info][gc] GC(653) Pause Initial Mark (G1 Evacuation Pause) 255M->255M(256M) 3,398ms
[137,152s][info][gc] GC(654) Concurrent Cycle
[137,957s][info][gc] GC(655) Pause Full (Allocation Failure) 255M->254M(256M) 799,685ms
[137,957s][info][gc] GC(654) Concurrent Cycle 805,452ms
[137,972s][info][gc] GC(656) To-space exhausted
[137,972s][info][gc] GC(656) Pause Young (G1 Evacuation Pause) 255M->255M(256M) 4,408ms
[137,976s][info][gc] GC(657) Pause Initial Mark (G1 Evacuation Pause) 255M->255M(256M) 3,286ms
[137,976s][info][gc] GC(658) Concurrent Cycle
[138,790s][info][gc] GC(659) Pause Full (Allocation Failure) 255M->254M(256M) 806,994ms
[138,790s][info][gc] GC(658) Concurrent Cycle 814,829ms
[138,806s][info][gc] GC(660) To-space exhausted
[138,806s][info][gc] GC(660) Pause Young (G1 Evacuation Pause) 255M->255M(256M) 4,622ms
[138,809s][info][gc] GC(661) Pause Initial Mark (G1 Evacuation Pause) 255M->255M(256M) 3,095ms
[138,809s][info][gc] GC(662) Concurrent Cycle
[139,674s][info][gc] GC(663) Pause Full (Allocation Failure) 255M->254M(256M) 853,086ms
[140,440s][info][gc] GC(664) Pause Full (Allocation Failure) 254M->254M(256M) 765,733ms
[140,440s][info][gc] GC(662) Concurrent Cycle 1631,038ms
[140,442s][info][gc] GC(665) Pause Young (G1 Evacuation Pause) 254M->254M(256M) 1,445ms
[140,444s][info][gc] GC(666) Pause Initial Mark (G1 Evacuation Pause) 254M->254M(256M) 2,032ms
[140,444s][info][gc] GC(667) Concurrent Cycle
[141,217s][info][gc] GC(668) Pause Full (Allocation Failure) 254M->254M(256M) 772,001ms
[141,980s][info][gc] GC(669) Pause Full (Allocation Failure) 254M->254M(256M) 763,783ms
[141,981s][info][gc] GC(667) Concurrent Cycle 1536,267ms
[141,982s][info][gc] GC(670) Pause Young (G1 Evacuation Pause) 254M->254M(256M) 1,489ms
[141,985s][info][gc] GC(671) Pause Initial Mark (G1 Evacuation Pause) 254M->254M(256M) 2,087ms
[141,985s][info][gc] GC(672) Concurrent Cycle
[142,749s][info][gc] GC(673) Pause Full (Allocation Failure) 254M->254M(256M) 764,168ms
[143,522s][info][gc] GC(674) Pause Full (Allocation Failure) 254M->254M(256M) 772,389ms
[143,522s][info][gc] GC(672) Concurrent Cycle 1537,089ms
[143,524s][info][gc] GC(675) Pause Young (G1 Evacuation Pause) 254M->254M(256M) 1,404ms
[143,526s][info][gc] GC(676) Pause Initial Mark (G1 Evacuation Pause) 254M->254M(256M) 2,036ms
[143,526s][info][gc] GC(677) Concurrent Cycle
[144,294s][info][gc] GC(678) Pause Full (Allocation Failure) 254M->254M(256M) 767,775ms
[145,054s][info][gc] GC(679) Pause Full (Allocation Failure) 254M->254M(256M) 759,496ms
[145,054s][info][gc] GC(677) Concurrent Cycle 1527,688ms
[145,056s][info][gc] GC(680) Pause Young (G1 Evacuation Pause) 254M->254M(256M) 1,405ms
[145,070s][info][gc] GC(681) Pause Initial Mark (G1 Evacuation Pause) 254M->254M(256M) 3,538ms
[145,070s][info][gc] GC(682) Concurrent Cycle
[145,836s][info][gc] GC(683) Pause Full (Allocation Failure) 254M->254M(256M) 765,978ms
[146,594s][info][gc] GC(684) Pause Full (Allocation Failure) 254M->254M(256M) 757,586ms
[146,594s][info][gc] GC(682) Concurrent Cycle 1524,008ms
[146,596s][info][gc] GC(685) Pause Young (G1 Evacuation Pause) 254M->254M(256M) 1,377ms
[146,598s][info][gc] GC(686) Pause Initial Mark (G1 Evacuation Pause) 254M->254M(256M) 2,051ms
[146,598s][info][gc] GC(687) Concurrent Cycle
[147,360s][info][gc] GC(688) Pause Full (Allocation Failure) 254M->254M(256M) 761,572ms
[148,119s][info][gc] GC(689) Pause Full (Allocation Failure) 254M->254M(256M) 759,350ms
[148,120s][info][gc] GC(687) Concurrent Cycle 1521,358ms
[148,125s][info][gc] GC(690) Pause Young (G1 Evacuation Pause) 254M->254M(256M) 4,568ms
[148,127s][info][gc] GC(691) Pause Initial Mark (G1 Evacuation Pause) 254M->254M(256M) 2,230ms
[148,127s][info][gc] GC(692) Concurrent Cycle
[148,920s][info][gc] GC(693) Pause Full (Allocation Failure) 254M->254M(256M) 792,530ms
[149,685s][info][gc] GC(694) Pause Full (Allocation Failure) 254M->254M(256M) 764,766ms
[149,685s][info][gc] GC(692) Concurrent Cycle 1557,750ms
[149,687s][info][gc] GC(695) Pause Young (G1 Evacuation Pause) 254M->254M(256M) 1,392ms
[149,689s][info][gc] GC(696) Pause Initial Mark (G1 Evacuation Pause) 254M->254M(256M) 2,152ms
[149,689s][info][gc] GC(697) Concurrent Cycle
[150,452s][info][gc] GC(698) Pause Full (Allocation Failure) 254M->254M(256M) 762,516ms
[151,227s][info][gc] GC(699) Pause Full (Allocation Failure) 254M->254M(256M) 775,240ms
[151,227s][info][gc] GC(697) Concurrent Cycle 1538,133ms
[151,229s][info][gc] GC(700) Pause Young (G1 Evacuation Pause) 254M->254M(256M) 1,450ms
[151,231s][info][gc] GC(701) Pause Initial Mark (G1 Evacuation Pause) 254M->254M(256M) 2,199ms
[151,231s][info][gc] GC(702) Concurrent Cycle
[152,004s][info][gc] GC(703) Pause Full (Allocation Failure) 254M->254M(256M) 772,050ms
[152,783s][info][gc] GC(704) Pause Full (Allocation Failure) 254M->254M(256M) 778,859ms
[152,783s][info][gc] GC(702) Concurrent Cycle 1551,335ms
[152,797s][info][gc] GC(705) Pause Young (G1 Evacuation Pause) 254M->254M(256M) 1,467ms
[152,799s][info][gc] GC(706) Pause Initial Mark (G1 Evacuation Pause) 254M->254M(256M) 2,118ms
[152,799s][info][gc] GC(707) Concurrent Cycle
[152,801s][info][gc] GC(708) Pause Young (G1 Evacuation Pause) 254M->254M(256M) 1,316ms
[153,598s][info][gc] GC(709) Pause Full (Allocation Failure) 254M->254M(256M) 784,876ms
[154,362s][info][gc] GC(710) Pause Full (Allocation Failure) 254M->254M(256M) 763,589ms
[154,362s][info][gc] GC(707) Concurrent Cycle 1562,571ms
[154,364s][info][gc] GC(711) Pause Young (G1 Evacuation Pause) 254M->254M(256M) 1,552ms
[155,123s][info][gc] GC(712) Pause Full (Allocation Failure) 254M->254M(256M) 758,807ms
[155,885s][info][gc] GC(713) Pause Full (Allocation Failure) 254M->254M(256M) 761,234ms
[155,887s][info][gc] GC(714) Pause Initial Mark (G1 Evacuation Pause) 254M->254M(256M) 2,497ms
[155,887s][info][gc] GC(715) Concurrent Cycle
[155,892s][info][gc] GC(716) Pause Young (G1 Evacuation Pause) 254M->254M(256M) 1,427ms
[156,650s][info][gc] GC(717) Pause Full (Allocation Failure) 254M->254M(256M) 757,469ms
[157,416s][info][gc] GC(718) Pause Full (Allocation Failure) 254M->254M(256M) 766,340ms
[157,417s][info][gc] GC(715) Concurrent Cycle 1529,131ms
[157,418s][info][gc] GC(719) Pause Young (G1 Evacuation Pause) 254M->254M(256M) 1,549ms
[157,421s][info][gc] GC(720) Pause Initial Mark (G1 Evacuation Pause) 254M->254M(256M) 2,155ms
[157,421s][info][gc] GC(721) Concurrent Cycle
[158,195s][info][gc] GC(722) Pause Full (Allocation Failure) 254M->254M(256M) 774,244ms
[158,954s][info][gc] GC(723) Pause Full (Allocation Failure) 254M->254M(256M) 758,452ms
[158,954s][info][gc] GC(721) Concurrent Cycle 1533,135ms
[158,956s][info][gc] GC(724) Pause Young (G1 Evacuation Pause) 254M->254M(256M) 1,409ms
[158,966s][info][gc] GC(725) Pause Initial Mark (G1 Evacuation Pause) 254M->254M(256M) 10,678ms
[158,967s][info][gc] GC(726) Concurrent Cycle
[159,745s][info][gc] GC(727) Pause Full (Allocation Failure) 254M->254M(256M) 776,334ms
[160,501s][info][gc] GC(728) Pause Full (Allocation Failure) 254M->254M(256M) 756,573ms
[160,501s][info][gc] GC(726) Concurrent Cycle 1534,952ms
[160,503s][info][gc] GC(729) Pause Young (G1 Evacuation Pause) 254M->254M(256M) 1,602ms
[160,506s][info][gc] GC(730) Pause Initial Mark (G1 Evacuation Pause) 254M->254M(256M) 2,341ms
[160,506s][info][gc] GC(731) Concurrent Cycle
[161,264s][info][gc] GC(732) Pause Full (Allocation Failure) 254M->254M(256M) 757,221ms
[162,023s][info][gc] GC(733) Pause Full (Allocation Failure) 254M->254M(256M) 759,235ms
[162,023s][info][gc] GC(731) Concurrent Cycle 1516,933ms
[162,025s][info][gc] GC(734) Pause Young (G1 Evacuation Pause) 254M->254M(256M) 1,590ms
[162,028s][info][gc] GC(735) Pause Initial Mark (G1 Evacuation Pause) 254M->254M(256M) 2,528ms
[162,028s][info][gc] GC(736) Concurrent Cycle
[162,785s][info][gc] GC(737) Pause Full (Allocation Failure) 254M->254M(256M) 757,585ms
[163,544s][info][gc] GC(738) Pause Full (Allocation Failure) 254M->254M(256M) 758,464ms
[163,544s][info][gc] GC(736) Concurrent Cycle 1516,471ms
[163,550s][info][gc] GC(739) Pause Young (G1 Evacuation Pause) 254M->254M(256M) 4,661ms
[163,552s][info][gc] GC(740) Pause Initial Mark (G1 Evacuation Pause) 254M->254M(256M) 2,129ms
[163,552s][info][gc] GC(741) Concurrent Cycle
[164,311s][info][gc] GC(742) Pause Full (Allocation Failure) 254M->254M(256M) 758,219ms
[165,067s][info][gc] GC(743) Pause Full (Allocation Failure) 254M->254M(256M) 755,683ms
[165,067s][info][gc] GC(741) Concurrent Cycle 1514,874ms
[165,069s][info][gc] GC(744) Pause Young (G1 Evacuation Pause) 254M->254M(256M) 1,384ms
[165,071s][info][gc] GC(745) Pause Initial Mark (G1 Evacuation Pause) 254M->254M(256M) 2,041ms
[165,071s][info][gc] GC(746) Concurrent Cycle
[165,837s][info][gc] GC(747) Pause Full (Allocation Failure) 254M->254M(256M) 765,735ms
[166,592s][info][gc] GC(748) Pause Full (Allocation Failure) 254M->254M(256M) 755,412ms
[166,593s][info][gc] GC(746) Concurrent Cycle 1521,574ms
[166,594s][info][gc] GC(749) Pause Young (G1 Evacuation Pause) 254M->254M(256M) 1,402ms
[166,597s][info][gc] GC(750) Pause Initial Mark (G1 Evacuation Pause) 254M->254M(256M) 2,240ms
[166,597s][info][gc] GC(751) Concurrent Cycle
[167,357s][info][gc] GC(752) Pause Full (Allocation Failure) 254M->254M(256M) 759,918ms
[168,117s][info][gc] GC(753) Pause Full (Allocation Failure) 254M->254M(256M) 760,257ms
[168,118s][info][gc] GC(751) Concurrent Cycle 1520,581ms
[168,119s][info][gc] GC(754) Pause Young (G1 Evacuation Pause) 254M->254M(256M) 1,394ms
[168,123s][info][gc] GC(755) Pause Initial Mark (G1 Evacuation Pause) 254M->254M(256M) 2,244ms
[168,123s][info][gc] GC(756) Concurrent Cycle
[168,885s][info][gc] GC(757) Pause Full (Allocation Failure) 254M->254M(256M) 760,560ms
[169,662s][info][gc] GC(758) Pause Full (Allocation Failure) 254M->254M(256M) 777,232ms
[169,662s][info][gc] GC(756) Concurrent Cycle 1538,889ms
[169,665s][info][gc] GC(759) Pause Young (G1 Evacuation Pause) 254M->254M(256M) 2,038ms
[169,668s][info][gc] GC(760) Pause Initial Mark (G1 Evacuation Pause) 254M->254M(256M) 2,363ms
[169,668s][info][gc] GC(761) Concurrent Cycle
[170,440s][info][gc] GC(762) Pause Full (Allocation Failure) 254M->254M(256M) 772,089ms
[171,210s][info][gc] GC(763) Pause Full (Allocation Failure) 254M->254M(256M) 769,549ms
[171,210s][info][gc] GC(761) Concurrent Cycle 1542,084ms
[171,212s][info][gc] GC(764) Pause Young (G1 Evacuation Pause) 254M->254M(256M) 1,507ms
[171,214s][info][gc] GC(765) Pause Initial Mark (G1 Evacuation Pause) 254M->254M(256M) 2,057ms
[171,214s][info][gc] GC(766) Concurrent Cycle
[171,971s][info][gc] GC(767) Pause Full (Allocation Failure) 254M->254M(256M) 756,961ms
[172,728s][info][gc] GC(768) Pause Full (Allocation Failure) 254M->254M(256M) 756,887ms
[172,728s][info][gc] GC(766) Concurrent Cycle 1514,260ms
[172,730s][info][gc] GC(769) Pause Young (G1 Evacuation Pause) 254M->254M(256M) 1,446ms
[172,733s][info][gc] GC(770) Pause Initial Mark (G1 Evacuation Pause) 254M->254M(256M) 2,064ms
[172,733s][info][gc] GC(771) Concurrent Cycle
[173,490s][info][gc] GC(772) Pause Full (Allocation Failure) 254M->254M(256M) 757,208ms
[174,248s][info][gc] GC(773) Pause Full (Allocation Failure) 254M->254M(256M) 757,466ms
[174,248s][info][gc] GC(771) Concurrent Cycle 1515,131ms
[174,249s][info][gc] GC(774) Pause Young (G1 Evacuation Pause) 254M->254M(256M) 1,405ms
[174,252s][info][gc] GC(775) Pause Initial Mark (G1 Evacuation Pause) 254M->254M(256M) 2,022ms
[174,252s][info][gc] GC(776) Concurrent Cycle
[175,009s][info][gc] GC(777) Pause Full (Allocation Failure) 254M->254M(256M) 757,121ms
[175,773s][info][gc] GC(778) Pause Full (Allocation Failure) 254M->254M(256M) 764,368ms
[175,774s][info][gc] GC(776) Concurrent Cycle 1521,925ms
[175,776s][info][gc] GC(779) Pause Young (G1 Evacuation Pause) 254M->254M(256M) 1,418ms
[175,778s][info][gc] GC(780) Pause Initial Mark (G1 Evacuation Pause) 254M->254M(256M) 2,053ms
[175,778s][info][gc] GC(781) Concurrent Cycle
[176,537s][info][gc] GC(782) Pause Full (Allocation Failure) 254M->254M(256M) 758,525ms
[177,328s][info][gc] GC(783) Pause Full (Allocation Failure) 254M->254M(256M) 791,075ms
[177,330s][info][gc] GC(784) Pause Young (G1 Evacuation Pause) 254M->254M(256M) 1,707ms
[177,330s][info][gc] GC(781) Concurrent Cycle 1551,931ms
[177,332s][info][gc] GC(785) Pause Young (G1 Evacuation Pause) 254M->254M(256M) 1,333ms
[178,090s][info][gc] GC(786) Pause Full (Allocation Failure) 254M->254M(256M) 756,982ms
[178,847s][info][gc] GC(787) Pause Full (Allocation Failure) 254M->254M(256M) 757,226ms
[178,850s][info][gc] GC(788) Pause Initial Mark (G1 Evacuation Pause) 254M->254M(256M) 2,357ms
[178,850s][info][gc] GC(789) Concurrent Cycle
[178,852s][info][gc] GC(790) Pause Young (G1 Evacuation Pause) 254M->254M(256M) 1,223ms
[179,620s][info][gc] GC(791) Pause Full (Allocation Failure) 254M->254M(256M) 767,289ms
[180,377s][info][gc] GC(792) Pause Full (Allocation Failure) 254M->254M(256M) 757,165ms
[180,377s][info][gc] GC(789) Concurrent Cycle 1527,040ms
[180,379s][info][gc] GC(793) Pause Young (G1 Evacuation Pause) 254M->254M(256M) 1,374ms
[180,381s][info][gc] GC(794) Pause Initial Mark (G1 Evacuation Pause) 254M->254M(256M) 2,177ms
[180,381s][info][gc] GC(795) Concurrent Cycle
[181,138s][info][gc] GC(796) Pause Full (Allocation Failure) 254M->254M(256M) 756,222ms
[181,897s][info][gc] GC(797) Pause Full (Allocation Failure) 254M->254M(256M) 759,336ms
[181,897s][info][gc] GC(795) Concurrent Cycle 1515,991ms
[181,900s][info][gc] GC(798) Pause Young (G1 Evacuation Pause) 254M->254M(256M) 1,584ms
[181,902s][info][gc] GC(799) Pause Initial Mark (G1 Evacuation Pause) 254M->254M(256M) 2,083ms
[181,902s][info][gc] GC(800) Concurrent Cycle
[182,685s][info][gc] GC(801) Pause Full (Allocation Failure) 254M->254M(256M) 782,618ms
[183,461s][info][gc] GC(802) Pause Full (Allocation Failure) 254M->254M(256M) 776,213ms
[183,461s][info][gc] GC(800) Concurrent Cycle 1559,270ms
[183,463s][info][gc] GC(803) Pause Young (G1 Evacuation Pause) 254M->254M(256M) 1,387ms
[183,465s][info][gc] GC(804) Pause Initial Mark (G1 Evacuation Pause) 254M->254M(256M) 2,221ms
[183,465s][info][gc] GC(805) Concurrent Cycle
[184,236s][info][gc] GC(806) Pause Full (Allocation Failure) 254M->254M(256M) 769,300ms
[184,994s][info][gc] GC(807) Pause Full (Allocation Failure) 254M->254M(256M) 757,812ms
[184,994s][info][gc] GC(805) Concurrent Cycle 1528,516ms
[184,996s][info][gc] GC(808) Pause Young (G1 Evacuation Pause) 254M->254M(256M) 1,411ms
[184,998s][info][gc] GC(809) Pause Initial Mark (G1 Evacuation Pause) 254M->254M(256M) 2,018ms
[184,998s][info][gc] GC(810) Concurrent Cycle
[185,757s][info][gc] GC(811) Pause Full (Allocation Failure) 254M->254M(256M) 758,583ms
[186,517s][info][gc] GC(812) Pause Full (Allocation Failure) 254M->254M(256M) 759,655ms
[186,517s][info][gc] GC(810) Concurrent Cycle 1518,685ms
[186,518s][info][gc] GC(813) Pause Young (G1 Evacuation Pause) 254M->254M(256M) 1,396ms
[186,521s][info][gc] GC(814) Pause Initial Mark (G1 Evacuation Pause) 254M->254M(256M) 2,040ms
[186,521s][info][gc] GC(815) Concurrent Cycle
[187,285s][info][gc] GC(816) Pause Full (Allocation Failure) 254M->254M(256M) 763,941ms
[188,043s][info][gc] GC(817) Pause Full (Allocation Failure) 254M->254M(256M) 757,759ms
[188,043s][info][gc] GC(815) Concurrent Cycle 1522,155ms
[188,045s][info][gc] GC(818) Pause Young (G1 Evacuation Pause) 254M->254M(256M) 1,484ms
[188,057s][info][gc] GC(819) Pause Initial Mark (G1 Evacuation Pause) 254M->254M(256M) 2,406ms
[188,057s][info][gc] GC(820) Concurrent Cycle
[188,817s][info][gc] GC(821) Pause Full (Allocation Failure) 254M->254M(256M) 759,365ms
[189,576s][info][gc] GC(822) Pause Full (Allocation Failure) 254M->254M(256M) 758,941ms
[189,576s][info][gc] GC(820) Concurrent Cycle 1518,749ms
[189,578s][info][gc] GC(823) Pause Young (G1 Evacuation Pause) 254M->254M(256M) 1,444ms
[189,580s][info][gc] GC(824) Pause Initial Mark (G1 Evacuation Pause) 254M->254M(256M) 2,190ms
[189,580s][info][gc] GC(825) Concurrent Cycle
[190,341s][info][gc] GC(826) Pause Full (Allocation Failure) 254M->254M(256M) 760,293ms
[191,096s][info][gc] GC(827) Pause Full (Allocation Failure) 254M->254M(256M) 755,189ms
[191,096s][info][gc] GC(825) Concurrent Cycle 1516,021ms
[191,098s][info][gc] GC(828) Pause Young (G1 Evacuation Pause) 254M->254M(256M) 1,415ms
[191,100s][info][gc] GC(829) Pause Initial Mark (G1 Evacuation Pause) 254M->254M(256M) 2,208ms
[191,100s][info][gc] GC(830) Concurrent Cycle
[191,859s][info][gc] GC(831) Pause Full (Allocation Failure) 254M->254M(256M) 758,436ms
[192,613s][info][gc] GC(832) Pause Full (Allocation Failure) 254M->254M(256M) 754,541ms
[192,614s][info][gc] GC(830) Concurrent Cycle 1513,425ms
[192,615s][info][gc] GC(833) Pause Young (G1 Evacuation Pause) 254M->254M(256M) 1,413ms
[192,618s][info][gc] GC(834) Pause Initial Mark (G1 Evacuation Pause) 254M->254M(256M) 2,160ms
[192,618s][info][gc] GC(835) Concurrent Cycle
[193,374s][info][gc] GC(836) Pause Full (Allocation Failure) 254M->254M(256M) 755,978ms
[194,130s][info][gc] GC(837) Pause Full (Allocation Failure) 254M->254M(256M) 756,469ms
[194,131s][info][gc] GC(835) Concurrent Cycle 1512,904ms
[194,132s][info][gc] GC(838) Pause Young (G1 Evacuation Pause) 254M->254M(256M) 1,395ms
[194,134s][info][gc] GC(839) Pause Initial Mark (G1 Evacuation Pause) 254M->254M(256M) 2,072ms
[194,134s][info][gc] GC(840) Concurrent Cycle
[194,892s][info][gc] GC(841) Pause Full (Allocation Failure) 254M->254M(256M) 757,445ms
[195,647s][info][gc] GC(842) Pause Full (Allocation Failure) 254M->254M(256M) 754,886ms
[195,647s][info][gc] GC(840) Concurrent Cycle 1512,771ms
[195,649s][info][gc] GC(843) Pause Young (G1 Evacuation Pause) 254M->254M(256M) 1,398ms
[195,651s][info][gc] GC(844) Pause Initial Mark (G1 Evacuation Pause) 254M->254M(256M) 2,018ms
[195,651s][info][gc] GC(845) Concurrent Cycle
[196,409s][info][gc] GC(846) Pause Full (Allocation Failure) 254M->254M(256M) 757,743ms
[197,169s][info][gc] GC(847) Pause Full (Allocation Failure) 254M->254M(256M) 760,240ms
[197,170s][info][gc] GC(845) Concurrent Cycle 1518,455ms
[197,171s][info][gc] GC(848) Pause Young (G1 Evacuation Pause) 254M->254M(256M) 1,406ms
[197,173s][info][gc] GC(849) Pause Initial Mark (G1 Evacuation Pause) 254M->254M(256M) 2,131ms
[197,174s][info][gc] GC(850) Concurrent Cycle
[197,931s][info][gc] GC(851) Pause Full (Allocation Failure) 254M->254M(256M) 757,331ms
[198,701s][info][gc] GC(852) Pause Full (Allocation Failure) 254M->254M(256M) 770,332ms
[198,702s][info][gc] GC(850) Concurrent Cycle 1528,136ms
[198,704s][info][gc] GC(853) Pause Young (G1 Evacuation Pause) 254M->254M(256M) 1,599ms
[198,707s][info][gc] GC(854) Pause Initial Mark (G1 Evacuation Pause) 254M->254M(256M) 2,594ms
[198,707s][info][gc] GC(855) Concurrent Cycle
[199,493s][info][gc] GC(856) Pause Full (Allocation Failure) 254M->254M(256M) 785,536ms
[200,260s][info][gc] GC(857) Pause Full (Allocation Failure) 254M->254M(256M) 767,239ms
[200,260s][info][gc] GC(855) Concurrent Cycle 1553,263ms
[200,262s][info][gc] GC(858) Pause Young (G1 Evacuation Pause) 254M->254M(256M) 1,455ms
[200,264s][info][gc] GC(859) Pause Initial Mark (G1 Evacuation Pause) 254M->254M(256M) 1,962ms
[200,264s][info][gc] GC(860) Concurrent Cycle
[201,028s][info][gc] GC(861) Pause Full (Allocation Failure) 254M->254M(256M) 764,142ms
[201,785s][info][gc] GC(862) Pause Full (Allocation Failure) 254M->254M(256M) 756,758ms
[201,785s][info][gc] GC(860) Concurrent Cycle 1521,345ms
[201,787s][info][gc] GC(863) Pause Young (G1 Evacuation Pause) 254M->254M(256M) 1,368ms
[201,789s][info][gc] GC(864) Pause Initial Mark (G1 Evacuation Pause) 254M->254M(256M) 1,994ms
[201,789s][info][gc] GC(865) Concurrent Cycle
[202,549s][info][gc] GC(866) Pause Full (Allocation Failure) 254M->254M(256M) 759,493ms
[203,318s][info][gc] GC(867) Pause Full (Allocation Failure) 254M->254M(256M) 769,309ms
[203,318s][info][gc] GC(865) Concurrent Cycle 1529,255ms
[203,320s][info][gc] GC(868) Pause Young (G1 Evacuation Pause) 254M->254M(256M) 1,452ms
[203,322s][info][gc] GC(869) Pause Initial Mark (G1 Evacuation Pause) 254M->254M(256M) 2,148ms
[203,322s][info][gc] GC(870) Concurrent Cycle
[204,090s][info][gc] GC(871) Pause Full (Allocation Failure) 254M->254M(256M) 767,415ms
[204,845s][info][gc] GC(872) Pause Full (Allocation Failure) 254M->254M(256M) 755,061ms
[204,847s][info][gc] GC(873) Pause Young (G1 Evacuation Pause) 254M->254M(256M) 1,399ms
[204,848s][info][gc] GC(874) Pause Young (G1 Evacuation Pause) 254M->254M(256M) 1,204ms
[204,848s][info][gc] GC(870) Concurrent Cycle 1525,973ms
[205,604s][info][gc] GC(875) Pause Full (Allocation Failure) 254M->254M(256M) 755,035ms
[206,358s][info][gc] GC(876) Pause Full (Allocation Failure) 254M->254M(256M) 754,021ms
[206,360s][info][gc] GC(877) Pause Initial Mark (G1 Evacuation Pause) 254M->254M(256M) 2,270ms
[206,360s][info][gc] GC(878) Concurrent Cycle
[206,362s][info][gc] GC(879) Pause Young (G1 Evacuation Pause) 254M->254M(256M) 1,228ms
[207,117s][info][gc] GC(880) Pause Full (Allocation Failure) 254M->254M(256M) 754,786ms
[207,876s][info][gc] GC(881) Pause Full (Allocation Failure) 254M->254M(256M) 758,468ms
[207,876s][info][gc] GC(878) Concurrent Cycle 1515,330ms
[207,877s][info][gc] GC(882) Pause Young (G1 Evacuation Pause) 254M->254M(256M) 1,419ms
[207,880s][info][gc] GC(883) Pause Initial Mark (G1 Evacuation Pause) 254M->254M(256M) 2,182ms
[207,880s][info][gc] GC(884) Concurrent Cycle
[208,637s][info][gc] GC(885) Pause Full (Allocation Failure) 254M->254M(256M) 757,346ms
[209,395s][info][gc] GC(886) Pause Full (Allocation Failure) 254M->254M(256M) 757,409ms
[209,395s][info][gc] GC(884) Concurrent Cycle 1515,194ms
[209,397s][info][gc] GC(887) Pause Young (G1 Evacuation Pause) 254M->254M(256M) 1,371ms
[209,399s][info][gc] GC(888) Pause Initial Mark (G1 Evacuation Pause) 254M->254M(256M) 2,008ms
[209,399s][info][gc] GC(889) Concurrent Cycle
[210,160s][info][gc] GC(890) Pause Full (Allocation Failure) 254M->254M(256M) 761,472ms
[210,923s][info][gc] GC(891) Pause Full (Allocation Failure) 254M->254M(256M) 762,560ms
[210,923s][info][gc] GC(889) Concurrent Cycle 1524,500ms
[210,925s][info][gc] GC(892) Pause Young (G1 Evacuation Pause) 254M->254M(256M) 1,415ms
[210,927s][info][gc] GC(893) Pause Initial Mark (G1 Evacuation Pause) 254M->254M(256M) 2,139ms
[210,927s][info][gc] GC(894) Concurrent Cycle
[211,688s][info][gc] GC(895) Pause Full (Allocation Failure) 254M->254M(256M) 760,082ms
[212,446s][info][gc] GC(896) Pause Full (Allocation Failure) 254M->254M(256M) 757,907ms
[212,446s][info][gc] GC(894) Concurrent Cycle 1518,431ms
[212,447s][info][gc] GC(897) Pause Young (G1 Evacuation Pause) 254M->254M(256M) 1,378ms
[212,450s][info][gc] GC(898) Pause Initial Mark (G1 Evacuation Pause) 254M->254M(256M) 2,271ms
[212,450s][info][gc] GC(899) Concurrent Cycle
[213,208s][info][gc] GC(900) Pause Full (Allocation Failure) 254M->254M(256M) 757,647ms
[213,964s][info][gc] GC(901) Pause Full (Allocation Failure) 254M->254M(256M) 756,390ms
[213,964s][info][gc] GC(899) Concurrent Cycle 1514,487ms
[213,966s][info][gc] GC(902) Pause Young (G1 Evacuation Pause) 254M->254M(256M) 1,444ms
[213,968s][info][gc] GC(903) Pause Initial Mark (G1 Evacuation Pause) 254M->254M(256M) 2,058ms
[213,968s][info][gc] GC(904) Concurrent Cycle
[214,729s][info][gc] GC(905) Pause Full (Allocation Failure) 254M->254M(256M) 760,796ms
[215,493s][info][gc] GC(906) Pause Full (Allocation Failure) 254M->254M(256M) 763,782ms
[215,493s][info][gc] GC(904) Concurrent Cycle 1524,968ms
[215,495s][info][gc] GC(907) Pause Young (G1 Evacuation Pause) 254M->254M(256M) 1,421ms
[215,497s][info][gc] GC(908) Pause Initial Mark (G1 Evacuation Pause) 254M->254M(256M) 2,132ms
[215,497s][info][gc] GC(909) Concurrent Cycle
[216,255s][info][gc] GC(910) Pause Full (Allocation Failure) 254M->254M(256M) 757,913ms
[217,013s][info][gc] GC(911) Pause Full (Allocation Failure) 254M->254M(256M) 757,840ms
[217,014s][info][gc] GC(909) Concurrent Cycle 1516,200ms
[217,015s][info][gc] GC(912) Pause Young (G1 Evacuation Pause) 254M->254M(256M) 1,420ms
[217,018s][info][gc] GC(913) Pause Initial Mark (G1 Evacuation Pause) 254M->254M(256M) 2,155ms
[217,018s][info][gc] GC(914) Concurrent Cycle
[217,777s][info][gc] GC(915) Pause Full (Allocation Failure) 254M->254M(256M) 759,214ms
[218,534s][info][gc] GC(916) Pause Full (Allocation Failure) 254M->254M(256M) 757,250ms
[218,535s][info][gc] GC(914) Concurrent Cycle 1516,902ms
[218,537s][info][gc] GC(917) Pause Young (G1 Evacuation Pause) 254M->254M(256M) 2,618ms
[218,540s][info][gc] GC(918) Pause Initial Mark (G1 Evacuation Pause) 254M->254M(256M) 2,041ms
[218,540s][info][gc] GC(919) Concurrent Cycle
[219,303s][info][gc] GC(920) Pause Full (Allocation Failure) 254M->254M(256M) 762,627ms
[220,082s][info][gc] GC(921) Pause Full (Allocation Failure) 254M->254M(256M) 779,019ms
[220,082s][info][gc] GC(919) Concurrent Cycle 1542,083ms
[220,083s][info][gc] GC(922) Pause Young (G1 Evacuation Pause) 254M->254M(256M) 1,404ms
[220,086s][info][gc] GC(923) Pause Initial Mark (G1 Evacuation Pause) 254M->254M(256M) 2,137ms
[220,086s][info][gc] GC(924) Concurrent Cycle
[220,844s][info][gc] GC(925) Pause Full (Allocation Failure) 254M->254M(256M) 757,515ms
[221,601s][info][gc] GC(926) Pause Full (Allocation Failure) 254M->254M(256M) 757,593ms
[221,601s][info][gc] GC(924) Concurrent Cycle 1515,560ms
[221,603s][info][gc] GC(927) Pause Young (G1 Evacuation Pause) 254M->254M(256M) 1,388ms
[221,605s][info][gc] GC(928) Pause Initial Mark (G1 Evacuation Pause) 254M->254M(256M) 2,195ms
[221,606s][info][gc] GC(929) Concurrent Cycle
[222,365s][info][gc] GC(930) Pause Full (Allocation Failure) 254M->254M(256M) 759,500ms
[223,120s][info][gc] GC(931) Pause Full (Allocation Failure) 254M->254M(256M) 755,073ms
[223,121s][info][gc] GC(929) Concurrent Cycle 1515,000ms
[223,123s][info][gc] GC(932) Pause Young (G1 Evacuation Pause) 254M->254M(256M) 1,391ms
[223,125s][info][gc] GC(933) Pause Initial Mark (G1 Evacuation Pause) 254M->254M(256M) 2,011ms
[223,125s][info][gc] GC(934) Concurrent Cycle
[223,882s][info][gc] GC(935) Pause Full (Allocation Failure) 254M->254M(256M) 756,725ms
[224,639s][info][gc] GC(936) Pause Full (Allocation Failure) 254M->254M(256M) 756,491ms
[224,639s][info][gc] GC(934) Concurrent Cycle 1513,671ms
[224,641s][info][gc] GC(937) Pause Young (G1 Evacuation Pause) 254M->254M(256M) 1,523ms
[224,643s][info][gc] GC(938) Pause Initial Mark (G1 Evacuation Pause) 254M->254M(256M) 2,079ms
[224,643s][info][gc] GC(939) Concurrent Cycle
[225,401s][info][gc] GC(940) Pause Full (Allocation Failure) 254M->254M(256M) 757,442ms
[226,163s][info][gc] GC(941) Pause Full (Allocation Failure) 254M->254M(256M) 762,314ms
[226,163s][info][gc] GC(939) Concurrent Cycle 1520,216ms
[226,165s][info][gc] GC(942) Pause Young (G1 Evacuation Pause) 254M->254M(256M) 1,413ms
[226,167s][info][gc] GC(943) Pause Initial Mark (G1 Evacuation Pause) 254M->254M(256M) 1,991ms
[226,167s][info][gc] GC(944) Concurrent Cycle
[226,926s][info][gc] GC(945) Pause Full (Allocation Failure) 254M->254M(256M) 758,100ms
[227,697s][info][gc] GC(946) Pause Full (Allocation Failure) 254M->254M(256M) 771,467ms
[227,697s][info][gc] GC(944) Concurrent Cycle 1530,039ms
[227,699s][info][gc] GC(947) Pause Young (G1 Evacuation Pause) 254M->254M(256M) 1,373ms
[227,701s][info][gc] GC(948) Pause Initial Mark (G1 Evacuation Pause) 254M->254M(256M) 2,111ms
[227,701s][info][gc] GC(949) Concurrent Cycle
[228,467s][info][gc] GC(950) Pause Full (Allocation Failure) 254M->254M(256M) 765,756ms
[229,226s][info][gc] GC(951) Pause Full (Allocation Failure) 254M->254M(256M) 759,145ms
[229,227s][info][gc] GC(949) Concurrent Cycle 1525,352ms
[229,228s][info][gc] GC(952) Pause Young (G1 Evacuation Pause) 254M->254M(256M) 1,363ms
[229,230s][info][gc] GC(953) Pause Initial Mark (G1 Evacuation Pause) 254M->254M(256M) 2,039ms
[229,230s][info][gc] GC(954) Concurrent Cycle
[229,232s][info][gc] GC(955) Pause Young (G1 Evacuation Pause) 254M->254M(256M) 1,283ms
[230,003s][info][gc] GC(956) Pause Full (Allocation Failure) 254M->254M(256M) 770,644ms
[230,762s][info][gc] GC(957) Pause Full (Allocation Failure) 254M->254M(256M) 759,096ms
[230,762s][info][gc] GC(954) Concurrent Cycle 1531,885ms
[230,764s][info][gc] GC(958) Pause Young (G1 Evacuation Pause) 254M->254M(256M) 1,364ms
[231,526s][info][gc] GC(959) Pause Full (Allocation Failure) 254M->254M(256M) 761,552ms
[232,289s][info][gc] GC(960) Pause Full (Allocation Failure) 254M->254M(256M) 762,931ms
[232,291s][info][gc] GC(961) Pause Initial Mark (G1 Evacuation Pause) 254M->254M(256M) 2,223ms
[232,291s][info][gc] GC(962) Concurrent Cycle
[232,293s][info][gc] GC(963) Pause Young (G1 Evacuation Pause) 254M->254M(256M) 1,222ms
[233,056s][info][gc] GC(964) Pause Full (Allocation Failure) 254M->254M(256M) 762,878ms
[233,814s][info][gc] GC(965) Pause Full (Allocation Failure) 254M->254M(256M) 757,177ms
[233,814s][info][gc] GC(962) Concurrent Cycle 1522,321ms
[233,816s][info][gc] GC(966) Pause Young (G1 Evacuation Pause) 254M->254M(256M) 1,381ms
[233,818s][info][gc] GC(967) Pause Initial Mark (G1 Evacuation Pause) 254M->254M(256M) 2,108ms
[233,818s][info][gc] GC(968) Concurrent Cycle
[234,598s][info][gc] GC(969) Pause Full (Allocation Failure) 254M->254M(256M) 780,259ms
[235,358s][info][gc] GC(970) Pause Full (Allocation Failure) 254M->254M(256M) 759,091ms
[235,358s][info][gc] GC(968) Concurrent Cycle 1539,832ms
[235,359s][info][gc] GC(971) Pause Young (G1 Evacuation Pause) 254M->254M(256M) 1,377ms
[235,362s][info][gc] GC(972) Pause Initial Mark (G1 Evacuation Pause) 254M->254M(256M) 2,125ms
[235,362s][info][gc] GC(973) Concurrent Cycle
[236,115s][info][gc] GC(974) Pause Full (Allocation Failure) 254M->254M(256M) 753,492ms
[236,871s][info][gc] GC(975) Pause Full (Allocation Failure) 254M->254M(256M) 755,025ms
[236,871s][info][gc] GC(973) Concurrent Cycle 1508,941ms
[236,873s][info][gc] GC(976) Pause Young (G1 Evacuation Pause) 254M->254M(256M) 1,380ms
[236,875s][info][gc] GC(977) Pause Initial Mark (G1 Evacuation Pause) 254M->254M(256M) 2,153ms
[236,875s][info][gc] GC(978) Concurrent Cycle
[237,633s][info][gc] GC(979) Pause Full (Allocation Failure) 254M->254M(256M) 757,935ms
[238,396s][info][gc] GC(980) Pause Full (Allocation Failure) 254M->254M(256M) 762,583ms
[238,396s][info][gc] GC(978) Concurrent Cycle 1521,005ms
[238,398s][info][gc] GC(981) Pause Young (G1 Evacuation Pause) 254M->254M(256M) 1,414ms
[238,400s][info][gc] GC(982) Pause Initial Mark (G1 Evacuation Pause) 254M->254M(256M) 2,096ms
[238,400s][info][gc] GC(983) Concurrent Cycle
[239,159s][info][gc] GC(984) Pause Full (Allocation Failure) 254M->254M(256M) 758,770ms
[239,913s][info][gc] GC(985) Pause Full (Allocation Failure) 254M->254M(256M) 754,073ms
[239,913s][info][gc] GC(983) Concurrent Cycle 1513,287ms
[239,915s][info][gc] GC(986) Pause Young (G1 Evacuation Pause) 254M->254M(256M) 1,360ms
[239,917s][info][gc] GC(987) Pause Initial Mark (G1 Evacuation Pause) 254M->254M(256M) 2,204ms
[239,917s][info][gc] GC(988) Concurrent Cycle
[240,677s][info][gc] GC(989) Pause Full (Allocation Failure) 254M->254M(256M) 759,975ms
[241,433s][info][gc] GC(990) Pause Full (Allocation Failure) 254M->254M(256M) 755,395ms
[241,433s][info][gc] GC(988) Concurrent Cycle 1515,812ms
[241,435s][info][gc] GC(991) Pause Young (G1 Evacuation Pause) 254M->254M(256M) 1,388ms
[241,437s][info][gc] GC(992) Pause Initial Mark (G1 Evacuation Pause) 254M->254M(256M) 1,997ms
[241,437s][info][gc] GC(993) Concurrent Cycle
[242,193s][info][gc] GC(994) Pause Full (Allocation Failure) 254M->254M(256M) 755,365ms
[242,950s][info][gc] GC(995) Pause Full (Allocation Failure) 254M->254M(256M) 757,342ms
[242,950s][info][gc] GC(993) Concurrent Cycle 1513,310ms
[242,952s][info][gc] GC(996) Pause Young (G1 Evacuation Pause) 254M->254M(256M) 1,375ms
[242,954s][info][gc] GC(997) Pause Initial Mark (G1 Evacuation Pause) 254M->254M(256M) 2,084ms
[242,954s][info][gc] GC(998) Concurrent Cycle
[243,714s][info][gc] GC(999) Pause Full (Allocation Failure) 254M->254M(256M) 759,478ms
[244,472s][info][gc] GC(1000) Pause Full (Allocation Failure) 254M->254M(256M) 758,423ms
[244,473s][info][gc] GC(998) Concurrent Cycle 1518,362ms
[244,474s][info][gc] GC(1001) Pause Young (G1 Evacuation Pause) 254M->254M(256M) 1,378ms
[244,477s][info][gc] GC(1002) Pause Initial Mark (G1 Evacuation Pause) 254M->254M(256M) 1,956ms
[244,477s][info][gc] GC(1003) Concurrent Cycle
[245,232s][info][gc] GC(1004) Pause Full (Allocation Failure) 254M->254M(256M) 755,012ms
[245,988s][info][gc] GC(1005) Pause Full (Allocation Failure) 254M->254M(256M) 756,299ms
[245,988s][info][gc] GC(1003) Concurrent Cycle 1511,759ms
[245,990s][info][gc] GC(1006) Pause Young (G1 Evacuation Pause) 254M->254M(256M) 1,416ms
[245,992s][info][gc] GC(1007) Pause Initial Mark (G1 Evacuation Pause) 254M->254M(256M) 2,196ms
[245,993s][info][gc] GC(1008) Concurrent Cycle
[246,758s][info][gc] GC(1009) Pause Full (Allocation Failure) 254M->254M(256M) 765,326ms
[247,510s][info][gc] GC(1010) Pause Full (Allocation Failure) 254M->254M(256M) 752,287ms
[247,511s][info][gc] GC(1008) Concurrent Cycle 1518,073ms
[247,512s][info][gc] GC(1011) Pause Young (G1 Evacuation Pause) 254M->254M(256M) 1,366ms
[247,514s][info][gc] GC(1012) Pause Initial Mark (G1 Evacuation Pause) 254M->254M(256M) 1,983ms
[247,514s][info][gc] GC(1013) Concurrent Cycle
[248,277s][info][gc] GC(1014) Pause Full (Allocation Failure) 254M->254M(256M) 761,976ms
[249,034s][info][gc] GC(1015) Pause Full (Allocation Failure) 254M->254M(256M) 757,043ms
[249,034s][info][gc] GC(1013) Concurrent Cycle 1519,473ms
