[0.010s][info][gc,heap] Heap region size: 1M
[0.018s][info][gc     ] Using G1
[0.018s][info][gc,heap,coops] Heap address: 0x00000000f0000000, size: 256 MB, Compressed Oops mode: 32-bit
[1,045s][info][gc,start     ] GC(0) Pause Young (G1 Evacuation Pause)
[1,045s][info][gc,task      ] GC(0) Using 4 workers of 4 for evacuation
[1,056s][info][gc,phases    ] GC(0)   Pre Evacuate Collection Set: 0,0ms
[1,056s][info][gc,phases    ] GC(0)   Evacuate Collection Set: 10,0ms
[1,056s][info][gc,phases    ] GC(0)   Post Evacuate Collection Set: 0,6ms
[1,056s][info][gc,phases    ] GC(0)   Other: 0,2ms
[1,056s][info][gc,heap      ] GC(0) Eden regions: 14->0(151)
[1,056s][info][gc,heap      ] GC(0) Survivor regions: 0->2(2)
[1,056s][info][gc,heap      ] GC(0) Old regions: 0->2
[1,056s][info][gc,heap      ] GC(0) Humongous regions: 2->2
[1,056s][info][gc,metaspace ] GC(0) Metaspace: 13695K->13695K(1062912K)
[1,056s][info][gc           ] GC(0) Pause Young (G1 Evacuation Pause) 16M->5M(256M) 10,893ms
[1,056s][info][gc,cpu       ] GC(0) User=0,02s Sys=0,01s Real=0,01s
[2,294s][info][gc,start     ] GC(1) Pause Initial Mark (Metadata GC Threshold)
[2,294s][info][gc,task      ] GC(1) Using 4 workers of 4 for evacuation
[2,306s][info][gc,phases    ] GC(1)   Pre Evacuate Collection Set: 0,0ms
[2,306s][info][gc,phases    ] GC(1)   Evacuate Collection Set: 11,5ms
[2,306s][info][gc,phases    ] GC(1)   Post Evacuate Collection Set: 0,6ms
[2,307s][info][gc,phases    ] GC(1)   Other: 0,2ms
[2,307s][info][gc,heap      ] GC(1) Eden regions: 9->0(25)
[2,307s][info][gc,heap      ] GC(1) Survivor regions: 2->2(2)
[2,307s][info][gc,heap      ] GC(1) Old regions: 2->4
[2,307s][info][gc,heap      ] GC(1) Humongous regions: 46->46
[2,307s][info][gc,metaspace ] GC(1) Metaspace: 19719K->19719K(1069056K)
[2,307s][info][gc           ] GC(1) Pause Initial Mark (Metadata GC Threshold) 58M->51M(256M) 12,413ms
[2,307s][info][gc,cpu       ] GC(1) User=0,04s Sys=0,00s Real=0,01s
[2,307s][info][gc           ] GC(2) Concurrent Cycle
[2,307s][info][gc,marking   ] GC(2) Concurrent Clear Claimed Marks
[2,307s][info][gc,marking   ] GC(2) Concurrent Clear Claimed Marks 0,075ms
[2,307s][info][gc,marking   ] GC(2) Concurrent Scan Root Regions
[2,310s][info][gc,marking   ] GC(2) Concurrent Scan Root Regions 2,746ms
[2,310s][info][gc,marking   ] GC(2) Concurrent Mark (2,310s)
[2,310s][info][gc,marking   ] GC(2) Concurrent Mark From Roots
[2,310s][info][gc,task      ] GC(2) Using 1 workers of 1 for marking
[2,319s][info][gc,marking   ] GC(2) Concurrent Mark From Roots 9,515ms
[2,319s][info][gc,marking   ] GC(2) Concurrent Mark (2,310s, 2,319s) 9,599ms
[2,319s][info][gc,start     ] GC(2) Pause Remark
[2,325s][info][gc,stringtable] GC(2) Cleaned string and symbol table, strings: 8504 processed, 0 removed, symbols: 63309 processed, 25 removed
[2,325s][info][gc            ] GC(2) Pause Remark 52M->52M(256M) 6,029ms
[2,325s][info][gc,cpu        ] GC(2) User=0,02s Sys=0,00s Real=0,01s
[2,325s][info][gc,marking    ] GC(2) Concurrent Create Live Data
[2,328s][info][gc,marking    ] GC(2) Concurrent Create Live Data 2,177ms
[2,328s][info][gc,start      ] GC(2) Pause Cleanup
[2,328s][info][gc            ] GC(2) Pause Cleanup 52M->52M(256M) 0,483ms
[2,328s][info][gc,cpu        ] GC(2) User=0,00s Sys=0,00s Real=0,00s
[2,328s][info][gc,marking    ] GC(2) Concurrent Cleanup for Next Mark
[2,332s][info][gc,marking    ] GC(2) Concurrent Cleanup for Next Mark 3,108ms
[2,332s][info][gc            ] GC(2) Concurrent Cycle 25,001ms
[6,486s][info][gc,start      ] GC(3) Pause Initial Mark (G1 Humongous Allocation)
[6,486s][info][gc,task       ] GC(3) Using 4 workers of 4 for evacuation
[6,498s][info][gc,phases     ] GC(3)   Pre Evacuate Collection Set: 0,0ms
[6,498s][info][gc,phases     ] GC(3)   Evacuate Collection Set: 11,2ms
[6,498s][info][gc,phases     ] GC(3)   Post Evacuate Collection Set: 0,8ms
[6,498s][info][gc,phases     ] GC(3)   Other: 0,2ms
[6,498s][info][gc,heap       ] GC(3) Eden regions: 7->0(35)
[6,498s][info][gc,heap       ] GC(3) Survivor regions: 2->4(4)
[6,498s][info][gc,heap       ] GC(3) Old regions: 4->4
[6,498s][info][gc,heap       ] GC(3) Humongous regions: 92->48
[6,498s][info][gc,metaspace  ] GC(3) Metaspace: 23524K->23524K(1071104K)
[6,498s][info][gc            ] GC(3) Pause Initial Mark (G1 Humongous Allocation) 104M->54M(256M) 12,415ms
[6,498s][info][gc,cpu        ] GC(3) User=0,03s Sys=0,00s Real=0,01s
[6,498s][info][gc            ] GC(4) Concurrent Cycle
[6,498s][info][gc,marking    ] GC(4) Concurrent Clear Claimed Marks
[6,498s][info][gc,marking    ] GC(4) Concurrent Clear Claimed Marks 0,100ms
[6,498s][info][gc,marking    ] GC(4) Concurrent Scan Root Regions
[6,503s][info][gc,marking    ] GC(4) Concurrent Scan Root Regions 4,937ms
[6,504s][info][gc,marking    ] GC(4) Concurrent Mark (6,504s)
[6,504s][info][gc,marking    ] GC(4) Concurrent Mark From Roots
[6,504s][info][gc,task       ] GC(4) Using 1 workers of 1 for marking
[6,523s][info][gc,marking    ] GC(4) Concurrent Mark From Roots 19,127ms
[6,523s][info][gc,marking    ] GC(4) Concurrent Mark (6,504s, 6,523s) 19,210ms
[6,523s][info][gc,start      ] GC(4) Pause Remark
[6,540s][info][gc,stringtable] GC(4) Cleaned string and symbol table, strings: 9523 processed, 29 removed, symbols: 69526 processed, 1 removed
[6,540s][info][gc            ] GC(4) Pause Remark 99M->99M(256M) 16,646ms
[6,540s][info][gc,cpu        ] GC(4) User=0,05s Sys=0,00s Real=0,01s
[6,540s][info][gc,marking    ] GC(4) Concurrent Create Live Data
[6,543s][info][gc,marking    ] GC(4) Concurrent Create Live Data 2,885ms
[6,543s][info][gc,start      ] GC(4) Pause Cleanup
[6,543s][info][gc            ] GC(4) Pause Cleanup 99M->99M(256M) 0,403ms
[6,543s][info][gc,cpu        ] GC(4) User=0,00s Sys=0,00s Real=0,00s
[6,543s][info][gc,marking    ] GC(4) Concurrent Cleanup for Next Mark
[6,547s][info][gc,marking    ] GC(4) Concurrent Cleanup for Next Mark 3,379ms
[6,547s][info][gc            ] GC(4) Concurrent Cycle 48,736ms
[7,410s][info][gc,start      ] GC(5) Pause Initial Mark (G1 Humongous Allocation)
[7,410s][info][gc,task       ] GC(5) Using 4 workers of 4 for evacuation
[7,425s][info][gc,phases     ] GC(5)   Pre Evacuate Collection Set: 0,0ms
[7,425s][info][gc,phases     ] GC(5)   Evacuate Collection Set: 13,1ms
[7,425s][info][gc,phases     ] GC(5)   Post Evacuate Collection Set: 0,7ms
[7,425s][info][gc,phases     ] GC(5)   Other: 0,5ms
[7,425s][info][gc,heap       ] GC(5) Eden regions: 7->0(55)
[7,425s][info][gc,heap       ] GC(5) Survivor regions: 4->3(5)
[7,425s][info][gc,heap       ] GC(5) Old regions: 4->6
[7,425s][info][gc,heap       ] GC(5) Humongous regions: 92->92
[7,425s][info][gc,metaspace  ] GC(5) Metaspace: 25544K->25544K(1075200K)
[7,425s][info][gc            ] GC(5) Pause Initial Mark (G1 Humongous Allocation) 105M->100M(256M) 14,477ms
[7,425s][info][gc,cpu        ] GC(5) User=0,04s Sys=0,01s Real=0,02s
[7,425s][info][gc            ] GC(6) Concurrent Cycle
[7,425s][info][gc,marking    ] GC(6) Concurrent Clear Claimed Marks
[7,425s][info][gc,marking    ] GC(6) Concurrent Clear Claimed Marks 0,128ms
[7,425s][info][gc,marking    ] GC(6) Concurrent Scan Root Regions
[7,430s][info][gc,marking    ] GC(6) Concurrent Scan Root Regions 5,330ms
[7,430s][info][gc,marking    ] GC(6) Concurrent Mark (7,430s)
[7,430s][info][gc,marking    ] GC(6) Concurrent Mark From Roots
[7,430s][info][gc,task       ] GC(6) Using 1 workers of 1 for marking
[7,472s][info][gc,marking    ] GC(6) Concurrent Mark From Roots 41,852ms
[7,472s][info][gc,marking    ] GC(6) Concurrent Mark (7,430s, 7,472s) 41,921ms
[7,473s][info][gc,start      ] GC(6) Pause Remark
[7,485s][info][gc,stringtable] GC(6) Cleaned string and symbol table, strings: 9841 processed, 0 removed, symbols: 71874 processed, 5 removed
[7,486s][info][gc            ] GC(6) Pause Remark 144M->144M(256M) 12,964ms
[7,486s][info][gc,cpu        ] GC(6) User=0,03s Sys=0,00s Real=0,02s
[7,486s][info][gc,marking    ] GC(6) Concurrent Create Live Data
[7,489s][info][gc,marking    ] GC(6) Concurrent Create Live Data 2,967ms
[7,489s][info][gc,start      ] GC(6) Pause Cleanup
[7,489s][info][gc            ] GC(6) Pause Cleanup 144M->144M(256M) 0,372ms
[7,489s][info][gc,cpu        ] GC(6) User=0,00s Sys=0,00s Real=0,00s
[7,489s][info][gc,marking    ] GC(6) Concurrent Cleanup for Next Mark
[7,491s][info][gc,marking    ] GC(6) Concurrent Cleanup for Next Mark 1,499ms
[7,491s][info][gc            ] GC(6) Concurrent Cycle 66,100ms
[14,051s][info][gc,start      ] GC(7) Pause Initial Mark (G1 Humongous Allocation)
[14,051s][info][gc,task       ] GC(7) Using 4 workers of 4 for evacuation
[14,076s][info][gc,phases     ] GC(7)   Pre Evacuate Collection Set: 0,0ms
[14,076s][info][gc,phases     ] GC(7)   Evacuate Collection Set: 24,2ms
[14,076s][info][gc,phases     ] GC(7)   Post Evacuate Collection Set: 0,7ms
[14,076s][info][gc,phases     ] GC(7)   Other: 0,2ms
[14,076s][info][gc,heap       ] GC(7) Eden regions: 8->0(70)
[14,076s][info][gc,heap       ] GC(7) Survivor regions: 3->4(8)
[14,076s][info][gc,heap       ] GC(7) Old regions: 6->6
[14,076s][info][gc,heap       ] GC(7) Humongous regions: 136->92
[14,076s][info][gc,metaspace  ] GC(7) Metaspace: 26912K->26912K(1075200K)
[14,076s][info][gc            ] GC(7) Pause Initial Mark (G1 Humongous Allocation) 151M->100M(256M) 25,267ms
[14,076s][info][gc,cpu        ] GC(7) User=0,06s Sys=0,00s Real=0,03s
[14,076s][info][gc            ] GC(8) Concurrent Cycle
[14,076s][info][gc,marking    ] GC(8) Concurrent Clear Claimed Marks
[14,076s][info][gc,marking    ] GC(8) Concurrent Clear Claimed Marks 0,177ms
[14,076s][info][gc,marking    ] GC(8) Concurrent Scan Root Regions
[14,084s][info][gc,marking    ] GC(8) Concurrent Scan Root Regions 7,566ms
[14,084s][info][gc,marking    ] GC(8) Concurrent Mark (14,084s)
[14,084s][info][gc,marking    ] GC(8) Concurrent Mark From Roots
[14,084s][info][gc,task       ] GC(8) Using 1 workers of 1 for marking
[14,106s][info][gc,marking    ] GC(8) Concurrent Mark From Roots 22,171ms
[14,106s][info][gc,marking    ] GC(8) Concurrent Mark (14,084s, 14,106s) 22,244ms
[14,106s][info][gc,start      ] GC(8) Pause Remark
[14,115s][info][gc,stringtable] GC(8) Cleaned string and symbol table, strings: 11563 processed, 17 removed, symbols: 75241 processed, 4 removed
[14,115s][info][gc            ] GC(8) Pause Remark 145M->145M(256M) 8,238ms
[14,115s][info][gc,cpu        ] GC(8) User=0,03s Sys=0,00s Real=0,01s
[14,115s][info][gc,marking    ] GC(8) Concurrent Create Live Data
[14,118s][info][gc,marking    ] GC(8) Concurrent Create Live Data 3,129ms
[14,118s][info][gc,start      ] GC(8) Pause Cleanup
[14,119s][info][gc            ] GC(8) Pause Cleanup 145M->145M(256M) 0,395ms
[14,119s][info][gc,cpu        ] GC(8) User=0,00s Sys=0,00s Real=0,00s
[14,119s][info][gc,marking    ] GC(8) Concurrent Cleanup for Next Mark
[14,120s][info][gc,marking    ] GC(8) Concurrent Cleanup for Next Mark 1,440ms
[14,120s][info][gc            ] GC(8) Concurrent Cycle 43,987ms
[14,669s][info][gc,start      ] GC(9) Pause Initial Mark (G1 Humongous Allocation)
[14,669s][info][gc,task       ] GC(9) Using 4 workers of 4 for evacuation
[14,679s][info][gc,phases     ] GC(9)   Pre Evacuate Collection Set: 0,0ms
[14,679s][info][gc,phases     ] GC(9)   Evacuate Collection Set: 8,8ms
[14,679s][info][gc,phases     ] GC(9)   Post Evacuate Collection Set: 0,6ms
[14,679s][info][gc,phases     ] GC(9)   Other: 0,2ms
[14,679s][info][gc,heap       ] GC(9) Eden regions: 3->0(50)
[14,679s][info][gc,heap       ] GC(9) Survivor regions: 4->4(10)
[14,679s][info][gc,heap       ] GC(9) Old regions: 6->6
[14,679s][info][gc,heap       ] GC(9) Humongous regions: 136->136
[14,679s][info][gc,metaspace  ] GC(9) Metaspace: 27141K->27141K(1075200K)
[14,679s][info][gc            ] GC(9) Pause Initial Mark (G1 Humongous Allocation) 147M->145M(256M) 9,730ms
[14,679s][info][gc,cpu        ] GC(9) User=0,02s Sys=0,00s Real=0,01s
[14,679s][info][gc            ] GC(10) Concurrent Cycle
[14,679s][info][gc,marking    ] GC(10) Concurrent Clear Claimed Marks
[14,679s][info][gc,marking    ] GC(10) Concurrent Clear Claimed Marks 0,054ms
[14,679s][info][gc,marking    ] GC(10) Concurrent Scan Root Regions
[14,685s][info][gc,marking    ] GC(10) Concurrent Scan Root Regions 6,252ms
[14,685s][info][gc,marking    ] GC(10) Concurrent Mark (14,685s)
[14,685s][info][gc,marking    ] GC(10) Concurrent Mark From Roots
[14,685s][info][gc,task       ] GC(10) Using 1 workers of 1 for marking
[14,724s][info][gc,marking    ] GC(10) Concurrent Mark From Roots 38,330ms
[14,724s][info][gc,marking    ] GC(10) Concurrent Mark (14,685s, 14,724s) 38,396ms
[14,726s][info][gc,start      ] GC(10) Pause Remark
[14,748s][info][gc,stringtable] GC(10) Cleaned string and symbol table, strings: 11586 processed, 0 removed, symbols: 75400 processed, 0 removed
[14,748s][info][gc            ] GC(10) Pause Remark 189M->189M(256M) 21,789ms
[14,748s][info][gc,cpu        ] GC(10) User=0,06s Sys=0,00s Real=0,02s
[14,748s][info][gc,marking    ] GC(10) Concurrent Create Live Data
[14,751s][info][gc,marking    ] GC(10) Concurrent Create Live Data 3,282ms
[14,752s][info][gc,start      ] GC(10) Pause Cleanup
[14,752s][info][gc            ] GC(10) Pause Cleanup 189M->189M(256M) 0,374ms
[14,752s][info][gc,cpu        ] GC(10) User=0,00s Sys=0,00s Real=0,00s
[14,752s][info][gc,marking    ] GC(10) Concurrent Cleanup for Next Mark
[14,754s][info][gc,marking    ] GC(10) Concurrent Cleanup for Next Mark 2,164ms
[14,754s][info][gc            ] GC(10) Concurrent Cycle 75,531ms
[22,888s][info][gc,start      ] GC(11) Pause Initial Mark (G1 Humongous Allocation)
[22,888s][info][gc,task       ] GC(11) Using 4 workers of 4 for evacuation
[22,929s][info][gc,phases     ] GC(11)   Pre Evacuate Collection Set: 0,0ms
[22,929s][info][gc,phases     ] GC(11)   Evacuate Collection Set: 38,2ms
[22,929s][info][gc,phases     ] GC(11)   Post Evacuate Collection Set: 2,5ms
[22,929s][info][gc,phases     ] GC(11)   Other: 0,2ms
[22,929s][info][gc,heap       ] GC(11) Eden regions: 39->0(49)
[22,929s][info][gc,heap       ] GC(11) Survivor regions: 4->7(7)
[22,929s][info][gc,heap       ] GC(11) Old regions: 6->15
[22,929s][info][gc,heap       ] GC(11) Humongous regions: 180->90
[22,929s][info][gc,metaspace  ] GC(11) Metaspace: 30522K->30522K(1079296K)
[22,929s][info][gc            ] GC(11) Pause Initial Mark (G1 Humongous Allocation) 227M->111M(256M) 41,086ms
[22,929s][info][gc,cpu        ] GC(11) User=0,11s Sys=0,01s Real=0,04s
[22,929s][info][gc            ] GC(12) Concurrent Cycle
[22,929s][info][gc,marking    ] GC(12) Concurrent Clear Claimed Marks
[22,929s][info][gc,marking    ] GC(12) Concurrent Clear Claimed Marks 0,185ms
[22,929s][info][gc,marking    ] GC(12) Concurrent Scan Root Regions
[22,940s][info][gc,marking    ] GC(12) Concurrent Scan Root Regions 10,874ms
[22,940s][info][gc,marking    ] GC(12) Concurrent Mark (22,940s)
[22,940s][info][gc,marking    ] GC(12) Concurrent Mark From Roots
[22,940s][info][gc,task       ] GC(12) Using 1 workers of 1 for marking
[22,984s][info][gc,marking    ] GC(12) Concurrent Mark From Roots 44,276ms
[22,984s][info][gc,marking    ] GC(12) Concurrent Mark (22,940s, 22,984s) 44,346ms
[22,985s][info][gc,start      ] GC(12) Pause Remark
[22,996s][info][gc,stringtable] GC(12) Cleaned string and symbol table, strings: 13113 processed, 0 removed, symbols: 79838 processed, 13 removed
[22,996s][info][gc            ] GC(12) Pause Remark 114M->114M(256M) 11,411ms
[22,996s][info][gc,cpu        ] GC(12) User=0,03s Sys=0,01s Real=0,01s
[22,996s][info][gc,marking    ] GC(12) Concurrent Create Live Data
[23,005s][info][gc,marking    ] GC(12) Concurrent Create Live Data 9,028ms
[23,005s][info][gc,start      ] GC(12) Pause Cleanup
[23,006s][info][gc            ] GC(12) Pause Cleanup 114M->114M(256M) 0,495ms
[23,006s][info][gc,cpu        ] GC(12) User=0,01s Sys=0,00s Real=0,00s
[23,006s][info][gc,marking    ] GC(12) Concurrent Cleanup for Next Mark
[23,008s][info][gc,marking    ] GC(12) Concurrent Cleanup for Next Mark 1,572ms
[23,008s][info][gc            ] GC(12) Concurrent Cycle 78,907ms
[25,159s][info][gc,start      ] GC(13) Pause Young (G1 Evacuation Pause)
[25,159s][info][gc,task       ] GC(13) Using 4 workers of 4 for evacuation
[25,190s][info][gc,phases     ] GC(13)   Pre Evacuate Collection Set: 0,0ms
[25,190s][info][gc,phases     ] GC(13)   Evacuate Collection Set: 30,1ms
[25,190s][info][gc,phases     ] GC(13)   Post Evacuate Collection Set: 0,9ms
[25,190s][info][gc,phases     ] GC(13)   Other: 0,2ms
[25,190s][info][gc,heap       ] GC(13) Eden regions: 5->0(42)
[25,190s][info][gc,heap       ] GC(13) Survivor regions: 7->1(2)
[25,190s][info][gc,heap       ] GC(13) Old regions: 15->22
[25,190s][info][gc,heap       ] GC(13) Humongous regions: 92->92
[25,190s][info][gc,metaspace  ] GC(13) Metaspace: 30935K->30935K(1081344K)
[25,190s][info][gc            ] GC(13) Pause Young (G1 Evacuation Pause) 118M->114M(256M) 31,325ms
[25,190s][info][gc,cpu        ] GC(13) User=0,07s Sys=0,00s Real=0,03s
[25,795s][info][gc,start      ] GC(14) Pause Young (G1 Evacuation Pause)
[25,795s][info][gc,task       ] GC(14) Using 4 workers of 4 for evacuation
[25,813s][info][gc,phases     ] GC(14)   Pre Evacuate Collection Set: 0,0ms
[25,813s][info][gc,phases     ] GC(14)   Evacuate Collection Set: 17,3ms
[25,813s][info][gc,phases     ] GC(14)   Post Evacuate Collection Set: 0,4ms
[25,813s][info][gc,phases     ] GC(14)   Other: 0,2ms
[25,813s][info][gc,heap       ] GC(14) Eden regions: 42->0(47)
[25,813s][info][gc,heap       ] GC(14) Survivor regions: 1->6(6)
[25,813s][info][gc,heap       ] GC(14) Old regions: 22->22
[25,813s][info][gc,heap       ] GC(14) Humongous regions: 92->92
[25,813s][info][gc,metaspace  ] GC(14) Metaspace: 31563K->31563K(1081344K)
[25,813s][info][gc            ] GC(14) Pause Young (G1 Evacuation Pause) 156M->119M(256M) 18,083ms
[25,813s][info][gc,cpu        ] GC(14) User=0,06s Sys=0,00s Real=0,01s
[25,853s][info][gc,start      ] GC(15) Pause Initial Mark (G1 Humongous Allocation)
[25,854s][info][gc,task       ] GC(15) Using 4 workers of 4 for evacuation
[25,866s][info][gc,phases     ] GC(15)   Pre Evacuate Collection Set: 0,0ms
[25,866s][info][gc,phases     ] GC(15)   Evacuate Collection Set: 11,4ms
[25,866s][info][gc,phases     ] GC(15)   Post Evacuate Collection Set: 0,5ms
[25,866s][info][gc,phases     ] GC(15)   Other: 0,2ms
[25,866s][info][gc,heap       ] GC(15) Eden regions: 3->0(55)
[25,866s][info][gc,heap       ] GC(15) Survivor regions: 6->2(7)
[25,866s][info][gc,heap       ] GC(15) Old regions: 22->27
[25,866s][info][gc,heap       ] GC(15) Humongous regions: 92->92
[25,866s][info][gc,metaspace  ] GC(15) Metaspace: 31583K->31583K(1081344K)
[25,866s][info][gc            ] GC(15) Pause Initial Mark (G1 Humongous Allocation) 121M->120M(256M) 12,208ms
[25,866s][info][gc,cpu        ] GC(15) User=0,04s Sys=0,01s Real=0,01s
[25,866s][info][gc            ] GC(16) Concurrent Cycle
[25,866s][info][gc,marking    ] GC(16) Concurrent Clear Claimed Marks
[25,866s][info][gc,marking    ] GC(16) Concurrent Clear Claimed Marks 0,275ms
[25,866s][info][gc,marking    ] GC(16) Concurrent Scan Root Regions
[25,869s][info][gc,marking    ] GC(16) Concurrent Scan Root Regions 2,505ms
[25,869s][info][gc,marking    ] GC(16) Concurrent Mark (25,869s)
[25,869s][info][gc,marking    ] GC(16) Concurrent Mark From Roots
[25,869s][info][gc,task       ] GC(16) Using 1 workers of 1 for marking
[25,952s][info][gc,marking    ] GC(16) Concurrent Mark From Roots 83,027ms
[25,952s][info][gc,marking    ] GC(16) Concurrent Mark (25,869s, 25,952s) 83,113ms
[25,955s][info][gc,start      ] GC(16) Pause Remark
[25,973s][info][gc,stringtable] GC(16) Cleaned string and symbol table, strings: 13397 processed, 12 removed, symbols: 81440 processed, 7 removed
[25,973s][info][gc            ] GC(16) Pause Remark 127M->127M(256M) 18,771ms
[25,973s][info][gc,cpu        ] GC(16) User=0,05s Sys=0,00s Real=0,02s
[25,973s][info][gc,marking    ] GC(16) Concurrent Create Live Data
[25,990s][info][gc,marking    ] GC(16) Concurrent Create Live Data 16,395ms
[25,993s][info][gc,start      ] GC(16) Pause Cleanup
[25,994s][info][gc            ] GC(16) Pause Cleanup 128M->126M(256M) 0,962ms
[25,994s][info][gc,cpu        ] GC(16) User=0,00s Sys=0,00s Real=0,01s
[25,994s][info][gc,marking    ] GC(16) Concurrent Complete Cleanup
[25,994s][info][gc,marking    ] GC(16) Concurrent Complete Cleanup 0,020ms
[25,994s][info][gc,marking    ] GC(16) Concurrent Cleanup for Next Mark
[25,995s][info][gc,marking    ] GC(16) Concurrent Cleanup for Next Mark 1,621ms
[25,995s][info][gc            ] GC(16) Concurrent Cycle 129,719ms
[26,358s][info][gc,start      ] GC(17) Pause Young (G1 Evacuation Pause)
[26,359s][info][gc,task       ] GC(17) Using 4 workers of 4 for evacuation
[26,392s][info][gc,phases     ] GC(17)   Pre Evacuate Collection Set: 0,0ms
[26,392s][info][gc,phases     ] GC(17)   Evacuate Collection Set: 32,6ms
[26,392s][info][gc,phases     ] GC(17)   Post Evacuate Collection Set: 0,4ms
[26,392s][info][gc,phases     ] GC(17)   Other: 0,3ms
[26,392s][info][gc,heap       ] GC(17) Eden regions: 55->0(60)
[26,392s][info][gc,heap       ] GC(17) Survivor regions: 2->7(8)
[26,392s][info][gc,heap       ] GC(17) Old regions: 27->27
[26,392s][info][gc,heap       ] GC(17) Humongous regions: 92->92
[26,392s][info][gc,metaspace  ] GC(17) Metaspace: 31739K->31739K(1081344K)
[26,392s][info][gc            ] GC(17) Pause Young (G1 Evacuation Pause) 175M->125M(256M) 33,501ms
[26,392s][info][gc,cpu        ] GC(17) User=0,11s Sys=0,01s Real=0,03s
[26,641s][info][gc,start      ] GC(18) Pause Initial Mark (G1 Evacuation Pause)
[26,641s][info][gc,task       ] GC(18) Using 4 workers of 4 for evacuation
[26,665s][info][gc,phases     ] GC(18)   Pre Evacuate Collection Set: 0,0ms
[26,665s][info][gc,phases     ] GC(18)   Evacuate Collection Set: 22,7ms
[26,665s][info][gc,phases     ] GC(18)   Post Evacuate Collection Set: 0,6ms
[26,665s][info][gc,phases     ] GC(18)   Other: 0,3ms
[26,665s][info][gc,heap       ] GC(18) Eden regions: 60->0(61)
[26,665s][info][gc,heap       ] GC(18) Survivor regions: 7->4(9)
[26,665s][info][gc,heap       ] GC(18) Old regions: 27->34
[26,665s][info][gc,heap       ] GC(18) Humongous regions: 92->92
[26,665s][info][gc,metaspace  ] GC(18) Metaspace: 31847K->31847K(1081344K)
[26,665s][info][gc            ] GC(18) Pause Initial Mark (G1 Evacuation Pause) 185M->129M(256M) 23,667ms
[26,665s][info][gc,cpu        ] GC(18) User=0,09s Sys=0,00s Real=0,02s
[26,665s][info][gc            ] GC(19) Concurrent Cycle
[26,665s][info][gc,marking    ] GC(19) Concurrent Clear Claimed Marks
[26,665s][info][gc,marking    ] GC(19) Concurrent Clear Claimed Marks 0,243ms
[26,665s][info][gc,marking    ] GC(19) Concurrent Scan Root Regions
[26,671s][info][gc,marking    ] GC(19) Concurrent Scan Root Regions 6,046ms
[26,671s][info][gc,marking    ] GC(19) Concurrent Mark (26,671s)
[26,671s][info][gc,marking    ] GC(19) Concurrent Mark From Roots
[26,671s][info][gc,task       ] GC(19) Using 1 workers of 1 for marking
[26,761s][info][gc,marking    ] GC(19) Concurrent Mark From Roots 89,559ms
[26,761s][info][gc,marking    ] GC(19) Concurrent Mark (26,671s, 26,761s) 89,641ms
[26,766s][info][gc,start      ] GC(19) Pause Remark
[26,792s][info][gc,stringtable] GC(19) Cleaned string and symbol table, strings: 13469 processed, 0 removed, symbols: 81463 processed, 0 removed
[26,792s][info][gc            ] GC(19) Pause Remark 145M->145M(256M) 25,636ms
[26,792s][info][gc,cpu        ] GC(19) User=0,06s Sys=0,00s Real=0,02s
[26,792s][info][gc,marking    ] GC(19) Concurrent Create Live Data
[26,812s][info][gc,marking    ] GC(19) Concurrent Create Live Data 20,473ms
[26,815s][info][gc,start      ] GC(19) Pause Cleanup
[26,816s][info][gc            ] GC(19) Pause Cleanup 149M->149M(256M) 0,437ms
[26,816s][info][gc,cpu        ] GC(19) User=0,00s Sys=0,00s Real=0,00s
[26,816s][info][gc,marking    ] GC(19) Concurrent Cleanup for Next Mark
[26,818s][info][gc,marking    ] GC(19) Concurrent Cleanup for Next Mark 2,028ms
[26,818s][info][gc            ] GC(19) Concurrent Cycle 152,754ms
[26,949s][info][gc,start      ] GC(20) Pause Young (G1 Evacuation Pause)
[26,949s][info][gc,task       ] GC(20) Using 4 workers of 4 for evacuation
[26,962s][info][gc,phases     ] GC(20)   Pre Evacuate Collection Set: 0,0ms
[26,962s][info][gc,phases     ] GC(20)   Evacuate Collection Set: 11,8ms
[26,962s][info][gc,phases     ] GC(20)   Post Evacuate Collection Set: 0,3ms
[26,962s][info][gc,phases     ] GC(20)   Other: 0,2ms
[26,962s][info][gc,heap       ] GC(20) Eden regions: 61->0(70)
[26,962s][info][gc,heap       ] GC(20) Survivor regions: 4->4(9)
[26,962s][info][gc,heap       ] GC(20) Old regions: 34->34
[26,962s][info][gc,heap       ] GC(20) Humongous regions: 92->92
[26,962s][info][gc,metaspace  ] GC(20) Metaspace: 31859K->31859K(1081344K)
[26,962s][info][gc            ] GC(20) Pause Young (G1 Evacuation Pause) 190M->129M(256M) 12,542ms
[26,962s][info][gc,cpu        ] GC(20) User=0,03s Sys=0,01s Real=0,02s
[27,162s][info][gc,start      ] GC(21) Pause Initial Mark (G1 Evacuation Pause)
[27,162s][info][gc,task       ] GC(21) Using 4 workers of 4 for evacuation
[27,171s][info][gc,phases     ] GC(21)   Pre Evacuate Collection Set: 0,0ms
[27,171s][info][gc,phases     ] GC(21)   Evacuate Collection Set: 9,0ms
[27,171s][info][gc,phases     ] GC(21)   Post Evacuate Collection Set: 0,6ms
[27,171s][info][gc,phases     ] GC(21)   Other: 0,2ms
[27,171s][info][gc,heap       ] GC(21) Eden regions: 70->0(72)
[27,171s][info][gc,heap       ] GC(21) Survivor regions: 4->5(10)
[27,171s][info][gc,heap       ] GC(21) Old regions: 34->34
[27,171s][info][gc,heap       ] GC(21) Humongous regions: 92->92
[27,171s][info][gc,metaspace  ] GC(21) Metaspace: 31859K->31859K(1081344K)
[27,171s][info][gc            ] GC(21) Pause Initial Mark (G1 Evacuation Pause) 199M->130M(256M) 9,911ms
[27,171s][info][gc,cpu        ] GC(21) User=0,04s Sys=0,00s Real=0,00s
[27,171s][info][gc            ] GC(22) Concurrent Cycle
[27,172s][info][gc,marking    ] GC(22) Concurrent Clear Claimed Marks
[27,172s][info][gc,marking    ] GC(22) Concurrent Clear Claimed Marks 0,201ms
[27,172s][info][gc,marking    ] GC(22) Concurrent Scan Root Regions
[27,178s][info][gc,marking    ] GC(22) Concurrent Scan Root Regions 5,833ms
[27,178s][info][gc,marking    ] GC(22) Concurrent Mark (27,178s)
[27,178s][info][gc,marking    ] GC(22) Concurrent Mark From Roots
[27,178s][info][gc,task       ] GC(22) Using 1 workers of 1 for marking
[27,275s][info][gc,marking    ] GC(22) Concurrent Mark From Roots 97,316ms
[27,275s][info][gc,marking    ] GC(22) Concurrent Mark (27,178s, 27,275s) 97,406ms
[27,278s][info][gc,start      ] GC(22) Pause Remark
[27,291s][info][gc,stringtable] GC(22) Cleaned string and symbol table, strings: 13499 processed, 0 removed, symbols: 81463 processed, 0 removed
[27,291s][info][gc            ] GC(22) Pause Remark 163M->163M(256M) 13,697ms
[27,292s][info][gc,cpu        ] GC(22) User=0,04s Sys=0,00s Real=0,01s
[27,292s][info][gc,marking    ] GC(22) Concurrent Create Live Data
[27,314s][info][gc,marking    ] GC(22) Concurrent Create Live Data 22,130ms
[27,317s][info][gc,start      ] GC(22) Pause Cleanup
[27,317s][info][gc            ] GC(22) Pause Cleanup 172M->172M(256M) 0,445ms
[27,317s][info][gc,cpu        ] GC(22) User=0,00s Sys=0,00s Real=0,00s
[27,317s][info][gc,marking    ] GC(22) Concurrent Cleanup for Next Mark
[27,319s][info][gc,marking    ] GC(22) Concurrent Cleanup for Next Mark 2,102ms
[27,319s][info][gc            ] GC(22) Concurrent Cycle 147,893ms
[27,374s][info][gc,start      ] GC(23) Pause Young (G1 Evacuation Pause)
[27,374s][info][gc,task       ] GC(23) Using 4 workers of 4 for evacuation
[27,387s][info][gc,phases     ] GC(23)   Pre Evacuate Collection Set: 0,0ms
[27,387s][info][gc,phases     ] GC(23)   Evacuate Collection Set: 11,9ms
[27,387s][info][gc,phases     ] GC(23)   Post Evacuate Collection Set: 0,3ms
[27,387s][info][gc,phases     ] GC(23)   Other: 0,2ms
[27,387s][info][gc,heap       ] GC(23) Eden regions: 72->0(75)
[27,387s][info][gc,heap       ] GC(23) Survivor regions: 5->6(10)
[27,387s][info][gc,heap       ] GC(23) Old regions: 34->34
[27,387s][info][gc,heap       ] GC(23) Humongous regions: 92->92
[27,387s][info][gc,metaspace  ] GC(23) Metaspace: 31863K->31863K(1081344K)
[27,387s][info][gc            ] GC(23) Pause Young (G1 Evacuation Pause) 202M->131M(256M) 12,526ms
[27,387s][info][gc,cpu        ] GC(23) User=0,05s Sys=0,00s Real=0,01s
[27,543s][info][gc,start      ] GC(24) Pause Initial Mark (G1 Evacuation Pause)
[27,543s][info][gc,task       ] GC(24) Using 4 workers of 4 for evacuation
[27,558s][info][gc,phases     ] GC(24)   Pre Evacuate Collection Set: 0,0ms
[27,558s][info][gc,phases     ] GC(24)   Evacuate Collection Set: 14,0ms
[27,558s][info][gc,phases     ] GC(24)   Post Evacuate Collection Set: 0,5ms
[27,558s][info][gc,phases     ] GC(24)   Other: 0,3ms
[27,558s][info][gc,heap       ] GC(24) Eden regions: 75->0(81)
[27,558s][info][gc,heap       ] GC(24) Survivor regions: 6->6(11)
[27,558s][info][gc,heap       ] GC(24) Old regions: 34->34
[27,558s][info][gc,heap       ] GC(24) Humongous regions: 92->92
[27,558s][info][gc,metaspace  ] GC(24) Metaspace: 31865K->31865K(1081344K)
[27,558s][info][gc            ] GC(24) Pause Initial Mark (G1 Evacuation Pause) 206M->131M(256M) 14,915ms
[27,558s][info][gc,cpu        ] GC(24) User=0,06s Sys=0,00s Real=0,01s
[27,558s][info][gc            ] GC(25) Concurrent Cycle
[27,558s][info][gc,marking    ] GC(25) Concurrent Clear Claimed Marks
[27,559s][info][gc,marking    ] GC(25) Concurrent Clear Claimed Marks 0,218ms
[27,559s][info][gc,marking    ] GC(25) Concurrent Scan Root Regions
[27,564s][info][gc,marking    ] GC(25) Concurrent Scan Root Regions 5,729ms
[27,564s][info][gc,marking    ] GC(25) Concurrent Mark (27,564s)
[27,564s][info][gc,marking    ] GC(25) Concurrent Mark From Roots
[27,564s][info][gc,task       ] GC(25) Using 1 workers of 1 for marking
[27,674s][info][gc,marking    ] GC(25) Concurrent Mark From Roots 109,909ms
[27,674s][info][gc,marking    ] GC(25) Concurrent Mark (27,564s, 27,674s) 110,044ms
[27,677s][info][gc,start      ] GC(25) Pause Remark
[27,690s][info][gc,stringtable] GC(25) Cleaned string and symbol table, strings: 13502 processed, 0 removed, symbols: 81463 processed, 0 removed
[27,690s][info][gc            ] GC(25) Pause Remark 175M->175M(256M) 12,333ms
[27,690s][info][gc,cpu        ] GC(25) User=0,04s Sys=0,00s Real=0,01s
[27,690s][info][gc,marking    ] GC(25) Concurrent Create Live Data
[27,752s][info][gc,start      ] GC(26) Pause Young (G1 Evacuation Pause)
[27,752s][info][gc,task       ] GC(26) Using 4 workers of 4 for evacuation
[27,775s][info][gc,phases     ] GC(26)   Pre Evacuate Collection Set: 0,0ms
[27,775s][info][gc,phases     ] GC(26)   Evacuate Collection Set: 21,9ms
[27,775s][info][gc,phases     ] GC(26)   Post Evacuate Collection Set: 0,4ms
[27,775s][info][gc,phases     ] GC(26)   Other: 0,2ms
[27,775s][info][gc,heap       ] GC(26) Eden regions: 81->0(81)
[27,775s][info][gc,heap       ] GC(26) Survivor regions: 6->5(11)
[27,775s][info][gc,heap       ] GC(26) Old regions: 34->37
[27,775s][info][gc,heap       ] GC(26) Humongous regions: 92->92
[27,775s][info][gc,metaspace  ] GC(26) Metaspace: 31865K->31865K(1081344K)
[27,775s][info][gc            ] GC(26) Pause Young (G1 Evacuation Pause) 212M->132M(256M) 22,656ms
[27,775s][info][gc,cpu        ] GC(26) User=0,09s Sys=0,00s Real=0,03s
[27,783s][info][gc,marking    ] GC(25) Concurrent Create Live Data 93,748ms
[27,784s][info][gc,start      ] GC(25) Pause Cleanup
[27,784s][info][gc            ] GC(25) Pause Cleanup 136M->136M(256M) 0,450ms
[27,784s][info][gc,cpu        ] GC(25) User=0,00s Sys=0,00s Real=0,00s
[27,784s][info][gc,marking    ] GC(25) Concurrent Cleanup for Next Mark
[27,813s][info][gc,marking    ] GC(25) Concurrent Cleanup for Next Mark 29,055ms
[27,813s][info][gc            ] GC(25) Concurrent Cycle 255,078ms
[27,944s][info][gc,start      ] GC(27) Pause Young (G1 Evacuation Pause)
[27,944s][info][gc,task       ] GC(27) Using 4 workers of 4 for evacuation
[27,955s][info][gc,phases     ] GC(27)   Pre Evacuate Collection Set: 0,0ms
[27,955s][info][gc,phases     ] GC(27)   Evacuate Collection Set: 10,1ms
[27,955s][info][gc,phases     ] GC(27)   Post Evacuate Collection Set: 0,4ms
[27,955s][info][gc,phases     ] GC(27)   Other: 0,2ms
[27,955s][info][gc,heap       ] GC(27) Eden regions: 81->0(82)
[27,955s][info][gc,heap       ] GC(27) Survivor regions: 5->5(11)
[27,955s][info][gc,heap       ] GC(27) Old regions: 37->37
[27,955s][info][gc,heap       ] GC(27) Humongous regions: 92->92
[27,955s][info][gc,metaspace  ] GC(27) Metaspace: 31878K->31878K(1081344K)
[27,955s][info][gc            ] GC(27) Pause Young (G1 Evacuation Pause) 213M->133M(256M) 10,765ms
[27,955s][info][gc,cpu        ] GC(27) User=0,04s Sys=0,00s Real=0,01s
[28,121s][info][gc,start      ] GC(28) Pause Initial Mark (G1 Evacuation Pause)
[28,122s][info][gc,task       ] GC(28) Using 4 workers of 4 for evacuation
[28,146s][info][gc,phases     ] GC(28)   Pre Evacuate Collection Set: 0,0ms
[28,146s][info][gc,phases     ] GC(28)   Evacuate Collection Set: 23,6ms
[28,146s][info][gc,phases     ] GC(28)   Post Evacuate Collection Set: 0,5ms
[28,146s][info][gc,phases     ] GC(28)   Other: 0,2ms
[28,146s][info][gc,heap       ] GC(28) Eden regions: 82->0(81)
[28,146s][info][gc,heap       ] GC(28) Survivor regions: 5->7(11)
[28,146s][info][gc,heap       ] GC(28) Old regions: 37->37
[28,146s][info][gc,heap       ] GC(28) Humongous regions: 92->92
[28,146s][info][gc,metaspace  ] GC(28) Metaspace: 31901K->31901K(1081344K)
[28,146s][info][gc            ] GC(28) Pause Initial Mark (G1 Evacuation Pause) 215M->135M(256M) 24,478ms
[28,146s][info][gc,cpu        ] GC(28) User=0,10s Sys=0,00s Real=0,02s
[28,146s][info][gc            ] GC(29) Concurrent Cycle
[28,146s][info][gc,marking    ] GC(29) Concurrent Clear Claimed Marks
[28,146s][info][gc,marking    ] GC(29) Concurrent Clear Claimed Marks 0,235ms
[28,146s][info][gc,marking    ] GC(29) Concurrent Scan Root Regions
[28,153s][info][gc,marking    ] GC(29) Concurrent Scan Root Regions 6,555ms
[28,153s][info][gc,marking    ] GC(29) Concurrent Mark (28,153s)
[28,153s][info][gc,marking    ] GC(29) Concurrent Mark From Roots
[28,153s][info][gc,task       ] GC(29) Using 1 workers of 1 for marking
[28,246s][info][gc,marking    ] GC(29) Concurrent Mark From Roots 92,696ms
[28,246s][info][gc,marking    ] GC(29) Concurrent Mark (28,153s, 28,246s) 92,787ms
[28,249s][info][gc,start      ] GC(29) Pause Remark
[28,265s][info][gc,stringtable] GC(29) Cleaned string and symbol table, strings: 13505 processed, 0 removed, symbols: 81463 processed, 0 removed
[28,265s][info][gc            ] GC(29) Pause Remark 168M->168M(256M) 15,753ms
[28,265s][info][gc,cpu        ] GC(29) User=0,06s Sys=0,00s Real=0,02s
[28,265s][info][gc,marking    ] GC(29) Concurrent Create Live Data
[28,288s][info][gc,marking    ] GC(29) Concurrent Create Live Data 22,687ms
[28,288s][info][gc,start      ] GC(29) Pause Cleanup
[28,288s][info][gc            ] GC(29) Pause Cleanup 179M->179M(256M) 0,549ms
[28,288s][info][gc,cpu        ] GC(29) User=0,00s Sys=0,00s Real=0,00s
[28,289s][info][gc,marking    ] GC(29) Concurrent Cleanup for Next Mark
[28,290s][info][gc,marking    ] GC(29) Concurrent Cleanup for Next Mark 1,796ms
[28,290s][info][gc            ] GC(29) Concurrent Cycle 144,442ms
[28,339s][info][gc,start      ] GC(30) Pause Young (G1 Evacuation Pause)
[28,339s][info][gc,task       ] GC(30) Using 4 workers of 4 for evacuation
[28,357s][info][gc,phases     ] GC(30)   Pre Evacuate Collection Set: 0,0ms
[28,357s][info][gc,phases     ] GC(30)   Evacuate Collection Set: 17,2ms
[28,357s][info][gc,phases     ] GC(30)   Post Evacuate Collection Set: 0,4ms
[28,357s][info][gc,phases     ] GC(30)   Other: 0,2ms
[28,357s][info][gc,heap       ] GC(30) Eden regions: 81->0(82)
[28,357s][info][gc,heap       ] GC(30) Survivor regions: 7->6(11)
[28,357s][info][gc,heap       ] GC(30) Old regions: 37->39
[28,357s][info][gc,heap       ] GC(30) Humongous regions: 92->92
[28,357s][info][gc,metaspace  ] GC(30) Metaspace: 31901K->31901K(1081344K)
[28,357s][info][gc            ] GC(30) Pause Young (G1 Evacuation Pause) 216M->136M(256M) 17,928ms
[28,357s][info][gc,cpu        ] GC(30) User=0,06s Sys=0,00s Real=0,02s
[28,497s][info][gc,start      ] GC(31) Pause Initial Mark (G1 Evacuation Pause)
[28,497s][info][gc,task       ] GC(31) Using 4 workers of 4 for evacuation
[28,520s][info][gc,phases     ] GC(31)   Pre Evacuate Collection Set: 0,0ms
[28,520s][info][gc,phases     ] GC(31)   Evacuate Collection Set: 21,9ms
[28,520s][info][gc,phases     ] GC(31)   Post Evacuate Collection Set: 0,5ms
[28,520s][info][gc,phases     ] GC(31)   Other: 0,2ms
[28,520s][info][gc,heap       ] GC(31) Eden regions: 82->0(82)
[28,520s][info][gc,heap       ] GC(31) Survivor regions: 6->7(11)
[28,520s][info][gc,heap       ] GC(31) Old regions: 39->39
[28,520s][info][gc,heap       ] GC(31) Humongous regions: 92->92
[28,520s][info][gc,metaspace  ] GC(31) Metaspace: 31904K->31904K(1081344K)
[28,520s][info][gc            ] GC(31) Pause Initial Mark (G1 Evacuation Pause) 218M->137M(256M) 22,780ms
[28,520s][info][gc,cpu        ] GC(31) User=0,09s Sys=0,00s Real=0,02s
[28,520s][info][gc            ] GC(32) Concurrent Cycle
[28,520s][info][gc,marking    ] GC(32) Concurrent Clear Claimed Marks
[28,520s][info][gc,marking    ] GC(32) Concurrent Clear Claimed Marks 0,216ms
[28,520s][info][gc,marking    ] GC(32) Concurrent Scan Root Regions
[28,526s][info][gc,marking    ] GC(32) Concurrent Scan Root Regions 6,023ms
[28,526s][info][gc,marking    ] GC(32) Concurrent Mark (28,526s)
[28,526s][info][gc,marking    ] GC(32) Concurrent Mark From Roots
[28,526s][info][gc,task       ] GC(32) Using 1 workers of 1 for marking
[28,674s][info][gc,start      ] GC(33) Pause Young (G1 Evacuation Pause)
[28,674s][info][gc,task       ] GC(33) Using 4 workers of 4 for evacuation
[28,694s][info][gc,phases     ] GC(33)   Pre Evacuate Collection Set: 0,0ms
[28,694s][info][gc,phases     ] GC(33)   Evacuate Collection Set: 19,5ms
[28,694s][info][gc,phases     ] GC(33)   Post Evacuate Collection Set: 0,6ms
[28,694s][info][gc,phases     ] GC(33)   Other: 0,2ms
[28,694s][info][gc,heap       ] GC(33) Eden regions: 82->0(82)
[28,694s][info][gc,heap       ] GC(33) Survivor regions: 7->7(12)
[28,694s][info][gc,heap       ] GC(33) Old regions: 39->39
[28,694s][info][gc,heap       ] GC(33) Humongous regions: 92->92
[28,694s][info][gc,metaspace  ] GC(33) Metaspace: 31904K->31904K(1081344K)
[28,694s][info][gc            ] GC(33) Pause Young (G1 Evacuation Pause) 219M->137M(256M) 20,433ms
[28,694s][info][gc,cpu        ] GC(33) User=0,07s Sys=0,00s Real=0,02s
[28,731s][info][gc,marking    ] GC(32) Concurrent Mark From Roots 204,494ms
[28,731s][info][gc,marking    ] GC(32) Concurrent Mark (28,526s, 28,731s) 204,573ms
[28,731s][info][gc,start      ] GC(32) Pause Remark
[28,749s][info][gc,stringtable] GC(32) Cleaned string and symbol table, strings: 13509 processed, 0 removed, symbols: 81463 processed, 0 removed
[28,749s][info][gc            ] GC(32) Pause Remark 159M->159M(256M) 17,585ms
[28,749s][info][gc,cpu        ] GC(32) User=0,06s Sys=0,00s Real=0,02s
[28,749s][info][gc,marking    ] GC(32) Concurrent Create Live Data
[28,771s][info][gc,marking    ] GC(32) Concurrent Create Live Data 22,530ms
[28,772s][info][gc,start      ] GC(32) Pause Cleanup
[28,772s][info][gc            ] GC(32) Pause Cleanup 167M->167M(256M) 0,576ms
[28,772s][info][gc,cpu        ] GC(32) User=0,01s Sys=0,00s Real=0,00s
[28,773s][info][gc,marking    ] GC(32) Concurrent Cleanup for Next Mark
[28,774s][info][gc,marking    ] GC(32) Concurrent Cleanup for Next Mark 1,580ms
[28,774s][info][gc            ] GC(32) Concurrent Cycle 254,153ms
[28,862s][info][gc,start      ] GC(34) Pause Young (G1 Evacuation Pause)
[28,862s][info][gc,task       ] GC(34) Using 4 workers of 4 for evacuation
[28,887s][info][gc,phases     ] GC(34)   Pre Evacuate Collection Set: 0,0ms
[28,887s][info][gc,phases     ] GC(34)   Evacuate Collection Set: 24,7ms
[28,887s][info][gc,phases     ] GC(34)   Post Evacuate Collection Set: 0,4ms
[28,887s][info][gc,phases     ] GC(34)   Other: 0,2ms
[28,887s][info][gc,heap       ] GC(34) Eden regions: 82->0(82)
[28,887s][info][gc,heap       ] GC(34) Survivor regions: 7->8(12)
[28,887s][info][gc,heap       ] GC(34) Old regions: 39->40
[28,887s][info][gc,heap       ] GC(34) Humongous regions: 92->92
[28,887s][info][gc,metaspace  ] GC(34) Metaspace: 31904K->31904K(1081344K)
[28,887s][info][gc            ] GC(34) Pause Young (G1 Evacuation Pause) 219M->138M(256M) 25,361ms
[28,887s][info][gc,cpu        ] GC(34) User=0,09s Sys=0,00s Real=0,02s
[29,014s][info][gc,start      ] GC(35) Pause Initial Mark (G1 Evacuation Pause)
[29,014s][info][gc,task       ] GC(35) Using 4 workers of 4 for evacuation
[29,049s][info][gc,phases     ] GC(35)   Pre Evacuate Collection Set: 0,0ms
[29,049s][info][gc,phases     ] GC(35)   Evacuate Collection Set: 34,7ms
[29,049s][info][gc,phases     ] GC(35)   Post Evacuate Collection Set: 0,5ms
[29,049s][info][gc,phases     ] GC(35)   Other: 0,3ms
[29,049s][info][gc,heap       ] GC(35) Eden regions: 82->0(81)
[29,049s][info][gc,heap       ] GC(35) Survivor regions: 8->8(12)
[29,049s][info][gc,heap       ] GC(35) Old regions: 40->41
[29,049s][info][gc,heap       ] GC(35) Humongous regions: 92->92
[29,049s][info][gc,metaspace  ] GC(35) Metaspace: 31907K->31907K(1081344K)
[29,049s][info][gc            ] GC(35) Pause Initial Mark (G1 Evacuation Pause) 220M->139M(256M) 35,562ms
[29,049s][info][gc,cpu        ] GC(35) User=0,13s Sys=0,00s Real=0,03s
[29,049s][info][gc            ] GC(36) Concurrent Cycle
[29,049s][info][gc,marking    ] GC(36) Concurrent Clear Claimed Marks
[29,049s][info][gc,marking    ] GC(36) Concurrent Clear Claimed Marks 0,228ms
[29,049s][info][gc,marking    ] GC(36) Concurrent Scan Root Regions
[29,056s][info][gc,marking    ] GC(36) Concurrent Scan Root Regions 6,902ms
[29,056s][info][gc,marking    ] GC(36) Concurrent Mark (29,056s)
[29,056s][info][gc,marking    ] GC(36) Concurrent Mark From Roots
[29,056s][info][gc,task       ] GC(36) Using 1 workers of 1 for marking
[29,170s][info][gc,marking    ] GC(36) Concurrent Mark From Roots 113,873ms
[29,170s][info][gc,marking    ] GC(36) Concurrent Mark (29,056s, 29,170s) 113,957ms
[29,173s][info][gc,start      ] GC(36) Pause Remark
[29,209s][info][gc,stringtable] GC(36) Cleaned string and symbol table, strings: 13509 processed, 0 removed, symbols: 81463 processed, 0 removed
[29,209s][info][gc            ] GC(36) Pause Remark 195M->195M(256M) 36,124ms
[29,209s][info][gc,cpu        ] GC(36) User=0,10s Sys=0,00s Real=0,04s
[29,209s][info][gc,marking    ] GC(36) Concurrent Create Live Data
[29,233s][info][gc,marking    ] GC(36) Concurrent Create Live Data 24,153ms
[29,234s][info][gc,start      ] GC(36) Pause Cleanup
[29,234s][info][gc            ] GC(36) Pause Cleanup 203M->203M(256M) 0,560ms
[29,235s][info][gc,cpu        ] GC(36) User=0,00s Sys=0,00s Real=0,00s
[29,235s][info][gc,marking    ] GC(36) Concurrent Cleanup for Next Mark
[29,245s][info][gc,marking    ] GC(36) Concurrent Cleanup for Next Mark 9,762ms
[29,245s][info][gc            ] GC(36) Concurrent Cycle 195,627ms
[29,264s][info][gc,start      ] GC(37) Pause Young (G1 Evacuation Pause)
[29,264s][info][gc,task       ] GC(37) Using 4 workers of 4 for evacuation
[29,284s][info][gc,phases     ] GC(37)   Pre Evacuate Collection Set: 0,0ms
[29,284s][info][gc,phases     ] GC(37)   Evacuate Collection Set: 19,6ms
[29,284s][info][gc,phases     ] GC(37)   Post Evacuate Collection Set: 0,4ms
[29,284s][info][gc,phases     ] GC(37)   Other: 0,2ms
[29,284s][info][gc,heap       ] GC(37) Eden regions: 81->0(82)
[29,284s][info][gc,heap       ] GC(37) Survivor regions: 8->7(12)
[29,284s][info][gc,heap       ] GC(37) Old regions: 41->42
[29,284s][info][gc,heap       ] GC(37) Humongous regions: 92->92
[29,284s][info][gc,metaspace  ] GC(37) Metaspace: 31915K->31915K(1081344K)
[29,284s][info][gc            ] GC(37) Pause Young (G1 Evacuation Pause) 220M->140M(256M) 20,341ms
[29,284s][info][gc,cpu        ] GC(37) User=0,08s Sys=0,00s Real=0,02s
[29,383s][info][gc,start      ] GC(38) Pause Initial Mark (G1 Evacuation Pause)
[29,383s][info][gc,task       ] GC(38) Using 4 workers of 4 for evacuation
[29,401s][info][gc,phases     ] GC(38)   Pre Evacuate Collection Set: 0,0ms
[29,401s][info][gc,phases     ] GC(38)   Evacuate Collection Set: 17,1ms
[29,401s][info][gc,phases     ] GC(38)   Post Evacuate Collection Set: 0,5ms
[29,401s][info][gc,phases     ] GC(38)   Other: 0,2ms
[29,401s][info][gc,heap       ] GC(38) Eden regions: 82->0(78)
[29,401s][info][gc,heap       ] GC(38) Survivor regions: 7->8(12)
[29,401s][info][gc,heap       ] GC(38) Old regions: 42->44
[29,401s][info][gc,heap       ] GC(38) Humongous regions: 92->92
[29,401s][info][gc,metaspace  ] GC(38) Metaspace: 31927K->31927K(1081344K)
[29,401s][info][gc            ] GC(38) Pause Initial Mark (G1 Evacuation Pause) 222M->143M(256M) 17,880ms
[29,401s][info][gc,cpu        ] GC(38) User=0,06s Sys=0,00s Real=0,02s
[29,401s][info][gc            ] GC(39) Concurrent Cycle
[29,401s][info][gc,marking    ] GC(39) Concurrent Clear Claimed Marks
[29,402s][info][gc,marking    ] GC(39) Concurrent Clear Claimed Marks 0,206ms
[29,402s][info][gc,marking    ] GC(39) Concurrent Scan Root Regions
[29,409s][info][gc,marking    ] GC(39) Concurrent Scan Root Regions 7,001ms
[29,409s][info][gc,marking    ] GC(39) Concurrent Mark (29,409s)
[29,409s][info][gc,marking    ] GC(39) Concurrent Mark From Roots
[29,409s][info][gc,task       ] GC(39) Using 1 workers of 1 for marking
[29,513s][info][gc,marking    ] GC(39) Concurrent Mark From Roots 104,135ms
[29,513s][info][gc,marking    ] GC(39) Concurrent Mark (29,409s, 29,513s) 104,222ms
[29,516s][info][gc,start      ] GC(39) Pause Remark
[29,535s][info][gc,stringtable] GC(39) Cleaned string and symbol table, strings: 13514 processed, 0 removed, symbols: 81463 processed, 0 removed
[29,535s][info][gc            ] GC(39) Pause Remark 219M->219M(256M) 19,076ms
[29,535s][info][gc,cpu        ] GC(39) User=0,07s Sys=0,01s Real=0,02s
[29,535s][info][gc,marking    ] GC(39) Concurrent Create Live Data
[29,538s][info][gc,start      ] GC(40) Pause Young (G1 Evacuation Pause)
[29,538s][info][gc,task       ] GC(40) Using 4 workers of 4 for evacuation
[29,573s][info][gc,phases     ] GC(40)   Pre Evacuate Collection Set: 0,0ms
[29,573s][info][gc,phases     ] GC(40)   Evacuate Collection Set: 35,0ms
[29,573s][info][gc,phases     ] GC(40)   Post Evacuate Collection Set: 0,4ms
[29,573s][info][gc,phases     ] GC(40)   Other: 0,2ms
[29,573s][info][gc,heap       ] GC(40) Eden regions: 78->0(70)
[29,573s][info][gc,heap       ] GC(40) Survivor regions: 8->11(11)
[29,573s][info][gc,heap       ] GC(40) Old regions: 44->46
[29,573s][info][gc,heap       ] GC(40) Humongous regions: 92->92
[29,573s][info][gc,metaspace  ] GC(40) Metaspace: 31928K->31928K(1081344K)
[29,573s][info][gc            ] GC(40) Pause Young (G1 Evacuation Pause) 221M->148M(256M) 35,677ms
[29,573s][info][gc,cpu        ] GC(40) User=0,13s Sys=0,00s Real=0,04s
[29,655s][info][gc,start      ] GC(41) Pause Young (G1 Evacuation Pause)
[29,655s][info][gc,task       ] GC(41) Using 4 workers of 4 for evacuation
[29,679s][info][gc,phases     ] GC(41)   Pre Evacuate Collection Set: 0,0ms
[29,679s][info][gc,phases     ] GC(41)   Evacuate Collection Set: 23,5ms
[29,679s][info][gc,phases     ] GC(41)   Post Evacuate Collection Set: 0,4ms
[29,679s][info][gc,phases     ] GC(41)   Other: 0,2ms
[29,679s][info][gc,heap       ] GC(41) Eden regions: 70->0(70)
[29,679s][info][gc,heap       ] GC(41) Survivor regions: 11->8(11)
[29,679s][info][gc,heap       ] GC(41) Old regions: 46->51
[29,679s][info][gc,heap       ] GC(41) Humongous regions: 92->92
[29,679s][info][gc,metaspace  ] GC(41) Metaspace: 31928K->31928K(1081344K)
[29,679s][info][gc            ] GC(41) Pause Young (G1 Evacuation Pause) 218M->150M(256M) 24,217ms
[29,679s][info][gc,cpu        ] GC(41) User=0,10s Sys=0,00s Real=0,02s
[29,683s][info][gc,marking    ] GC(39) Concurrent Create Live Data 147,979ms
[29,684s][info][gc,start      ] GC(39) Pause Cleanup
[29,684s][info][gc            ] GC(39) Pause Cleanup 153M->153M(256M) 0,462ms
[29,684s][info][gc,cpu        ] GC(39) User=0,00s Sys=0,00s Real=0,00s
[29,684s][info][gc,marking    ] GC(39) Concurrent Cleanup for Next Mark
[29,686s][info][gc,marking    ] GC(39) Concurrent Cleanup for Next Mark 1,658ms
[29,686s][info][gc            ] GC(39) Concurrent Cycle 284,671ms
[29,755s][info][gc,start      ] GC(42) Pause Young (G1 Evacuation Pause)
[29,755s][info][gc,task       ] GC(42) Using 4 workers of 4 for evacuation
[29,770s][info][gc,phases     ] GC(42)   Pre Evacuate Collection Set: 0,0ms
[29,770s][info][gc,phases     ] GC(42)   Evacuate Collection Set: 14,1ms
[29,770s][info][gc,phases     ] GC(42)   Post Evacuate Collection Set: 0,4ms
[29,770s][info][gc,phases     ] GC(42)   Other: 0,2ms
[29,770s][info][gc,heap       ] GC(42) Eden regions: 70->0(69)
[29,770s][info][gc,heap       ] GC(42) Survivor regions: 8->5(10)
[29,770s][info][gc,heap       ] GC(42) Old regions: 51->56
[29,770s][info][gc,heap       ] GC(42) Humongous regions: 92->92
[29,770s][info][gc,metaspace  ] GC(42) Metaspace: 31928K->31928K(1081344K)
[29,770s][info][gc            ] GC(42) Pause Young (G1 Evacuation Pause) 220M->151M(256M) 14,823ms
[29,770s][info][gc,cpu        ] GC(42) User=0,05s Sys=0,00s Real=0,01s
[29,869s][info][gc,start      ] GC(43) Pause Initial Mark (G1 Evacuation Pause)
[29,869s][info][gc,task       ] GC(43) Using 4 workers of 4 for evacuation
[29,884s][info][gc,phases     ] GC(43)   Pre Evacuate Collection Set: 0,0ms
[29,884s][info][gc,phases     ] GC(43)   Evacuate Collection Set: 14,2ms
[29,884s][info][gc,phases     ] GC(43)   Post Evacuate Collection Set: 0,5ms
[29,884s][info][gc,phases     ] GC(43)   Other: 0,2ms
[29,884s][info][gc,heap       ] GC(43) Eden regions: 69->0(69)
[29,884s][info][gc,heap       ] GC(43) Survivor regions: 5->6(10)
[29,884s][info][gc,heap       ] GC(43) Old regions: 56->56
[29,884s][info][gc,heap       ] GC(43) Humongous regions: 92->92
[29,884s][info][gc,metaspace  ] GC(43) Metaspace: 31928K->31928K(1081344K)
[29,884s][info][gc            ] GC(43) Pause Initial Mark (G1 Evacuation Pause) 220M->153M(256M) 15,026ms
[29,884s][info][gc,cpu        ] GC(43) User=0,06s Sys=0,00s Real=0,02s
[29,884s][info][gc            ] GC(44) Concurrent Cycle
[29,884s][info][gc,marking    ] GC(44) Concurrent Clear Claimed Marks
[29,884s][info][gc,marking    ] GC(44) Concurrent Clear Claimed Marks 0,229ms
[29,884s][info][gc,marking    ] GC(44) Concurrent Scan Root Regions
[29,889s][info][gc,marking    ] GC(44) Concurrent Scan Root Regions 4,288ms
[29,889s][info][gc,marking    ] GC(44) Concurrent Mark (29,889s)
[29,889s][info][gc,marking    ] GC(44) Concurrent Mark From Roots
[29,889s][info][gc,task       ] GC(44) Using 1 workers of 1 for marking
[30,006s][info][gc,marking    ] GC(44) Concurrent Mark From Roots 116,994ms
[30,006s][info][gc,marking    ] GC(44) Concurrent Mark (29,889s, 30,006s) 117,083ms
[30,008s][info][gc,start      ] GC(44) Pause Remark
[30,021s][info][gc,stringtable] GC(44) Cleaned string and symbol table, strings: 13537 processed, 0 removed, symbols: 81463 processed, 0 removed
[30,021s][info][gc            ] GC(44) Pause Remark 220M->220M(256M) 12,936ms
[30,021s][info][gc,cpu        ] GC(44) User=0,04s Sys=0,01s Real=0,02s
[30,021s][info][gc,marking    ] GC(44) Concurrent Create Live Data
[30,024s][info][gc,start      ] GC(45) Pause Young (G1 Evacuation Pause)
[30,024s][info][gc,task       ] GC(45) Using 4 workers of 4 for evacuation
[30,036s][info][gc,phases     ] GC(45)   Pre Evacuate Collection Set: 0,0ms
[30,036s][info][gc,phases     ] GC(45)   Evacuate Collection Set: 11,0ms
[30,036s][info][gc,phases     ] GC(45)   Post Evacuate Collection Set: 0,3ms
[30,036s][info][gc,phases     ] GC(45)   Other: 0,2ms
[30,036s][info][gc,heap       ] GC(45) Eden regions: 69->0(69)
[30,036s][info][gc,heap       ] GC(45) Survivor regions: 6->4(10)
[30,036s][info][gc,heap       ] GC(45) Old regions: 56->59
[30,036s][info][gc,heap       ] GC(45) Humongous regions: 92->92
[30,036s][info][gc,metaspace  ] GC(45) Metaspace: 31928K->31928K(1081344K)
[30,036s][info][gc            ] GC(45) Pause Young (G1 Evacuation Pause) 222M->154M(256M) 11,655ms
[30,036s][info][gc,cpu        ] GC(45) User=0,04s Sys=0,00s Real=0,01s
[30,062s][info][gc,marking    ] GC(44) Concurrent Create Live Data 40,181ms
[30,062s][info][gc,start      ] GC(44) Pause Cleanup
[30,063s][info][gc            ] GC(44) Pause Cleanup 170M->168M(256M) 0,582ms
[30,063s][info][gc,cpu        ] GC(44) User=0,00s Sys=0,00s Real=0,00s
[30,063s][info][gc,marking    ] GC(44) Concurrent Complete Cleanup
[30,063s][info][gc,marking    ] GC(44) Concurrent Complete Cleanup 0,066ms
[30,063s][info][gc,marking    ] GC(44) Concurrent Cleanup for Next Mark
[30,064s][info][gc,marking    ] GC(44) Concurrent Cleanup for Next Mark 1,465ms
[30,064s][info][gc            ] GC(44) Concurrent Cycle 180,314ms
[30,117s][info][gc,start      ] GC(46) Pause Young (G1 Evacuation Pause)
[30,117s][info][gc,task       ] GC(46) Using 4 workers of 4 for evacuation
[30,132s][info][gc,phases     ] GC(46)   Pre Evacuate Collection Set: 0,0ms
[30,132s][info][gc,phases     ] GC(46)   Evacuate Collection Set: 14,5ms
[30,132s][info][gc,phases     ] GC(46)   Post Evacuate Collection Set: 0,3ms
[30,132s][info][gc,phases     ] GC(46)   Other: 0,2ms
[30,132s][info][gc,heap       ] GC(46) Eden regions: 69->0(70)
[30,132s][info][gc,heap       ] GC(46) Survivor regions: 4->5(10)
[30,132s][info][gc,heap       ] GC(46) Old regions: 57->57
[30,132s][info][gc,heap       ] GC(46) Humongous regions: 92->92
[30,132s][info][gc,metaspace  ] GC(46) Metaspace: 31928K->31928K(1081344K)
[30,132s][info][gc            ] GC(46) Pause Young (G1 Evacuation Pause) 221M->152M(256M) 15,199ms
[30,132s][info][gc,cpu        ] GC(46) User=0,06s Sys=0,00s Real=0,01s
[30,212s][info][gc,start      ] GC(47) Pause Initial Mark (G1 Evacuation Pause)
[30,212s][info][gc,task       ] GC(47) Using 4 workers of 4 for evacuation
[30,222s][info][gc,phases     ] GC(47)   Pre Evacuate Collection Set: 0,0ms
[30,222s][info][gc,phases     ] GC(47)   Evacuate Collection Set: 9,3ms
[30,222s][info][gc,phases     ] GC(47)   Post Evacuate Collection Set: 0,5ms
[30,222s][info][gc,phases     ] GC(47)   Other: 0,2ms
[30,222s][info][gc,heap       ] GC(47) Eden regions: 70->0(70)
[30,222s][info][gc,heap       ] GC(47) Survivor regions: 5->5(10)
[30,222s][info][gc,heap       ] GC(47) Old regions: 57->57
[30,222s][info][gc,heap       ] GC(47) Humongous regions: 92->92
[30,222s][info][gc,metaspace  ] GC(47) Metaspace: 31928K->31928K(1081344K)
[30,222s][info][gc            ] GC(47) Pause Initial Mark (G1 Evacuation Pause) 222M->153M(256M) 10,094ms
[30,222s][info][gc,cpu        ] GC(47) User=0,04s Sys=0,00s Real=0,02s
[30,223s][info][gc            ] GC(48) Concurrent Cycle
[30,223s][info][gc,marking    ] GC(48) Concurrent Clear Claimed Marks
[30,223s][info][gc,marking    ] GC(48) Concurrent Clear Claimed Marks 0,227ms
[30,223s][info][gc,marking    ] GC(48) Concurrent Scan Root Regions
[30,228s][info][gc,marking    ] GC(48) Concurrent Scan Root Regions 5,064ms
[30,228s][info][gc,marking    ] GC(48) Concurrent Mark (30,228s)
[30,228s][info][gc,marking    ] GC(48) Concurrent Mark From Roots
[30,228s][info][gc,task       ] GC(48) Using 1 workers of 1 for marking
[30,324s][info][gc,start      ] GC(49) Pause Young (G1 Evacuation Pause)
[30,324s][info][gc,task       ] GC(49) Using 4 workers of 4 for evacuation
[30,337s][info][gc,phases     ] GC(49)   Pre Evacuate Collection Set: 0,0ms
[30,337s][info][gc,phases     ] GC(49)   Evacuate Collection Set: 11,8ms
[30,337s][info][gc,phases     ] GC(49)   Post Evacuate Collection Set: 0,6ms
[30,337s][info][gc,phases     ] GC(49)   Other: 0,2ms
[30,337s][info][gc,heap       ] GC(49) Eden regions: 70->0(69)
[30,337s][info][gc,heap       ] GC(49) Survivor regions: 5->6(10)
[30,337s][info][gc,heap       ] GC(49) Old regions: 57->57
[30,337s][info][gc,heap       ] GC(49) Humongous regions: 92->92
[30,337s][info][gc,metaspace  ] GC(49) Metaspace: 31928K->31928K(1081344K)
[30,337s][info][gc            ] GC(49) Pause Young (G1 Evacuation Pause) 223M->154M(256M) 12,657ms
[30,337s][info][gc,cpu        ] GC(49) User=0,04s Sys=0,01s Real=0,01s
[30,362s][info][gc,marking    ] GC(48) Concurrent Mark From Roots 134,482ms
[30,363s][info][gc,marking    ] GC(48) Concurrent Mark (30,228s, 30,363s) 134,553ms
[30,365s][info][gc,start      ] GC(48) Pause Remark
[30,377s][info][gc,stringtable] GC(48) Cleaned string and symbol table, strings: 13543 processed, 0 removed, symbols: 81463 processed, 0 removed
[30,377s][info][gc            ] GC(48) Pause Remark 179M->179M(256M) 12,177ms
[30,377s][info][gc,cpu        ] GC(48) User=0,03s Sys=0,00s Real=0,01s
[30,378s][info][gc,marking    ] GC(48) Concurrent Create Live Data
[30,408s][info][gc,start      ] GC(50) Pause Young (G1 Evacuation Pause)
[30,408s][info][gc,task       ] GC(50) Using 4 workers of 4 for evacuation
[30,419s][info][gc,phases     ] GC(50)   Pre Evacuate Collection Set: 0,0ms
[30,419s][info][gc,phases     ] GC(50)   Evacuate Collection Set: 11,0ms
[30,419s][info][gc,phases     ] GC(50)   Post Evacuate Collection Set: 0,4ms
[30,419s][info][gc,phases     ] GC(50)   Other: 0,2ms
[30,419s][info][gc,heap       ] GC(50) Eden regions: 69->0(68)
[30,419s][info][gc,heap       ] GC(50) Survivor regions: 6->6(10)
[30,419s][info][gc,heap       ] GC(50) Old regions: 57->58
[30,419s][info][gc,heap       ] GC(50) Humongous regions: 92->92
[30,419s][info][gc,metaspace  ] GC(50) Metaspace: 31928K->31928K(1081344K)
[30,419s][info][gc            ] GC(50) Pause Young (G1 Evacuation Pause) 223M->154M(256M) 11,642ms
[30,419s][info][gc,cpu        ] GC(50) User=0,04s Sys=0,00s Real=0,01s
[30,419s][info][gc,marking    ] GC(48) Concurrent Create Live Data 41,888ms
[30,422s][info][gc,start      ] GC(48) Pause Cleanup
[30,423s][info][gc            ] GC(48) Pause Cleanup 155M->155M(256M) 0,506ms
[30,423s][info][gc,cpu        ] GC(48) User=0,00s Sys=0,00s Real=0,00s
[30,423s][info][gc,marking    ] GC(48) Concurrent Cleanup for Next Mark
[30,424s][info][gc,marking    ] GC(48) Concurrent Cleanup for Next Mark 1,689ms
[30,424s][info][gc            ] GC(48) Concurrent Cycle 201,938ms
[30,469s][info][gc,start      ] GC(51) Pause Young (G1 Evacuation Pause)
[30,469s][info][gc,task       ] GC(51) Using 4 workers of 4 for evacuation
[30,483s][info][gc,phases     ] GC(51)   Pre Evacuate Collection Set: 0,0ms
[30,483s][info][gc,phases     ] GC(51)   Evacuate Collection Set: 13,2ms
[30,483s][info][gc,phases     ] GC(51)   Post Evacuate Collection Set: 0,3ms
[30,483s][info][gc,phases     ] GC(51)   Other: 0,2ms
[30,483s][info][gc,heap       ] GC(51) Eden regions: 68->0(68)
[30,483s][info][gc,heap       ] GC(51) Survivor regions: 6->5(10)
[30,483s][info][gc,heap       ] GC(51) Old regions: 58->60
[30,483s][info][gc,heap       ] GC(51) Humongous regions: 92->92
[30,483s][info][gc,metaspace  ] GC(51) Metaspace: 31929K->31929K(1081344K)
[30,483s][info][gc            ] GC(51) Pause Young (G1 Evacuation Pause) 222M->155M(256M) 13,849ms
[30,483s][info][gc,cpu        ] GC(51) User=0,06s Sys=0,00s Real=0,02s
[30,521s][info][gc,start      ] GC(52) Pause Initial Mark (G1 Evacuation Pause)
[30,521s][info][gc,task       ] GC(52) Using 4 workers of 4 for evacuation
[30,533s][info][gc,phases     ] GC(52)   Pre Evacuate Collection Set: 0,0ms
[30,533s][info][gc,phases     ] GC(52)   Evacuate Collection Set: 10,7ms
[30,533s][info][gc,phases     ] GC(52)   Post Evacuate Collection Set: 0,5ms
[30,533s][info][gc,phases     ] GC(52)   Other: 0,2ms
[30,533s][info][gc,heap       ] GC(52) Eden regions: 68->0(68)
[30,533s][info][gc,heap       ] GC(52) Survivor regions: 5->5(10)
[30,533s][info][gc,heap       ] GC(52) Old regions: 60->60
[30,533s][info][gc,heap       ] GC(52) Humongous regions: 92->92
[30,533s][info][gc,metaspace  ] GC(52) Metaspace: 31929K->31929K(1081344K)
[30,533s][info][gc            ] GC(52) Pause Initial Mark (G1 Evacuation Pause) 223M->156M(256M) 11,481ms
[30,533s][info][gc,cpu        ] GC(52) User=0,04s Sys=0,00s Real=0,00s
[30,533s][info][gc            ] GC(53) Concurrent Cycle
[30,533s][info][gc,marking    ] GC(53) Concurrent Clear Claimed Marks
[30,533s][info][gc,marking    ] GC(53) Concurrent Clear Claimed Marks 0,270ms
[30,533s][info][gc,marking    ] GC(53) Concurrent Scan Root Regions
[30,539s][info][gc,marking    ] GC(53) Concurrent Scan Root Regions 6,018ms
[30,539s][info][gc,marking    ] GC(53) Concurrent Mark (30,539s)
[30,539s][info][gc,marking    ] GC(53) Concurrent Mark From Roots
[30,539s][info][gc,task       ] GC(53) Using 1 workers of 1 for marking
[30,590s][info][gc,start      ] GC(54) Pause Young (G1 Evacuation Pause)
[30,590s][info][gc,task       ] GC(54) Using 4 workers of 4 for evacuation
[30,602s][info][gc,phases     ] GC(54)   Pre Evacuate Collection Set: 0,0ms
[30,602s][info][gc,phases     ] GC(54)   Evacuate Collection Set: 10,9ms
[30,602s][info][gc,phases     ] GC(54)   Post Evacuate Collection Set: 0,5ms
[30,602s][info][gc,phases     ] GC(54)   Other: 0,2ms
[30,602s][info][gc,heap       ] GC(54) Eden regions: 68->0(66)
[30,602s][info][gc,heap       ] GC(54) Survivor regions: 5->6(10)
[30,602s][info][gc,heap       ] GC(54) Old regions: 60->60
[30,602s][info][gc,heap       ] GC(54) Humongous regions: 92->92
[30,602s][info][gc,metaspace  ] GC(54) Metaspace: 31929K->31929K(1081344K)
[30,602s][info][gc            ] GC(54) Pause Young (G1 Evacuation Pause) 224M->156M(256M) 11,742ms
[30,602s][info][gc,cpu        ] GC(54) User=0,05s Sys=0,00s Real=0,02s
[30,658s][info][gc,start      ] GC(55) Pause Young (G1 Evacuation Pause)
[30,658s][info][gc,task       ] GC(55) Using 4 workers of 4 for evacuation
[30,672s][info][gc,phases     ] GC(55)   Pre Evacuate Collection Set: 0,0ms
[30,672s][info][gc,phases     ] GC(55)   Evacuate Collection Set: 12,9ms
[30,672s][info][gc,phases     ] GC(55)   Post Evacuate Collection Set: 0,6ms
[30,672s][info][gc,phases     ] GC(55)   Other: 0,2ms
[30,672s][info][gc,heap       ] GC(55) Eden regions: 66->0(65)
[30,672s][info][gc,heap       ] GC(55) Survivor regions: 6->6(9)
[30,672s][info][gc,heap       ] GC(55) Old regions: 60->61
[30,672s][info][gc,heap       ] GC(55) Humongous regions: 92->92
[30,672s][info][gc,metaspace  ] GC(55) Metaspace: 31929K->31929K(1081344K)
[30,672s][info][gc            ] GC(55) Pause Young (G1 Evacuation Pause) 222M->157M(256M) 13,835ms
[30,672s][info][gc,cpu        ] GC(55) User=0,05s Sys=0,00s Real=0,01s
[30,699s][info][gc,marking    ] GC(53) Concurrent Mark From Roots 159,809ms
[30,699s][info][gc,marking    ] GC(53) Concurrent Mark (30,539s, 30,699s) 159,882ms
[30,702s][info][gc,start      ] GC(53) Pause Remark
[30,715s][info][gc,stringtable] GC(53) Cleaned string and symbol table, strings: 13545 processed, 0 removed, symbols: 81463 processed, 0 removed
[30,715s][info][gc            ] GC(53) Pause Remark 188M->188M(256M) 12,677ms
[30,715s][info][gc,cpu        ] GC(53) User=0,04s Sys=0,00s Real=0,01s
[30,715s][info][gc,marking    ] GC(53) Concurrent Create Live Data
[30,744s][info][gc,start      ] GC(56) Pause Young (G1 Evacuation Pause)
[30,744s][info][gc,task       ] GC(56) Using 4 workers of 4 for evacuation
[30,756s][info][gc,phases     ] GC(56)   Pre Evacuate Collection Set: 0,0ms
[30,756s][info][gc,phases     ] GC(56)   Evacuate Collection Set: 11,4ms
[30,756s][info][gc,phases     ] GC(56)   Post Evacuate Collection Set: 0,3ms
[30,756s][info][gc,phases     ] GC(56)   Other: 0,2ms
[30,756s][info][gc,heap       ] GC(56) Eden regions: 65->0(66)
[30,756s][info][gc,heap       ] GC(56) Survivor regions: 6->5(9)
[30,756s][info][gc,heap       ] GC(56) Old regions: 61->62
[30,756s][info][gc,heap       ] GC(56) Humongous regions: 92->92
[30,756s][info][gc,metaspace  ] GC(56) Metaspace: 31929K->31929K(1081344K)
[30,756s][info][gc            ] GC(56) Pause Young (G1 Evacuation Pause) 222M->158M(256M) 11,987ms
[30,756s][info][gc,cpu        ] GC(56) User=0,05s Sys=0,00s Real=0,01s
[30,759s][info][gc,marking    ] GC(53) Concurrent Create Live Data 44,424ms
[30,759s][info][gc,start      ] GC(53) Pause Cleanup
[30,760s][info][gc            ] GC(53) Pause Cleanup 160M->160M(256M) 0,489ms
[30,760s][info][gc,cpu        ] GC(53) User=0,00s Sys=0,00s Real=0,00s
[30,760s][info][gc,marking    ] GC(53) Concurrent Cleanup for Next Mark
[30,762s][info][gc,marking    ] GC(53) Concurrent Cleanup for Next Mark 2,293ms
[30,762s][info][gc            ] GC(53) Concurrent Cycle 229,278ms
[30,843s][info][gc,start      ] GC(57) Pause Young (G1 Evacuation Pause)
[30,843s][info][gc,task       ] GC(57) Using 4 workers of 4 for evacuation
[30,855s][info][gc,phases     ] GC(57)   Pre Evacuate Collection Set: 0,0ms
[30,855s][info][gc,phases     ] GC(57)   Evacuate Collection Set: 11,3ms
[30,855s][info][gc,phases     ] GC(57)   Post Evacuate Collection Set: 0,3ms
[30,855s][info][gc,phases     ] GC(57)   Other: 0,2ms
[30,855s][info][gc,heap       ] GC(57) Eden regions: 66->0(65)
[30,855s][info][gc,heap       ] GC(57) Survivor regions: 5->5(9)
[30,855s][info][gc,heap       ] GC(57) Old regions: 62->63
[30,855s][info][gc,heap       ] GC(57) Humongous regions: 92->92
[30,855s][info][gc,metaspace  ] GC(57) Metaspace: 31933K->31933K(1081344K)
[30,855s][info][gc            ] GC(57) Pause Young (G1 Evacuation Pause) 224M->159M(256M) 12,016ms
[30,855s][info][gc,cpu        ] GC(57) User=0,04s Sys=0,00s Real=0,01s
[30,900s][info][gc,start      ] GC(58) Pause Initial Mark (G1 Evacuation Pause)
[30,900s][info][gc,task       ] GC(58) Using 4 workers of 4 for evacuation
[30,914s][info][gc,phases     ] GC(58)   Pre Evacuate Collection Set: 0,0ms
[30,914s][info][gc,phases     ] GC(58)   Evacuate Collection Set: 13,5ms
[30,914s][info][gc,phases     ] GC(58)   Post Evacuate Collection Set: 0,5ms
[30,914s][info][gc,phases     ] GC(58)   Other: 0,2ms
[30,915s][info][gc,heap       ] GC(58) Eden regions: 65->0(63)
[30,915s][info][gc,heap       ] GC(58) Survivor regions: 5->6(9)
[30,915s][info][gc,heap       ] GC(58) Old regions: 63->63
[30,915s][info][gc,heap       ] GC(58) Humongous regions: 92->92
[30,915s][info][gc,metaspace  ] GC(58) Metaspace: 31933K->31933K(1081344K)
[30,915s][info][gc            ] GC(58) Pause Initial Mark (G1 Evacuation Pause) 224M->160M(256M) 14,316ms
[30,915s][info][gc,cpu        ] GC(58) User=0,05s Sys=0,00s Real=0,02s
[30,915s][info][gc            ] GC(59) Concurrent Cycle
[30,915s][info][gc,marking    ] GC(59) Concurrent Clear Claimed Marks
[30,915s][info][gc,marking    ] GC(59) Concurrent Clear Claimed Marks 0,239ms
[30,915s][info][gc,marking    ] GC(59) Concurrent Scan Root Regions
[30,921s][info][gc,marking    ] GC(59) Concurrent Scan Root Regions 6,022ms
[30,921s][info][gc,marking    ] GC(59) Concurrent Mark (30,921s)
[30,921s][info][gc,marking    ] GC(59) Concurrent Mark From Roots
[30,921s][info][gc,task       ] GC(59) Using 1 workers of 1 for marking
[30,975s][info][gc,start      ] GC(60) Pause Young (G1 Evacuation Pause)
[30,975s][info][gc,task       ] GC(60) Using 4 workers of 4 for evacuation
[30,992s][info][gc,phases     ] GC(60)   Pre Evacuate Collection Set: 0,0ms
[30,992s][info][gc,phases     ] GC(60)   Evacuate Collection Set: 15,8ms
[30,992s][info][gc,phases     ] GC(60)   Post Evacuate Collection Set: 0,6ms
[30,992s][info][gc,phases     ] GC(60)   Other: 0,2ms
[30,992s][info][gc,heap       ] GC(60) Eden regions: 63->0(57)
[30,992s][info][gc,heap       ] GC(60) Survivor regions: 6->8(9)
[30,992s][info][gc,heap       ] GC(60) Old regions: 63->65
[30,992s][info][gc,heap       ] GC(60) Humongous regions: 92->92
[30,992s][info][gc,metaspace  ] GC(60) Metaspace: 31934K->31934K(1081344K)
[30,992s][info][gc            ] GC(60) Pause Young (G1 Evacuation Pause) 223M->163M(256M) 16,713ms
[30,992s][info][gc,cpu        ] GC(60) User=0,07s Sys=0,00s Real=0,01s
[31,044s][info][gc,start      ] GC(61) Pause Young (G1 Evacuation Pause)
[31,044s][info][gc,task       ] GC(61) Using 4 workers of 4 for evacuation
[31,068s][info][gc,phases     ] GC(61)   Pre Evacuate Collection Set: 0,0ms
[31,068s][info][gc,phases     ] GC(61)   Evacuate Collection Set: 23,3ms
[31,068s][info][gc,phases     ] GC(61)   Post Evacuate Collection Set: 0,5ms
[31,068s][info][gc,phases     ] GC(61)   Other: 0,2ms
[31,068s][info][gc,heap       ] GC(61) Eden regions: 57->0(54)
[31,068s][info][gc,heap       ] GC(61) Survivor regions: 8->8(9)
[31,068s][info][gc,heap       ] GC(61) Old regions: 65->68
[31,068s][info][gc,heap       ] GC(61) Humongous regions: 92->92
[31,068s][info][gc,metaspace  ] GC(61) Metaspace: 31934K->31934K(1081344K)
[31,068s][info][gc            ] GC(61) Pause Young (G1 Evacuation Pause) 220M->166M(256M) 24,114ms
[31,068s][info][gc,cpu        ] GC(61) User=0,09s Sys=0,00s Real=0,02s
[31,123s][info][gc,start      ] GC(62) Pause Young (G1 Evacuation Pause)
[31,123s][info][gc,task       ] GC(62) Using 4 workers of 4 for evacuation
[31,143s][info][gc,phases     ] GC(62)   Pre Evacuate Collection Set: 0,0ms
[31,143s][info][gc,phases     ] GC(62)   Evacuate Collection Set: 19,9ms
[31,143s][info][gc,phases     ] GC(62)   Post Evacuate Collection Set: 0,7ms
[31,143s][info][gc,phases     ] GC(62)   Other: 0,2ms
[31,143s][info][gc,heap       ] GC(62) Eden regions: 54->0(50)
[31,144s][info][gc,heap       ] GC(62) Survivor regions: 8->8(8)
[31,144s][info][gc,heap       ] GC(62) Old regions: 68->72
[31,144s][info][gc,heap       ] GC(62) Humongous regions: 92->92
[31,144s][info][gc,metaspace  ] GC(62) Metaspace: 31934K->31934K(1081344K)
[31,144s][info][gc            ] GC(62) Pause Young (G1 Evacuation Pause) 220M->171M(256M) 20,860ms
[31,144s][info][gc,cpu        ] GC(62) User=0,07s Sys=0,00s Real=0,02s
[31,162s][info][gc,marking    ] GC(59) Concurrent Mark From Roots 240,444ms
[31,162s][info][gc,marking    ] GC(59) Concurrent Mark (30,921s, 31,162s) 240,519ms
[31,162s][info][gc,start      ] GC(59) Pause Remark
[31,174s][info][gc,stringtable] GC(59) Cleaned string and symbol table, strings: 13568 processed, 0 removed, symbols: 81463 processed, 0 removed
[31,174s][info][gc            ] GC(59) Pause Remark 191M->191M(256M) 12,418ms
[31,174s][info][gc,cpu        ] GC(59) User=0,04s Sys=0,00s Real=0,01s
[31,174s][info][gc,marking    ] GC(59) Concurrent Create Live Data
[31,194s][info][gc,start      ] GC(63) Pause Young (G1 Evacuation Pause)
[31,194s][info][gc,task       ] GC(63) Using 4 workers of 4 for evacuation
[31,209s][info][gc,phases     ] GC(63)   Pre Evacuate Collection Set: 0,0ms
[31,209s][info][gc,phases     ] GC(63)   Evacuate Collection Set: 14,1ms
[31,209s][info][gc,phases     ] GC(63)   Post Evacuate Collection Set: 0,4ms
[31,209s][info][gc,phases     ] GC(63)   Other: 0,2ms
[31,209s][info][gc,heap       ] GC(63) Eden regions: 50->0(49)
[31,209s][info][gc,heap       ] GC(63) Survivor regions: 8->2(8)
[31,209s][info][gc,heap       ] GC(63) Old regions: 72->80
[31,209s][info][gc,heap       ] GC(63) Humongous regions: 92->92
[31,209s][info][gc,metaspace  ] GC(63) Metaspace: 31934K->31934K(1081344K)
[31,209s][info][gc            ] GC(63) Pause Young (G1 Evacuation Pause) 221M->172M(256M) 14,882ms
[31,209s][info][gc,cpu        ] GC(63) User=0,06s Sys=0,00s Real=0,01s
[31,223s][info][gc,marking    ] GC(59) Concurrent Create Live Data 48,693ms
[31,223s][info][gc,start      ] GC(59) Pause Cleanup
[31,224s][info][gc            ] GC(59) Pause Cleanup 192M->192M(256M) 0,525ms
[31,224s][info][gc,cpu        ] GC(59) User=0,01s Sys=0,00s Real=0,00s
[31,224s][info][gc,marking    ] GC(59) Concurrent Cleanup for Next Mark
[31,231s][info][gc,marking    ] GC(59) Concurrent Cleanup for Next Mark 7,183ms
[31,231s][info][gc            ] GC(59) Concurrent Cycle 316,605ms
[31,239s][info][gc,start      ] GC(64) Pause Young (G1 Evacuation Pause)
[31,239s][info][gc,task       ] GC(64) Using 4 workers of 4 for evacuation
[31,248s][info][gc,phases     ] GC(64)   Pre Evacuate Collection Set: 0,0ms
[31,248s][info][gc,phases     ] GC(64)   Evacuate Collection Set: 8,2ms
[31,248s][info][gc,phases     ] GC(64)   Post Evacuate Collection Set: 0,3ms
[31,248s][info][gc,phases     ] GC(64)   Other: 0,2ms
[31,248s][info][gc,heap       ] GC(64) Eden regions: 49->0(10)
[31,248s][info][gc,heap       ] GC(64) Survivor regions: 2->2(7)
[31,248s][info][gc,heap       ] GC(64) Old regions: 80->80
[31,248s][info][gc,heap       ] GC(64) Humongous regions: 92->92
[31,248s][info][gc,metaspace  ] GC(64) Metaspace: 31934K->31934K(1081344K)
[31,248s][info][gc            ] GC(64) Pause Young (G1 Evacuation Pause) 221M->172M(256M) 8,798ms
[31,248s][info][gc,cpu        ] GC(64) User=0,03s Sys=0,00s Real=0,01s
[31,254s][info][gc,start      ] GC(65) Pause Mixed (G1 Evacuation Pause)
[31,254s][info][gc,task       ] GC(65) Using 4 workers of 4 for evacuation
[31,259s][info][gc,phases     ] GC(65)   Pre Evacuate Collection Set: 0,0ms
[31,259s][info][gc,phases     ] GC(65)   Evacuate Collection Set: 4,8ms
[31,259s][info][gc,phases     ] GC(65)   Post Evacuate Collection Set: 0,4ms
[31,259s][info][gc,phases     ] GC(65)   Other: 0,2ms
[31,259s][info][gc,heap       ] GC(65) Eden regions: 10->0(50)
[31,259s][info][gc,heap       ] GC(65) Survivor regions: 2->2(2)
[31,259s][info][gc,heap       ] GC(65) Old regions: 80->79
[31,259s][info][gc,heap       ] GC(65) Humongous regions: 92->92
[31,259s][info][gc,metaspace  ] GC(65) Metaspace: 31934K->31934K(1081344K)
[31,259s][info][gc            ] GC(65) Pause Mixed (G1 Evacuation Pause) 182M->171M(256M) 5,468ms
[31,259s][info][gc,cpu        ] GC(65) User=0,02s Sys=0,00s Real=0,00s
[31,288s][info][gc,start      ] GC(66) Pause Initial Mark (G1 Evacuation Pause)
[31,288s][info][gc,task       ] GC(66) Using 4 workers of 4 for evacuation
[31,294s][info][gc,phases     ] GC(66)   Pre Evacuate Collection Set: 0,0ms
[31,294s][info][gc,phases     ] GC(66)   Evacuate Collection Set: 5,6ms
[31,294s][info][gc,phases     ] GC(66)   Post Evacuate Collection Set: 0,4ms
[31,294s][info][gc,phases     ] GC(66)   Other: 0,2ms
[31,294s][info][gc,heap       ] GC(66) Eden regions: 50->0(51)
[31,294s][info][gc,heap       ] GC(66) Survivor regions: 2->2(7)
[31,294s][info][gc,heap       ] GC(66) Old regions: 79->79
[31,294s][info][gc,heap       ] GC(66) Humongous regions: 92->92
[31,294s][info][gc,metaspace  ] GC(66) Metaspace: 31934K->31934K(1081344K)
[31,294s][info][gc            ] GC(66) Pause Initial Mark (G1 Evacuation Pause) 221M->172M(256M) 6,292ms
[31,294s][info][gc,cpu        ] GC(66) User=0,02s Sys=0,00s Real=0,01s
[31,294s][info][gc            ] GC(67) Concurrent Cycle
[31,294s][info][gc,marking    ] GC(67) Concurrent Clear Claimed Marks
[31,294s][info][gc,marking    ] GC(67) Concurrent Clear Claimed Marks 0,231ms
[31,294s][info][gc,marking    ] GC(67) Concurrent Scan Root Regions
[31,296s][info][gc,marking    ] GC(67) Concurrent Scan Root Regions 1,612ms
[31,296s][info][gc,marking    ] GC(67) Concurrent Mark (31,296s)
[31,296s][info][gc,marking    ] GC(67) Concurrent Mark From Roots
[31,296s][info][gc,task       ] GC(67) Using 1 workers of 1 for marking
[31,334s][info][gc,start      ] GC(68) Pause Young (G1 Evacuation Pause)
[31,334s][info][gc,task       ] GC(68) Using 4 workers of 4 for evacuation
[31,339s][info][gc,phases     ] GC(68)   Pre Evacuate Collection Set: 0,0ms
[31,339s][info][gc,phases     ] GC(68)   Evacuate Collection Set: 4,4ms
[31,339s][info][gc,phases     ] GC(68)   Post Evacuate Collection Set: 0,5ms
[31,339s][info][gc,phases     ] GC(68)   Other: 0,2ms
[31,339s][info][gc,heap       ] GC(68) Eden regions: 51->0(51)
[31,339s][info][gc,heap       ] GC(68) Survivor regions: 2->3(7)
[31,339s][info][gc,heap       ] GC(68) Old regions: 79->79
[31,339s][info][gc,heap       ] GC(68) Humongous regions: 92->92
[31,339s][info][gc,metaspace  ] GC(68) Metaspace: 31934K->31934K(1081344K)
[31,339s][info][gc            ] GC(68) Pause Young (G1 Evacuation Pause) 223M->172M(256M) 5,169ms
[31,339s][info][gc,cpu        ] GC(68) User=0,02s Sys=0,00s Real=0,00s
[31,379s][info][gc,start      ] GC(69) Pause Young (G1 Evacuation Pause)
[31,379s][info][gc,task       ] GC(69) Using 4 workers of 4 for evacuation
[31,385s][info][gc,phases     ] GC(69)   Pre Evacuate Collection Set: 0,0ms
[31,385s][info][gc,phases     ] GC(69)   Evacuate Collection Set: 4,8ms
[31,385s][info][gc,phases     ] GC(69)   Post Evacuate Collection Set: 0,5ms
[31,385s][info][gc,phases     ] GC(69)   Other: 0,2ms
[31,385s][info][gc,heap       ] GC(69) Eden regions: 51->0(51)
[31,385s][info][gc,heap       ] GC(69) Survivor regions: 3->3(7)
[31,385s][info][gc,heap       ] GC(69) Old regions: 79->79
[31,385s][info][gc,heap       ] GC(69) Humongous regions: 92->92
[31,385s][info][gc,metaspace  ] GC(69) Metaspace: 31934K->31934K(1081344K)
[31,385s][info][gc            ] GC(69) Pause Young (G1 Evacuation Pause) 223M->173M(256M) 5,616ms
[31,385s][info][gc,cpu        ] GC(69) User=0,02s Sys=0,00s Real=0,01s
[31,427s][info][gc,start      ] GC(70) Pause Young (G1 Evacuation Pause)
[31,427s][info][gc,task       ] GC(70) Using 4 workers of 4 for evacuation
[31,433s][info][gc,phases     ] GC(70)   Pre Evacuate Collection Set: 0,0ms
[31,433s][info][gc,phases     ] GC(70)   Evacuate Collection Set: 5,2ms
[31,433s][info][gc,phases     ] GC(70)   Post Evacuate Collection Set: 0,5ms
[31,433s][info][gc,phases     ] GC(70)   Other: 0,2ms
[31,433s][info][gc,heap       ] GC(70) Eden regions: 51->0(51)
[31,433s][info][gc,heap       ] GC(70) Survivor regions: 3->4(7)
[31,433s][info][gc,heap       ] GC(70) Old regions: 79->79
[31,433s][info][gc,heap       ] GC(70) Humongous regions: 92->92
[31,433s][info][gc,metaspace  ] GC(70) Metaspace: 31934K->31934K(1081344K)
[31,433s][info][gc            ] GC(70) Pause Young (G1 Evacuation Pause) 224M->173M(256M) 5,965ms
[31,433s][info][gc,cpu        ] GC(70) User=0,03s Sys=0,00s Real=0,00s
[31,469s][info][gc,marking    ] GC(67) Concurrent Mark From Roots 173,118ms
[31,469s][info][gc,marking    ] GC(67) Concurrent Mark (31,296s, 31,469s) 173,222ms
[31,470s][info][gc,start      ] GC(67) Pause Remark
[31,482s][info][gc,stringtable] GC(67) Cleaned string and symbol table, strings: 13581 processed, 0 removed, symbols: 81463 processed, 0 removed
[31,482s][info][gc            ] GC(67) Pause Remark 206M->206M(256M) 12,589ms
[31,482s][info][gc,cpu        ] GC(67) User=0,04s Sys=0,00s Real=0,02s
[31,483s][info][gc,marking    ] GC(67) Concurrent Create Live Data
[31,497s][info][gc,start      ] GC(71) Pause Young (G1 Evacuation Pause)
[31,497s][info][gc,task       ] GC(71) Using 4 workers of 4 for evacuation
[31,505s][info][gc,phases     ] GC(71)   Pre Evacuate Collection Set: 0,0ms
[31,505s][info][gc,phases     ] GC(71)   Evacuate Collection Set: 7,6ms
[31,505s][info][gc,phases     ] GC(71)   Post Evacuate Collection Set: 0,3ms
[31,505s][info][gc,phases     ] GC(71)   Other: 0,2ms
[31,505s][info][gc,heap       ] GC(71) Eden regions: 51->0(51)
[31,505s][info][gc,heap       ] GC(71) Survivor regions: 4->4(7)
[31,505s][info][gc,heap       ] GC(71) Old regions: 79->79
[31,505s][info][gc,heap       ] GC(71) Humongous regions: 92->92
[31,505s][info][gc,metaspace  ] GC(71) Metaspace: 31935K->31935K(1081344K)
[31,505s][info][gc            ] GC(71) Pause Young (G1 Evacuation Pause) 224M->174M(256M) 8,178ms
[31,505s][info][gc,cpu        ] GC(71) User=0,02s Sys=0,00s Real=0,01s
[31,538s][info][gc,start      ] GC(72) Pause Young (G1 Evacuation Pause)
[31,538s][info][gc,task       ] GC(72) Using 4 workers of 4 for evacuation
[31,545s][info][gc,phases     ] GC(72)   Pre Evacuate Collection Set: 0,0ms
[31,545s][info][gc,phases     ] GC(72)   Evacuate Collection Set: 7,2ms
[31,545s][info][gc,phases     ] GC(72)   Post Evacuate Collection Set: 0,3ms
[31,545s][info][gc,phases     ] GC(72)   Other: 0,2ms
[31,545s][info][gc,heap       ] GC(72) Eden regions: 51->0(49)
[31,545s][info][gc,heap       ] GC(72) Survivor regions: 4->5(7)
[31,545s][info][gc,heap       ] GC(72) Old regions: 79->79
[31,545s][info][gc,heap       ] GC(72) Humongous regions: 92->92
[31,545s][info][gc,metaspace  ] GC(72) Metaspace: 31935K->31935K(1081344K)
[31,545s][info][gc            ] GC(72) Pause Young (G1 Evacuation Pause) 225M->174M(256M) 7,832ms
[31,545s][info][gc,cpu        ] GC(72) User=0,03s Sys=0,00s Real=0,01s
[31,550s][info][gc,marking    ] GC(67) Concurrent Create Live Data 67,847ms
[31,551s][info][gc,start      ] GC(67) Pause Cleanup
[31,551s][info][gc            ] GC(67) Pause Cleanup 181M->181M(256M) 0,531ms
[31,551s][info][gc,cpu        ] GC(67) User=0,00s Sys=0,00s Real=0,00s
[31,551s][info][gc,marking    ] GC(67) Concurrent Cleanup for Next Mark
[31,553s][info][gc,marking    ] GC(67) Concurrent Cleanup for Next Mark 1,707ms
[31,553s][info][gc            ] GC(67) Concurrent Cycle 258,838ms
[31,579s][info][gc,start      ] GC(73) Pause Young (G1 Evacuation Pause)
[31,579s][info][gc,task       ] GC(73) Using 4 workers of 4 for evacuation
[31,589s][info][gc,phases     ] GC(73)   Pre Evacuate Collection Set: 0,0ms
[31,589s][info][gc,phases     ] GC(73)   Evacuate Collection Set: 9,5ms
[31,589s][info][gc,phases     ] GC(73)   Post Evacuate Collection Set: 0,3ms
[31,589s][info][gc,phases     ] GC(73)   Other: 0,2ms
[31,589s][info][gc,heap       ] GC(73) Eden regions: 49->0(7)
[31,589s][info][gc,heap       ] GC(73) Survivor regions: 5->5(7)
[31,589s][info][gc,heap       ] GC(73) Old regions: 79->79
[31,589s][info][gc,heap       ] GC(73) Humongous regions: 92->92
[31,589s][info][gc,metaspace  ] GC(73) Metaspace: 31935K->31935K(1081344K)
[31,589s][info][gc            ] GC(73) Pause Young (G1 Evacuation Pause) 223M->175M(256M) 10,125ms
[31,589s][info][gc,cpu        ] GC(73) User=0,03s Sys=0,00s Real=0,01s
[31,595s][info][gc,start      ] GC(74) Pause Mixed (G1 Evacuation Pause)
[31,595s][info][gc,task       ] GC(74) Using 4 workers of 4 for evacuation
[31,607s][info][gc,phases     ] GC(74)   Pre Evacuate Collection Set: 0,0ms
[31,607s][info][gc,phases     ] GC(74)   Evacuate Collection Set: 11,8ms
[31,607s][info][gc,phases     ] GC(74)   Post Evacuate Collection Set: 0,4ms
[31,607s][info][gc,phases     ] GC(74)   Other: 0,2ms
[31,607s][info][gc,heap       ] GC(74) Eden regions: 7->0(60)
[31,607s][info][gc,heap       ] GC(74) Survivor regions: 5->1(2)
[31,607s][info][gc,heap       ] GC(74) Old regions: 79->71
[31,607s][info][gc,heap       ] GC(74) Humongous regions: 92->92
[31,607s][info][gc,metaspace  ] GC(74) Metaspace: 31935K->31935K(1081344K)
[31,607s][info][gc            ] GC(74) Pause Mixed (G1 Evacuation Pause) 182M->163M(256M) 12,455ms
[31,607s][info][gc,cpu        ] GC(74) User=0,05s Sys=0,00s Real=0,01s
[31,639s][info][gc,start      ] GC(75) Pause Initial Mark (G1 Evacuation Pause)
[31,639s][info][gc,task       ] GC(75) Using 4 workers of 4 for evacuation
[31,649s][info][gc,phases     ] GC(75)   Pre Evacuate Collection Set: 0,0ms
[31,650s][info][gc,phases     ] GC(75)   Evacuate Collection Set: 9,5ms
[31,650s][info][gc,phases     ] GC(75)   Post Evacuate Collection Set: 0,4ms
[31,650s][info][gc,phases     ] GC(75)   Other: 0,2ms
[31,650s][info][gc,heap       ] GC(75) Eden regions: 60->0(60)
[31,650s][info][gc,heap       ] GC(75) Survivor regions: 1->2(8)
[31,650s][info][gc,heap       ] GC(75) Old regions: 71->71
[31,650s][info][gc,heap       ] GC(75) Humongous regions: 92->92
[31,650s][info][gc,metaspace  ] GC(75) Metaspace: 31935K->31935K(1081344K)
[31,650s][info][gc            ] GC(75) Pause Initial Mark (G1 Evacuation Pause) 223M->164M(256M) 10,292ms
[31,650s][info][gc,cpu        ] GC(75) User=0,03s Sys=0,00s Real=0,01s
[31,650s][info][gc            ] GC(76) Concurrent Cycle
[31,650s][info][gc,marking    ] GC(76) Concurrent Clear Claimed Marks
[31,650s][info][gc,marking    ] GC(76) Concurrent Clear Claimed Marks 0,208ms
[31,650s][info][gc,marking    ] GC(76) Concurrent Scan Root Regions
[31,652s][info][gc,marking    ] GC(76) Concurrent Scan Root Regions 1,812ms
[31,652s][info][gc,marking    ] GC(76) Concurrent Mark (31,652s)
[31,652s][info][gc,marking    ] GC(76) Concurrent Mark From Roots
[31,652s][info][gc,task       ] GC(76) Using 1 workers of 1 for marking
[31,707s][info][gc,start      ] GC(77) Pause Young (G1 Evacuation Pause)
[31,707s][info][gc,task       ] GC(77) Using 4 workers of 4 for evacuation
[31,714s][info][gc,phases     ] GC(77)   Pre Evacuate Collection Set: 0,0ms
[31,714s][info][gc,phases     ] GC(77)   Evacuate Collection Set: 6,2ms
[31,714s][info][gc,phases     ] GC(77)   Post Evacuate Collection Set: 0,5ms
[31,714s][info][gc,phases     ] GC(77)   Other: 0,2ms
[31,714s][info][gc,heap       ] GC(77) Eden regions: 60->0(60)
[31,714s][info][gc,heap       ] GC(77) Survivor regions: 2->2(8)
[31,714s][info][gc,heap       ] GC(77) Old regions: 71->71
[31,714s][info][gc,heap       ] GC(77) Humongous regions: 92->92
[31,714s][info][gc,metaspace  ] GC(77) Metaspace: 31935K->31935K(1081344K)
[31,714s][info][gc            ] GC(77) Pause Young (G1 Evacuation Pause) 224M->164M(256M) 6,984ms
[31,714s][info][gc,cpu        ] GC(77) User=0,02s Sys=0,00s Real=0,01s
[31,768s][info][gc,start      ] GC(78) Pause Young (G1 Evacuation Pause)
[31,768s][info][gc,task       ] GC(78) Using 4 workers of 4 for evacuation
[31,774s][info][gc,phases     ] GC(78)   Pre Evacuate Collection Set: 0,0ms
[31,774s][info][gc,phases     ] GC(78)   Evacuate Collection Set: 5,4ms
[31,774s][info][gc,phases     ] GC(78)   Post Evacuate Collection Set: 0,5ms
[31,774s][info][gc,phases     ] GC(78)   Other: 0,2ms
[31,774s][info][gc,heap       ] GC(78) Eden regions: 60->0(60)
[31,774s][info][gc,heap       ] GC(78) Survivor regions: 2->3(8)
[31,774s][info][gc,heap       ] GC(78) Old regions: 71->71
[31,774s][info][gc,heap       ] GC(78) Humongous regions: 92->92
[31,775s][info][gc,metaspace  ] GC(78) Metaspace: 31935K->31935K(1081344K)
[31,775s][info][gc            ] GC(78) Pause Young (G1 Evacuation Pause) 224M->165M(256M) 6,219ms
[31,775s][info][gc,cpu        ] GC(78) User=0,02s Sys=0,00s Real=0,01s
[31,822s][info][gc,start      ] GC(79) Pause Young (G1 Evacuation Pause)
[31,822s][info][gc,task       ] GC(79) Using 4 workers of 4 for evacuation
[31,834s][info][gc,phases     ] GC(79)   Pre Evacuate Collection Set: 0,0ms
[31,834s][info][gc,phases     ] GC(79)   Evacuate Collection Set: 11,2ms
[31,834s][info][gc,phases     ] GC(79)   Post Evacuate Collection Set: 0,7ms
[31,834s][info][gc,phases     ] GC(79)   Other: 0,2ms
[31,834s][info][gc,heap       ] GC(79) Eden regions: 60->0(57)
[31,834s][info][gc,heap       ] GC(79) Survivor regions: 3->5(8)
[31,834s][info][gc,heap       ] GC(79) Old regions: 71->71
[31,834s][info][gc,heap       ] GC(79) Humongous regions: 92->92
[31,834s][info][gc,metaspace  ] GC(79) Metaspace: 31935K->31935K(1081344K)
[31,834s][info][gc            ] GC(79) Pause Young (G1 Evacuation Pause) 225M->167M(256M) 12,163ms
[31,834s][info][gc,cpu        ] GC(79) User=0,04s Sys=0,00s Real=0,01s
[31,836s][info][gc,marking    ] GC(76) Concurrent Mark From Roots 184,549ms
[31,836s][info][gc,marking    ] GC(76) Concurrent Mark (31,652s, 31,836s) 184,621ms
[31,837s][info][gc,start      ] GC(76) Pause Remark
[31,850s][info][gc,stringtable] GC(76) Cleaned string and symbol table, strings: 13581 processed, 0 removed, symbols: 81463 processed, 0 removed
[31,851s][info][gc            ] GC(76) Pause Remark 170M->170M(256M) 13,879ms
[31,851s][info][gc,cpu        ] GC(76) User=0,04s Sys=0,00s Real=0,01s
[31,851s][info][gc,marking    ] GC(76) Concurrent Create Live Data
[31,882s][info][gc,start      ] GC(80) Pause Young (G1 Evacuation Pause)
[31,882s][info][gc,task       ] GC(80) Using 4 workers of 4 for evacuation
[31,893s][info][gc,phases     ] GC(80)   Pre Evacuate Collection Set: 0,0ms
[31,893s][info][gc,phases     ] GC(80)   Evacuate Collection Set: 10,4ms
[31,893s][info][gc,phases     ] GC(80)   Post Evacuate Collection Set: 0,3ms
[31,893s][info][gc,phases     ] GC(80)   Other: 0,2ms
[31,893s][info][gc,heap       ] GC(80) Eden regions: 57->0(56)
[31,893s][info][gc,heap       ] GC(80) Survivor regions: 5->5(8)
[31,893s][info][gc,heap       ] GC(80) Old regions: 71->72
[31,893s][info][gc,heap       ] GC(80) Humongous regions: 92->92
[31,893s][info][gc,metaspace  ] GC(80) Metaspace: 31935K->31935K(1081344K)
[31,893s][info][gc            ] GC(80) Pause Young (G1 Evacuation Pause) 224M->167M(256M) 10,990ms
[31,893s][info][gc,cpu        ] GC(80) User=0,03s Sys=0,00s Real=0,00s
[31,920s][info][gc,marking    ] GC(76) Concurrent Create Live Data 69,752ms
[31,923s][info][gc,start      ] GC(76) Pause Cleanup
[31,924s][info][gc            ] GC(76) Pause Cleanup 210M->210M(256M) 0,530ms
[31,924s][info][gc,cpu        ] GC(76) User=0,00s Sys=0,00s Real=0,00s
[31,924s][info][gc,marking    ] GC(76) Concurrent Cleanup for Next Mark
[31,926s][info][gc,marking    ] GC(76) Concurrent Cleanup for Next Mark 1,802ms
[31,926s][info][gc            ] GC(76) Concurrent Cycle 276,106ms
[31,934s][info][gc,start      ] GC(81) Pause Young (G1 Evacuation Pause)
[31,934s][info][gc,task       ] GC(81) Using 4 workers of 4 for evacuation
[31,944s][info][gc,phases     ] GC(81)   Pre Evacuate Collection Set: 0,1ms
[31,944s][info][gc,phases     ] GC(81)   Evacuate Collection Set: 9,7ms
[31,944s][info][gc,phases     ] GC(81)   Post Evacuate Collection Set: 0,3ms
[31,944s][info][gc,phases     ] GC(81)   Other: 0,2ms
[31,944s][info][gc,heap       ] GC(81) Eden regions: 56->0(56)
[31,944s][info][gc,heap       ] GC(81) Survivor regions: 5->5(8)
[31,944s][info][gc,heap       ] GC(81) Old regions: 72->72
[31,944s][info][gc,heap       ] GC(81) Humongous regions: 92->92
[31,944s][info][gc,metaspace  ] GC(81) Metaspace: 31935K->31935K(1081344K)
[31,945s][info][gc            ] GC(81) Pause Young (G1 Evacuation Pause) 223M->168M(256M) 10,449ms
[31,945s][info][gc,cpu        ] GC(81) User=0,03s Sys=0,01s Real=0,01s
[31,987s][info][gc,start      ] GC(82) Pause Initial Mark (G1 Evacuation Pause)
[31,987s][info][gc,task       ] GC(82) Using 4 workers of 4 for evacuation
[32,002s][info][gc,phases     ] GC(82)   Pre Evacuate Collection Set: 0,0ms
[32,002s][info][gc,phases     ] GC(82)   Evacuate Collection Set: 14,4ms
[32,002s][info][gc,phases     ] GC(82)   Post Evacuate Collection Set: 0,5ms
[32,002s][info][gc,phases     ] GC(82)   Other: 0,2ms
[32,002s][info][gc,heap       ] GC(82) Eden regions: 56->0(55)
[32,002s][info][gc,heap       ] GC(82) Survivor regions: 5->5(8)
[32,002s][info][gc,heap       ] GC(82) Old regions: 72->73
[32,002s][info][gc,heap       ] GC(82) Humongous regions: 92->92
[32,002s][info][gc,metaspace  ] GC(82) Metaspace: 31936K->31936K(1081344K)
[32,002s][info][gc            ] GC(82) Pause Initial Mark (G1 Evacuation Pause) 224M->168M(256M) 15,172ms
[32,002s][info][gc,cpu        ] GC(82) User=0,05s Sys=0,01s Real=0,02s
[32,002s][info][gc            ] GC(83) Concurrent Cycle
[32,002s][info][gc,marking    ] GC(83) Concurrent Clear Claimed Marks
[32,002s][info][gc,marking    ] GC(83) Concurrent Clear Claimed Marks 0,216ms
[32,002s][info][gc,marking    ] GC(83) Concurrent Scan Root Regions
[32,006s][info][gc,marking    ] GC(83) Concurrent Scan Root Regions 4,234ms
[32,006s][info][gc,marking    ] GC(83) Concurrent Mark (32,006s)
[32,006s][info][gc,marking    ] GC(83) Concurrent Mark From Roots
[32,006s][info][gc,task       ] GC(83) Using 1 workers of 1 for marking
[32,049s][info][gc,start      ] GC(84) Pause Young (G1 Evacuation Pause)
[32,049s][info][gc,task       ] GC(84) Using 4 workers of 4 for evacuation
[32,062s][info][gc,phases     ] GC(84)   Pre Evacuate Collection Set: 0,0ms
[32,062s][info][gc,phases     ] GC(84)   Evacuate Collection Set: 11,8ms
[32,062s][info][gc,phases     ] GC(84)   Post Evacuate Collection Set: 0,6ms
[32,062s][info][gc,phases     ] GC(84)   Other: 0,2ms
[32,062s][info][gc,heap       ] GC(84) Eden regions: 55->0(50)
[32,062s][info][gc,heap       ] GC(84) Survivor regions: 5->7(8)
[32,062s][info][gc,heap       ] GC(84) Old regions: 73->74
[32,062s][info][gc,heap       ] GC(84) Humongous regions: 92->92
[32,062s][info][gc,metaspace  ] GC(84) Metaspace: 31936K->31936K(1081344K)
[32,062s][info][gc            ] GC(84) Pause Young (G1 Evacuation Pause) 223M->171M(256M) 12,705ms
[32,062s][info][gc,cpu        ] GC(84) User=0,05s Sys=0,00s Real=0,02s
[32,103s][info][gc,start      ] GC(85) Pause Young (G1 Evacuation Pause)
[32,103s][info][gc,task       ] GC(85) Using 4 workers of 4 for evacuation
[32,118s][info][gc,phases     ] GC(85)   Pre Evacuate Collection Set: 0,0ms
[32,118s][info][gc,phases     ] GC(85)   Evacuate Collection Set: 14,3ms
[32,118s][info][gc,phases     ] GC(85)   Post Evacuate Collection Set: 0,5ms
[32,118s][info][gc,phases     ] GC(85)   Other: 0,2ms
[32,118s][info][gc,heap       ] GC(85) Eden regions: 50->0(48)
[32,118s][info][gc,heap       ] GC(85) Survivor regions: 7->7(8)
[32,118s][info][gc,heap       ] GC(85) Old regions: 74->76
[32,118s][info][gc,heap       ] GC(85) Humongous regions: 92->92
[32,118s][info][gc,metaspace  ] GC(85) Metaspace: 31936K->31936K(1081344K)
[32,119s][info][gc            ] GC(85) Pause Young (G1 Evacuation Pause) 221M->174M(256M) 15,072ms
[32,119s][info][gc,cpu        ] GC(85) User=0,06s Sys=0,00s Real=0,01s
[32,160s][info][gc,start      ] GC(86) Pause Young (G1 Evacuation Pause)
[32,160s][info][gc,task       ] GC(86) Using 4 workers of 4 for evacuation
[32,173s][info][gc,phases     ] GC(86)   Pre Evacuate Collection Set: 0,0ms
[32,173s][info][gc,phases     ] GC(86)   Evacuate Collection Set: 12,2ms
[32,173s][info][gc,phases     ] GC(86)   Post Evacuate Collection Set: 0,5ms
[32,173s][info][gc,phases     ] GC(86)   Other: 0,2ms
[32,173s][info][gc,heap       ] GC(86) Eden regions: 48->0(48)
[32,173s][info][gc,heap       ] GC(86) Survivor regions: 7->5(7)
[32,173s][info][gc,heap       ] GC(86) Old regions: 76->80
[32,173s][info][gc,heap       ] GC(86) Humongous regions: 92->92
[32,173s][info][gc,metaspace  ] GC(86) Metaspace: 31936K->31936K(1081344K)
[32,173s][info][gc            ] GC(86) Pause Young (G1 Evacuation Pause) 222M->175M(256M) 12,986ms
[32,173s][info][gc,cpu        ] GC(86) User=0,05s Sys=0,00s Real=0,01s
[32,210s][info][gc,start      ] GC(87) Pause Young (G1 Evacuation Pause)
[32,210s][info][gc,task       ] GC(87) Using 4 workers of 4 for evacuation
[32,222s][info][gc,phases     ] GC(87)   Pre Evacuate Collection Set: 0,0ms
[32,222s][info][gc,phases     ] GC(87)   Evacuate Collection Set: 11,3ms
[32,222s][info][gc,phases     ] GC(87)   Post Evacuate Collection Set: 0,7ms
[32,222s][info][gc,phases     ] GC(87)   Other: 0,2ms
[32,222s][info][gc,heap       ] GC(87) Eden regions: 48->0(46)
[32,222s][info][gc,heap       ] GC(87) Survivor regions: 5->4(7)
[32,222s][info][gc,heap       ] GC(87) Old regions: 80->83
[32,222s][info][gc,heap       ] GC(87) Humongous regions: 92->92
[32,222s][info][gc,metaspace  ] GC(87) Metaspace: 31936K->31936K(1081344K)
[32,222s][info][gc            ] GC(87) Pause Young (G1 Evacuation Pause) 223M->177M(256M) 12,310ms
[32,222s][info][gc,cpu        ] GC(87) User=0,05s Sys=0,00s Real=0,02s
[32,228s][info][gc,marking    ] GC(83) Concurrent Mark From Roots 221,909ms
[32,228s][info][gc,marking    ] GC(83) Concurrent Mark (32,006s, 32,228s) 221,984ms
[32,229s][info][gc,start      ] GC(83) Pause Remark
[32,241s][info][gc,stringtable] GC(83) Cleaned string and symbol table, strings: 13581 processed, 0 removed, symbols: 81463 processed, 0 removed
[32,241s][info][gc            ] GC(83) Pause Remark 183M->183M(256M) 12,535ms
[32,241s][info][gc,cpu        ] GC(83) User=0,03s Sys=0,01s Real=0,01s
[32,241s][info][gc,marking    ] GC(83) Concurrent Create Live Data
[32,270s][info][gc,start      ] GC(88) Pause Young (G1 Evacuation Pause)
[32,270s][info][gc,task       ] GC(88) Using 4 workers of 4 for evacuation
[32,282s][info][gc,phases     ] GC(88)   Pre Evacuate Collection Set: 0,0ms
[32,282s][info][gc,phases     ] GC(88)   Evacuate Collection Set: 10,9ms
[32,282s][info][gc,phases     ] GC(88)   Post Evacuate Collection Set: 0,3ms
[32,282s][info][gc,phases     ] GC(88)   Other: 0,2ms
[32,282s][info][gc,heap       ] GC(88) Eden regions: 46->0(45)
[32,282s][info][gc,heap       ] GC(88) Survivor regions: 4->5(7)
[32,282s][info][gc,heap       ] GC(88) Old regions: 83->83
[32,282s][info][gc,heap       ] GC(88) Humongous regions: 92->92
[32,282s][info][gc,metaspace  ] GC(88) Metaspace: 31936K->31936K(1081344K)
[32,282s][info][gc            ] GC(88) Pause Young (G1 Evacuation Pause) 223M->179M(256M) 11,509ms
[32,282s][info][gc,cpu        ] GC(88) User=0,04s Sys=0,00s Real=0,02s
[32,293s][info][gc,marking    ] GC(83) Concurrent Create Live Data 51,782ms
[32,296s][info][gc,start      ] GC(83) Pause Cleanup
[32,296s][info][gc            ] GC(83) Pause Cleanup 191M->191M(256M) 0,581ms
[32,296s][info][gc,cpu        ] GC(83) User=0,00s Sys=0,00s Real=0,00s
[32,296s][info][gc,marking    ] GC(83) Concurrent Cleanup for Next Mark
[32,298s][info][gc,marking    ] GC(83) Concurrent Cleanup for Next Mark 1,953ms
[32,298s][info][gc            ] GC(83) Concurrent Cycle 296,684ms
[32,315s][info][gc,start      ] GC(89) Pause Young (G1 Evacuation Pause)
[32,315s][info][gc,task       ] GC(89) Using 4 workers of 4 for evacuation
[32,324s][info][gc,phases     ] GC(89)   Pre Evacuate Collection Set: 0,0ms
[32,324s][info][gc,phases     ] GC(89)   Evacuate Collection Set: 8,8ms
[32,324s][info][gc,phases     ] GC(89)   Post Evacuate Collection Set: 0,3ms
[32,324s][info][gc,phases     ] GC(89)   Other: 0,2ms
[32,324s][info][gc,heap       ] GC(89) Eden regions: 45->0(8)
[32,324s][info][gc,heap       ] GC(89) Survivor regions: 5->4(7)
[32,324s][info][gc,heap       ] GC(89) Old regions: 83->86
[32,324s][info][gc,heap       ] GC(89) Humongous regions: 92->92
[32,324s][info][gc,metaspace  ] GC(89) Metaspace: 31936K->31936K(1081344K)
[32,324s][info][gc            ] GC(89) Pause Young (G1 Evacuation Pause) 224M->180M(256M) 9,355ms
[32,324s][info][gc,cpu        ] GC(89) User=0,04s Sys=0,00s Real=0,01s
[32,331s][info][gc,start      ] GC(90) Pause Mixed (G1 Evacuation Pause)
[32,331s][info][gc,task       ] GC(90) Using 4 workers of 4 for evacuation
[32,340s][info][gc,phases     ] GC(90)   Pre Evacuate Collection Set: 0,0ms
[32,340s][info][gc,phases     ] GC(90)   Evacuate Collection Set: 9,0ms
[32,340s][info][gc,phases     ] GC(90)   Post Evacuate Collection Set: 0,3ms
[32,340s][info][gc,phases     ] GC(90)   Other: 0,2ms
[32,340s][info][gc,heap       ] GC(90) Eden regions: 8->0(44)
[32,340s][info][gc,heap       ] GC(90) Survivor regions: 4->2(2)
[32,340s][info][gc,heap       ] GC(90) Old regions: 86->87
[32,340s][info][gc,heap       ] GC(90) Humongous regions: 92->92
[32,340s][info][gc,metaspace  ] GC(90) Metaspace: 31936K->31936K(1081344K)
[32,340s][info][gc            ] GC(90) Pause Mixed (G1 Evacuation Pause) 188M->179M(256M) 9,593ms
[32,340s][info][gc,cpu        ] GC(90) User=0,03s Sys=0,00s Real=0,01s
[32,365s][info][gc,start      ] GC(91) Pause Initial Mark (G1 Evacuation Pause)
[32,365s][info][gc,task       ] GC(91) Using 4 workers of 4 for evacuation
[32,388s][info][gc,phases     ] GC(91)   Pre Evacuate Collection Set: 0,0ms
[32,388s][info][gc,phases     ] GC(91)   Evacuate Collection Set: 21,8ms
[32,388s][info][gc,phases     ] GC(91)   Post Evacuate Collection Set: 0,5ms
[32,388s][info][gc,phases     ] GC(91)   Other: 0,2ms
[32,388s][info][gc,heap       ] GC(91) Eden regions: 44->0(44)
[32,388s][info][gc,heap       ] GC(91) Survivor regions: 2->2(6)
[32,388s][info][gc,heap       ] GC(91) Old regions: 87->87
[32,388s][info][gc,heap       ] GC(91) Humongous regions: 92->92
[32,388s][info][gc,metaspace  ] GC(91) Metaspace: 31936K->31936K(1081344K)
[32,388s][info][gc            ] GC(91) Pause Initial Mark (G1 Evacuation Pause) 223M->179M(256M) 22,567ms
[32,388s][info][gc,cpu        ] GC(91) User=0,07s Sys=0,00s Real=0,02s
[32,388s][info][gc            ] GC(92) Concurrent Cycle
[32,388s][info][gc,marking    ] GC(92) Concurrent Clear Claimed Marks
[32,388s][info][gc,marking    ] GC(92) Concurrent Clear Claimed Marks 0,166ms
[32,388s][info][gc,marking    ] GC(92) Concurrent Scan Root Regions
[32,390s][info][gc,marking    ] GC(92) Concurrent Scan Root Regions 1,812ms
[32,390s][info][gc,marking    ] GC(92) Concurrent Mark (32,390s)
[32,390s][info][gc,marking    ] GC(92) Concurrent Mark From Roots
[32,390s][info][gc,task       ] GC(92) Using 1 workers of 1 for marking
[32,430s][info][gc,start      ] GC(93) Pause Young (G1 Evacuation Pause)
[32,430s][info][gc,task       ] GC(93) Using 4 workers of 4 for evacuation
[32,437s][info][gc,phases     ] GC(93)   Pre Evacuate Collection Set: 0,0ms
[32,437s][info][gc,phases     ] GC(93)   Evacuate Collection Set: 6,8ms
[32,437s][info][gc,phases     ] GC(93)   Post Evacuate Collection Set: 0,5ms
[32,437s][info][gc,phases     ] GC(93)   Other: 0,2ms
[32,437s][info][gc,heap       ] GC(93) Eden regions: 44->0(44)
[32,437s][info][gc,heap       ] GC(93) Survivor regions: 2->2(6)
[32,437s][info][gc,heap       ] GC(93) Old regions: 87->87
[32,437s][info][gc,heap       ] GC(93) Humongous regions: 92->92
[32,437s][info][gc,metaspace  ] GC(93) Metaspace: 31936K->31936K(1081344K)
[32,437s][info][gc            ] GC(93) Pause Young (G1 Evacuation Pause) 223M->180M(256M) 7,579ms
[32,437s][info][gc,cpu        ] GC(93) User=0,02s Sys=0,00s Real=0,01s
[32,491s][info][gc,start      ] GC(94) Pause Young (G1 Evacuation Pause)
[32,491s][info][gc,task       ] GC(94) Using 4 workers of 4 for evacuation
[32,500s][info][gc,phases     ] GC(94)   Pre Evacuate Collection Set: 0,0ms
[32,500s][info][gc,phases     ] GC(94)   Evacuate Collection Set: 6,3ms
[32,500s][info][gc,phases     ] GC(94)   Post Evacuate Collection Set: 2,6ms
[32,500s][info][gc,phases     ] GC(94)   Other: 0,2ms
[32,500s][info][gc,heap       ] GC(94) Eden regions: 44->0(44)
[32,500s][info][gc,heap       ] GC(94) Survivor regions: 2->3(6)
[32,500s][info][gc,heap       ] GC(94) Old regions: 87->87
[32,500s][info][gc,heap       ] GC(94) Humongous regions: 92->92
[32,500s][info][gc,metaspace  ] GC(94) Metaspace: 31936K->31936K(1081344K)
[32,500s][info][gc            ] GC(94) Pause Young (G1 Evacuation Pause) 224M->180M(256M) 9,175ms
[32,500s][info][gc,cpu        ] GC(94) User=0,02s Sys=0,00s Real=0,01s
[32,536s][info][gc,start      ] GC(95) Pause Young (G1 Evacuation Pause)
[32,536s][info][gc,task       ] GC(95) Using 4 workers of 4 for evacuation
[32,543s][info][gc,phases     ] GC(95)   Pre Evacuate Collection Set: 0,0ms
[32,543s][info][gc,phases     ] GC(95)   Evacuate Collection Set: 6,3ms
[32,543s][info][gc,phases     ] GC(95)   Post Evacuate Collection Set: 0,5ms
[32,543s][info][gc,phases     ] GC(95)   Other: 0,2ms
[32,543s][info][gc,heap       ] GC(95) Eden regions: 44->0(44)
[32,543s][info][gc,heap       ] GC(95) Survivor regions: 3->3(6)
[32,543s][info][gc,heap       ] GC(95) Old regions: 87->87
[32,543s][info][gc,heap       ] GC(95) Humongous regions: 92->92
[32,543s][info][gc,metaspace  ] GC(95) Metaspace: 31936K->31936K(1081344K)
[32,543s][info][gc            ] GC(95) Pause Young (G1 Evacuation Pause) 224M->181M(256M) 7,082ms
[32,543s][info][gc,cpu        ] GC(95) User=0,02s Sys=0,00s Real=0,01s
[32,578s][info][gc,start      ] GC(96) Pause Young (G1 Evacuation Pause)
[32,578s][info][gc,task       ] GC(96) Using 4 workers of 4 for evacuation
[32,585s][info][gc,phases     ] GC(96)   Pre Evacuate Collection Set: 0,0ms
[32,585s][info][gc,phases     ] GC(96)   Evacuate Collection Set: 6,2ms
[32,585s][info][gc,phases     ] GC(96)   Post Evacuate Collection Set: 0,6ms
[32,585s][info][gc,phases     ] GC(96)   Other: 0,2ms
[32,585s][info][gc,heap       ] GC(96) Eden regions: 44->0(43)
[32,585s][info][gc,heap       ] GC(96) Survivor regions: 3->4(6)
[32,585s][info][gc,heap       ] GC(96) Old regions: 87->87
[32,585s][info][gc,heap       ] GC(96) Humongous regions: 92->92
[32,585s][info][gc,metaspace  ] GC(96) Metaspace: 31936K->31936K(1081344K)
[32,585s][info][gc            ] GC(96) Pause Young (G1 Evacuation Pause) 225M->181M(256M) 7,086ms
[32,585s][info][gc,cpu        ] GC(96) User=0,03s Sys=0,00s Real=0,01s
[32,599s][info][gc,marking    ] GC(92) Concurrent Mark From Roots 209,351ms
[32,599s][info][gc,marking    ] GC(92) Concurrent Mark (32,390s, 32,599s) 209,443ms
[32,602s][info][gc,start      ] GC(92) Pause Remark
[32,618s][info][gc,stringtable] GC(92) Cleaned string and symbol table, strings: 13581 processed, 0 removed, symbols: 81463 processed, 0 removed
[32,618s][info][gc            ] GC(92) Pause Remark 198M->198M(256M) 15,758ms
[32,618s][info][gc,cpu        ] GC(92) User=0,04s Sys=0,01s Real=0,01s
[32,618s][info][gc,marking    ] GC(92) Concurrent Create Live Data
[32,635s][info][gc,start      ] GC(97) Pause Young (G1 Evacuation Pause)
[32,635s][info][gc,task       ] GC(97) Using 4 workers of 4 for evacuation
[32,643s][info][gc,phases     ] GC(97)   Pre Evacuate Collection Set: 0,0ms
[32,643s][info][gc,phases     ] GC(97)   Evacuate Collection Set: 7,2ms
[32,643s][info][gc,phases     ] GC(97)   Post Evacuate Collection Set: 0,3ms
[32,643s][info][gc,phases     ] GC(97)   Other: 0,2ms
[32,643s][info][gc,heap       ] GC(97) Eden regions: 43->0(42)
[32,643s][info][gc,heap       ] GC(97) Survivor regions: 4->4(6)
[32,643s][info][gc,heap       ] GC(97) Old regions: 87->88
[32,643s][info][gc,heap       ] GC(97) Humongous regions: 92->92
[32,643s][info][gc,metaspace  ] GC(97) Metaspace: 31936K->31936K(1081344K)
[32,643s][info][gc            ] GC(97) Pause Young (G1 Evacuation Pause) 224M->182M(256M) 7,798ms
[32,643s][info][gc,cpu        ] GC(97) User=0,03s Sys=0,00s Real=0,01s
[32,673s][info][gc,marking    ] GC(92) Concurrent Create Live Data 55,051ms
[32,673s][info][gc,start      ] GC(92) Pause Cleanup
[32,674s][info][gc            ] GC(92) Pause Cleanup 220M->220M(256M) 0,599ms
[32,674s][info][gc,cpu        ] GC(92) User=0,00s Sys=0,00s Real=0,00s
[32,674s][info][gc,marking    ] GC(92) Concurrent Cleanup for Next Mark
[32,677s][info][gc,marking    ] GC(92) Concurrent Cleanup for Next Mark 2,532ms
[32,677s][info][gc            ] GC(92) Concurrent Cycle 288,836ms
[32,680s][info][gc,start      ] GC(98) Pause Young (G1 Evacuation Pause)
[32,680s][info][gc,task       ] GC(98) Using 4 workers of 4 for evacuation
[32,689s][info][gc,phases     ] GC(98)   Pre Evacuate Collection Set: 0,0ms
[32,689s][info][gc,phases     ] GC(98)   Evacuate Collection Set: 8,5ms
[32,689s][info][gc,phases     ] GC(98)   Post Evacuate Collection Set: 0,3ms
[32,689s][info][gc,phases     ] GC(98)   Other: 0,2ms
[32,689s][info][gc,heap       ] GC(98) Eden regions: 42->0(8)
[32,689s][info][gc,heap       ] GC(98) Survivor regions: 4->4(6)
[32,689s][info][gc,heap       ] GC(98) Old regions: 88->88
[32,689s][info][gc,heap       ] GC(98) Humongous regions: 92->92
[32,689s][info][gc,metaspace  ] GC(98) Metaspace: 31936K->31936K(1081344K)
[32,689s][info][gc            ] GC(98) Pause Young (G1 Evacuation Pause) 224M->182M(256M) 9,039ms
[32,689s][info][gc,cpu        ] GC(98) User=0,03s Sys=0,00s Real=0,01s
[32,697s][info][gc,start      ] GC(99) Pause Mixed (G1 Evacuation Pause)
[32,698s][info][gc,task       ] GC(99) Using 4 workers of 4 for evacuation
[32,712s][info][gc,phases     ] GC(99)   Pre Evacuate Collection Set: 0,0ms
[32,712s][info][gc,phases     ] GC(99)   Evacuate Collection Set: 14,4ms
[32,712s][info][gc,phases     ] GC(99)   Post Evacuate Collection Set: 0,3ms
[32,712s][info][gc,phases     ] GC(99)   Other: 0,2ms
[32,712s][info][gc,heap       ] GC(99) Eden regions: 8->0(48)
[32,712s][info][gc,heap       ] GC(99) Survivor regions: 4->2(2)
[32,712s][info][gc,heap       ] GC(99) Old regions: 88->81
[32,712s][info][gc,heap       ] GC(99) Humongous regions: 92->92
[32,712s][info][gc,metaspace  ] GC(99) Metaspace: 31936K->31936K(1081344K)
[32,713s][info][gc            ] GC(99) Pause Mixed (G1 Evacuation Pause) 190M->173M(256M) 15,025ms
[32,713s][info][gc,cpu        ] GC(99) User=0,04s Sys=0,00s Real=0,01s
[32,740s][info][gc,start      ] GC(100) Pause Young (G1 Evacuation Pause)
[32,740s][info][gc,task       ] GC(100) Using 4 workers of 4 for evacuation
[32,749s][info][gc,phases     ] GC(100)   Pre Evacuate Collection Set: 0,0ms
[32,749s][info][gc,phases     ] GC(100)   Evacuate Collection Set: 8,2ms
[32,749s][info][gc,phases     ] GC(100)   Post Evacuate Collection Set: 0,3ms
[32,749s][info][gc,phases     ] GC(100)   Other: 0,2ms
[32,749s][info][gc,heap       ] GC(100) Eden regions: 48->0(48)
[32,749s][info][gc,heap       ] GC(100) Survivor regions: 2->3(7)
[32,749s][info][gc,heap       ] GC(100) Old regions: 81->81
[32,749s][info][gc,heap       ] GC(100) Humongous regions: 92->92
[32,749s][info][gc,metaspace  ] GC(100) Metaspace: 31936K->31936K(1081344K)
[32,749s][info][gc            ] GC(100) Pause Young (G1 Evacuation Pause) 221M->174M(256M) 8,745ms
[32,749s][info][gc,cpu        ] GC(100) User=0,03s Sys=0,00s Real=0,01s
[32,776s][info][gc,start      ] GC(101) Pause Young (G1 Evacuation Pause)
[32,776s][info][gc,task       ] GC(101) Using 4 workers of 4 for evacuation
[32,784s][info][gc,phases     ] GC(101)   Pre Evacuate Collection Set: 0,0ms
[32,784s][info][gc,phases     ] GC(101)   Evacuate Collection Set: 7,7ms
[32,784s][info][gc,phases     ] GC(101)   Post Evacuate Collection Set: 0,3ms
[32,784s][info][gc,phases     ] GC(101)   Other: 0,2ms
[32,784s][info][gc,heap       ] GC(101) Eden regions: 48->0(48)
[32,784s][info][gc,heap       ] GC(101) Survivor regions: 3->4(7)
[32,784s][info][gc,heap       ] GC(101) Old regions: 81->81
[32,784s][info][gc,heap       ] GC(101) Humongous regions: 92->92
[32,784s][info][gc,metaspace  ] GC(101) Metaspace: 31936K->31936K(1081344K)
[32,784s][info][gc            ] GC(101) Pause Young (G1 Evacuation Pause) 222M->175M(256M) 8,267ms
[32,784s][info][gc,cpu        ] GC(101) User=0,02s Sys=0,00s Real=0,01s
[32,813s][info][gc,start      ] GC(102) Pause Initial Mark (G1 Evacuation Pause)
[32,813s][info][gc,task       ] GC(102) Using 4 workers of 4 for evacuation
[32,822s][info][gc,phases     ] GC(102)   Pre Evacuate Collection Set: 0,0ms
[32,822s][info][gc,phases     ] GC(102)   Evacuate Collection Set: 7,7ms
[32,822s][info][gc,phases     ] GC(102)   Post Evacuate Collection Set: 0,4ms
[32,822s][info][gc,phases     ] GC(102)   Other: 0,2ms
[32,822s][info][gc,heap       ] GC(102) Eden regions: 48->0(48)
[32,822s][info][gc,heap       ] GC(102) Survivor regions: 4->4(7)
[32,822s][info][gc,heap       ] GC(102) Old regions: 81->81
[32,822s][info][gc,heap       ] GC(102) Humongous regions: 92->92
[32,822s][info][gc,metaspace  ] GC(102) Metaspace: 31936K->31936K(1081344K)
[32,822s][info][gc            ] GC(102) Pause Initial Mark (G1 Evacuation Pause) 223M->176M(256M) 8,447ms
[32,822s][info][gc,cpu        ] GC(102) User=0,02s Sys=0,01s Real=0,01s
[32,822s][info][gc            ] GC(103) Concurrent Cycle
[32,822s][info][gc,marking    ] GC(103) Concurrent Clear Claimed Marks
[32,822s][info][gc,marking    ] GC(103) Concurrent Clear Claimed Marks 0,221ms
[32,822s][info][gc,marking    ] GC(103) Concurrent Scan Root Regions
[32,825s][info][gc,marking    ] GC(103) Concurrent Scan Root Regions 3,312ms
[32,826s][info][gc,marking    ] GC(103) Concurrent Mark (32,826s)
[32,826s][info][gc,marking    ] GC(103) Concurrent Mark From Roots
[32,826s][info][gc,task       ] GC(103) Using 1 workers of 1 for marking
[32,861s][info][gc,start      ] GC(104) Pause Young (G1 Evacuation Pause)
[32,861s][info][gc,task       ] GC(104) Using 4 workers of 4 for evacuation
[32,869s][info][gc,phases     ] GC(104)   Pre Evacuate Collection Set: 0,0ms
[32,869s][info][gc,phases     ] GC(104)   Evacuate Collection Set: 7,2ms
[32,869s][info][gc,phases     ] GC(104)   Post Evacuate Collection Set: 0,5ms
[32,869s][info][gc,phases     ] GC(104)   Other: 0,2ms
[32,869s][info][gc,heap       ] GC(104) Eden regions: 48->0(48)
[32,869s][info][gc,heap       ] GC(104) Survivor regions: 4->4(7)
[32,869s][info][gc,heap       ] GC(104) Old regions: 81->81
[32,869s][info][gc,heap       ] GC(104) Humongous regions: 92->92
[32,869s][info][gc,metaspace  ] GC(104) Metaspace: 31936K->31936K(1081344K)
[32,869s][info][gc            ] GC(104) Pause Young (G1 Evacuation Pause) 224M->176M(256M) 8,013ms
[32,869s][info][gc,cpu        ] GC(104) User=0,03s Sys=0,00s Real=0,01s
[32,910s][info][gc,start      ] GC(105) Pause Young (G1 Evacuation Pause)
[32,910s][info][gc,task       ] GC(105) Using 4 workers of 4 for evacuation
[32,920s][info][gc,phases     ] GC(105)   Pre Evacuate Collection Set: 0,0ms
[32,920s][info][gc,phases     ] GC(105)   Evacuate Collection Set: 10,1ms
[32,920s][info][gc,phases     ] GC(105)   Post Evacuate Collection Set: 0,5ms
[32,920s][info][gc,phases     ] GC(105)   Other: 0,2ms
[32,920s][info][gc,heap       ] GC(105) Eden regions: 48->0(46)
[32,920s][info][gc,heap       ] GC(105) Survivor regions: 4->5(7)
[32,920s][info][gc,heap       ] GC(105) Old regions: 81->82
[32,920s][info][gc,heap       ] GC(105) Humongous regions: 92->92
[32,920s][info][gc,metaspace  ] GC(105) Metaspace: 31936K->31936K(1081344K)
[32,920s][info][gc            ] GC(105) Pause Young (G1 Evacuation Pause) 224M->177M(256M) 10,822ms
[32,920s][info][gc,cpu        ] GC(105) User=0,03s Sys=0,00s Real=0,01s
[32,959s][info][gc,start      ] GC(106) Pause Young (G1 Evacuation Pause)
[32,959s][info][gc,task       ] GC(106) Using 4 workers of 4 for evacuation
[32,970s][info][gc,phases     ] GC(106)   Pre Evacuate Collection Set: 0,0ms
[32,970s][info][gc,phases     ] GC(106)   Evacuate Collection Set: 9,1ms
[32,970s][info][gc,phases     ] GC(106)   Post Evacuate Collection Set: 1,7ms
[32,970s][info][gc,phases     ] GC(106)   Other: 0,2ms
[32,970s][info][gc,heap       ] GC(106) Eden regions: 46->0(47)
[32,970s][info][gc,heap       ] GC(106) Survivor regions: 5->4(7)
[32,970s][info][gc,heap       ] GC(106) Old regions: 82->83
[32,970s][info][gc,heap       ] GC(106) Humongous regions: 92->92
[32,970s][info][gc,metaspace  ] GC(106) Metaspace: 31936K->31936K(1081344K)
[32,970s][info][gc            ] GC(106) Pause Young (G1 Evacuation Pause) 223M->177M(256M) 11,079ms
[32,970s][info][gc,cpu        ] GC(106) User=0,04s Sys=0,00s Real=0,01s
[33,023s][info][gc,start      ] GC(107) Pause Young (G1 Evacuation Pause)
[33,023s][info][gc,task       ] GC(107) Using 4 workers of 4 for evacuation
[33,034s][info][gc,phases     ] GC(107)   Pre Evacuate Collection Set: 0,0ms
[33,034s][info][gc,phases     ] GC(107)   Evacuate Collection Set: 9,2ms
[33,034s][info][gc,phases     ] GC(107)   Post Evacuate Collection Set: 1,2ms
[33,034s][info][gc,phases     ] GC(107)   Other: 0,2ms
[33,034s][info][gc,heap       ] GC(107) Eden regions: 47->0(45)
[33,034s][info][gc,heap       ] GC(107) Survivor regions: 4->5(7)
[33,034s][info][gc,heap       ] GC(107) Old regions: 83->83
[33,034s][info][gc,heap       ] GC(107) Humongous regions: 92->92
[33,034s][info][gc,metaspace  ] GC(107) Metaspace: 31957K->31957K(1081344K)
[33,034s][info][gc            ] GC(107) Pause Young (G1 Evacuation Pause) 224M->178M(256M) 10,644ms
[33,034s][info][gc,cpu        ] GC(107) User=0,04s Sys=0,00s Real=0,01s
[33,050s][info][gc,marking    ] GC(103) Concurrent Mark From Roots 224,453ms
[33,050s][info][gc,marking    ] GC(103) Concurrent Mark (32,826s, 33,050s) 224,529ms
[33,050s][info][gc,start      ] GC(103) Pause Remark
[33,062s][info][gc,stringtable] GC(103) Cleaned string and symbol table, strings: 13581 processed, 0 removed, symbols: 81464 processed, 1 removed
[33,062s][info][gc            ] GC(103) Pause Remark 196M->196M(256M) 11,991ms
[33,062s][info][gc,cpu        ] GC(103) User=0,04s Sys=0,00s Real=0,02s
[33,062s][info][gc,marking    ] GC(103) Concurrent Create Live Data
[33,082s][info][gc,start      ] GC(108) Pause Young (G1 Evacuation Pause)
[33,082s][info][gc,task       ] GC(108) Using 4 workers of 4 for evacuation
[33,091s][info][gc,phases     ] GC(108)   Pre Evacuate Collection Set: 0,0ms
[33,091s][info][gc,phases     ] GC(108)   Evacuate Collection Set: 8,8ms
[33,091s][info][gc,phases     ] GC(108)   Post Evacuate Collection Set: 0,3ms
[33,091s][info][gc,phases     ] GC(108)   Other: 0,2ms
[33,091s][info][gc,heap       ] GC(108) Eden regions: 45->0(46)
[33,091s][info][gc,heap       ] GC(108) Survivor regions: 5->4(7)
[33,091s][info][gc,heap       ] GC(108) Old regions: 83->84
[33,091s][info][gc,heap       ] GC(108) Humongous regions: 92->92
[33,091s][info][gc,metaspace  ] GC(108) Metaspace: 31957K->31957K(1081344K)
[33,091s][info][gc            ] GC(108) Pause Young (G1 Evacuation Pause) 223M->179M(256M) 9,336ms
[33,091s][info][gc,cpu        ] GC(108) User=0,03s Sys=0,00s Real=0,00s
[33,118s][info][gc,marking    ] GC(103) Concurrent Create Live Data 56,043ms
[33,121s][info][gc,start      ] GC(103) Pause Cleanup
[33,122s][info][gc            ] GC(103) Pause Cleanup 221M->221M(256M) 0,618ms
[33,122s][info][gc,cpu        ] GC(103) User=0,01s Sys=0,00s Real=0,01s
[33,122s][info][gc,marking    ] GC(103) Concurrent Cleanup for Next Mark
[33,124s][info][gc,marking    ] GC(103) Concurrent Cleanup for Next Mark 1,575ms
[33,124s][info][gc            ] GC(103) Concurrent Cycle 301,757ms
[33,126s][info][gc,start      ] GC(109) Pause Young (G1 Evacuation Pause)
[33,126s][info][gc,task       ] GC(109) Using 4 workers of 4 for evacuation
[33,138s][info][gc,phases     ] GC(109)   Pre Evacuate Collection Set: 0,0ms
[33,138s][info][gc,phases     ] GC(109)   Evacuate Collection Set: 11,1ms
[33,138s][info][gc,phases     ] GC(109)   Post Evacuate Collection Set: 0,3ms
[33,138s][info][gc,phases     ] GC(109)   Other: 0,2ms
[33,138s][info][gc,heap       ] GC(109) Eden regions: 46->0(8)
[33,138s][info][gc,heap       ] GC(109) Survivor regions: 4->4(7)
[33,138s][info][gc,heap       ] GC(109) Old regions: 84->84
[33,138s][info][gc,heap       ] GC(109) Humongous regions: 92->92
[33,138s][info][gc,metaspace  ] GC(109) Metaspace: 31957K->31957K(1081344K)
[33,138s][info][gc            ] GC(109) Pause Young (G1 Evacuation Pause) 225M->179M(256M) 11,667ms
[33,138s][info][gc,cpu        ] GC(109) User=0,02s Sys=0,00s Real=0,01s
[33,144s][info][gc,start      ] GC(110) Pause Mixed (G1 Evacuation Pause)
[33,144s][info][gc,task       ] GC(110) Using 4 workers of 4 for evacuation
[33,156s][info][gc,phases     ] GC(110)   Pre Evacuate Collection Set: 0,0ms
[33,156s][info][gc,phases     ] GC(110)   Evacuate Collection Set: 10,7ms
[33,156s][info][gc,phases     ] GC(110)   Post Evacuate Collection Set: 0,3ms
[33,156s][info][gc,phases     ] GC(110)   Other: 0,2ms
[33,156s][info][gc,heap       ] GC(110) Eden regions: 8->0(48)
[33,156s][info][gc,heap       ] GC(110) Survivor regions: 4->2(2)
[33,156s][info][gc,heap       ] GC(110) Old regions: 84->84
[33,156s][info][gc,heap       ] GC(110) Humongous regions: 92->92
[33,156s][info][gc,metaspace  ] GC(110) Metaspace: 31957K->31957K(1081344K)
[33,156s][info][gc            ] GC(110) Pause Mixed (G1 Evacuation Pause) 187M->177M(256M) 11,254ms
[33,156s][info][gc,cpu        ] GC(110) User=0,04s Sys=0,00s Real=0,01s
[33,186s][info][gc,start      ] GC(111) Pause Young (G1 Evacuation Pause)
[33,186s][info][gc,task       ] GC(111) Using 4 workers of 4 for evacuation
[33,195s][info][gc,phases     ] GC(111)   Pre Evacuate Collection Set: 0,0ms
[33,195s][info][gc,phases     ] GC(111)   Evacuate Collection Set: 8,1ms
[33,195s][info][gc,phases     ] GC(111)   Post Evacuate Collection Set: 0,3ms
[33,195s][info][gc,phases     ] GC(111)   Other: 0,2ms
[33,195s][info][gc,heap       ] GC(111) Eden regions: 48->0(48)
[33,195s][info][gc,heap       ] GC(111) Survivor regions: 2->2(7)
[33,195s][info][gc,heap       ] GC(111) Old regions: 84->84
[33,195s][info][gc,heap       ] GC(111) Humongous regions: 92->92
[33,195s][info][gc,metaspace  ] GC(111) Metaspace: 31957K->31957K(1081344K)
[33,195s][info][gc            ] GC(111) Pause Young (G1 Evacuation Pause) 225M->177M(256M) 8,708ms
[33,195s][info][gc,cpu        ] GC(111) User=0,03s Sys=0,00s Real=0,01s
[33,223s][info][gc,start      ] GC(112) Pause Young (G1 Evacuation Pause)
[33,223s][info][gc,task       ] GC(112) Using 4 workers of 4 for evacuation
[33,230s][info][gc,phases     ] GC(112)   Pre Evacuate Collection Set: 0,0ms
[33,230s][info][gc,phases     ] GC(112)   Evacuate Collection Set: 6,4ms
[33,230s][info][gc,phases     ] GC(112)   Post Evacuate Collection Set: 0,3ms
[33,230s][info][gc,phases     ] GC(112)   Other: 0,2ms
[33,230s][info][gc,heap       ] GC(112) Eden regions: 48->0(48)
[33,230s][info][gc,heap       ] GC(112) Survivor regions: 2->3(7)
[33,230s][info][gc,heap       ] GC(112) Old regions: 84->84
[33,230s][info][gc,heap       ] GC(112) Humongous regions: 92->92
[33,230s][info][gc,metaspace  ] GC(112) Metaspace: 31957K->31957K(1081344K)
[33,230s][info][gc            ] GC(112) Pause Young (G1 Evacuation Pause) 225M->177M(256M) 6,958ms
[33,230s][info][gc,cpu        ] GC(112) User=0,02s Sys=0,00s Real=0,00s
[33,263s][info][gc,start      ] GC(113) Pause Initial Mark (G1 Evacuation Pause)
[33,263s][info][gc,task       ] GC(113) Using 4 workers of 4 for evacuation
[33,271s][info][gc,phases     ] GC(113)   Pre Evacuate Collection Set: 0,0ms
[33,271s][info][gc,phases     ] GC(113)   Evacuate Collection Set: 7,6ms
[33,271s][info][gc,phases     ] GC(113)   Post Evacuate Collection Set: 0,4ms
[33,271s][info][gc,phases     ] GC(113)   Other: 0,2ms
[33,271s][info][gc,heap       ] GC(113) Eden regions: 48->0(46)
[33,271s][info][gc,heap       ] GC(113) Survivor regions: 3->4(7)
[33,271s][info][gc,heap       ] GC(113) Old regions: 84->84
[33,271s][info][gc,heap       ] GC(113) Humongous regions: 92->92
[33,271s][info][gc,metaspace  ] GC(113) Metaspace: 31957K->31957K(1081344K)
[33,271s][info][gc            ] GC(113) Pause Initial Mark (G1 Evacuation Pause) 225M->179M(256M) 8,293ms
[33,271s][info][gc,cpu        ] GC(113) User=0,03s Sys=0,00s Real=0,00s
[33,271s][info][gc            ] GC(114) Concurrent Cycle
[33,272s][info][gc,marking    ] GC(114) Concurrent Clear Claimed Marks
[33,272s][info][gc,marking    ] GC(114) Concurrent Clear Claimed Marks 0,251ms
[33,272s][info][gc,marking    ] GC(114) Concurrent Scan Root Regions
[33,276s][info][gc,marking    ] GC(114) Concurrent Scan Root Regions 3,864ms
[33,276s][info][gc,marking    ] GC(114) Concurrent Mark (33,276s)
[33,276s][info][gc,marking    ] GC(114) Concurrent Mark From Roots
[33,276s][info][gc,task       ] GC(114) Using 1 workers of 1 for marking
[33,300s][info][gc,start      ] GC(115) Pause Young (G1 Evacuation Pause)
[33,300s][info][gc,task       ] GC(115) Using 4 workers of 4 for evacuation
[33,312s][info][gc,phases     ] GC(115)   Pre Evacuate Collection Set: 0,0ms
[33,312s][info][gc,phases     ] GC(115)   Evacuate Collection Set: 11,1ms
[33,312s][info][gc,phases     ] GC(115)   Post Evacuate Collection Set: 0,3ms
[33,312s][info][gc,phases     ] GC(115)   Other: 0,2ms
[33,312s][info][gc,heap       ] GC(115) Eden regions: 46->0(40)
[33,312s][info][gc,heap       ] GC(115) Survivor regions: 4->7(7)
[33,312s][info][gc,heap       ] GC(115) Old regions: 84->84
[33,312s][info][gc,heap       ] GC(115) Humongous regions: 92->92
[33,312s][info][gc,metaspace  ] GC(115) Metaspace: 31957K->31957K(1081344K)
[33,312s][info][gc            ] GC(115) Pause Young (G1 Evacuation Pause) 225M->182M(256M) 11,695ms
[33,312s][info][gc,cpu        ] GC(115) User=0,05s Sys=0,00s Real=0,01s
[33,339s][info][gc,start      ] GC(116) Pause Young (G1 Evacuation Pause)
[33,339s][info][gc,task       ] GC(116) Using 4 workers of 4 for evacuation
[33,355s][info][gc,phases     ] GC(116)   Pre Evacuate Collection Set: 0,0ms
[33,356s][info][gc,phases     ] GC(116)   Evacuate Collection Set: 15,6ms
[33,356s][info][gc,phases     ] GC(116)   Post Evacuate Collection Set: 0,5ms
[33,356s][info][gc,phases     ] GC(116)   Other: 0,2ms
[33,356s][info][gc,heap       ] GC(116) Eden regions: 40->0(39)
[33,356s][info][gc,heap       ] GC(116) Survivor regions: 7->3(6)
[33,356s][info][gc,heap       ] GC(116) Old regions: 84->91
[33,356s][info][gc,heap       ] GC(116) Humongous regions: 92->92
[33,356s][info][gc,metaspace  ] GC(116) Metaspace: 31957K->31957K(1081344K)
[33,356s][info][gc            ] GC(116) Pause Young (G1 Evacuation Pause) 222M->185M(256M) 16,442ms
[33,356s][info][gc,cpu        ] GC(116) User=0,05s Sys=0,00s Real=0,02s
[33,383s][info][gc,start      ] GC(117) Pause Young (G1 Evacuation Pause)
[33,383s][info][gc,task       ] GC(117) Using 4 workers of 4 for evacuation
[33,395s][info][gc,phases     ] GC(117)   Pre Evacuate Collection Set: 0,0ms
[33,395s][info][gc,phases     ] GC(117)   Evacuate Collection Set: 10,7ms
[33,395s][info][gc,phases     ] GC(117)   Post Evacuate Collection Set: 0,4ms
[33,395s][info][gc,phases     ] GC(117)   Other: 0,2ms
[33,395s][info][gc,heap       ] GC(117) Eden regions: 39->0(38)
[33,395s][info][gc,heap       ] GC(117) Survivor regions: 3->4(6)
[33,395s][info][gc,heap       ] GC(117) Old regions: 91->91
[33,395s][info][gc,heap       ] GC(117) Humongous regions: 92->92
[33,395s][info][gc,metaspace  ] GC(117) Metaspace: 31957K->31957K(1081344K)
[33,395s][info][gc            ] GC(117) Pause Young (G1 Evacuation Pause) 224M->186M(256M) 11,448ms
[33,395s][info][gc,cpu        ] GC(117) User=0,04s Sys=0,00s Real=0,01s
[33,427s][info][gc,start      ] GC(118) Pause Young (G1 Evacuation Pause)
[33,427s][info][gc,task       ] GC(118) Using 4 workers of 4 for evacuation
[33,437s][info][gc,phases     ] GC(118)   Pre Evacuate Collection Set: 0,0ms
[33,437s][info][gc,phases     ] GC(118)   Evacuate Collection Set: 8,7ms
[33,437s][info][gc,phases     ] GC(118)   Post Evacuate Collection Set: 0,5ms
[33,437s][info][gc,phases     ] GC(118)   Other: 0,2ms
[33,437s][info][gc,heap       ] GC(118) Eden regions: 38->0(36)
[33,437s][info][gc,heap       ] GC(118) Survivor regions: 4->4(6)
[33,437s][info][gc,heap       ] GC(118) Old regions: 91->93
[33,437s][info][gc,heap       ] GC(118) Humongous regions: 92->92
[33,437s][info][gc,metaspace  ] GC(118) Metaspace: 31957K->31957K(1081344K)
[33,437s][info][gc            ] GC(118) Pause Young (G1 Evacuation Pause) 224M->188M(256M) 9,450ms
[33,437s][info][gc,cpu        ] GC(118) User=0,03s Sys=0,00s Real=0,01s
[33,475s][info][gc,start      ] GC(119) Pause Young (GCLocker Initiated GC)
[33,475s][info][gc,task       ] GC(119) Using 4 workers of 4 for evacuation
[33,483s][info][gc,phases     ] GC(119)   Pre Evacuate Collection Set: 0,0ms
[33,483s][info][gc,phases     ] GC(119)   Evacuate Collection Set: 7,3ms
[33,483s][info][gc,phases     ] GC(119)   Post Evacuate Collection Set: 0,5ms
[33,483s][info][gc,phases     ] GC(119)   Other: 0,2ms
[33,483s][info][gc,heap       ] GC(119) Eden regions: 37->0(36)
[33,483s][info][gc,heap       ] GC(119) Survivor regions: 4->3(5)
[33,483s][info][gc,heap       ] GC(119) Old regions: 93->95
[33,483s][info][gc,heap       ] GC(119) Humongous regions: 92->92
[33,483s][info][gc,metaspace  ] GC(119) Metaspace: 31959K->31959K(1081344K)
[33,483s][info][gc            ] GC(119) Pause Young (GCLocker Initiated GC) 224M->188M(256M) 8,101ms
[33,483s][info][gc,cpu        ] GC(119) User=0,03s Sys=0,00s Real=0,01s
[33,525s][info][gc,start      ] GC(120) Pause Young (G1 Evacuation Pause)
[33,525s][info][gc,task       ] GC(120) Using 4 workers of 4 for evacuation
[33,534s][info][gc,phases     ] GC(120)   Pre Evacuate Collection Set: 0,0ms
[33,534s][info][gc,phases     ] GC(120)   Evacuate Collection Set: 8,7ms
[33,534s][info][gc,phases     ] GC(120)   Post Evacuate Collection Set: 0,6ms
[33,534s][info][gc,phases     ] GC(120)   Other: 0,2ms
[33,534s][info][gc,heap       ] GC(120) Eden regions: 36->0(35)
[33,534s][info][gc,heap       ] GC(120) Survivor regions: 3->4(5)
[33,534s][info][gc,heap       ] GC(120) Old regions: 95->95
[33,535s][info][gc,heap       ] GC(120) Humongous regions: 92->92
[33,535s][info][gc,metaspace  ] GC(120) Metaspace: 31959K->31959K(1081344K)
[33,535s][info][gc            ] GC(120) Pause Young (G1 Evacuation Pause) 224M->189M(256M) 9,574ms
[33,535s][info][gc,cpu        ] GC(120) User=0,03s Sys=0,00s Real=0,01s
[33,558s][info][gc,marking    ] GC(114) Concurrent Mark From Roots 282,052ms
[33,558s][info][gc,marking    ] GC(114) Concurrent Mark (33,276s, 33,558s) 282,123ms
[33,558s][info][gc,start      ] GC(114) Pause Remark
[33,570s][info][gc,stringtable] GC(114) Cleaned string and symbol table, strings: 13581 processed, 0 removed, symbols: 81463 processed, 0 removed
[33,570s][info][gc            ] GC(114) Pause Remark 218M->218M(256M) 12,042ms
[33,570s][info][gc,cpu        ] GC(114) User=0,04s Sys=0,00s Real=0,01s
[33,570s][info][gc,marking    ] GC(114) Concurrent Create Live Data
[33,575s][info][gc,start      ] GC(121) Pause Young (G1 Evacuation Pause)
[33,575s][info][gc,task       ] GC(121) Using 4 workers of 4 for evacuation
[33,583s][info][gc,phases     ] GC(121)   Pre Evacuate Collection Set: 0,0ms
[33,583s][info][gc,phases     ] GC(121)   Evacuate Collection Set: 8,1ms
[33,583s][info][gc,phases     ] GC(121)   Post Evacuate Collection Set: 0,3ms
[33,583s][info][gc,phases     ] GC(121)   Other: 0,2ms
[33,583s][info][gc,heap       ] GC(121) Eden regions: 35->0(35)
[33,583s][info][gc,heap       ] GC(121) Survivor regions: 4->3(5)
[33,583s][info][gc,heap       ] GC(121) Old regions: 95->96
[33,583s][info][gc,heap       ] GC(121) Humongous regions: 92->92
[33,584s][info][gc,metaspace  ] GC(121) Metaspace: 31959K->31959K(1081344K)
[33,584s][info][gc            ] GC(121) Pause Young (G1 Evacuation Pause) 224M->190M(256M) 8,687ms
[33,584s][info][gc,cpu        ] GC(121) User=0,03s Sys=0,00s Real=0,01s
[33,613s][info][gc,start      ] GC(122) Pause Young (G1 Evacuation Pause)
[33,613s][info][gc,task       ] GC(122) Using 4 workers of 4 for evacuation
[33,621s][info][gc,phases     ] GC(122)   Pre Evacuate Collection Set: 0,0ms
[33,621s][info][gc,phases     ] GC(122)   Evacuate Collection Set: 7,3ms
[33,621s][info][gc,phases     ] GC(122)   Post Evacuate Collection Set: 0,3ms
[33,621s][info][gc,phases     ] GC(122)   Other: 0,2ms
[33,621s][info][gc,heap       ] GC(122) Eden regions: 35->0(34)
[33,621s][info][gc,heap       ] GC(122) Survivor regions: 3->3(5)
[33,621s][info][gc,heap       ] GC(122) Old regions: 96->97
[33,621s][info][gc,heap       ] GC(122) Humongous regions: 92->92
[33,621s][info][gc,metaspace  ] GC(122) Metaspace: 31959K->31959K(1081344K)
[33,621s][info][gc            ] GC(122) Pause Young (G1 Evacuation Pause) 225M->191M(256M) 7,883ms
[33,621s][info][gc,cpu        ] GC(122) User=0,02s Sys=0,00s Real=0,01s
[33,635s][info][gc,marking    ] GC(114) Concurrent Create Live Data 64,918ms
[33,635s][info][gc,start      ] GC(114) Pause Cleanup
[33,636s][info][gc            ] GC(114) Pause Cleanup 205M->205M(256M) 0,618ms
[33,636s][info][gc,cpu        ] GC(114) User=0,00s Sys=0,00s Real=0,00s
[33,636s][info][gc,marking    ] GC(114) Concurrent Cleanup for Next Mark
[33,638s][info][gc,marking    ] GC(114) Concurrent Cleanup for Next Mark 1,749ms
[33,638s][info][gc            ] GC(114) Concurrent Cycle 366,522ms
[33,649s][info][gc,start      ] GC(123) Pause Young (G1 Evacuation Pause)
[33,650s][info][gc,task       ] GC(123) Using 4 workers of 4 for evacuation
[33,656s][info][gc,phases     ] GC(123)   Pre Evacuate Collection Set: 0,0ms
[33,656s][info][gc,phases     ] GC(123)   Evacuate Collection Set: 5,8ms
[33,656s][info][gc,phases     ] GC(123)   Post Evacuate Collection Set: 0,3ms
[33,656s][info][gc,phases     ] GC(123)   Other: 0,2ms
[33,656s][info][gc,heap       ] GC(123) Eden regions: 34->0(9)
[33,656s][info][gc,heap       ] GC(123) Survivor regions: 3->3(5)
[33,656s][info][gc,heap       ] GC(123) Old regions: 97->98
[33,656s][info][gc,heap       ] GC(123) Humongous regions: 92->92
[33,656s][info][gc,metaspace  ] GC(123) Metaspace: 31959K->31959K(1081344K)
[33,656s][info][gc            ] GC(123) Pause Young (G1 Evacuation Pause) 225M->191M(256M) 6,345ms
[33,656s][info][gc,cpu        ] GC(123) User=0,02s Sys=0,00s Real=0,01s
[33,664s][info][gc,start      ] GC(124) Pause Mixed (G1 Evacuation Pause)
[33,664s][info][gc,task       ] GC(124) Using 4 workers of 4 for evacuation
[33,672s][info][gc,phases     ] GC(124)   Pre Evacuate Collection Set: 0,0ms
[33,672s][info][gc,phases     ] GC(124)   Evacuate Collection Set: 8,1ms
[33,672s][info][gc,phases     ] GC(124)   Post Evacuate Collection Set: 0,3ms
[33,672s][info][gc,phases     ] GC(124)   Other: 0,2ms
[33,672s][info][gc,heap       ] GC(124) Eden regions: 9->0(35)
[33,672s][info][gc,heap       ] GC(124) Survivor regions: 3->1(2)
[33,672s][info][gc,heap       ] GC(124) Old regions: 98->97
[33,672s][info][gc,heap       ] GC(124) Humongous regions: 92->92
[33,672s][info][gc,metaspace  ] GC(124) Metaspace: 31959K->31959K(1081344K)
[33,672s][info][gc            ] GC(124) Pause Mixed (G1 Evacuation Pause) 200M->189M(256M) 8,731ms
[33,672s][info][gc,cpu        ] GC(124) User=0,03s Sys=0,00s Real=0,00s
[33,693s][info][gc,start      ] GC(125) Pause Young (G1 Evacuation Pause)
[33,693s][info][gc,task       ] GC(125) Using 4 workers of 4 for evacuation
[33,698s][info][gc,phases     ] GC(125)   Pre Evacuate Collection Set: 0,0ms
[33,698s][info][gc,phases     ] GC(125)   Evacuate Collection Set: 4,7ms
[33,698s][info][gc,phases     ] GC(125)   Post Evacuate Collection Set: 0,2ms
[33,698s][info][gc,phases     ] GC(125)   Other: 0,2ms
[33,698s][info][gc,heap       ] GC(125) Eden regions: 35->0(35)
[33,698s][info][gc,heap       ] GC(125) Survivor regions: 1->2(5)
[33,698s][info][gc,heap       ] GC(125) Old regions: 97->97
[33,698s][info][gc,heap       ] GC(125) Humongous regions: 92->92
[33,698s][info][gc,metaspace  ] GC(125) Metaspace: 31959K->31959K(1081344K)
[33,698s][info][gc            ] GC(125) Pause Young (G1 Evacuation Pause) 224M->189M(256M) 5,271ms
[33,698s][info][gc,cpu        ] GC(125) User=0,02s Sys=0,00s Real=0,01s
[33,718s][info][gc,start      ] GC(126) Pause Young (G1 Evacuation Pause)
[33,718s][info][gc,task       ] GC(126) Using 4 workers of 4 for evacuation
[33,722s][info][gc,phases     ] GC(126)   Pre Evacuate Collection Set: 0,0ms
[33,722s][info][gc,phases     ] GC(126)   Evacuate Collection Set: 3,5ms
[33,722s][info][gc,phases     ] GC(126)   Post Evacuate Collection Set: 0,4ms
[33,722s][info][gc,phases     ] GC(126)   Other: 0,2ms
[33,722s][info][gc,heap       ] GC(126) Eden regions: 35->0(35)
[33,722s][info][gc,heap       ] GC(126) Survivor regions: 2->2(5)
[33,722s][info][gc,heap       ] GC(126) Old regions: 97->97
[33,722s][info][gc,heap       ] GC(126) Humongous regions: 92->92
[33,722s][info][gc,metaspace  ] GC(126) Metaspace: 31959K->31959K(1081344K)
[33,722s][info][gc            ] GC(126) Pause Young (G1 Evacuation Pause) 224M->189M(256M) 4,176ms
[33,722s][info][gc,cpu        ] GC(126) User=0,01s Sys=0,01s Real=0,01s
[33,742s][info][gc,start      ] GC(127) Pause Initial Mark (G1 Evacuation Pause)
[33,742s][info][gc,task       ] GC(127) Using 4 workers of 4 for evacuation
[33,748s][info][gc,phases     ] GC(127)   Pre Evacuate Collection Set: 0,0ms
[33,748s][info][gc,phases     ] GC(127)   Evacuate Collection Set: 5,2ms
[33,748s][info][gc,phases     ] GC(127)   Post Evacuate Collection Set: 0,4ms
[33,748s][info][gc,phases     ] GC(127)   Other: 0,2ms
[33,748s][info][gc,heap       ] GC(127) Eden regions: 35->0(35)
[33,748s][info][gc,heap       ] GC(127) Survivor regions: 2->2(5)
[33,748s][info][gc,heap       ] GC(127) Old regions: 97->97
[33,748s][info][gc,heap       ] GC(127) Humongous regions: 92->92
[33,748s][info][gc,metaspace  ] GC(127) Metaspace: 31959K->31959K(1081344K)
[33,748s][info][gc            ] GC(127) Pause Initial Mark (G1 Evacuation Pause) 224M->190M(256M) 5,969ms
[33,748s][info][gc,cpu        ] GC(127) User=0,02s Sys=0,00s Real=0,00s
[33,748s][info][gc            ] GC(128) Concurrent Cycle
[33,748s][info][gc,marking    ] GC(128) Concurrent Clear Claimed Marks
[33,748s][info][gc,marking    ] GC(128) Concurrent Clear Claimed Marks 0,214ms
[33,748s][info][gc,marking    ] GC(128) Concurrent Scan Root Regions
[33,750s][info][gc,marking    ] GC(128) Concurrent Scan Root Regions 2,129ms
[33,750s][info][gc,marking    ] GC(128) Concurrent Mark (33,750s)
[33,750s][info][gc,marking    ] GC(128) Concurrent Mark From Roots
[33,750s][info][gc,task       ] GC(128) Using 1 workers of 1 for marking
[33,773s][info][gc,start      ] GC(129) Pause Young (G1 Evacuation Pause)
[33,773s][info][gc,task       ] GC(129) Using 4 workers of 4 for evacuation
[33,778s][info][gc,phases     ] GC(129)   Pre Evacuate Collection Set: 0,0ms
[33,778s][info][gc,phases     ] GC(129)   Evacuate Collection Set: 4,9ms
[33,778s][info][gc,phases     ] GC(129)   Post Evacuate Collection Set: 0,3ms
[33,778s][info][gc,phases     ] GC(129)   Other: 0,2ms
[33,778s][info][gc,heap       ] GC(129) Eden regions: 35->0(35)
[33,778s][info][gc,heap       ] GC(129) Survivor regions: 2->3(5)
[33,778s][info][gc,heap       ] GC(129) Old regions: 97->97
[33,778s][info][gc,heap       ] GC(129) Humongous regions: 92->92
[33,778s][info][gc,metaspace  ] GC(129) Metaspace: 31959K->31959K(1081344K)
[33,778s][info][gc            ] GC(129) Pause Young (G1 Evacuation Pause) 225M->190M(256M) 5,447ms
[33,778s][info][gc,cpu        ] GC(129) User=0,02s Sys=0,00s Real=0,01s
[33,808s][info][gc,start      ] GC(130) Pause Young (G1 Evacuation Pause)
[33,808s][info][gc,task       ] GC(130) Using 4 workers of 4 for evacuation
[33,813s][info][gc,phases     ] GC(130)   Pre Evacuate Collection Set: 0,0ms
[33,813s][info][gc,phases     ] GC(130)   Evacuate Collection Set: 5,1ms
[33,813s][info][gc,phases     ] GC(130)   Post Evacuate Collection Set: 0,5ms
[33,813s][info][gc,phases     ] GC(130)   Other: 0,2ms
[33,813s][info][gc,heap       ] GC(130) Eden regions: 35->0(35)
[33,813s][info][gc,heap       ] GC(130) Survivor regions: 3->3(5)
[33,813s][info][gc,heap       ] GC(130) Old regions: 97->97
[33,813s][info][gc,heap       ] GC(130) Humongous regions: 92->92
[33,813s][info][gc,metaspace  ] GC(130) Metaspace: 31959K->31959K(1081344K)
[33,814s][info][gc            ] GC(130) Pause Young (G1 Evacuation Pause) 225M->191M(256M) 5,856ms
[33,814s][info][gc,cpu        ] GC(130) User=0,02s Sys=0,00s Real=0,01s
[33,845s][info][gc,start      ] GC(131) Pause Young (G1 Evacuation Pause)
[33,845s][info][gc,task       ] GC(131) Using 4 workers of 4 for evacuation
[33,852s][info][gc,phases     ] GC(131)   Pre Evacuate Collection Set: 0,0ms
[33,852s][info][gc,phases     ] GC(131)   Evacuate Collection Set: 6,0ms
[33,852s][info][gc,phases     ] GC(131)   Post Evacuate Collection Set: 0,5ms
[33,852s][info][gc,phases     ] GC(131)   Other: 0,2ms
[33,852s][info][gc,heap       ] GC(131) Eden regions: 35->0(35)
[33,852s][info][gc,heap       ] GC(131) Survivor regions: 3->3(5)
[33,852s][info][gc,heap       ] GC(131) Old regions: 97->97
[33,852s][info][gc,heap       ] GC(131) Humongous regions: 92->92
[33,852s][info][gc,metaspace  ] GC(131) Metaspace: 31959K->31959K(1081344K)
[33,852s][info][gc            ] GC(131) Pause Young (G1 Evacuation Pause) 226M->191M(256M) 6,768ms
[33,852s][info][gc,cpu        ] GC(131) User=0,02s Sys=0,00s Real=0,00s
[33,884s][info][gc,start      ] GC(132) Pause Young (G1 Evacuation Pause)
[33,884s][info][gc,task       ] GC(132) Using 4 workers of 4 for evacuation
[33,895s][info][gc,phases     ] GC(132)   Pre Evacuate Collection Set: 0,0ms
[33,895s][info][gc,phases     ] GC(132)   Evacuate Collection Set: 9,7ms
[33,895s][info][gc,phases     ] GC(132)   Post Evacuate Collection Set: 1,2ms
[33,895s][info][gc,phases     ] GC(132)   Other: 0,2ms
[33,895s][info][gc,heap       ] GC(132) Eden regions: 35->0(34)
[33,895s][info][gc,heap       ] GC(132) Survivor regions: 3->3(5)
[33,895s][info][gc,heap       ] GC(132) Old regions: 97->98
[33,895s][info][gc,heap       ] GC(132) Humongous regions: 92->92
[33,895s][info][gc,metaspace  ] GC(132) Metaspace: 31959K->31959K(1081344K)
[33,895s][info][gc            ] GC(132) Pause Young (G1 Evacuation Pause) 226M->191M(256M) 11,173ms
[33,895s][info][gc,cpu        ] GC(132) User=0,03s Sys=0,00s Real=0,01s
[33,921s][info][gc,start      ] GC(133) Pause Young (G1 Evacuation Pause)
[33,921s][info][gc,task       ] GC(133) Using 4 workers of 4 for evacuation
[33,929s][info][gc,phases     ] GC(133)   Pre Evacuate Collection Set: 0,0ms
[33,929s][info][gc,phases     ] GC(133)   Evacuate Collection Set: 6,7ms
[33,929s][info][gc,phases     ] GC(133)   Post Evacuate Collection Set: 0,5ms
[33,929s][info][gc,phases     ] GC(133)   Other: 0,2ms
[33,929s][info][gc,heap       ] GC(133) Eden regions: 34->0(34)
[33,929s][info][gc,heap       ] GC(133) Survivor regions: 3->3(5)
[33,929s][info][gc,heap       ] GC(133) Old regions: 98->98
[33,929s][info][gc,heap       ] GC(133) Humongous regions: 92->92
[33,929s][info][gc,metaspace  ] GC(133) Metaspace: 31959K->31959K(1081344K)
[33,929s][info][gc            ] GC(133) Pause Young (G1 Evacuation Pause) 225M->192M(256M) 7,469ms
[33,929s][info][gc,cpu        ] GC(133) User=0,03s Sys=0,00s Real=0,01s
[33,954s][info][gc,start      ] GC(134) Pause Young (G1 Evacuation Pause)
[33,954s][info][gc,task       ] GC(134) Using 4 workers of 4 for evacuation
[33,962s][info][gc,phases     ] GC(134)   Pre Evacuate Collection Set: 0,0ms
[33,962s][info][gc,phases     ] GC(134)   Evacuate Collection Set: 7,8ms
[33,962s][info][gc,phases     ] GC(134)   Post Evacuate Collection Set: 0,4ms
[33,962s][info][gc,phases     ] GC(134)   Other: 0,2ms
[33,962s][info][gc,heap       ] GC(134) Eden regions: 34->0(34)
[33,962s][info][gc,heap       ] GC(134) Survivor regions: 3->3(5)
[33,962s][info][gc,heap       ] GC(134) Old regions: 98->98
[33,962s][info][gc,heap       ] GC(134) Humongous regions: 92->92
[33,962s][info][gc,metaspace  ] GC(134) Metaspace: 31959K->31959K(1081344K)
[33,962s][info][gc            ] GC(134) Pause Young (G1 Evacuation Pause) 226M->192M(256M) 8,519ms
[33,962s][info][gc,cpu        ] GC(134) User=0,02s Sys=0,00s Real=0,01s
[34,011s][info][gc,start      ] GC(135) Pause Young (G1 Evacuation Pause)
[34,011s][info][gc,task       ] GC(135) Using 4 workers of 4 for evacuation
[34,021s][info][gc,phases     ] GC(135)   Pre Evacuate Collection Set: 0,0ms
[34,021s][info][gc,phases     ] GC(135)   Evacuate Collection Set: 9,1ms
[34,021s][info][gc,phases     ] GC(135)   Post Evacuate Collection Set: 0,7ms
[34,021s][info][gc,phases     ] GC(135)   Other: 0,2ms
[34,021s][info][gc,heap       ] GC(135) Eden regions: 34->0(34)
[34,021s][info][gc,heap       ] GC(135) Survivor regions: 3->3(5)
[34,021s][info][gc,heap       ] GC(135) Old regions: 98->98
[34,021s][info][gc,heap       ] GC(135) Humongous regions: 92->92
[34,021s][info][gc,metaspace  ] GC(135) Metaspace: 31964K->31964K(1081344K)
[34,022s][info][gc            ] GC(135) Pause Young (G1 Evacuation Pause) 226M->192M(256M) 10,096ms
[34,022s][info][gc,cpu        ] GC(135) User=0,04s Sys=0,00s Real=0,02s
[34,032s][info][gc,marking    ] GC(128) Concurrent Mark From Roots 281,232ms
[34,032s][info][gc,marking    ] GC(128) Concurrent Mark (33,750s, 34,032s) 281,304ms
[34,034s][info][gc,start      ] GC(128) Pause Remark
[34,046s][info][gc,stringtable] GC(128) Cleaned string and symbol table, strings: 13581 processed, 0 removed, symbols: 81463 processed, 0 removed
[34,046s][info][gc            ] GC(128) Pause Remark 206M->206M(256M) 11,962ms
[34,046s][info][gc,cpu        ] GC(128) User=0,04s Sys=0,00s Real=0,01s
[34,046s][info][gc,marking    ] GC(128) Concurrent Create Live Data
[34,059s][info][gc,start      ] GC(136) Pause Young (G1 Evacuation Pause)
[34,059s][info][gc,task       ] GC(136) Using 4 workers of 4 for evacuation
[34,066s][info][gc,phases     ] GC(136)   Pre Evacuate Collection Set: 0,0ms
[34,066s][info][gc,phases     ] GC(136)   Evacuate Collection Set: 6,7ms
[34,066s][info][gc,phases     ] GC(136)   Post Evacuate Collection Set: 0,3ms
[34,066s][info][gc,phases     ] GC(136)   Other: 0,2ms
[34,066s][info][gc,heap       ] GC(136) Eden regions: 34->0(33)
[34,066s][info][gc,heap       ] GC(136) Survivor regions: 3->3(5)
[34,067s][info][gc,heap       ] GC(136) Old regions: 98->99
[34,067s][info][gc,heap       ] GC(136) Humongous regions: 92->92
[34,067s][info][gc,metaspace  ] GC(136) Metaspace: 31964K->31964K(1081344K)
[34,067s][info][gc            ] GC(136) Pause Young (G1 Evacuation Pause) 226M->193M(256M) 7,276ms
[34,067s][info][gc,cpu        ] GC(136) User=0,02s Sys=0,00s Real=0,01s
[34,095s][info][gc,start      ] GC(137) Pause Young (G1 Evacuation Pause)
[34,095s][info][gc,task       ] GC(137) Using 4 workers of 4 for evacuation
[34,102s][info][gc,phases     ] GC(137)   Pre Evacuate Collection Set: 0,0ms
[34,103s][info][gc,phases     ] GC(137)   Evacuate Collection Set: 6,6ms
[34,103s][info][gc,phases     ] GC(137)   Post Evacuate Collection Set: 0,3ms
[34,103s][info][gc,phases     ] GC(137)   Other: 0,2ms
[34,103s][info][gc,heap       ] GC(137) Eden regions: 33->0(33)
[34,103s][info][gc,heap       ] GC(137) Survivor regions: 3->3(5)
[34,103s][info][gc,heap       ] GC(137) Old regions: 99->99
[34,103s][info][gc,heap       ] GC(137) Humongous regions: 92->92
[34,103s][info][gc,metaspace  ] GC(137) Metaspace: 31964K->31964K(1081344K)
[34,103s][info][gc            ] GC(137) Pause Young (G1 Evacuation Pause) 226M->193M(256M) 7,171ms
[34,103s][info][gc,cpu        ] GC(137) User=0,02s Sys=0,00s Real=0,01s
[34,115s][info][gc,marking    ] GC(128) Concurrent Create Live Data 68,099ms
[34,117s][info][gc,start      ] GC(128) Pause Cleanup
[34,118s][info][gc            ] GC(128) Pause Cleanup 209M->209M(256M) 0,638ms
[34,118s][info][gc,cpu        ] GC(128) User=0,00s Sys=0,00s Real=0,00s
[34,118s][info][gc,marking    ] GC(128) Concurrent Cleanup for Next Mark
[34,123s][info][gc,marking    ] GC(128) Concurrent Cleanup for Next Mark 5,200ms
[34,123s][info][gc            ] GC(128) Concurrent Cycle 375,498ms
[34,131s][info][gc,start      ] GC(138) Pause Young (G1 Evacuation Pause)
[34,131s][info][gc,task       ] GC(138) Using 4 workers of 4 for evacuation
[34,137s][info][gc,phases     ] GC(138)   Pre Evacuate Collection Set: 0,0ms
[34,137s][info][gc,phases     ] GC(138)   Evacuate Collection Set: 6,3ms
[34,137s][info][gc,phases     ] GC(138)   Post Evacuate Collection Set: 0,3ms
[34,137s][info][gc,phases     ] GC(138)   Other: 0,2ms
[34,137s][info][gc,heap       ] GC(138) Eden regions: 33->0(9)
[34,137s][info][gc,heap       ] GC(138) Survivor regions: 3->3(5)
[34,137s][info][gc,heap       ] GC(138) Old regions: 99->100
[34,137s][info][gc,heap       ] GC(138) Humongous regions: 92->92
[34,137s][info][gc,metaspace  ] GC(138) Metaspace: 31964K->31964K(1081344K)
[34,137s][info][gc            ] GC(138) Pause Young (G1 Evacuation Pause) 226M->194M(256M) 6,868ms
[34,137s][info][gc,cpu        ] GC(138) User=0,02s Sys=0,00s Real=0,01s
[34,143s][info][gc,start      ] GC(139) Pause Mixed (G1 Evacuation Pause)
[34,143s][info][gc,task       ] GC(139) Using 4 workers of 4 for evacuation
[34,157s][info][gc,phases     ] GC(139)   Pre Evacuate Collection Set: 0,0ms
[34,157s][info][gc,phases     ] GC(139)   Evacuate Collection Set: 12,8ms
[34,157s][info][gc,phases     ] GC(139)   Post Evacuate Collection Set: 0,4ms
[34,157s][info][gc,phases     ] GC(139)   Other: 0,2ms
[34,157s][info][gc,heap       ] GC(139) Eden regions: 9->0(36)
[34,157s][info][gc,heap       ] GC(139) Survivor regions: 3->1(2)
[34,157s][info][gc,heap       ] GC(139) Old regions: 100->93
[34,157s][info][gc,heap       ] GC(139) Humongous regions: 92->92
[34,157s][info][gc,metaspace  ] GC(139) Metaspace: 31964K->31964K(1081344K)
[34,157s][info][gc            ] GC(139) Pause Mixed (G1 Evacuation Pause) 203M->184M(256M) 13,438ms
[34,157s][info][gc,cpu        ] GC(139) User=0,05s Sys=0,00s Real=0,01s
[34,177s][info][gc,start      ] GC(140) Pause Young (G1 Evacuation Pause)
[34,177s][info][gc,task       ] GC(140) Using 4 workers of 4 for evacuation
[34,187s][info][gc,phases     ] GC(140)   Pre Evacuate Collection Set: 0,0ms
[34,187s][info][gc,phases     ] GC(140)   Evacuate Collection Set: 8,7ms
[34,187s][info][gc,phases     ] GC(140)   Post Evacuate Collection Set: 0,3ms
[34,187s][info][gc,phases     ] GC(140)   Other: 0,2ms
[34,187s][info][gc,heap       ] GC(140) Eden regions: 36->0(36)
[34,187s][info][gc,heap       ] GC(140) Survivor regions: 1->2(5)
[34,187s][info][gc,heap       ] GC(140) Old regions: 93->93
[34,187s][info][gc,heap       ] GC(140) Humongous regions: 92->92
[34,187s][info][gc,metaspace  ] GC(140) Metaspace: 31964K->31964K(1081344K)
[34,187s][info][gc            ] GC(140) Pause Young (G1 Evacuation Pause) 220M->185M(256M) 9,240ms
[34,187s][info][gc,cpu        ] GC(140) User=0,03s Sys=0,00s Real=0,01s
[34,208s][info][gc,start      ] GC(141) Pause Young (G1 Evacuation Pause)
[34,208s][info][gc,task       ] GC(141) Using 4 workers of 4 for evacuation
[34,213s][info][gc,phases     ] GC(141)   Pre Evacuate Collection Set: 0,0ms
[34,213s][info][gc,phases     ] GC(141)   Evacuate Collection Set: 4,8ms
[34,213s][info][gc,phases     ] GC(141)   Post Evacuate Collection Set: 0,3ms
[34,213s][info][gc,phases     ] GC(141)   Other: 0,2ms
[34,213s][info][gc,heap       ] GC(141) Eden regions: 36->0(36)
[34,213s][info][gc,heap       ] GC(141) Survivor regions: 2->2(5)
[34,213s][info][gc,heap       ] GC(141) Old regions: 93->93
[34,213s][info][gc,heap       ] GC(141) Humongous regions: 92->92
[34,213s][info][gc,metaspace  ] GC(141) Metaspace: 31964K->31964K(1081344K)
[34,213s][info][gc            ] GC(141) Pause Young (G1 Evacuation Pause) 221M->185M(256M) 5,320ms
[34,213s][info][gc,cpu        ] GC(141) User=0,01s Sys=0,00s Real=0,00s
[34,235s][info][gc,start      ] GC(142) Pause Initial Mark (G1 Evacuation Pause)
[34,235s][info][gc,task       ] GC(142) Using 4 workers of 4 for evacuation
[34,240s][info][gc,phases     ] GC(142)   Pre Evacuate Collection Set: 0,0ms
[34,240s][info][gc,phases     ] GC(142)   Evacuate Collection Set: 5,2ms
[34,240s][info][gc,phases     ] GC(142)   Post Evacuate Collection Set: 0,4ms
[34,240s][info][gc,phases     ] GC(142)   Other: 0,2ms
[34,240s][info][gc,heap       ] GC(142) Eden regions: 36->0(37)
[34,240s][info][gc,heap       ] GC(142) Survivor regions: 2->2(5)
[34,240s][info][gc,heap       ] GC(142) Old regions: 93->93
[34,240s][info][gc,heap       ] GC(142) Humongous regions: 92->92
[34,240s][info][gc,metaspace  ] GC(142) Metaspace: 31964K->31964K(1081344K)
[34,240s][info][gc            ] GC(142) Pause Initial Mark (G1 Evacuation Pause) 221M->185M(256M) 5,859ms
[34,240s][info][gc,cpu        ] GC(142) User=0,02s Sys=0,00s Real=0,00s
[34,241s][info][gc            ] GC(143) Concurrent Cycle
[34,241s][info][gc,marking    ] GC(143) Concurrent Clear Claimed Marks
[34,241s][info][gc,marking    ] GC(143) Concurrent Clear Claimed Marks 0,230ms
[34,241s][info][gc,marking    ] GC(143) Concurrent Scan Root Regions
[34,243s][info][gc,marking    ] GC(143) Concurrent Scan Root Regions 2,205ms
[34,243s][info][gc,marking    ] GC(143) Concurrent Mark (34,243s)
[34,243s][info][gc,marking    ] GC(143) Concurrent Mark From Roots
[34,243s][info][gc,task       ] GC(143) Using 1 workers of 1 for marking
[34,274s][info][gc,start      ] GC(144) Pause Young (G1 Evacuation Pause)
[34,274s][info][gc,task       ] GC(144) Using 4 workers of 4 for evacuation
[34,280s][info][gc,phases     ] GC(144)   Pre Evacuate Collection Set: 0,0ms
[34,280s][info][gc,phases     ] GC(144)   Evacuate Collection Set: 5,1ms
[34,280s][info][gc,phases     ] GC(144)   Post Evacuate Collection Set: 0,5ms
[34,280s][info][gc,phases     ] GC(144)   Other: 0,2ms
[34,280s][info][gc,heap       ] GC(144) Eden regions: 37->0(37)
[34,280s][info][gc,heap       ] GC(144) Survivor regions: 2->3(5)
[34,280s][info][gc,heap       ] GC(144) Old regions: 93->93
[34,280s][info][gc,heap       ] GC(144) Humongous regions: 92->92
[34,280s][info][gc,metaspace  ] GC(144) Metaspace: 31964K->31964K(1081344K)
[34,280s][info][gc            ] GC(144) Pause Young (G1 Evacuation Pause) 222M->186M(256M) 5,837ms
[34,280s][info][gc,cpu        ] GC(144) User=0,02s Sys=0,00s Real=0,00s
[34,313s][info][gc,start      ] GC(145) Pause Young (G1 Evacuation Pause)
[34,313s][info][gc,task       ] GC(145) Using 4 workers of 4 for evacuation
[34,320s][info][gc,phases     ] GC(145)   Pre Evacuate Collection Set: 0,0ms
[34,320s][info][gc,phases     ] GC(145)   Evacuate Collection Set: 6,5ms
[34,320s][info][gc,phases     ] GC(145)   Post Evacuate Collection Set: 0,5ms
[34,320s][info][gc,phases     ] GC(145)   Other: 0,2ms
[34,320s][info][gc,heap       ] GC(145) Eden regions: 37->0(37)
[34,320s][info][gc,heap       ] GC(145) Survivor regions: 3->3(5)
[34,320s][info][gc,heap       ] GC(145) Old regions: 93->93
[34,320s][info][gc,heap       ] GC(145) Humongous regions: 92->92
[34,320s][info][gc,metaspace  ] GC(145) Metaspace: 31964K->31964K(1081344K)
[34,320s][info][gc            ] GC(145) Pause Young (G1 Evacuation Pause) 223M->186M(256M) 7,244ms
[34,321s][info][gc,cpu        ] GC(145) User=0,02s Sys=0,01s Real=0,01s
[34,367s][info][gc,start      ] GC(146) Pause Young (G1 Evacuation Pause)
[34,367s][info][gc,task       ] GC(146) Using 4 workers of 4 for evacuation
[34,375s][info][gc,phases     ] GC(146)   Pre Evacuate Collection Set: 0,0ms
[34,375s][info][gc,phases     ] GC(146)   Evacuate Collection Set: 7,3ms
[34,375s][info][gc,phases     ] GC(146)   Post Evacuate Collection Set: 0,5ms
[34,375s][info][gc,phases     ] GC(146)   Other: 0,2ms
[34,375s][info][gc,heap       ] GC(146) Eden regions: 37->0(37)
[34,375s][info][gc,heap       ] GC(146) Survivor regions: 3->3(5)
[34,375s][info][gc,heap       ] GC(146) Old regions: 93->93
[34,375s][info][gc,heap       ] GC(146) Humongous regions: 92->92
[34,375s][info][gc,metaspace  ] GC(146) Metaspace: 31964K->31964K(1081344K)
[34,375s][info][gc            ] GC(146) Pause Young (G1 Evacuation Pause) 223M->187M(256M) 8,068ms
[34,375s][info][gc,cpu        ] GC(146) User=0,03s Sys=0,00s Real=0,01s
[34,416s][info][gc,start      ] GC(147) Pause Young (G1 Evacuation Pause)
[34,416s][info][gc,task       ] GC(147) Using 4 workers of 4 for evacuation
[34,424s][info][gc,phases     ] GC(147)   Pre Evacuate Collection Set: 0,0ms
[34,424s][info][gc,phases     ] GC(147)   Evacuate Collection Set: 7,5ms
[34,424s][info][gc,phases     ] GC(147)   Post Evacuate Collection Set: 0,5ms
[34,424s][info][gc,phases     ] GC(147)   Other: 0,2ms
[34,424s][info][gc,heap       ] GC(147) Eden regions: 37->0(37)
[34,424s][info][gc,heap       ] GC(147) Survivor regions: 3->4(5)
[34,424s][info][gc,heap       ] GC(147) Old regions: 93->93
[34,424s][info][gc,heap       ] GC(147) Humongous regions: 92->92
[34,424s][info][gc,metaspace  ] GC(147) Metaspace: 31964K->31964K(1081344K)
[34,424s][info][gc            ] GC(147) Pause Young (G1 Evacuation Pause) 224M->187M(256M) 8,240ms
[34,424s][info][gc,cpu        ] GC(147) User=0,03s Sys=0,00s Real=0,01s
[34,453s][info][gc,start      ] GC(148) Pause Young (G1 Evacuation Pause)
[34,453s][info][gc,task       ] GC(148) Using 4 workers of 4 for evacuation
[34,462s][info][gc,phases     ] GC(148)   Pre Evacuate Collection Set: 0,0ms
[34,462s][info][gc,phases     ] GC(148)   Evacuate Collection Set: 8,7ms
[34,462s][info][gc,phases     ] GC(148)   Post Evacuate Collection Set: 0,5ms
[34,462s][info][gc,phases     ] GC(148)   Other: 0,2ms
[34,462s][info][gc,heap       ] GC(148) Eden regions: 37->0(35)
[34,462s][info][gc,heap       ] GC(148) Survivor regions: 4->5(6)
[34,462s][info][gc,heap       ] GC(148) Old regions: 93->93
[34,462s][info][gc,heap       ] GC(148) Humongous regions: 92->92
[34,462s][info][gc,metaspace  ] GC(148) Metaspace: 31964K->31964K(1081344K)
[34,462s][info][gc            ] GC(148) Pause Young (G1 Evacuation Pause) 224M->188M(256M) 9,484ms
[34,462s][info][gc,cpu        ] GC(148) User=0,03s Sys=0,00s Real=0,02s
[34,490s][info][gc,start      ] GC(149) Pause Young (G1 Evacuation Pause)
[34,490s][info][gc,task       ] GC(149) Using 4 workers of 4 for evacuation
[34,503s][info][gc,phases     ] GC(149)   Pre Evacuate Collection Set: 0,0ms
[34,503s][info][gc,phases     ] GC(149)   Evacuate Collection Set: 12,9ms
[34,503s][info][gc,phases     ] GC(149)   Post Evacuate Collection Set: 0,6ms
[34,503s][info][gc,phases     ] GC(149)   Other: 0,2ms
[34,503s][info][gc,heap       ] GC(149) Eden regions: 35->0(33)
[34,503s][info][gc,heap       ] GC(149) Survivor regions: 5->5(5)
[34,503s][info][gc,heap       ] GC(149) Old regions: 93->95
[34,503s][info][gc,heap       ] GC(149) Humongous regions: 92->92
[34,503s][info][gc,metaspace  ] GC(149) Metaspace: 31964K->31964K(1081344K)
[34,503s][info][gc            ] GC(149) Pause Young (G1 Evacuation Pause) 223M->191M(256M) 13,871ms
[34,503s][info][gc,cpu        ] GC(149) User=0,05s Sys=0,00s Real=0,02s
[34,535s][info][gc,start      ] GC(150) Pause Young (G1 Evacuation Pause)
[34,535s][info][gc,task       ] GC(150) Using 4 workers of 4 for evacuation
[34,555s][info][gc,phases     ] GC(150)   Pre Evacuate Collection Set: 0,0ms
[34,555s][info][gc,phases     ] GC(150)   Evacuate Collection Set: 19,3ms
[34,555s][info][gc,phases     ] GC(150)   Post Evacuate Collection Set: 0,7ms
[34,555s][info][gc,phases     ] GC(150)   Other: 0,2ms
[34,555s][info][gc,heap       ] GC(150) Eden regions: 33->0(30)
[34,555s][info][gc,heap       ] GC(150) Survivor regions: 5->3(5)
[34,555s][info][gc,heap       ] GC(150) Old regions: 95->100
[34,555s][info][gc,heap       ] GC(150) Humongous regions: 92->92
[34,555s][info][gc,metaspace  ] GC(150) Metaspace: 31973K->31973K(1081344K)
[34,555s][info][gc            ] GC(150) Pause Young (G1 Evacuation Pause) 224M->193M(256M) 20,293ms
[34,555s][info][gc,cpu        ] GC(150) User=0,08s Sys=0,00s Real=0,02s
[34,567s][info][gc,marking    ] GC(143) Concurrent Mark From Roots 324,197ms
[34,567s][info][gc,marking    ] GC(143) Concurrent Mark (34,243s, 34,567s) 324,266ms
[34,569s][info][gc,start      ] GC(143) Pause Remark
[34,581s][info][gc,stringtable] GC(143) Cleaned string and symbol table, strings: 13582 processed, 0 removed, symbols: 81463 processed, 0 removed
[34,581s][info][gc            ] GC(143) Pause Remark 204M->204M(256M) 12,240ms
[34,581s][info][gc,cpu        ] GC(143) User=0,04s Sys=0,00s Real=0,01s
[34,581s][info][gc,marking    ] GC(143) Concurrent Create Live Data
[34,594s][info][gc,start      ] GC(151) Pause Young (G1 Evacuation Pause)
[34,594s][info][gc,task       ] GC(151) Using 4 workers of 4 for evacuation
[34,603s][info][gc,phases     ] GC(151)   Pre Evacuate Collection Set: 0,0ms
[34,603s][info][gc,phases     ] GC(151)   Evacuate Collection Set: 8,7ms
[34,603s][info][gc,phases     ] GC(151)   Post Evacuate Collection Set: 0,2ms
[34,603s][info][gc,phases     ] GC(151)   Other: 0,2ms
[34,603s][info][gc,heap       ] GC(151) Eden regions: 30->0(31)
[34,603s][info][gc,heap       ] GC(151) Survivor regions: 3->3(5)
[34,603s][info][gc,heap       ] GC(151) Old regions: 100->100
[34,603s][info][gc,heap       ] GC(151) Humongous regions: 92->92
[34,603s][info][gc,metaspace  ] GC(151) Metaspace: 31973K->31973K(1081344K)
[34,603s][info][gc            ] GC(151) Pause Young (G1 Evacuation Pause) 223M->194M(256M) 9,245ms
[34,603s][info][gc,cpu        ] GC(151) User=0,03s Sys=0,00s Real=0,01s
[34,625s][info][gc,start      ] GC(152) Pause Young (G1 Evacuation Pause)
[34,625s][info][gc,task       ] GC(152) Using 4 workers of 4 for evacuation
[34,640s][info][gc,phases     ] GC(152)   Pre Evacuate Collection Set: 0,0ms
[34,640s][info][gc,phases     ] GC(152)   Evacuate Collection Set: 14,9ms
[34,640s][info][gc,phases     ] GC(152)   Post Evacuate Collection Set: 0,3ms
[34,640s][info][gc,phases     ] GC(152)   Other: 0,2ms
[34,641s][info][gc,heap       ] GC(152) Eden regions: 31->0(27)
[34,641s][info][gc,heap       ] GC(152) Survivor regions: 3->4(5)
[34,641s][info][gc,heap       ] GC(152) Old regions: 100->102
[34,641s][info][gc,heap       ] GC(152) Humongous regions: 92->92
[34,641s][info][gc,metaspace  ] GC(152) Metaspace: 31973K->31973K(1081344K)
[34,641s][info][gc            ] GC(152) Pause Young (G1 Evacuation Pause) 225M->197M(256M) 15,508ms
[34,641s][info][gc,cpu        ] GC(152) User=0,05s Sys=0,00s Real=0,01s
[34,664s][info][gc,start      ] GC(153) Pause Young (G1 Evacuation Pause)
[34,664s][info][gc,task       ] GC(153) Using 4 workers of 4 for evacuation
[34,674s][info][gc,phases     ] GC(153)   Pre Evacuate Collection Set: 0,0ms
[34,674s][info][gc,phases     ] GC(153)   Evacuate Collection Set: 9,4ms
[34,674s][info][gc,phases     ] GC(153)   Post Evacuate Collection Set: 0,3ms
[34,674s][info][gc,phases     ] GC(153)   Other: 0,2ms
[34,674s][info][gc,heap       ] GC(153) Eden regions: 27->0(25)
[34,674s][info][gc,heap       ] GC(153) Survivor regions: 4->2(4)
[34,674s][info][gc,heap       ] GC(153) Old regions: 102->106
[34,674s][info][gc,heap       ] GC(153) Humongous regions: 92->92
[34,674s][info][gc,metaspace  ] GC(153) Metaspace: 31973K->31973K(1081344K)
[34,674s][info][gc            ] GC(153) Pause Young (G1 Evacuation Pause) 224M->199M(256M) 9,975ms
[34,674s][info][gc,cpu        ] GC(153) User=0,04s Sys=0,00s Real=0,01s
[34,678s][info][gc,marking    ] GC(143) Concurrent Create Live Data 96,363ms
[34,678s][info][gc,start      ] GC(143) Pause Cleanup
[34,679s][info][gc            ] GC(143) Pause Cleanup 202M->202M(256M) 0,674ms
[34,679s][info][gc,cpu        ] GC(143) User=0,00s Sys=0,00s Real=0,00s
[34,679s][info][gc,marking    ] GC(143) Concurrent Cleanup for Next Mark
[34,683s][info][gc,marking    ] GC(143) Concurrent Cleanup for Next Mark 4,231ms
[34,683s][info][gc            ] GC(143) Concurrent Cycle 442,516ms
[34,693s][info][gc,start      ] GC(154) Pause Young (G1 Evacuation Pause)
[34,693s][info][gc,task       ] GC(154) Using 4 workers of 4 for evacuation
[34,700s][info][gc,phases     ] GC(154)   Pre Evacuate Collection Set: 0,0ms
[34,700s][info][gc,phases     ] GC(154)   Evacuate Collection Set: 7,0ms
[34,700s][info][gc,phases     ] GC(154)   Post Evacuate Collection Set: 0,2ms
[34,700s][info][gc,phases     ] GC(154)   Other: 0,2ms
[34,700s][info][gc,heap       ] GC(154) Eden regions: 25->0(10)
[34,700s][info][gc,heap       ] GC(154) Survivor regions: 2->2(4)
[34,700s][info][gc,heap       ] GC(154) Old regions: 106->106
[34,700s][info][gc,heap       ] GC(154) Humongous regions: 92->92
[34,700s][info][gc,metaspace  ] GC(154) Metaspace: 31973K->31973K(1081344K)
[34,701s][info][gc            ] GC(154) Pause Young (G1 Evacuation Pause) 224M->199M(256M) 7,508ms
[34,701s][info][gc,cpu        ] GC(154) User=0,02s Sys=0,00s Real=0,01s
[34,707s][info][gc,start      ] GC(155) Pause Mixed (G1 Evacuation Pause)
[34,707s][info][gc,task       ] GC(155) Using 4 workers of 4 for evacuation
[34,715s][info][gc,phases     ] GC(155)   Pre Evacuate Collection Set: 0,0ms
[34,715s][info][gc,phases     ] GC(155)   Evacuate Collection Set: 8,0ms
[34,715s][info][gc,phases     ] GC(155)   Post Evacuate Collection Set: 0,2ms
[34,715s][info][gc,phases     ] GC(155)   Other: 0,2ms
[34,715s][info][gc,heap       ] GC(155) Eden regions: 10->0(25)
[34,715s][info][gc,heap       ] GC(155) Survivor regions: 2->1(2)
[34,715s][info][gc,heap       ] GC(155) Old regions: 106->107
[34,715s][info][gc,heap       ] GC(155) Humongous regions: 92->92
[34,715s][info][gc,metaspace  ] GC(155) Metaspace: 31973K->31973K(1081344K)
[34,715s][info][gc            ] GC(155) Pause Mixed (G1 Evacuation Pause) 209M->198M(256M) 8,596ms
[34,715s][info][gc,cpu        ] GC(155) User=0,03s Sys=0,00s Real=0,01s
[34,730s][info][gc,start      ] GC(156) Pause Young (G1 Evacuation Pause)
[34,730s][info][gc,task       ] GC(156) Using 4 workers of 4 for evacuation
[34,735s][info][gc,phases     ] GC(156)   Pre Evacuate Collection Set: 0,0ms
[34,735s][info][gc,phases     ] GC(156)   Evacuate Collection Set: 4,5ms
[34,735s][info][gc,phases     ] GC(156)   Post Evacuate Collection Set: 0,2ms
[34,735s][info][gc,phases     ] GC(156)   Other: 0,2ms
[34,735s][info][gc,heap       ] GC(156) Eden regions: 25->0(25)
[34,735s][info][gc,heap       ] GC(156) Survivor regions: 1->1(4)
[34,735s][info][gc,heap       ] GC(156) Old regions: 107->107
[34,735s][info][gc,heap       ] GC(156) Humongous regions: 92->92
[34,735s][info][gc,metaspace  ] GC(156) Metaspace: 31973K->31973K(1081344K)
[34,735s][info][gc            ] GC(156) Pause Young (G1 Evacuation Pause) 223M->198M(256M) 5,027ms
[34,735s][info][gc,cpu        ] GC(156) User=0,02s Sys=0,00s Real=0,01s
[34,749s][info][gc,start      ] GC(157) Pause Young (G1 Evacuation Pause)
[34,749s][info][gc,task       ] GC(157) Using 4 workers of 4 for evacuation
[34,753s][info][gc,phases     ] GC(157)   Pre Evacuate Collection Set: 0,0ms
[34,753s][info][gc,phases     ] GC(157)   Evacuate Collection Set: 3,3ms
[34,753s][info][gc,phases     ] GC(157)   Post Evacuate Collection Set: 0,2ms
[34,753s][info][gc,phases     ] GC(157)   Other: 0,2ms
[34,753s][info][gc,heap       ] GC(157) Eden regions: 25->0(25)
[34,753s][info][gc,heap       ] GC(157) Survivor regions: 1->1(4)
[34,753s][info][gc,heap       ] GC(157) Old regions: 107->107
[34,753s][info][gc,heap       ] GC(157) Humongous regions: 92->92
[34,753s][info][gc,metaspace  ] GC(157) Metaspace: 31973K->31973K(1081344K)
[34,753s][info][gc            ] GC(157) Pause Young (G1 Evacuation Pause) 223M->198M(256M) 3,833ms
[34,753s][info][gc,cpu        ] GC(157) User=0,01s Sys=0,00s Real=0,00s
[34,765s][info][gc,start      ] GC(158) Pause Initial Mark (G1 Evacuation Pause)
[34,765s][info][gc,task       ] GC(158) Using 4 workers of 4 for evacuation
[34,769s][info][gc,phases     ] GC(158)   Pre Evacuate Collection Set: 0,0ms
[34,769s][info][gc,phases     ] GC(158)   Evacuate Collection Set: 3,9ms
[34,769s][info][gc,phases     ] GC(158)   Post Evacuate Collection Set: 0,4ms
[34,769s][info][gc,phases     ] GC(158)   Other: 0,2ms
[34,769s][info][gc,heap       ] GC(158) Eden regions: 25->0(25)
[34,769s][info][gc,heap       ] GC(158) Survivor regions: 1->1(4)
[34,769s][info][gc,heap       ] GC(158) Old regions: 107->107
[34,769s][info][gc,heap       ] GC(158) Humongous regions: 92->92
[34,769s][info][gc,metaspace  ] GC(158) Metaspace: 31973K->31973K(1081344K)
[34,770s][info][gc            ] GC(158) Pause Initial Mark (G1 Evacuation Pause) 223M->199M(256M) 4,586ms
[34,770s][info][gc,cpu        ] GC(158) User=0,01s Sys=0,01s Real=0,00s
[34,770s][info][gc            ] GC(159) Concurrent Cycle
[34,770s][info][gc,marking    ] GC(159) Concurrent Clear Claimed Marks
[34,770s][info][gc,marking    ] GC(159) Concurrent Clear Claimed Marks 0,188ms
[34,770s][info][gc,marking    ] GC(159) Concurrent Scan Root Regions
[34,771s][info][gc,marking    ] GC(159) Concurrent Scan Root Regions 1,203ms
[34,771s][info][gc,marking    ] GC(159) Concurrent Mark (34,771s)
[34,771s][info][gc,marking    ] GC(159) Concurrent Mark From Roots
[34,771s][info][gc,task       ] GC(159) Using 1 workers of 1 for marking
[34,805s][info][gc,start      ] GC(160) Pause Young (G1 Evacuation Pause)
[34,805s][info][gc,task       ] GC(160) Using 4 workers of 4 for evacuation
[34,810s][info][gc,phases     ] GC(160)   Pre Evacuate Collection Set: 0,0ms
[34,810s][info][gc,phases     ] GC(160)   Evacuate Collection Set: 4,4ms
[34,810s][info][gc,phases     ] GC(160)   Post Evacuate Collection Set: 0,5ms
[34,810s][info][gc,phases     ] GC(160)   Other: 0,2ms
[34,810s][info][gc,heap       ] GC(160) Eden regions: 25->0(25)
[34,810s][info][gc,heap       ] GC(160) Survivor regions: 1->2(4)
[34,810s][info][gc,heap       ] GC(160) Old regions: 107->107
[34,810s][info][gc,heap       ] GC(160) Humongous regions: 92->92
[34,810s][info][gc,metaspace  ] GC(160) Metaspace: 31973K->31973K(1081344K)
[34,810s][info][gc            ] GC(160) Pause Young (G1 Evacuation Pause) 224M->199M(256M) 5,178ms
[34,810s][info][gc,cpu        ] GC(160) User=0,02s Sys=0,00s Real=0,00s
[34,835s][info][gc,start      ] GC(161) Pause Young (G1 Evacuation Pause)
[34,835s][info][gc,task       ] GC(161) Using 4 workers of 4 for evacuation
[34,840s][info][gc,phases     ] GC(161)   Pre Evacuate Collection Set: 0,0ms
[34,840s][info][gc,phases     ] GC(161)   Evacuate Collection Set: 4,3ms
[34,840s][info][gc,phases     ] GC(161)   Post Evacuate Collection Set: 0,4ms
[34,840s][info][gc,phases     ] GC(161)   Other: 0,2ms
[34,840s][info][gc,heap       ] GC(161) Eden regions: 25->0(25)
[34,840s][info][gc,heap       ] GC(161) Survivor regions: 2->2(4)
[34,840s][info][gc,heap       ] GC(161) Old regions: 107->107
[34,840s][info][gc,heap       ] GC(161) Humongous regions: 92->92
[34,840s][info][gc,metaspace  ] GC(161) Metaspace: 31973K->31973K(1081344K)
[34,840s][info][gc            ] GC(161) Pause Young (G1 Evacuation Pause) 224M->199M(256M) 5,056ms
[34,840s][info][gc,cpu        ] GC(161) User=0,02s Sys=0,00s Real=0,00s
[34,861s][info][gc,start      ] GC(162) Pause Young (G1 Evacuation Pause)
[34,861s][info][gc,task       ] GC(162) Using 4 workers of 4 for evacuation
[34,866s][info][gc,phases     ] GC(162)   Pre Evacuate Collection Set: 0,0ms
[34,866s][info][gc,phases     ] GC(162)   Evacuate Collection Set: 4,3ms
[34,866s][info][gc,phases     ] GC(162)   Post Evacuate Collection Set: 0,5ms
[34,866s][info][gc,phases     ] GC(162)   Other: 0,2ms
[34,866s][info][gc,heap       ] GC(162) Eden regions: 25->0(25)
[34,866s][info][gc,heap       ] GC(162) Survivor regions: 2->2(4)
[34,866s][info][gc,heap       ] GC(162) Old regions: 107->107
[34,866s][info][gc,heap       ] GC(162) Humongous regions: 92->92
[34,866s][info][gc,metaspace  ] GC(162) Metaspace: 31973K->31973K(1081344K)
[34,866s][info][gc            ] GC(162) Pause Young (G1 Evacuation Pause) 224M->199M(256M) 5,066ms
[34,866s][info][gc,cpu        ] GC(162) User=0,02s Sys=0,00s Real=0,01s
[34,889s][info][gc,start      ] GC(163) Pause Young (G1 Evacuation Pause)
[34,889s][info][gc,task       ] GC(163) Using 4 workers of 4 for evacuation
[34,895s][info][gc,phases     ] GC(163)   Pre Evacuate Collection Set: 0,0ms
[34,895s][info][gc,phases     ] GC(163)   Evacuate Collection Set: 5,7ms
[34,895s][info][gc,phases     ] GC(163)   Post Evacuate Collection Set: 0,4ms
[34,895s][info][gc,phases     ] GC(163)   Other: 0,2ms
[34,895s][info][gc,heap       ] GC(163) Eden regions: 25->0(26)
[34,895s][info][gc,heap       ] GC(163) Survivor regions: 2->2(4)
[34,895s][info][gc,heap       ] GC(163) Old regions: 107->107
[34,895s][info][gc,heap       ] GC(163) Humongous regions: 92->92
[34,895s][info][gc,metaspace  ] GC(163) Metaspace: 31973K->31973K(1081344K)
[34,895s][info][gc            ] GC(163) Pause Young (G1 Evacuation Pause) 224M->199M(256M) 6,379ms
[34,895s][info][gc,cpu        ] GC(163) User=0,03s Sys=0,00s Real=0,01s
[34,922s][info][gc,start      ] GC(164) Pause Young (G1 Evacuation Pause)
[34,922s][info][gc,task       ] GC(164) Using 4 workers of 4 for evacuation
[34,930s][info][gc,phases     ] GC(164)   Pre Evacuate Collection Set: 0,0ms
[34,930s][info][gc,phases     ] GC(164)   Evacuate Collection Set: 6,8ms
[34,930s][info][gc,phases     ] GC(164)   Post Evacuate Collection Set: 1,0ms
[34,930s][info][gc,phases     ] GC(164)   Other: 0,1ms
[34,930s][info][gc,heap       ] GC(164) Eden regions: 26->0(26)
[34,930s][info][gc,heap       ] GC(164) Survivor regions: 2->2(4)
[34,930s][info][gc,heap       ] GC(164) Old regions: 107->107
[34,930s][info][gc,heap       ] GC(164) Humongous regions: 92->92
[34,930s][info][gc,metaspace  ] GC(164) Metaspace: 31973K->31973K(1081344K)
[34,930s][info][gc            ] GC(164) Pause Young (G1 Evacuation Pause) 225M->199M(256M) 7,995ms
[34,930s][info][gc,cpu        ] GC(164) User=0,02s Sys=0,00s Real=0,00s
[34,950s][info][gc,start      ] GC(165) Pause Young (G1 Evacuation Pause)
[34,950s][info][gc,task       ] GC(165) Using 4 workers of 4 for evacuation
[34,956s][info][gc,phases     ] GC(165)   Pre Evacuate Collection Set: 0,0ms
[34,956s][info][gc,phases     ] GC(165)   Evacuate Collection Set: 5,4ms
[34,956s][info][gc,phases     ] GC(165)   Post Evacuate Collection Set: 0,5ms
[34,956s][info][gc,phases     ] GC(165)   Other: 0,2ms
[34,956s][info][gc,heap       ] GC(165) Eden regions: 26->0(26)
[34,956s][info][gc,heap       ] GC(165) Survivor regions: 2->2(4)
[34,956s][info][gc,heap       ] GC(165) Old regions: 107->107
[34,956s][info][gc,heap       ] GC(165) Humongous regions: 92->92
[34,956s][info][gc,metaspace  ] GC(165) Metaspace: 31973K->31973K(1081344K)
[34,956s][info][gc            ] GC(165) Pause Young (G1 Evacuation Pause) 225M->199M(256M) 6,157ms
[34,956s][info][gc,cpu        ] GC(165) User=0,02s Sys=0,00s Real=0,01s
[34,977s][info][gc,start      ] GC(166) Pause Young (G1 Evacuation Pause)
[34,977s][info][gc,task       ] GC(166) Using 4 workers of 4 for evacuation
[34,983s][info][gc,phases     ] GC(166)   Pre Evacuate Collection Set: 0,0ms
[34,983s][info][gc,phases     ] GC(166)   Evacuate Collection Set: 5,7ms
[34,983s][info][gc,phases     ] GC(166)   Post Evacuate Collection Set: 0,5ms
[34,983s][info][gc,phases     ] GC(166)   Other: 0,2ms
[34,983s][info][gc,heap       ] GC(166) Eden regions: 26->0(26)
[34,983s][info][gc,heap       ] GC(166) Survivor regions: 2->2(4)
[34,983s][info][gc,heap       ] GC(166) Old regions: 107->107
[34,983s][info][gc,heap       ] GC(166) Humongous regions: 92->92
[34,983s][info][gc,metaspace  ] GC(166) Metaspace: 31973K->31973K(1081344K)
[34,983s][info][gc            ] GC(166) Pause Young (G1 Evacuation Pause) 225M->199M(256M) 6,449ms
[34,983s][info][gc,cpu        ] GC(166) User=0,02s Sys=0,00s Real=0,01s
[35,012s][info][gc,start      ] GC(167) Pause Young (G1 Evacuation Pause)
[35,012s][info][gc,task       ] GC(167) Using 4 workers of 4 for evacuation
[35,019s][info][gc,phases     ] GC(167)   Pre Evacuate Collection Set: 0,0ms
[35,019s][info][gc,phases     ] GC(167)   Evacuate Collection Set: 6,4ms
[35,019s][info][gc,phases     ] GC(167)   Post Evacuate Collection Set: 0,5ms
[35,019s][info][gc,phases     ] GC(167)   Other: 0,2ms
[35,019s][info][gc,heap       ] GC(167) Eden regions: 26->0(26)
[35,019s][info][gc,heap       ] GC(167) Survivor regions: 2->2(4)
[35,019s][info][gc,heap       ] GC(167) Old regions: 107->107
[35,019s][info][gc,heap       ] GC(167) Humongous regions: 92->92
[35,019s][info][gc,metaspace  ] GC(167) Metaspace: 31975K->31975K(1081344K)
[35,019s][info][gc            ] GC(167) Pause Young (G1 Evacuation Pause) 225M->199M(256M) 7,238ms
[35,020s][info][gc,cpu        ] GC(167) User=0,03s Sys=0,00s Real=0,01s
[35,044s][info][gc,start      ] GC(168) Pause Young (G1 Evacuation Pause)
[35,044s][info][gc,task       ] GC(168) Using 4 workers of 4 for evacuation
[35,052s][info][gc,phases     ] GC(168)   Pre Evacuate Collection Set: 0,0ms
[35,052s][info][gc,phases     ] GC(168)   Evacuate Collection Set: 6,9ms
[35,052s][info][gc,phases     ] GC(168)   Post Evacuate Collection Set: 0,6ms
[35,052s][info][gc,phases     ] GC(168)   Other: 0,2ms
[35,052s][info][gc,heap       ] GC(168) Eden regions: 26->0(26)
[35,052s][info][gc,heap       ] GC(168) Survivor regions: 2->2(4)
[35,052s][info][gc,heap       ] GC(168) Old regions: 107->107
[35,052s][info][gc,heap       ] GC(168) Humongous regions: 92->92
[35,052s][info][gc,metaspace  ] GC(168) Metaspace: 31976K->31976K(1081344K)
[35,052s][info][gc            ] GC(168) Pause Young (G1 Evacuation Pause) 225M->199M(256M) 7,811ms
[35,052s][info][gc,cpu        ] GC(168) User=0,03s Sys=0,00s Real=0,00s
[35,072s][info][gc,start      ] GC(169) Pause Young (G1 Evacuation Pause)
[35,072s][info][gc,task       ] GC(169) Using 4 workers of 4 for evacuation
[35,080s][info][gc,phases     ] GC(169)   Pre Evacuate Collection Set: 0,0ms
[35,080s][info][gc,phases     ] GC(169)   Evacuate Collection Set: 7,9ms
[35,080s][info][gc,phases     ] GC(169)   Post Evacuate Collection Set: 0,7ms
[35,080s][info][gc,phases     ] GC(169)   Other: 0,2ms
[35,080s][info][gc,heap       ] GC(169) Eden regions: 26->0(26)
[35,080s][info][gc,heap       ] GC(169) Survivor regions: 2->2(4)
[35,080s][info][gc,heap       ] GC(169) Old regions: 107->107
[35,080s][info][gc,heap       ] GC(169) Humongous regions: 92->92
[35,080s][info][gc,metaspace  ] GC(169) Metaspace: 31976K->31976K(1081344K)
[35,080s][info][gc            ] GC(169) Pause Young (G1 Evacuation Pause) 225M->200M(256M) 8,845ms
[35,081s][info][gc,cpu        ] GC(169) User=0,03s Sys=0,00s Real=0,01s
[35,084s][info][gc,marking    ] GC(159) Concurrent Mark From Roots 313,219ms
[35,084s][info][gc,marking    ] GC(159) Concurrent Mark (34,771s, 35,084s) 313,293ms
[35,085s][info][gc,start      ] GC(159) Pause Remark
[35,097s][info][gc,stringtable] GC(159) Cleaned string and symbol table, strings: 13591 processed, 0 removed, symbols: 81463 processed, 0 removed
[35,097s][info][gc            ] GC(159) Pause Remark 204M->204M(256M) 12,204ms
[35,097s][info][gc,cpu        ] GC(159) User=0,03s Sys=0,00s Real=0,01s
[35,097s][info][gc,marking    ] GC(159) Concurrent Create Live Data
[35,108s][info][gc,start      ] GC(170) Pause Young (G1 Evacuation Pause)
[35,108s][info][gc,task       ] GC(170) Using 4 workers of 4 for evacuation
[35,117s][info][gc,phases     ] GC(170)   Pre Evacuate Collection Set: 0,0ms
[35,117s][info][gc,phases     ] GC(170)   Evacuate Collection Set: 8,0ms
[35,117s][info][gc,phases     ] GC(170)   Post Evacuate Collection Set: 0,3ms
[35,117s][info][gc,phases     ] GC(170)   Other: 0,2ms
[35,117s][info][gc,heap       ] GC(170) Eden regions: 26->0(26)
[35,117s][info][gc,heap       ] GC(170) Survivor regions: 2->2(4)
[35,117s][info][gc,heap       ] GC(170) Old regions: 107->107
[35,117s][info][gc,heap       ] GC(170) Humongous regions: 92->92
[35,117s][info][gc,metaspace  ] GC(170) Metaspace: 31976K->31976K(1081344K)
[35,117s][info][gc            ] GC(170) Pause Young (G1 Evacuation Pause) 226M->200M(256M) 8,574ms
[35,117s][info][gc,cpu        ] GC(170) User=0,03s Sys=0,00s Real=0,01s
[35,139s][info][gc,start      ] GC(171) Pause Young (G1 Evacuation Pause)
[35,139s][info][gc,task       ] GC(171) Using 4 workers of 4 for evacuation
[35,148s][info][gc,phases     ] GC(171)   Pre Evacuate Collection Set: 0,0ms
[35,148s][info][gc,phases     ] GC(171)   Evacuate Collection Set: 8,5ms
[35,148s][info][gc,phases     ] GC(171)   Post Evacuate Collection Set: 0,3ms
[35,148s][info][gc,phases     ] GC(171)   Other: 0,2ms
[35,148s][info][gc,heap       ] GC(171) Eden regions: 26->0(26)
[35,148s][info][gc,heap       ] GC(171) Survivor regions: 2->2(4)
[35,148s][info][gc,heap       ] GC(171) Old regions: 107->107
[35,148s][info][gc,heap       ] GC(171) Humongous regions: 92->92
[35,148s][info][gc,metaspace  ] GC(171) Metaspace: 31976K->31976K(1081344K)
[35,148s][info][gc            ] GC(171) Pause Young (G1 Evacuation Pause) 226M->200M(256M) 9,095ms
[35,148s][info][gc,cpu        ] GC(171) User=0,03s Sys=0,00s Real=0,01s
[35,168s][info][gc,start      ] GC(172) Pause Young (G1 Evacuation Pause)
[35,168s][info][gc,task       ] GC(172) Using 4 workers of 4 for evacuation
[35,178s][info][gc,phases     ] GC(172)   Pre Evacuate Collection Set: 0,0ms
[35,178s][info][gc,phases     ] GC(172)   Evacuate Collection Set: 8,7ms
[35,178s][info][gc,phases     ] GC(172)   Post Evacuate Collection Set: 0,3ms
[35,178s][info][gc,phases     ] GC(172)   Other: 0,2ms
[35,178s][info][gc,heap       ] GC(172) Eden regions: 26->0(26)
[35,178s][info][gc,heap       ] GC(172) Survivor regions: 2->2(4)
[35,178s][info][gc,heap       ] GC(172) Old regions: 107->107
[35,178s][info][gc,heap       ] GC(172) Humongous regions: 92->92
[35,178s][info][gc,metaspace  ] GC(172) Metaspace: 31976K->31976K(1081344K)
[35,178s][info][gc            ] GC(172) Pause Young (G1 Evacuation Pause) 226M->200M(256M) 9,344ms
[35,178s][info][gc,cpu        ] GC(172) User=0,04s Sys=0,00s Real=0,01s
[35,191s][info][gc,marking    ] GC(159) Concurrent Create Live Data 94,065ms
[35,194s][info][gc,start      ] GC(159) Pause Cleanup
[35,194s][info][gc            ] GC(159) Pause Cleanup 221M->221M(256M) 0,678ms
[35,194s][info][gc,cpu        ] GC(159) User=0,01s Sys=0,00s Real=0,00s
[35,195s][info][gc,marking    ] GC(159) Concurrent Cleanup for Next Mark
[35,198s][info][gc,start      ] GC(173) Pause Young (G1 Evacuation Pause)
[35,198s][info][gc,task       ] GC(173) Using 4 workers of 4 for evacuation
[35,209s][info][gc,phases     ] GC(173)   Pre Evacuate Collection Set: 0,0ms
[35,209s][info][gc,phases     ] GC(173)   Evacuate Collection Set: 10,8ms
[35,209s][info][gc,phases     ] GC(173)   Post Evacuate Collection Set: 0,3ms
[35,209s][info][gc,phases     ] GC(173)   Other: 0,2ms
[35,209s][info][gc,heap       ] GC(173) Eden regions: 26->0(10)
[35,209s][info][gc,heap       ] GC(173) Survivor regions: 2->2(4)
[35,209s][info][gc,heap       ] GC(173) Old regions: 107->107
[35,209s][info][gc,heap       ] GC(173) Humongous regions: 92->92
[35,209s][info][gc,metaspace  ] GC(173) Metaspace: 31976K->31976K(1081344K)
[35,209s][info][gc            ] GC(173) Pause Young (G1 Evacuation Pause) 226M->200M(256M) 11,419ms
[35,209s][info][gc,cpu        ] GC(173) User=0,03s Sys=0,00s Real=0,01s
[35,211s][info][gc,marking    ] GC(159) Concurrent Cleanup for Next Mark 16,484ms
[35,211s][info][gc            ] GC(159) Concurrent Cycle 441,495ms
[35,219s][info][gc,start      ] GC(174) Pause Mixed (G1 Evacuation Pause)
[35,219s][info][gc,task       ] GC(174) Using 4 workers of 4 for evacuation
[35,235s][info][gc,phases     ] GC(174)   Pre Evacuate Collection Set: 0,1ms
[35,235s][info][gc,phases     ] GC(174)   Evacuate Collection Set: 15,6ms
[35,235s][info][gc,phases     ] GC(174)   Post Evacuate Collection Set: 0,4ms
[35,235s][info][gc,phases     ] GC(174)   Other: 0,2ms
[35,235s][info][gc,heap       ] GC(174) Eden regions: 10->0(30)
[35,235s][info][gc,heap       ] GC(174) Survivor regions: 2->2(2)
[35,235s][info][gc,heap       ] GC(174) Old regions: 107->97
[35,235s][info][gc,heap       ] GC(174) Humongous regions: 92->92
[35,235s][info][gc,metaspace  ] GC(174) Metaspace: 31976K->31976K(1081344K)
[35,235s][info][gc            ] GC(174) Pause Mixed (G1 Evacuation Pause) 210M->189M(256M) 16,318ms
[35,235s][info][gc,cpu        ] GC(174) User=0,06s Sys=0,00s Real=0,02s
[35,256s][info][gc,start      ] GC(175) Pause Young (G1 Evacuation Pause)
[35,256s][info][gc,task       ] GC(175) Using 4 workers of 4 for evacuation
[35,268s][info][gc,phases     ] GC(175)   Pre Evacuate Collection Set: 0,0ms
[35,268s][info][gc,phases     ] GC(175)   Evacuate Collection Set: 11,6ms
[35,268s][info][gc,phases     ] GC(175)   Post Evacuate Collection Set: 0,3ms
[35,268s][info][gc,phases     ] GC(175)   Other: 0,2ms
[35,268s][info][gc,heap       ] GC(175) Eden regions: 30->0(31)
[35,268s][info][gc,heap       ] GC(175) Survivor regions: 2->2(4)
[35,268s][info][gc,heap       ] GC(175) Old regions: 97->97
[35,268s][info][gc,heap       ] GC(175) Humongous regions: 92->92
[35,268s][info][gc,metaspace  ] GC(175) Metaspace: 31976K->31976K(1081344K)
[35,268s][info][gc            ] GC(175) Pause Young (G1 Evacuation Pause) 219M->189M(256M) 12,163ms
[35,268s][info][gc,cpu        ] GC(175) User=0,04s Sys=0,00s Real=0,01s
[35,285s][info][gc,start      ] GC(176) Pause Young (G1 Evacuation Pause)
[35,285s][info][gc,task       ] GC(176) Using 4 workers of 4 for evacuation
[35,296s][info][gc,phases     ] GC(176)   Pre Evacuate Collection Set: 0,0ms
[35,296s][info][gc,phases     ] GC(176)   Evacuate Collection Set: 10,4ms
[35,296s][info][gc,phases     ] GC(176)   Post Evacuate Collection Set: 0,3ms
[35,296s][info][gc,phases     ] GC(176)   Other: 0,2ms
[35,296s][info][gc,heap       ] GC(176) Eden regions: 31->0(32)
[35,296s][info][gc,heap       ] GC(176) Survivor regions: 2->2(5)
[35,296s][info][gc,heap       ] GC(176) Old regions: 97->97
[35,296s][info][gc,heap       ] GC(176) Humongous regions: 92->92
[35,296s][info][gc,metaspace  ] GC(176) Metaspace: 31976K->31976K(1081344K)
[35,296s][info][gc            ] GC(176) Pause Young (G1 Evacuation Pause) 220M->190M(256M) 10,981ms
[35,296s][info][gc,cpu        ] GC(176) User=0,04s Sys=0,00s Real=0,01s
[35,315s][info][gc,start      ] GC(177) Pause Initial Mark (G1 Evacuation Pause)
[35,315s][info][gc,task       ] GC(177) Using 4 workers of 4 for evacuation
[35,325s][info][gc,phases     ] GC(177)   Pre Evacuate Collection Set: 0,0ms
[35,325s][info][gc,phases     ] GC(177)   Evacuate Collection Set: 9,1ms
[35,325s][info][gc,phases     ] GC(177)   Post Evacuate Collection Set: 0,4ms
[35,325s][info][gc,phases     ] GC(177)   Other: 0,2ms
[35,325s][info][gc,heap       ] GC(177) Eden regions: 32->0(32)
[35,325s][info][gc,heap       ] GC(177) Survivor regions: 2->3(5)
[35,325s][info][gc,heap       ] GC(177) Old regions: 97->97
[35,325s][info][gc,heap       ] GC(177) Humongous regions: 92->92
[35,325s][info][gc,metaspace  ] GC(177) Metaspace: 31976K->31976K(1081344K)
[35,325s][info][gc            ] GC(177) Pause Initial Mark (G1 Evacuation Pause) 222M->190M(256M) 9,911ms
[35,325s][info][gc,cpu        ] GC(177) User=0,04s Sys=0,00s Real=0,01s
[35,326s][info][gc            ] GC(178) Concurrent Cycle
[35,326s][info][gc,marking    ] GC(178) Concurrent Clear Claimed Marks
[35,326s][info][gc,marking    ] GC(178) Concurrent Clear Claimed Marks 0,195ms
[35,326s][info][gc,marking    ] GC(178) Concurrent Scan Root Regions
[35,329s][info][gc,marking    ] GC(178) Concurrent Scan Root Regions 2,446ms
[35,329s][info][gc,marking    ] GC(178) Concurrent Mark (35,329s)
[35,329s][info][gc,marking    ] GC(178) Concurrent Mark From Roots
[35,329s][info][gc,task       ] GC(178) Using 1 workers of 1 for marking
[35,349s][info][gc,start      ] GC(179) Pause Young (G1 Evacuation Pause)
[35,349s][info][gc,task       ] GC(179) Using 4 workers of 4 for evacuation
[35,362s][info][gc,phases     ] GC(179)   Pre Evacuate Collection Set: 0,0ms
[35,362s][info][gc,phases     ] GC(179)   Evacuate Collection Set: 12,2ms
[35,362s][info][gc,phases     ] GC(179)   Post Evacuate Collection Set: 0,4ms
[35,362s][info][gc,phases     ] GC(179)   Other: 0,2ms
[35,362s][info][gc,heap       ] GC(179) Eden regions: 32->0(32)
[35,362s][info][gc,heap       ] GC(179) Survivor regions: 3->3(5)
[35,362s][info][gc,heap       ] GC(179) Old regions: 97->97
[35,362s][info][gc,heap       ] GC(179) Humongous regions: 92->92
[35,362s][info][gc,metaspace  ] GC(179) Metaspace: 31976K->31976K(1081344K)
[35,362s][info][gc            ] GC(179) Pause Young (G1 Evacuation Pause) 222M->191M(256M) 12,842ms
[35,362s][info][gc,cpu        ] GC(179) User=0,03s Sys=0,02s Real=0,02s
[35,387s][info][gc,start      ] GC(180) Pause Young (G1 Evacuation Pause)
[35,387s][info][gc,task       ] GC(180) Using 4 workers of 4 for evacuation
[35,398s][info][gc,phases     ] GC(180)   Pre Evacuate Collection Set: 0,0ms
[35,398s][info][gc,phases     ] GC(180)   Evacuate Collection Set: 10,5ms
[35,398s][info][gc,phases     ] GC(180)   Post Evacuate Collection Set: 0,5ms
[35,398s][info][gc,phases     ] GC(180)   Other: 0,2ms
[35,398s][info][gc,heap       ] GC(180) Eden regions: 32->0(32)
[35,398s][info][gc,heap       ] GC(180) Survivor regions: 3->3(5)
[35,398s][info][gc,heap       ] GC(180) Old regions: 97->98
[35,398s][info][gc,heap       ] GC(180) Humongous regions: 92->92
[35,398s][info][gc,metaspace  ] GC(180) Metaspace: 31976K->31976K(1081344K)
[35,398s][info][gc            ] GC(180) Pause Young (G1 Evacuation Pause) 223M->192M(256M) 11,313ms
[35,398s][info][gc,cpu        ] GC(180) User=0,04s Sys=0,00s Real=0,01s
[35,426s][info][gc,start      ] GC(181) Pause Young (G1 Evacuation Pause)
[35,426s][info][gc,task       ] GC(181) Using 4 workers of 4 for evacuation
[35,439s][info][gc,phases     ] GC(181)   Pre Evacuate Collection Set: 0,0ms
[35,439s][info][gc,phases     ] GC(181)   Evacuate Collection Set: 12,5ms
[35,439s][info][gc,phases     ] GC(181)   Post Evacuate Collection Set: 0,5ms
[35,439s][info][gc,phases     ] GC(181)   Other: 0,2ms
[35,439s][info][gc,heap       ] GC(181) Eden regions: 32->0(32)
[35,439s][info][gc,heap       ] GC(181) Survivor regions: 3->3(5)
[35,439s][info][gc,heap       ] GC(181) Old regions: 98->98
[35,439s][info][gc,heap       ] GC(181) Humongous regions: 92->92
[35,439s][info][gc,metaspace  ] GC(181) Metaspace: 31976K->31976K(1081344K)
[35,439s][info][gc            ] GC(181) Pause Young (G1 Evacuation Pause) 224M->192M(256M) 13,252ms
[35,439s][info][gc,cpu        ] GC(181) User=0,04s Sys=0,00s Real=0,01s
[35,470s][info][gc,start      ] GC(182) Pause Young (G1 Evacuation Pause)
[35,470s][info][gc,task       ] GC(182) Using 4 workers of 4 for evacuation
[35,481s][info][gc,phases     ] GC(182)   Pre Evacuate Collection Set: 0,0ms
[35,481s][info][gc,phases     ] GC(182)   Evacuate Collection Set: 10,8ms
[35,481s][info][gc,phases     ] GC(182)   Post Evacuate Collection Set: 0,5ms
[35,481s][info][gc,phases     ] GC(182)   Other: 0,2ms
[35,481s][info][gc,heap       ] GC(182) Eden regions: 32->0(32)
[35,481s][info][gc,heap       ] GC(182) Survivor regions: 3->3(5)
[35,481s][info][gc,heap       ] GC(182) Old regions: 98->98
[35,481s][info][gc,heap       ] GC(182) Humongous regions: 92->92
[35,481s][info][gc,metaspace  ] GC(182) Metaspace: 31976K->31976K(1081344K)
[35,481s][info][gc            ] GC(182) Pause Young (G1 Evacuation Pause) 224M->192M(256M) 11,649ms
[35,481s][info][gc,cpu        ] GC(182) User=0,04s Sys=0,00s Real=0,01s
[35,510s][info][gc,start      ] GC(183) Pause Young (G1 Evacuation Pause)
[35,510s][info][gc,task       ] GC(183) Using 4 workers of 4 for evacuation
[35,521s][info][gc,phases     ] GC(183)   Pre Evacuate Collection Set: 0,0ms
[35,521s][info][gc,phases     ] GC(183)   Evacuate Collection Set: 10,0ms
[35,521s][info][gc,phases     ] GC(183)   Post Evacuate Collection Set: 0,5ms
[35,521s][info][gc,phases     ] GC(183)   Other: 0,2ms
[35,521s][info][gc,heap       ] GC(183) Eden regions: 32->0(32)
[35,521s][info][gc,heap       ] GC(183) Survivor regions: 3->3(5)
[35,521s][info][gc,heap       ] GC(183) Old regions: 98->98
[35,521s][info][gc,heap       ] GC(183) Humongous regions: 92->92
[35,521s][info][gc,metaspace  ] GC(183) Metaspace: 31976K->31976K(1081344K)
[35,521s][info][gc            ] GC(183) Pause Young (G1 Evacuation Pause) 224M->192M(256M) 10,816ms
[35,521s][info][gc,cpu        ] GC(183) User=0,03s Sys=0,00s Real=0,01s
[35,549s][info][gc,start      ] GC(184) Pause Young (G1 Evacuation Pause)
[35,549s][info][gc,task       ] GC(184) Using 4 workers of 4 for evacuation
[35,559s][info][gc,phases     ] GC(184)   Pre Evacuate Collection Set: 0,0ms
[35,559s][info][gc,phases     ] GC(184)   Evacuate Collection Set: 8,7ms
[35,559s][info][gc,phases     ] GC(184)   Post Evacuate Collection Set: 0,6ms
[35,559s][info][gc,phases     ] GC(184)   Other: 0,2ms
[35,559s][info][gc,heap       ] GC(184) Eden regions: 32->0(33)
[35,559s][info][gc,heap       ] GC(184) Survivor regions: 3->3(5)
[35,559s][info][gc,heap       ] GC(184) Old regions: 98->98
[35,559s][info][gc,heap       ] GC(184) Humongous regions: 92->92
[35,559s][info][gc,metaspace  ] GC(184) Metaspace: 31976K->31976K(1081344K)
[35,559s][info][gc            ] GC(184) Pause Young (G1 Evacuation Pause) 224M->192M(256M) 9,605ms
[35,559s][info][gc,cpu        ] GC(184) User=0,03s Sys=0,00s Real=0,01s
[35,588s][info][gc,start      ] GC(185) Pause Young (G1 Evacuation Pause)
[35,588s][info][gc,task       ] GC(185) Using 4 workers of 4 for evacuation
[35,603s][info][gc,phases     ] GC(185)   Pre Evacuate Collection Set: 0,0ms
[35,604s][info][gc,phases     ] GC(185)   Evacuate Collection Set: 15,1ms
[35,604s][info][gc,phases     ] GC(185)   Post Evacuate Collection Set: 0,5ms
[35,604s][info][gc,phases     ] GC(185)   Other: 0,2ms
[35,604s][info][gc,heap       ] GC(185) Eden regions: 33->0(33)
[35,604s][info][gc,heap       ] GC(185) Survivor regions: 3->3(5)
[35,604s][info][gc,heap       ] GC(185) Old regions: 98->98
[35,604s][info][gc,heap       ] GC(185) Humongous regions: 92->92
[35,604s][info][gc,metaspace  ] GC(185) Metaspace: 31976K->31976K(1081344K)
[35,604s][info][gc            ] GC(185) Pause Young (G1 Evacuation Pause) 225M->192M(256M) 15,822ms
[35,604s][info][gc,cpu        ] GC(185) User=0,05s Sys=0,00s Real=0,02s
[35,635s][info][gc,start      ] GC(186) Pause Young (G1 Evacuation Pause)
[35,635s][info][gc,task       ] GC(186) Using 4 workers of 4 for evacuation
[35,645s][info][gc,phases     ] GC(186)   Pre Evacuate Collection Set: 0,0ms
[35,645s][info][gc,phases     ] GC(186)   Evacuate Collection Set: 9,6ms
[35,645s][info][gc,phases     ] GC(186)   Post Evacuate Collection Set: 0,6ms
[35,645s][info][gc,phases     ] GC(186)   Other: 0,2ms
[35,645s][info][gc,heap       ] GC(186) Eden regions: 33->0(33)
[35,645s][info][gc,heap       ] GC(186) Survivor regions: 3->3(5)
[35,645s][info][gc,heap       ] GC(186) Old regions: 98->98
[35,645s][info][gc,heap       ] GC(186) Humongous regions: 92->92
[35,645s][info][gc,metaspace  ] GC(186) Metaspace: 31976K->31976K(1081344K)
[35,645s][info][gc            ] GC(186) Pause Young (G1 Evacuation Pause) 225M->192M(256M) 10,525ms
[35,645s][info][gc,cpu        ] GC(186) User=0,03s Sys=0,00s Real=0,01s
[35,675s][info][gc,start      ] GC(187) Pause Young (G1 Evacuation Pause)
[35,675s][info][gc,task       ] GC(187) Using 4 workers of 4 for evacuation
[35,685s][info][gc,phases     ] GC(187)   Pre Evacuate Collection Set: 0,0ms
[35,685s][info][gc,phases     ] GC(187)   Evacuate Collection Set: 8,9ms
[35,685s][info][gc,phases     ] GC(187)   Post Evacuate Collection Set: 0,7ms
[35,685s][info][gc,phases     ] GC(187)   Other: 0,2ms
[35,685s][info][gc,heap       ] GC(187) Eden regions: 33->0(33)
[35,685s][info][gc,heap       ] GC(187) Survivor regions: 3->3(5)
[35,685s][info][gc,heap       ] GC(187) Old regions: 98->98
[35,685s][info][gc,heap       ] GC(187) Humongous regions: 92->92
[35,685s][info][gc,metaspace  ] GC(187) Metaspace: 31976K->31976K(1081344K)
[35,685s][info][gc            ] GC(187) Pause Young (G1 Evacuation Pause) 225M->192M(256M) 9,816ms
[35,685s][info][gc,cpu        ] GC(187) User=0,03s Sys=0,00s Real=0,01s
[35,688s][info][gc,marking    ] GC(178) Concurrent Mark From Roots 358,952ms
[35,688s][info][gc,marking    ] GC(178) Concurrent Mark (35,329s, 35,688s) 359,024ms
[35,688s][info][gc,start      ] GC(178) Pause Remark
[35,700s][info][gc,stringtable] GC(178) Cleaned string and symbol table, strings: 13591 processed, 0 removed, symbols: 81463 processed, 0 removed
[35,700s][info][gc            ] GC(178) Pause Remark 195M->195M(256M) 12,017ms
[35,700s][info][gc,cpu        ] GC(178) User=0,04s Sys=0,00s Real=0,01s
[35,700s][info][gc,marking    ] GC(178) Concurrent Create Live Data
[35,721s][info][gc,start      ] GC(188) Pause Young (G1 Evacuation Pause)
[35,721s][info][gc,task       ] GC(188) Using 4 workers of 4 for evacuation
[35,730s][info][gc,phases     ] GC(188)   Pre Evacuate Collection Set: 0,0ms
[35,731s][info][gc,phases     ] GC(188)   Evacuate Collection Set: 8,7ms
[35,731s][info][gc,phases     ] GC(188)   Post Evacuate Collection Set: 0,3ms
[35,731s][info][gc,phases     ] GC(188)   Other: 0,2ms
[35,731s][info][gc,heap       ] GC(188) Eden regions: 33->0(33)
[35,731s][info][gc,heap       ] GC(188) Survivor regions: 3->3(5)
[35,731s][info][gc,heap       ] GC(188) Old regions: 98->99
[35,731s][info][gc,heap       ] GC(188) Humongous regions: 92->92
[35,731s][info][gc,metaspace  ] GC(188) Metaspace: 31976K->31976K(1081344K)
[35,731s][info][gc            ] GC(188) Pause Young (G1 Evacuation Pause) 225M->192M(256M) 9,289ms
[35,731s][info][gc,cpu        ] GC(188) User=0,04s Sys=0,00s Real=0,00s
[35,755s][info][gc,start      ] GC(189) Pause Young (G1 Evacuation Pause)
[35,755s][info][gc,task       ] GC(189) Using 4 workers of 4 for evacuation
[35,767s][info][gc,phases     ] GC(189)   Pre Evacuate Collection Set: 0,0ms
[35,767s][info][gc,phases     ] GC(189)   Evacuate Collection Set: 11,3ms
[35,767s][info][gc,phases     ] GC(189)   Post Evacuate Collection Set: 0,3ms
[35,767s][info][gc,phases     ] GC(189)   Other: 0,2ms
[35,767s][info][gc,heap       ] GC(189) Eden regions: 33->0(31)
[35,767s][info][gc,heap       ] GC(189) Survivor regions: 3->4(5)
[35,767s][info][gc,heap       ] GC(189) Old regions: 99->99
[35,767s][info][gc,heap       ] GC(189) Humongous regions: 92->92
[35,767s][info][gc,metaspace  ] GC(189) Metaspace: 31976K->31976K(1081344K)
[35,767s][info][gc            ] GC(189) Pause Young (G1 Evacuation Pause) 225M->193M(256M) 11,889ms
[35,767s][info][gc,cpu        ] GC(189) User=0,04s Sys=0,00s Real=0,01s
[35,780s][info][gc,marking    ] GC(178) Concurrent Create Live Data 80,295ms
[35,781s][info][gc,start      ] GC(178) Pause Cleanup
[35,781s][info][gc            ] GC(178) Pause Cleanup 213M->213M(256M) 0,677ms
[35,781s][info][gc,cpu        ] GC(178) User=0,00s Sys=0,00s Real=0,00s
[35,781s][info][gc,marking    ] GC(178) Concurrent Cleanup for Next Mark
[35,788s][info][gc,marking    ] GC(178) Concurrent Cleanup for Next Mark 7,039ms
[35,788s][info][gc,start      ] GC(190) Pause Young (G1 Evacuation Pause)
[35,789s][info][gc,task       ] GC(190) Using 4 workers of 4 for evacuation
[35,802s][info][gc,phases     ] GC(190)   Pre Evacuate Collection Set: 0,0ms
[35,802s][info][gc,phases     ] GC(190)   Evacuate Collection Set: 13,0ms
[35,802s][info][gc,phases     ] GC(190)   Post Evacuate Collection Set: 0,3ms
[35,802s][info][gc,phases     ] GC(190)   Other: 0,2ms
[35,802s][info][gc,heap       ] GC(190) Eden regions: 31->0(7)
[35,802s][info][gc,heap       ] GC(190) Survivor regions: 4->5(5)
[35,802s][info][gc,heap       ] GC(190) Old regions: 99->100
[35,802s][info][gc,heap       ] GC(190) Humongous regions: 92->92
[35,802s][info][gc,metaspace  ] GC(190) Metaspace: 31976K->31976K(1081344K)
[35,802s][info][gc            ] GC(190) Pause Young (G1 Evacuation Pause) 224M->196M(256M) 13,637ms
[35,802s][info][gc,cpu        ] GC(190) User=0,05s Sys=0,00s Real=0,02s
[35,802s][info][gc            ] GC(178) Concurrent Cycle 476,407ms
[35,807s][info][gc,start      ] GC(191) Pause Mixed (G1 Evacuation Pause)
[35,807s][info][gc,task       ] GC(191) Using 4 workers of 4 for evacuation
[35,823s][info][gc,phases     ] GC(191)   Pre Evacuate Collection Set: 0,0ms
[35,823s][info][gc,phases     ] GC(191)   Evacuate Collection Set: 16,3ms
[35,823s][info][gc,phases     ] GC(191)   Post Evacuate Collection Set: 0,3ms
[35,823s][info][gc,phases     ] GC(191)   Other: 0,2ms
[35,824s][info][gc,heap       ] GC(191) Eden regions: 7->0(31)
[35,824s][info][gc,heap       ] GC(191) Survivor regions: 5->1(2)
[35,824s][info][gc,heap       ] GC(191) Old regions: 100->102
[35,824s][info][gc,heap       ] GC(191) Humongous regions: 92->92
[35,824s][info][gc,metaspace  ] GC(191) Metaspace: 31976K->31976K(1081344K)
[35,824s][info][gc            ] GC(191) Pause Mixed (G1 Evacuation Pause) 203M->194M(256M) 16,959ms
[35,824s][info][gc,cpu        ] GC(191) User=0,06s Sys=0,00s Real=0,02s
[35,839s][info][gc,start      ] GC(192) Pause Young (G1 Evacuation Pause)
[35,839s][info][gc,task       ] GC(192) Using 4 workers of 4 for evacuation
[35,851s][info][gc,phases     ] GC(192)   Pre Evacuate Collection Set: 0,0ms
[35,851s][info][gc,phases     ] GC(192)   Evacuate Collection Set: 11,4ms
[35,851s][info][gc,phases     ] GC(192)   Post Evacuate Collection Set: 0,2ms
[35,851s][info][gc,phases     ] GC(192)   Other: 0,2ms
[35,851s][info][gc,heap       ] GC(192) Eden regions: 31->0(29)
[35,851s][info][gc,heap       ] GC(192) Survivor regions: 1->3(4)
[35,851s][info][gc,heap       ] GC(192) Old regions: 102->102
[35,851s][info][gc,heap       ] GC(192) Humongous regions: 92->92
[35,851s][info][gc,metaspace  ] GC(192) Metaspace: 31976K->31976K(1081344K)
[35,851s][info][gc            ] GC(192) Pause Young (G1 Evacuation Pause) 225M->196M(256M) 11,986ms
[35,851s][info][gc,cpu        ] GC(192) User=0,05s Sys=0,00s Real=0,01s
[35,868s][info][gc,start      ] GC(193) Pause Young (G1 Evacuation Pause)
[35,868s][info][gc,task       ] GC(193) Using 4 workers of 4 for evacuation
[35,877s][info][gc,phases     ] GC(193)   Pre Evacuate Collection Set: 0,0ms
[35,877s][info][gc,phases     ] GC(193)   Evacuate Collection Set: 8,5ms
[35,877s][info][gc,phases     ] GC(193)   Post Evacuate Collection Set: 0,3ms
[35,877s][info][gc,phases     ] GC(193)   Other: 0,2ms
[35,877s][info][gc,heap       ] GC(193) Eden regions: 29->0(27)
[35,877s][info][gc,heap       ] GC(193) Survivor regions: 3->2(4)
[35,877s][info][gc,heap       ] GC(193) Old regions: 102->105
[35,877s][info][gc,heap       ] GC(193) Humongous regions: 92->92
[35,877s][info][gc,metaspace  ] GC(193) Metaspace: 31976K->31976K(1081344K)
[35,877s][info][gc            ] GC(193) Pause Young (G1 Evacuation Pause) 225M->198M(256M) 9,124ms
[35,877s][info][gc,cpu        ] GC(193) User=0,03s Sys=0,00s Real=0,01s
[35,891s][info][gc,start      ] GC(194) Pause Initial Mark (G1 Evacuation Pause)
[35,891s][info][gc,task       ] GC(194) Using 4 workers of 4 for evacuation
[35,901s][info][gc,phases     ] GC(194)   Pre Evacuate Collection Set: 0,0ms
[35,901s][info][gc,phases     ] GC(194)   Evacuate Collection Set: 9,3ms
[35,901s][info][gc,phases     ] GC(194)   Post Evacuate Collection Set: 0,4ms
[35,901s][info][gc,phases     ] GC(194)   Other: 0,2ms
[35,901s][info][gc,heap       ] GC(194) Eden regions: 27->0(25)
[35,901s][info][gc,heap       ] GC(194) Survivor regions: 2->4(4)
[35,901s][info][gc,heap       ] GC(194) Old regions: 105->105
[35,901s][info][gc,heap       ] GC(194) Humongous regions: 92->92
[35,901s][info][gc,metaspace  ] GC(194) Metaspace: 31976K->31976K(1081344K)
[35,901s][info][gc            ] GC(194) Pause Initial Mark (G1 Evacuation Pause) 225M->199M(256M) 10,022ms
[35,901s][info][gc,cpu        ] GC(194) User=0,04s Sys=0,00s Real=0,01s
[35,901s][info][gc            ] GC(195) Concurrent Cycle
[35,901s][info][gc,marking    ] GC(195) Concurrent Clear Claimed Marks
[35,901s][info][gc,marking    ] GC(195) Concurrent Clear Claimed Marks 0,220ms
[35,901s][info][gc,marking    ] GC(195) Concurrent Scan Root Regions
[35,903s][info][gc,marking    ] GC(195) Concurrent Scan Root Regions 1,978ms
[35,903s][info][gc,marking    ] GC(195) Concurrent Mark (35,903s)
[35,903s][info][gc,marking    ] GC(195) Concurrent Mark From Roots
[35,903s][info][gc,task       ] GC(195) Using 1 workers of 1 for marking
[35,920s][info][gc,start      ] GC(196) Pause Young (G1 Evacuation Pause)
[35,920s][info][gc,task       ] GC(196) Using 4 workers of 4 for evacuation
[35,927s][info][gc,phases     ] GC(196)   Pre Evacuate Collection Set: 0,0ms
[35,927s][info][gc,phases     ] GC(196)   Evacuate Collection Set: 6,3ms
[35,927s][info][gc,phases     ] GC(196)   Post Evacuate Collection Set: 0,3ms
[35,927s][info][gc,phases     ] GC(196)   Other: 0,2ms
[35,927s][info][gc,heap       ] GC(196) Eden regions: 25->0(26)
[35,927s][info][gc,heap       ] GC(196) Survivor regions: 4->2(4)
[35,927s][info][gc,heap       ] GC(196) Old regions: 105->106
[35,927s][info][gc,heap       ] GC(196) Humongous regions: 92->92
[35,927s][info][gc,metaspace  ] GC(196) Metaspace: 31976K->31976K(1081344K)
[35,927s][info][gc            ] GC(196) Pause Young (G1 Evacuation Pause) 224M->199M(256M) 6,837ms
[35,927s][info][gc,cpu        ] GC(196) User=0,02s Sys=0,00s Real=0,01s
[35,948s][info][gc,start      ] GC(197) Pause Young (G1 Evacuation Pause)
[35,948s][info][gc,task       ] GC(197) Using 4 workers of 4 for evacuation
[35,955s][info][gc,phases     ] GC(197)   Pre Evacuate Collection Set: 0,0ms
[35,955s][info][gc,phases     ] GC(197)   Evacuate Collection Set: 7,0ms
[35,955s][info][gc,phases     ] GC(197)   Post Evacuate Collection Set: 0,5ms
[35,955s][info][gc,phases     ] GC(197)   Other: 0,2ms
[35,955s][info][gc,heap       ] GC(197) Eden regions: 26->0(24)
[35,955s][info][gc,heap       ] GC(197) Survivor regions: 2->4(4)
[35,955s][info][gc,heap       ] GC(197) Old regions: 106->106
[35,955s][info][gc,heap       ] GC(197) Humongous regions: 92->92
[35,955s][info][gc,metaspace  ] GC(197) Metaspace: 31976K->31976K(1081344K)
[35,955s][info][gc            ] GC(197) Pause Young (G1 Evacuation Pause) 225M->201M(256M) 7,774ms
[35,955s][info][gc,cpu        ] GC(197) User=0,03s Sys=0,00s Real=0,01s
[35,975s][info][gc,start      ] GC(198) Pause Young (G1 Evacuation Pause)
[35,975s][info][gc,task       ] GC(198) Using 4 workers of 4 for evacuation
[35,981s][info][gc,phases     ] GC(198)   Pre Evacuate Collection Set: 0,0ms
[35,981s][info][gc,phases     ] GC(198)   Evacuate Collection Set: 5,5ms
[35,981s][info][gc,phases     ] GC(198)   Post Evacuate Collection Set: 0,5ms
[35,981s][info][gc,phases     ] GC(198)   Other: 0,2ms
[35,981s][info][gc,heap       ] GC(198) Eden regions: 24->0(25)
[35,981s][info][gc,heap       ] GC(198) Survivor regions: 4->2(4)
[35,981s][info][gc,heap       ] GC(198) Old regions: 106->108
[35,981s][info][gc,heap       ] GC(198) Humongous regions: 92->92
[35,981s][info][gc,metaspace  ] GC(198) Metaspace: 31976K->31976K(1081344K)
[35,981s][info][gc            ] GC(198) Pause Young (G1 Evacuation Pause) 225M->201M(256M) 6,296ms
[35,981s][info][gc,cpu        ] GC(198) User=0,02s Sys=0,00s Real=0,00s
[36,014s][info][gc,start      ] GC(199) Pause Young (G1 Evacuation Pause)
[36,014s][info][gc,task       ] GC(199) Using 4 workers of 4 for evacuation
[36,020s][info][gc,phases     ] GC(199)   Pre Evacuate Collection Set: 0,0ms
[36,020s][info][gc,phases     ] GC(199)   Evacuate Collection Set: 4,9ms
[36,020s][info][gc,phases     ] GC(199)   Post Evacuate Collection Set: 0,4ms
[36,020s][info][gc,phases     ] GC(199)   Other: 0,2ms
[36,020s][info][gc,heap       ] GC(199) Eden regions: 25->0(25)
[36,020s][info][gc,heap       ] GC(199) Survivor regions: 2->2(4)
[36,020s][info][gc,heap       ] GC(199) Old regions: 108->108
[36,020s][info][gc,heap       ] GC(199) Humongous regions: 92->92
[36,020s][info][gc,metaspace  ] GC(199) Metaspace: 31976K->31976K(1081344K)
[36,020s][info][gc            ] GC(199) Pause Young (G1 Evacuation Pause) 226M->201M(256M) 5,633ms
[36,020s][info][gc,cpu        ] GC(199) User=0,02s Sys=0,00s Real=0,00s
[36,043s][info][gc,start      ] GC(200) Pause Young (G1 Evacuation Pause)
[36,043s][info][gc,task       ] GC(200) Using 4 workers of 4 for evacuation
[36,049s][info][gc,phases     ] GC(200)   Pre Evacuate Collection Set: 0,0ms
[36,049s][info][gc,phases     ] GC(200)   Evacuate Collection Set: 5,5ms
[36,049s][info][gc,phases     ] GC(200)   Post Evacuate Collection Set: 0,4ms
[36,049s][info][gc,phases     ] GC(200)   Other: 0,2ms
[36,049s][info][gc,heap       ] GC(200) Eden regions: 25->0(24)
[36,049s][info][gc,heap       ] GC(200) Survivor regions: 2->3(4)
[36,049s][info][gc,heap       ] GC(200) Old regions: 108->108
[36,049s][info][gc,heap       ] GC(200) Humongous regions: 92->92
[36,049s][info][gc,metaspace  ] GC(200) Metaspace: 31976K->31976K(1081344K)
[36,049s][info][gc            ] GC(200) Pause Young (G1 Evacuation Pause) 226M->201M(256M) 6,207ms
[36,049s][info][gc,cpu        ] GC(200) User=0,02s Sys=0,00s Real=0,00s
[36,072s][info][gc,start      ] GC(201) Pause Young (G1 Evacuation Pause)
[36,072s][info][gc,task       ] GC(201) Using 4 workers of 4 for evacuation
[36,078s][info][gc,phases     ] GC(201)   Pre Evacuate Collection Set: 0,0ms
[36,078s][info][gc,phases     ] GC(201)   Evacuate Collection Set: 5,4ms
[36,078s][info][gc,phases     ] GC(201)   Post Evacuate Collection Set: 0,4ms
[36,078s][info][gc,phases     ] GC(201)   Other: 0,2ms
[36,078s][info][gc,heap       ] GC(201) Eden regions: 24->0(24)
[36,078s][info][gc,heap       ] GC(201) Survivor regions: 3->3(4)
[36,078s][info][gc,heap       ] GC(201) Old regions: 108->108
[36,078s][info][gc,heap       ] GC(201) Humongous regions: 92->92
[36,078s][info][gc,metaspace  ] GC(201) Metaspace: 31976K->31976K(1081344K)
[36,078s][info][gc            ] GC(201) Pause Young (G1 Evacuation Pause) 225M->201M(256M) 6,104ms
[36,078s][info][gc,cpu        ] GC(201) User=0,02s Sys=0,00s Real=0,01s
[36,097s][info][gc,start      ] GC(202) Pause Young (G1 Evacuation Pause)
[36,097s][info][gc,task       ] GC(202) Using 4 workers of 4 for evacuation
[36,103s][info][gc,phases     ] GC(202)   Pre Evacuate Collection Set: 0,0ms
[36,103s][info][gc,phases     ] GC(202)   Evacuate Collection Set: 5,0ms
[36,103s][info][gc,phases     ] GC(202)   Post Evacuate Collection Set: 0,5ms
[36,103s][info][gc,phases     ] GC(202)   Other: 0,2ms
[36,103s][info][gc,heap       ] GC(202) Eden regions: 24->0(24)
[36,103s][info][gc,heap       ] GC(202) Survivor regions: 3->3(4)
[36,103s][info][gc,heap       ] GC(202) Old regions: 108->108
[36,103s][info][gc,heap       ] GC(202) Humongous regions: 92->92
[36,103s][info][gc,metaspace  ] GC(202) Metaspace: 31976K->31976K(1081344K)
[36,103s][info][gc            ] GC(202) Pause Young (G1 Evacuation Pause) 225M->201M(256M) 5,812ms
[36,103s][info][gc,cpu        ] GC(202) User=0,02s Sys=0,00s Real=0,01s
[36,123s][info][gc,start      ] GC(203) Pause Young (G1 Evacuation Pause)
[36,123s][info][gc,task       ] GC(203) Using 4 workers of 4 for evacuation
[36,129s][info][gc,phases     ] GC(203)   Pre Evacuate Collection Set: 0,0ms
[36,130s][info][gc,phases     ] GC(203)   Evacuate Collection Set: 6,2ms
[36,130s][info][gc,phases     ] GC(203)   Post Evacuate Collection Set: 0,5ms
[36,130s][info][gc,phases     ] GC(203)   Other: 0,2ms
[36,130s][info][gc,heap       ] GC(203) Eden regions: 24->0(24)
[36,130s][info][gc,heap       ] GC(203) Survivor regions: 3->3(4)
[36,130s][info][gc,heap       ] GC(203) Old regions: 108->108
[36,130s][info][gc,heap       ] GC(203) Humongous regions: 92->92
[36,130s][info][gc,metaspace  ] GC(203) Metaspace: 31976K->31976K(1081344K)
[36,130s][info][gc            ] GC(203) Pause Young (G1 Evacuation Pause) 225M->201M(256M) 6,965ms
[36,130s][info][gc,cpu        ] GC(203) User=0,02s Sys=0,00s Real=0,00s
[36,150s][info][gc,start      ] GC(204) Pause Young (G1 Evacuation Pause)
[36,150s][info][gc,task       ] GC(204) Using 4 workers of 4 for evacuation
[36,158s][info][gc,phases     ] GC(204)   Pre Evacuate Collection Set: 0,0ms
[36,158s][info][gc,phases     ] GC(204)   Evacuate Collection Set: 6,8ms
[36,158s][info][gc,phases     ] GC(204)   Post Evacuate Collection Set: 1,1ms
[36,158s][info][gc,phases     ] GC(204)   Other: 0,2ms
[36,158s][info][gc,heap       ] GC(204) Eden regions: 24->0(25)
[36,158s][info][gc,heap       ] GC(204) Survivor regions: 3->1(4)
[36,158s][info][gc,heap       ] GC(204) Old regions: 108->109
[36,158s][info][gc,heap       ] GC(204) Humongous regions: 92->92
[36,158s][info][gc,metaspace  ] GC(204) Metaspace: 31976K->31976K(1081344K)
[36,158s][info][gc            ] GC(204) Pause Young (G1 Evacuation Pause) 225M->201M(256M) 8,195ms
[36,158s][info][gc,cpu        ] GC(204) User=0,03s Sys=0,00s Real=0,01s
[36,178s][info][gc,start      ] GC(205) Pause Young (G1 Evacuation Pause)
[36,178s][info][gc,task       ] GC(205) Using 4 workers of 4 for evacuation
[36,184s][info][gc,phases     ] GC(205)   Pre Evacuate Collection Set: 0,0ms
[36,184s][info][gc,phases     ] GC(205)   Evacuate Collection Set: 5,2ms
[36,184s][info][gc,phases     ] GC(205)   Post Evacuate Collection Set: 0,6ms
[36,184s][info][gc,phases     ] GC(205)   Other: 0,2ms
[36,184s][info][gc,heap       ] GC(205) Eden regions: 25->0(25)
[36,184s][info][gc,heap       ] GC(205) Survivor regions: 1->1(4)
[36,184s][info][gc,heap       ] GC(205) Old regions: 109->109
[36,184s][info][gc,heap       ] GC(205) Humongous regions: 92->92
[36,184s][info][gc,metaspace  ] GC(205) Metaspace: 31976K->31976K(1081344K)
[36,184s][info][gc            ] GC(205) Pause Young (G1 Evacuation Pause) 226M->201M(256M) 6,089ms
[36,185s][info][gc,cpu        ] GC(205) User=0,02s Sys=0,00s Real=0,01s
[36,204s][info][gc,start      ] GC(206) Pause Young (G1 Evacuation Pause)
[36,204s][info][gc,task       ] GC(206) Using 4 workers of 4 for evacuation
[36,210s][info][gc,phases     ] GC(206)   Pre Evacuate Collection Set: 0,0ms
[36,210s][info][gc,phases     ] GC(206)   Evacuate Collection Set: 5,0ms
[36,210s][info][gc,phases     ] GC(206)   Post Evacuate Collection Set: 0,6ms
[36,210s][info][gc,phases     ] GC(206)   Other: 0,2ms
[36,210s][info][gc,heap       ] GC(206) Eden regions: 25->0(25)
[36,210s][info][gc,heap       ] GC(206) Survivor regions: 1->1(4)
[36,210s][info][gc,heap       ] GC(206) Old regions: 109->109
[36,210s][info][gc,heap       ] GC(206) Humongous regions: 92->92
[36,210s][info][gc,metaspace  ] GC(206) Metaspace: 31976K->31976K(1081344K)
[36,210s][info][gc            ] GC(206) Pause Young (G1 Evacuation Pause) 226M->201M(256M) 5,906ms
[36,210s][info][gc,cpu        ] GC(206) User=0,03s Sys=0,00s Real=0,00s
[36,219s][info][gc,marking    ] GC(195) Concurrent Mark From Roots 315,556ms
[36,219s][info][gc,marking    ] GC(195) Concurrent Mark (35,903s, 36,219s) 315,634ms
[36,220s][info][gc,start      ] GC(195) Pause Remark
[36,232s][info][gc,stringtable] GC(195) Cleaned string and symbol table, strings: 13591 processed, 0 removed, symbols: 81463 processed, 0 removed
[36,233s][info][gc            ] GC(195) Pause Remark 210M->210M(256M) 12,937ms
[36,233s][info][gc,cpu        ] GC(195) User=0,04s Sys=0,00s Real=0,01s
[36,233s][info][gc,marking    ] GC(195) Concurrent Create Live Data
[36,243s][info][gc,start      ] GC(207) Pause Young (G1 Evacuation Pause)
[36,243s][info][gc,task       ] GC(207) Using 4 workers of 4 for evacuation
[36,248s][info][gc,phases     ] GC(207)   Pre Evacuate Collection Set: 0,0ms
[36,248s][info][gc,phases     ] GC(207)   Evacuate Collection Set: 4,9ms
[36,248s][info][gc,phases     ] GC(207)   Post Evacuate Collection Set: 0,3ms
[36,248s][info][gc,phases     ] GC(207)   Other: 0,2ms
[36,248s][info][gc,heap       ] GC(207) Eden regions: 25->0(25)
[36,249s][info][gc,heap       ] GC(207) Survivor regions: 1->1(4)
[36,249s][info][gc,heap       ] GC(207) Old regions: 109->109
[36,249s][info][gc,heap       ] GC(207) Humongous regions: 92->92
[36,249s][info][gc,metaspace  ] GC(207) Metaspace: 31976K->31976K(1081344K)
[36,249s][info][gc            ] GC(207) Pause Young (G1 Evacuation Pause) 226M->201M(256M) 5,446ms
[36,249s][info][gc,cpu        ] GC(207) User=0,01s Sys=0,00s Real=0,00s
[36,269s][info][gc,start      ] GC(208) Pause Young (G1 Evacuation Pause)
[36,269s][info][gc,task       ] GC(208) Using 4 workers of 4 for evacuation
[36,276s][info][gc,phases     ] GC(208)   Pre Evacuate Collection Set: 0,0ms
[36,276s][info][gc,phases     ] GC(208)   Evacuate Collection Set: 6,5ms
[36,276s][info][gc,phases     ] GC(208)   Post Evacuate Collection Set: 0,3ms
[36,276s][info][gc,phases     ] GC(208)   Other: 0,2ms
[36,276s][info][gc,heap       ] GC(208) Eden regions: 25->0(25)
[36,276s][info][gc,heap       ] GC(208) Survivor regions: 1->1(4)
[36,276s][info][gc,heap       ] GC(208) Old regions: 109->109
[36,276s][info][gc,heap       ] GC(208) Humongous regions: 92->92
[36,276s][info][gc,metaspace  ] GC(208) Metaspace: 31976K->31976K(1081344K)
[36,276s][info][gc            ] GC(208) Pause Young (G1 Evacuation Pause) 226M->201M(256M) 7,032ms
[36,276s][info][gc,cpu        ] GC(208) User=0,02s Sys=0,00s Real=0,01s
[36,294s][info][gc,start      ] GC(209) Pause Young (G1 Evacuation Pause)
[36,294s][info][gc,task       ] GC(209) Using 4 workers of 4 for evacuation
[36,301s][info][gc,phases     ] GC(209)   Pre Evacuate Collection Set: 0,0ms
[36,301s][info][gc,phases     ] GC(209)   Evacuate Collection Set: 6,0ms
[36,301s][info][gc,phases     ] GC(209)   Post Evacuate Collection Set: 0,3ms
[36,301s][info][gc,phases     ] GC(209)   Other: 0,2ms
[36,301s][info][gc,heap       ] GC(209) Eden regions: 25->0(24)
[36,301s][info][gc,heap       ] GC(209) Survivor regions: 1->2(4)
[36,301s][info][gc,heap       ] GC(209) Old regions: 109->109
[36,301s][info][gc,heap       ] GC(209) Humongous regions: 92->92
[36,301s][info][gc,metaspace  ] GC(209) Metaspace: 31976K->31976K(1081344K)
[36,301s][info][gc            ] GC(209) Pause Young (G1 Evacuation Pause) 226M->201M(256M) 6,594ms
[36,301s][info][gc,cpu        ] GC(209) User=0,02s Sys=0,00s Real=0,00s
[36,310s][info][gc,marking    ] GC(195) Concurrent Create Live Data 77,168ms
[36,313s][info][gc,start      ] GC(195) Pause Cleanup
[36,314s][info][gc            ] GC(195) Pause Cleanup 212M->210M(256M) 0,729ms
[36,314s][info][gc,cpu        ] GC(195) User=0,00s Sys=0,00s Real=0,00s
[36,314s][info][gc,marking    ] GC(195) Concurrent Complete Cleanup
[36,314s][info][gc,marking    ] GC(195) Concurrent Complete Cleanup 0,086ms
[36,314s][info][gc,marking    ] GC(195) Concurrent Cleanup for Next Mark
[36,316s][info][gc,marking    ] GC(195) Concurrent Cleanup for Next Mark 1,852ms
[36,316s][info][gc            ] GC(195) Concurrent Cycle 415,370ms
[36,322s][info][gc,start      ] GC(210) Pause Young (G1 Evacuation Pause)
[36,322s][info][gc,task       ] GC(210) Using 4 workers of 4 for evacuation
[36,330s][info][gc,phases     ] GC(210)   Pre Evacuate Collection Set: 0,0ms
[36,330s][info][gc,phases     ] GC(210)   Evacuate Collection Set: 6,9ms
[36,330s][info][gc,phases     ] GC(210)   Post Evacuate Collection Set: 0,3ms
[36,330s][info][gc,phases     ] GC(210)   Other: 0,2ms
[36,330s][info][gc,heap       ] GC(210) Eden regions: 24->0(10)
[36,330s][info][gc,heap       ] GC(210) Survivor regions: 2->2(4)
[36,330s][info][gc,heap       ] GC(210) Old regions: 107->107
[36,330s][info][gc,heap       ] GC(210) Humongous regions: 92->92
[36,330s][info][gc,metaspace  ] GC(210) Metaspace: 31976K->31976K(1081344K)
[36,330s][info][gc            ] GC(210) Pause Young (G1 Evacuation Pause) 223M->200M(256M) 7,478ms
[36,330s][info][gc,cpu        ] GC(210) User=0,02s Sys=0,00s Real=0,00s
[36,336s][info][gc,start      ] GC(211) Pause Mixed (G1 Evacuation Pause)
[36,336s][info][gc,task       ] GC(211) Using 4 workers of 4 for evacuation
[36,354s][info][gc,phases     ] GC(211)   Pre Evacuate Collection Set: 0,0ms
[36,354s][info][gc,phases     ] GC(211)   Evacuate Collection Set: 17,2ms
[36,354s][info][gc,phases     ] GC(211)   Post Evacuate Collection Set: 0,4ms
[36,354s][info][gc,phases     ] GC(211)   Other: 0,2ms
[36,354s][info][gc,heap       ] GC(211) Eden regions: 10->0(30)
[36,354s][info][gc,heap       ] GC(211) Survivor regions: 2->2(2)
[36,354s][info][gc,heap       ] GC(211) Old regions: 107->99
[36,354s][info][gc,heap       ] GC(211) Humongous regions: 92->92
[36,354s][info][gc,metaspace  ] GC(211) Metaspace: 31976K->31976K(1081344K)
[36,354s][info][gc            ] GC(211) Pause Mixed (G1 Evacuation Pause) 210M->191M(256M) 17,942ms
[36,354s][info][gc,cpu        ] GC(211) User=0,06s Sys=0,00s Real=0,02s
[36,378s][info][gc,start      ] GC(212) Pause Young (G1 Evacuation Pause)
[36,378s][info][gc,task       ] GC(212) Using 4 workers of 4 for evacuation
[36,392s][info][gc,phases     ] GC(212)   Pre Evacuate Collection Set: 0,0ms
[36,392s][info][gc,phases     ] GC(212)   Evacuate Collection Set: 13,3ms
[36,392s][info][gc,phases     ] GC(212)   Post Evacuate Collection Set: 0,3ms
[36,392s][info][gc,phases     ] GC(212)   Other: 0,2ms
[36,392s][info][gc,heap       ] GC(212) Eden regions: 30->0(31)
[36,392s][info][gc,heap       ] GC(212) Survivor regions: 2->2(4)
[36,392s][info][gc,heap       ] GC(212) Old regions: 99->99
[36,392s][info][gc,heap       ] GC(212) Humongous regions: 92->92
[36,392s][info][gc,metaspace  ] GC(212) Metaspace: 31976K->31976K(1081344K)
[36,392s][info][gc            ] GC(212) Pause Young (G1 Evacuation Pause) 221M->191M(256M) 13,887ms
[36,392s][info][gc,cpu        ] GC(212) User=0,04s Sys=0,00s Real=0,01s
[36,414s][info][gc,start      ] GC(213) Pause Young (G1 Evacuation Pause)
[36,414s][info][gc,task       ] GC(213) Using 4 workers of 4 for evacuation
[36,421s][info][gc,phases     ] GC(213)   Pre Evacuate Collection Set: 0,0ms
[36,421s][info][gc,phases     ] GC(213)   Evacuate Collection Set: 7,4ms
[36,421s][info][gc,phases     ] GC(213)   Post Evacuate Collection Set: 0,3ms
[36,421s][info][gc,phases     ] GC(213)   Other: 0,2ms
[36,422s][info][gc,heap       ] GC(213) Eden regions: 31->0(32)
[36,422s][info][gc,heap       ] GC(213) Survivor regions: 2->2(5)
[36,422s][info][gc,heap       ] GC(213) Old regions: 99->99
[36,422s][info][gc,heap       ] GC(213) Humongous regions: 92->92
[36,422s][info][gc,metaspace  ] GC(213) Metaspace: 31976K->31976K(1081344K)
[36,422s][info][gc            ] GC(213) Pause Young (G1 Evacuation Pause) 222M->191M(256M) 8,038ms
[36,422s][info][gc,cpu        ] GC(213) User=0,03s Sys=0,00s Real=0,01s
[36,440s][info][gc,start      ] GC(214) Pause Initial Mark (G1 Evacuation Pause)
[36,440s][info][gc,task       ] GC(214) Using 4 workers of 4 for evacuation
[36,449s][info][gc,phases     ] GC(214)   Pre Evacuate Collection Set: 0,0ms
[36,449s][info][gc,phases     ] GC(214)   Evacuate Collection Set: 8,1ms
[36,449s][info][gc,phases     ] GC(214)   Post Evacuate Collection Set: 0,4ms
[36,449s][info][gc,phases     ] GC(214)   Other: 0,2ms
[36,449s][info][gc,heap       ] GC(214) Eden regions: 32->0(32)
[36,449s][info][gc,heap       ] GC(214) Survivor regions: 2->2(5)
[36,449s][info][gc,heap       ] GC(214) Old regions: 99->99
[36,449s][info][gc,heap       ] GC(214) Humongous regions: 92->92
[36,449s][info][gc,metaspace  ] GC(214) Metaspace: 31976K->31976K(1081344K)
[36,449s][info][gc            ] GC(214) Pause Initial Mark (G1 Evacuation Pause) 223M->191M(256M) 8,817ms
[36,449s][info][gc,cpu        ] GC(214) User=0,03s Sys=0,00s Real=0,01s
[36,449s][info][gc            ] GC(215) Concurrent Cycle
[36,449s][info][gc,marking    ] GC(215) Concurrent Clear Claimed Marks
[36,449s][info][gc,marking    ] GC(215) Concurrent Clear Claimed Marks 0,219ms
[36,449s][info][gc,marking    ] GC(215) Concurrent Scan Root Regions
[36,451s][info][gc,marking    ] GC(215) Concurrent Scan Root Regions 1,433ms
[36,451s][info][gc,marking    ] GC(215) Concurrent Mark (36,451s)
[36,451s][info][gc,marking    ] GC(215) Concurrent Mark From Roots
[36,451s][info][gc,task       ] GC(215) Using 1 workers of 1 for marking
[36,479s][info][gc,start      ] GC(216) Pause Young (G1 Evacuation Pause)
[36,479s][info][gc,task       ] GC(216) Using 4 workers of 4 for evacuation
[36,486s][info][gc,phases     ] GC(216)   Pre Evacuate Collection Set: 0,0ms
[36,486s][info][gc,phases     ] GC(216)   Evacuate Collection Set: 7,0ms
[36,486s][info][gc,phases     ] GC(216)   Post Evacuate Collection Set: 0,5ms
[36,486s][info][gc,phases     ] GC(216)   Other: 0,2ms
[36,486s][info][gc,heap       ] GC(216) Eden regions: 32->0(33)
[36,486s][info][gc,heap       ] GC(216) Survivor regions: 2->2(5)
[36,486s][info][gc,heap       ] GC(216) Old regions: 99->99
[36,486s][info][gc,heap       ] GC(216) Humongous regions: 92->92
[36,486s][info][gc,metaspace  ] GC(216) Metaspace: 31976K->31976K(1081344K)
[36,487s][info][gc            ] GC(216) Pause Young (G1 Evacuation Pause) 223M->192M(256M) 7,749ms
[36,487s][info][gc,cpu        ] GC(216) User=0,03s Sys=0,00s Real=0,01s
[36,522s][info][gc,start      ] GC(217) Pause Young (G1 Evacuation Pause)
[36,522s][info][gc,task       ] GC(217) Using 4 workers of 4 for evacuation
[36,532s][info][gc,phases     ] GC(217)   Pre Evacuate Collection Set: 0,0ms
[36,532s][info][gc,phases     ] GC(217)   Evacuate Collection Set: 9,8ms
[36,532s][info][gc,phases     ] GC(217)   Post Evacuate Collection Set: 0,5ms
[36,532s][info][gc,phases     ] GC(217)   Other: 0,2ms
[36,532s][info][gc,heap       ] GC(217) Eden regions: 33->0(33)
[36,532s][info][gc,heap       ] GC(217) Survivor regions: 2->2(5)
[36,532s][info][gc,heap       ] GC(217) Old regions: 99->99
[36,532s][info][gc,heap       ] GC(217) Humongous regions: 92->92
[36,532s][info][gc,metaspace  ] GC(217) Metaspace: 31978K->31978K(1081344K)
[36,532s][info][gc            ] GC(217) Pause Young (G1 Evacuation Pause) 225M->192M(256M) 10,592ms
[36,532s][info][gc,cpu        ] GC(217) User=0,04s Sys=0,00s Real=0,00s
[36,559s][info][gc,start      ] GC(218) Pause Young (G1 Evacuation Pause)
[36,559s][info][gc,task       ] GC(218) Using 4 workers of 4 for evacuation
[36,571s][info][gc,phases     ] GC(218)   Pre Evacuate Collection Set: 0,0ms
[36,571s][info][gc,phases     ] GC(218)   Evacuate Collection Set: 10,7ms
[36,571s][info][gc,phases     ] GC(218)   Post Evacuate Collection Set: 0,5ms
[36,571s][info][gc,phases     ] GC(218)   Other: 0,2ms
[36,571s][info][gc,heap       ] GC(218) Eden regions: 33->0(33)
[36,571s][info][gc,heap       ] GC(218) Survivor regions: 2->2(5)
[36,571s][info][gc,heap       ] GC(218) Old regions: 99->99
[36,571s][info][gc,heap       ] GC(218) Humongous regions: 92->92
[36,571s][info][gc,metaspace  ] GC(218) Metaspace: 31978K->31978K(1081344K)
[36,571s][info][gc            ] GC(218) Pause Young (G1 Evacuation Pause) 225M->192M(256M) 11,477ms
[36,571s][info][gc,cpu        ] GC(218) User=0,03s Sys=0,00s Real=0,01s
[36,603s][info][gc,start      ] GC(219) Pause Young (G1 Evacuation Pause)
[36,603s][info][gc,task       ] GC(219) Using 4 workers of 4 for evacuation
[36,612s][info][gc,phases     ] GC(219)   Pre Evacuate Collection Set: 0,0ms
[36,612s][info][gc,phases     ] GC(219)   Evacuate Collection Set: 8,5ms
[36,612s][info][gc,phases     ] GC(219)   Post Evacuate Collection Set: 0,5ms
[36,612s][info][gc,phases     ] GC(219)   Other: 0,2ms
[36,612s][info][gc,heap       ] GC(219) Eden regions: 33->0(34)
[36,612s][info][gc,heap       ] GC(219) Survivor regions: 2->2(5)
[36,612s][info][gc,heap       ] GC(219) Old regions: 99->99
[36,612s][info][gc,heap       ] GC(219) Humongous regions: 92->92
[36,612s][info][gc,metaspace  ] GC(219) Metaspace: 31978K->31978K(1081344K)
[36,612s][info][gc            ] GC(219) Pause Young (G1 Evacuation Pause) 225M->192M(256M) 9,263ms
[36,612s][info][gc,cpu        ] GC(219) User=0,04s Sys=0,00s Real=0,00s
[36,639s][info][gc,start      ] GC(220) Pause Young (G1 Evacuation Pause)
[36,639s][info][gc,task       ] GC(220) Using 4 workers of 4 for evacuation
[36,649s][info][gc,phases     ] GC(220)   Pre Evacuate Collection Set: 0,0ms
[36,649s][info][gc,phases     ] GC(220)   Evacuate Collection Set: 9,9ms
[36,649s][info][gc,phases     ] GC(220)   Post Evacuate Collection Set: 0,7ms
[36,649s][info][gc,phases     ] GC(220)   Other: 0,2ms
[36,649s][info][gc,heap       ] GC(220) Eden regions: 34->0(33)
[36,649s][info][gc,heap       ] GC(220) Survivor regions: 2->2(5)
[36,649s][info][gc,heap       ] GC(220) Old regions: 99->100
[36,649s][info][gc,heap       ] GC(220) Humongous regions: 92->92
[36,649s][info][gc,metaspace  ] GC(220) Metaspace: 31978K->31978K(1081344K)
[36,649s][info][gc            ] GC(220) Pause Young (G1 Evacuation Pause) 226M->192M(256M) 10,824ms
[36,650s][info][gc,cpu        ] GC(220) User=0,03s Sys=0,00s Real=0,01s
[36,678s][info][gc,start      ] GC(221) Pause Young (G1 Evacuation Pause)
[36,678s][info][gc,task       ] GC(221) Using 4 workers of 4 for evacuation
[36,688s][info][gc,phases     ] GC(221)   Pre Evacuate Collection Set: 0,0ms
[36,688s][info][gc,phases     ] GC(221)   Evacuate Collection Set: 8,8ms
[36,688s][info][gc,phases     ] GC(221)   Post Evacuate Collection Set: 0,5ms
[36,688s][info][gc,phases     ] GC(221)   Other: 0,2ms
[36,688s][info][gc,heap       ] GC(221) Eden regions: 33->0(33)
[36,688s][info][gc,heap       ] GC(221) Survivor regions: 2->2(5)
[36,688s][info][gc,heap       ] GC(221) Old regions: 100->100
[36,688s][info][gc,heap       ] GC(221) Humongous regions: 92->92
[36,688s][info][gc,metaspace  ] GC(221) Metaspace: 31978K->31978K(1081344K)
[36,688s][info][gc            ] GC(221) Pause Young (G1 Evacuation Pause) 225M->192M(256M) 9,548ms
[36,688s][info][gc,cpu        ] GC(221) User=0,04s Sys=0,00s Real=0,01s
[36,716s][info][gc,start      ] GC(222) Pause Young (G1 Evacuation Pause)
[36,716s][info][gc,task       ] GC(222) Using 4 workers of 4 for evacuation
[36,725s][info][gc,phases     ] GC(222)   Pre Evacuate Collection Set: 0,0ms
[36,725s][info][gc,phases     ] GC(222)   Evacuate Collection Set: 8,4ms
[36,725s][info][gc,phases     ] GC(222)   Post Evacuate Collection Set: 0,7ms
[36,725s][info][gc,phases     ] GC(222)   Other: 0,2ms
[36,725s][info][gc,heap       ] GC(222) Eden regions: 33->0(33)
[36,725s][info][gc,heap       ] GC(222) Survivor regions: 2->2(5)
[36,726s][info][gc,heap       ] GC(222) Old regions: 100->100
[36,726s][info][gc,heap       ] GC(222) Humongous regions: 92->92
[36,726s][info][gc,metaspace  ] GC(222) Metaspace: 31978K->31978K(1081344K)
[36,726s][info][gc            ] GC(222) Pause Young (G1 Evacuation Pause) 225M->192M(256M) 9,418ms
[36,726s][info][gc,cpu        ] GC(222) User=0,04s Sys=0,00s Real=0,01s
[36,754s][info][gc,start      ] GC(223) Pause Young (G1 Evacuation Pause)
[36,754s][info][gc,task       ] GC(223) Using 4 workers of 4 for evacuation
[36,765s][info][gc,phases     ] GC(223)   Pre Evacuate Collection Set: 0,0ms
[36,765s][info][gc,phases     ] GC(223)   Evacuate Collection Set: 9,7ms
[36,765s][info][gc,phases     ] GC(223)   Post Evacuate Collection Set: 0,7ms
[36,765s][info][gc,phases     ] GC(223)   Other: 0,2ms
[36,765s][info][gc,heap       ] GC(223) Eden regions: 33->0(33)
[36,765s][info][gc,heap       ] GC(223) Survivor regions: 2->2(5)
[36,765s][info][gc,heap       ] GC(223) Old regions: 100->100
[36,765s][info][gc,heap       ] GC(223) Humongous regions: 92->92
[36,765s][info][gc,metaspace  ] GC(223) Metaspace: 31978K->31978K(1081344K)
[36,765s][info][gc            ] GC(223) Pause Young (G1 Evacuation Pause) 225M->192M(256M) 10,660ms
[36,765s][info][gc,cpu        ] GC(223) User=0,04s Sys=0,00s Real=0,01s
[36,774s][info][gc,marking    ] GC(215) Concurrent Mark From Roots 323,657ms
[36,774s][info][gc,marking    ] GC(215) Concurrent Mark (36,451s, 36,774s) 323,729ms
[36,777s][info][gc,start      ] GC(215) Pause Remark
[36,789s][info][gc,stringtable] GC(215) Cleaned string and symbol table, strings: 13591 processed, 0 removed, symbols: 81463 processed, 0 removed
[36,789s][info][gc            ] GC(215) Pause Remark 205M->205M(256M) 11,839ms
[36,789s][info][gc,cpu        ] GC(215) User=0,03s Sys=0,01s Real=0,01s
[36,789s][info][gc,marking    ] GC(215) Concurrent Create Live Data
[36,803s][info][gc,start      ] GC(224) Pause Young (G1 Evacuation Pause)
[36,803s][info][gc,task       ] GC(224) Using 4 workers of 4 for evacuation
[36,813s][info][gc,phases     ] GC(224)   Pre Evacuate Collection Set: 0,0ms
[36,813s][info][gc,phases     ] GC(224)   Evacuate Collection Set: 8,8ms
[36,813s][info][gc,phases     ] GC(224)   Post Evacuate Collection Set: 0,3ms
[36,813s][info][gc,phases     ] GC(224)   Other: 0,2ms
[36,813s][info][gc,heap       ] GC(224) Eden regions: 33->0(33)
[36,813s][info][gc,heap       ] GC(224) Survivor regions: 2->2(5)
[36,813s][info][gc,heap       ] GC(224) Old regions: 100->100
[36,813s][info][gc,heap       ] GC(224) Humongous regions: 92->92
[36,813s][info][gc,metaspace  ] GC(224) Metaspace: 31978K->31978K(1081344K)
[36,813s][info][gc            ] GC(224) Pause Young (G1 Evacuation Pause) 225M->193M(256M) 9,394ms
[36,813s][info][gc,cpu        ] GC(224) User=0,04s Sys=0,00s Real=0,00s
[36,836s][info][gc,start      ] GC(225) Pause Young (G1 Evacuation Pause)
[36,836s][info][gc,task       ] GC(225) Using 4 workers of 4 for evacuation
[36,845s][info][gc,phases     ] GC(225)   Pre Evacuate Collection Set: 0,0ms
[36,845s][info][gc,phases     ] GC(225)   Evacuate Collection Set: 9,0ms
[36,845s][info][gc,phases     ] GC(225)   Post Evacuate Collection Set: 0,3ms
[36,845s][info][gc,phases     ] GC(225)   Other: 0,2ms
[36,845s][info][gc,heap       ] GC(225) Eden regions: 33->0(33)
[36,845s][info][gc,heap       ] GC(225) Survivor regions: 2->2(5)
[36,845s][info][gc,heap       ] GC(225) Old regions: 100->100
[36,845s][info][gc,heap       ] GC(225) Humongous regions: 92->92
[36,845s][info][gc,metaspace  ] GC(225) Metaspace: 31978K->31978K(1081344K)
[36,845s][info][gc            ] GC(225) Pause Young (G1 Evacuation Pause) 226M->193M(256M) 9,643ms
[36,845s][info][gc,cpu        ] GC(225) User=0,04s Sys=0,00s Real=0,01s
[36,868s][info][gc,start      ] GC(226) Pause Young (G1 Evacuation Pause)
[36,868s][info][gc,task       ] GC(226) Using 4 workers of 4 for evacuation
[36,879s][info][gc,phases     ] GC(226)   Pre Evacuate Collection Set: 0,0ms
[36,879s][info][gc,phases     ] GC(226)   Evacuate Collection Set: 9,8ms
[36,879s][info][gc,phases     ] GC(226)   Post Evacuate Collection Set: 0,3ms
[36,879s][info][gc,phases     ] GC(226)   Other: 0,2ms
[36,879s][info][gc,heap       ] GC(226) Eden regions: 33->0(33)
[36,879s][info][gc,heap       ] GC(226) Survivor regions: 2->2(5)
[36,879s][info][gc,heap       ] GC(226) Old regions: 100->100
[36,879s][info][gc,heap       ] GC(226) Humongous regions: 92->92
[36,879s][info][gc,metaspace  ] GC(226) Metaspace: 31978K->31978K(1081344K)
[36,879s][info][gc            ] GC(226) Pause Young (G1 Evacuation Pause) 226M->193M(256M) 10,416ms
[36,879s][info][gc,cpu        ] GC(226) User=0,04s Sys=0,00s Real=0,01s
[36,884s][info][gc,marking    ] GC(215) Concurrent Create Live Data 94,854ms
[36,884s][info][gc,start      ] GC(215) Pause Cleanup
[36,885s][info][gc            ] GC(215) Pause Cleanup 199M->199M(256M) 0,685ms
[36,885s][info][gc,cpu        ] GC(215) User=0,00s Sys=0,00s Real=0,00s
[36,885s][info][gc,marking    ] GC(215) Concurrent Cleanup for Next Mark
[36,887s][info][gc,marking    ] GC(215) Concurrent Cleanup for Next Mark 2,184ms
[36,887s][info][gc            ] GC(215) Concurrent Cycle 438,358ms
[36,899s][info][gc,start      ] GC(227) Pause Young (G1 Evacuation Pause)
[36,899s][info][gc,task       ] GC(227) Using 4 workers of 4 for evacuation
[36,908s][info][gc,phases     ] GC(227)   Pre Evacuate Collection Set: 0,0ms
[36,908s][info][gc,phases     ] GC(227)   Evacuate Collection Set: 9,3ms
[36,908s][info][gc,phases     ] GC(227)   Post Evacuate Collection Set: 0,4ms
[36,908s][info][gc,phases     ] GC(227)   Other: 0,2ms
[36,908s][info][gc,heap       ] GC(227) Eden regions: 33->0(10)
[36,908s][info][gc,heap       ] GC(227) Survivor regions: 2->2(5)
[36,908s][info][gc,heap       ] GC(227) Old regions: 100->100
[36,908s][info][gc,heap       ] GC(227) Humongous regions: 92->92
[36,908s][info][gc,metaspace  ] GC(227) Metaspace: 31978K->31978K(1081344K)
[36,909s][info][gc            ] GC(227) Pause Young (G1 Evacuation Pause) 226M->193M(256M) 10,001ms
[36,909s][info][gc,cpu        ] GC(227) User=0,04s Sys=0,00s Real=0,01s
[36,915s][info][gc,start      ] GC(228) Pause Mixed (G1 Evacuation Pause)
[36,915s][info][gc,task       ] GC(228) Using 4 workers of 4 for evacuation
[36,931s][info][gc,phases     ] GC(228)   Pre Evacuate Collection Set: 0,0ms
[36,931s][info][gc,phases     ] GC(228)   Evacuate Collection Set: 15,8ms
[36,931s][info][gc,phases     ] GC(228)   Post Evacuate Collection Set: 0,4ms
[36,931s][info][gc,phases     ] GC(228)   Other: 0,2ms
[36,931s][info][gc,heap       ] GC(228) Eden regions: 10->0(34)
[36,931s][info][gc,heap       ] GC(228) Survivor regions: 2->2(2)
[36,931s][info][gc,heap       ] GC(228) Old regions: 100->98
[36,931s][info][gc,heap       ] GC(228) Humongous regions: 92->92
[36,931s][info][gc,metaspace  ] GC(228) Metaspace: 31978K->31978K(1081344K)
[36,931s][info][gc            ] GC(228) Pause Mixed (G1 Evacuation Pause) 203M->190M(256M) 16,502ms
[36,931s][info][gc,cpu        ] GC(228) User=0,06s Sys=0,00s Real=0,01s
[36,957s][info][gc,start      ] GC(229) Pause Young (G1 Evacuation Pause)
[36,957s][info][gc,task       ] GC(229) Using 4 workers of 4 for evacuation
[36,968s][info][gc,phases     ] GC(229)   Pre Evacuate Collection Set: 0,0ms
[36,968s][info][gc,phases     ] GC(229)   Evacuate Collection Set: 11,0ms
[36,968s][info][gc,phases     ] GC(229)   Post Evacuate Collection Set: 0,3ms
[36,968s][info][gc,phases     ] GC(229)   Other: 0,2ms
[36,968s][info][gc,heap       ] GC(229) Eden regions: 34->0(34)
[36,968s][info][gc,heap       ] GC(229) Survivor regions: 2->2(5)
[36,968s][info][gc,heap       ] GC(229) Old regions: 98->98
[36,968s][info][gc,heap       ] GC(229) Humongous regions: 92->92
[36,968s][info][gc,metaspace  ] GC(229) Metaspace: 31978K->31978K(1081344K)
[36,968s][info][gc            ] GC(229) Pause Young (G1 Evacuation Pause) 224M->190M(256M) 11,639ms
[36,968s][info][gc,cpu        ] GC(229) User=0,04s Sys=0,00s Real=0,01s
[36,992s][info][gc,start      ] GC(230) Pause Young (G1 Evacuation Pause)
[36,992s][info][gc,task       ] GC(230) Using 4 workers of 4 for evacuation
[37,003s][info][gc,phases     ] GC(230)   Pre Evacuate Collection Set: 0,0ms
[37,003s][info][gc,phases     ] GC(230)   Evacuate Collection Set: 10,7ms
[37,003s][info][gc,phases     ] GC(230)   Post Evacuate Collection Set: 0,3ms
[37,003s][info][gc,phases     ] GC(230)   Other: 0,2ms
[37,003s][info][gc,heap       ] GC(230) Eden regions: 34->0(34)
[37,003s][info][gc,heap       ] GC(230) Survivor regions: 2->2(5)
[37,003s][info][gc,heap       ] GC(230) Old regions: 98->98
[37,003s][info][gc,heap       ] GC(230) Humongous regions: 92->92
[37,003s][info][gc,metaspace  ] GC(230) Metaspace: 31979K->31979K(1081344K)
[37,003s][info][gc            ] GC(230) Pause Young (G1 Evacuation Pause) 224M->191M(256M) 11,302ms
[37,003s][info][gc,cpu        ] GC(230) User=0,03s Sys=0,00s Real=0,02s
[37,029s][info][gc,start      ] GC(231) Pause Initial Mark (G1 Evacuation Pause)
[37,029s][info][gc,task       ] GC(231) Using 4 workers of 4 for evacuation
[37,043s][info][gc,phases     ] GC(231)   Pre Evacuate Collection Set: 0,0ms
[37,043s][info][gc,phases     ] GC(231)   Evacuate Collection Set: 13,3ms
[37,043s][info][gc,phases     ] GC(231)   Post Evacuate Collection Set: 0,5ms
[37,043s][info][gc,phases     ] GC(231)   Other: 0,2ms
[37,043s][info][gc,heap       ] GC(231) Eden regions: 34->0(32)
[37,043s][info][gc,heap       ] GC(231) Survivor regions: 2->4(5)
[37,043s][info][gc,heap       ] GC(231) Old regions: 98->98
[37,043s][info][gc,heap       ] GC(231) Humongous regions: 92->92
[37,043s][info][gc,metaspace  ] GC(231) Metaspace: 31979K->31979K(1081344K)
[37,043s][info][gc            ] GC(231) Pause Initial Mark (G1 Evacuation Pause) 225M->193M(256M) 14,065ms
[37,043s][info][gc,cpu        ] GC(231) User=0,05s Sys=0,00s Real=0,02s
[37,043s][info][gc            ] GC(232) Concurrent Cycle
[37,044s][info][gc,marking    ] GC(232) Concurrent Clear Claimed Marks
[37,044s][info][gc,marking    ] GC(232) Concurrent Clear Claimed Marks 0,243ms
[37,044s][info][gc,marking    ] GC(232) Concurrent Scan Root Regions
[37,047s][info][gc,marking    ] GC(232) Concurrent Scan Root Regions 3,150ms
[37,047s][info][gc,marking    ] GC(232) Concurrent Mark (37,047s)
[37,047s][info][gc,marking    ] GC(232) Concurrent Mark From Roots
[37,047s][info][gc,task       ] GC(232) Using 1 workers of 1 for marking
[37,064s][info][gc,start      ] GC(233) Pause Young (G1 Evacuation Pause)
[37,064s][info][gc,task       ] GC(233) Using 4 workers of 4 for evacuation
[37,078s][info][gc,phases     ] GC(233)   Pre Evacuate Collection Set: 0,0ms
[37,078s][info][gc,phases     ] GC(233)   Evacuate Collection Set: 13,6ms
[37,078s][info][gc,phases     ] GC(233)   Post Evacuate Collection Set: 0,4ms
[37,078s][info][gc,phases     ] GC(233)   Other: 0,2ms
[37,078s][info][gc,heap       ] GC(233) Eden regions: 32->0(31)
[37,078s][info][gc,heap       ] GC(233) Survivor regions: 4->4(5)
[37,078s][info][gc,heap       ] GC(233) Old regions: 98->99
[37,078s][info][gc,heap       ] GC(233) Humongous regions: 92->92
[37,078s][info][gc,metaspace  ] GC(233) Metaspace: 31979K->31979K(1081344K)
[37,078s][info][gc            ] GC(233) Pause Young (G1 Evacuation Pause) 225M->194M(256M) 14,269ms
[37,078s][info][gc,cpu        ] GC(233) User=0,05s Sys=0,00s Real=0,01s
[37,101s][info][gc,start      ] GC(234) Pause Young (G1 Evacuation Pause)
[37,101s][info][gc,task       ] GC(234) Using 4 workers of 4 for evacuation
[37,115s][info][gc,phases     ] GC(234)   Pre Evacuate Collection Set: 0,0ms
[37,115s][info][gc,phases     ] GC(234)   Evacuate Collection Set: 12,8ms
[37,115s][info][gc,phases     ] GC(234)   Post Evacuate Collection Set: 0,5ms
[37,115s][info][gc,phases     ] GC(234)   Other: 0,2ms
[37,115s][info][gc,heap       ] GC(234) Eden regions: 31->0(30)
[37,115s][info][gc,heap       ] GC(234) Survivor regions: 4->3(5)
[37,115s][info][gc,heap       ] GC(234) Old regions: 99->101
[37,115s][info][gc,heap       ] GC(234) Humongous regions: 92->92
[37,115s][info][gc,metaspace  ] GC(234) Metaspace: 31979K->31979K(1081344K)
[37,115s][info][gc            ] GC(234) Pause Young (G1 Evacuation Pause) 225M->195M(256M) 13,599ms
[37,115s][info][gc,cpu        ] GC(234) User=0,04s Sys=0,00s Real=0,01s
[37,142s][info][gc,start      ] GC(235) Pause Young (G1 Evacuation Pause)
[37,142s][info][gc,task       ] GC(235) Using 4 workers of 4 for evacuation
[37,153s][info][gc,phases     ] GC(235)   Pre Evacuate Collection Set: 0,0ms
[37,154s][info][gc,phases     ] GC(235)   Evacuate Collection Set: 10,5ms
[37,154s][info][gc,phases     ] GC(235)   Post Evacuate Collection Set: 0,5ms
[37,154s][info][gc,phases     ] GC(235)   Other: 0,2ms
[37,154s][info][gc,heap       ] GC(235) Eden regions: 30->0(29)
[37,154s][info][gc,heap       ] GC(235) Survivor regions: 3->4(5)
[37,154s][info][gc,heap       ] GC(235) Old regions: 101->101
[37,154s][info][gc,heap       ] GC(235) Humongous regions: 92->92
[37,154s][info][gc,metaspace  ] GC(235) Metaspace: 31979K->31979K(1081344K)
[37,154s][info][gc            ] GC(235) Pause Young (G1 Evacuation Pause) 225M->196M(256M) 11,265ms
[37,154s][info][gc,cpu        ] GC(235) User=0,05s Sys=0,00s Real=0,01s
[37,175s][info][gc,start      ] GC(236) Pause Young (G1 Evacuation Pause)
[37,175s][info][gc,task       ] GC(236) Using 4 workers of 4 for evacuation
[37,192s][info][gc,phases     ] GC(236)   Pre Evacuate Collection Set: 0,0ms
[37,192s][info][gc,phases     ] GC(236)   Evacuate Collection Set: 15,7ms
[37,192s][info][gc,phases     ] GC(236)   Post Evacuate Collection Set: 0,5ms
[37,192s][info][gc,phases     ] GC(236)   Other: 0,2ms
[37,192s][info][gc,heap       ] GC(236) Eden regions: 29->0(28)
[37,192s][info][gc,heap       ] GC(236) Survivor regions: 4->4(5)
[37,192s][info][gc,heap       ] GC(236) Old regions: 101->102
[37,192s][info][gc,heap       ] GC(236) Humongous regions: 92->92
[37,192s][info][gc,metaspace  ] GC(236) Metaspace: 31979K->31979K(1081344K)
[37,192s][info][gc            ] GC(236) Pause Young (G1 Evacuation Pause) 225M->197M(256M) 16,592ms
[37,192s][info][gc,cpu        ] GC(236) User=0,04s Sys=0,00s Real=0,01s
[37,218s][info][gc,start      ] GC(237) Pause Young (G1 Evacuation Pause)
[37,218s][info][gc,task       ] GC(237) Using 4 workers of 4 for evacuation
[37,229s][info][gc,phases     ] GC(237)   Pre Evacuate Collection Set: 0,0ms
[37,230s][info][gc,phases     ] GC(237)   Evacuate Collection Set: 11,2ms
[37,230s][info][gc,phases     ] GC(237)   Post Evacuate Collection Set: 0,5ms
[37,230s][info][gc,phases     ] GC(237)   Other: 0,2ms
[37,230s][info][gc,heap       ] GC(237) Eden regions: 28->0(26)
[37,230s][info][gc,heap       ] GC(237) Survivor regions: 4->4(4)
[37,230s][info][gc,heap       ] GC(237) Old regions: 102->104
[37,230s][info][gc,heap       ] GC(237) Humongous regions: 92->92
[37,230s][info][gc,metaspace  ] GC(237) Metaspace: 31979K->31979K(1081344K)
[37,230s][info][gc            ] GC(237) Pause Young (G1 Evacuation Pause) 225M->199M(256M) 11,981ms
[37,230s][info][gc,cpu        ] GC(237) User=0,04s Sys=0,00s Real=0,01s
[37,257s][info][gc,start      ] GC(238) Pause Young (G1 Evacuation Pause)
[37,257s][info][gc,task       ] GC(238) Using 4 workers of 4 for evacuation
[37,268s][info][gc,phases     ] GC(238)   Pre Evacuate Collection Set: 0,0ms
[37,268s][info][gc,phases     ] GC(238)   Evacuate Collection Set: 10,2ms
[37,268s][info][gc,phases     ] GC(238)   Post Evacuate Collection Set: 0,4ms
[37,268s][info][gc,phases     ] GC(238)   Other: 0,2ms
[37,268s][info][gc,heap       ] GC(238) Eden regions: 26->0(24)
[37,268s][info][gc,heap       ] GC(238) Survivor regions: 4->4(4)
[37,268s][info][gc,heap       ] GC(238) Old regions: 104->106
[37,268s][info][gc,heap       ] GC(238) Humongous regions: 92->92
[37,268s][info][gc,metaspace  ] GC(238) Metaspace: 31979K->31979K(1081344K)
[37,268s][info][gc            ] GC(238) Pause Young (G1 Evacuation Pause) 225M->201M(256M) 10,942ms
[37,268s][info][gc,cpu        ] GC(238) User=0,04s Sys=0,00s Real=0,01s
[37,289s][info][gc,start      ] GC(239) Pause Young (G1 Evacuation Pause)
[37,289s][info][gc,task       ] GC(239) Using 4 workers of 4 for evacuation
[37,296s][info][gc,phases     ] GC(239)   Pre Evacuate Collection Set: 0,0ms
[37,296s][info][gc,phases     ] GC(239)   Evacuate Collection Set: 7,2ms
[37,296s][info][gc,phases     ] GC(239)   Post Evacuate Collection Set: 0,4ms
[37,296s][info][gc,phases     ] GC(239)   Other: 0,2ms
[37,296s][info][gc,heap       ] GC(239) Eden regions: 24->0(23)
[37,296s][info][gc,heap       ] GC(239) Survivor regions: 4->1(4)
[37,296s][info][gc,heap       ] GC(239) Old regions: 106->110
[37,296s][info][gc,heap       ] GC(239) Humongous regions: 92->92
[37,296s][info][gc,metaspace  ] GC(239) Metaspace: 31979K->31979K(1081344K)
[37,296s][info][gc            ] GC(239) Pause Young (G1 Evacuation Pause) 225M->202M(256M) 7,924ms
[37,296s][info][gc,cpu        ] GC(239) User=0,03s Sys=0,00s Real=0,01s
[37,318s][info][gc,start      ] GC(240) Pause Young (G1 Evacuation Pause)
[37,318s][info][gc,task       ] GC(240) Using 4 workers of 4 for evacuation
[37,323s][info][gc,phases     ] GC(240)   Pre Evacuate Collection Set: 0,0ms
[37,323s][info][gc,phases     ] GC(240)   Evacuate Collection Set: 4,0ms
[37,323s][info][gc,phases     ] GC(240)   Post Evacuate Collection Set: 0,4ms
[37,323s][info][gc,phases     ] GC(240)   Other: 0,2ms
[37,323s][info][gc,heap       ] GC(240) Eden regions: 23->0(23)
[37,323s][info][gc,heap       ] GC(240) Survivor regions: 1->1(3)
[37,323s][info][gc,heap       ] GC(240) Old regions: 110->110
[37,323s][info][gc,heap       ] GC(240) Humongous regions: 92->92
[37,323s][info][gc,metaspace  ] GC(240) Metaspace: 31979K->31979K(1081344K)
[37,323s][info][gc            ] GC(240) Pause Young (G1 Evacuation Pause) 225M->201M(256M) 4,751ms
[37,323s][info][gc,cpu        ] GC(240) User=0,01s Sys=0,00s Real=0,01s
[37,342s][info][gc,start      ] GC(241) Pause Young (G1 Evacuation Pause)
[37,342s][info][gc,task       ] GC(241) Using 4 workers of 4 for evacuation
[37,346s][info][gc,phases     ] GC(241)   Pre Evacuate Collection Set: 0,0ms
[37,346s][info][gc,phases     ] GC(241)   Evacuate Collection Set: 3,2ms
[37,346s][info][gc,phases     ] GC(241)   Post Evacuate Collection Set: 0,5ms
[37,346s][info][gc,phases     ] GC(241)   Other: 0,2ms
[37,346s][info][gc,heap       ] GC(241) Eden regions: 23->0(24)
[37,346s][info][gc,heap       ] GC(241) Survivor regions: 1->1(3)
[37,346s][info][gc,heap       ] GC(241) Old regions: 110->110
[37,346s][info][gc,heap       ] GC(241) Humongous regions: 92->92
[37,346s][info][gc,metaspace  ] GC(241) Metaspace: 31979K->31979K(1081344K)
[37,346s][info][gc            ] GC(241) Pause Young (G1 Evacuation Pause) 224M->201M(256M) 3,959ms
[37,346s][info][gc,cpu        ] GC(241) User=0,01s Sys=0,00s Real=0,00s
[37,368s][info][gc,start      ] GC(242) Pause Young (G1 Evacuation Pause)
[37,368s][info][gc,task       ] GC(242) Using 4 workers of 4 for evacuation
[37,372s][info][gc,phases     ] GC(242)   Pre Evacuate Collection Set: 0,0ms
[37,372s][info][gc,phases     ] GC(242)   Evacuate Collection Set: 3,0ms
[37,372s][info][gc,phases     ] GC(242)   Post Evacuate Collection Set: 0,6ms
[37,372s][info][gc,phases     ] GC(242)   Other: 0,2ms
[37,372s][info][gc,heap       ] GC(242) Eden regions: 24->0(24)
[37,372s][info][gc,heap       ] GC(242) Survivor regions: 1->1(4)
[37,372s][info][gc,heap       ] GC(242) Old regions: 110->110
[37,372s][info][gc,heap       ] GC(242) Humongous regions: 92->92
[37,372s][info][gc,metaspace  ] GC(242) Metaspace: 31979K->31979K(1081344K)
[37,372s][info][gc            ] GC(242) Pause Young (G1 Evacuation Pause) 225M->201M(256M) 3,899ms
[37,372s][info][gc,cpu        ] GC(242) User=0,01s Sys=0,00s Real=0,00s
[37,397s][info][gc,start      ] GC(243) Pause Young (G1 Evacuation Pause)
[37,397s][info][gc,task       ] GC(243) Using 4 workers of 4 for evacuation
[37,401s][info][gc,phases     ] GC(243)   Pre Evacuate Collection Set: 0,0ms
[37,401s][info][gc,phases     ] GC(243)   Evacuate Collection Set: 3,4ms
[37,401s][info][gc,phases     ] GC(243)   Post Evacuate Collection Set: 0,6ms
[37,401s][info][gc,phases     ] GC(243)   Other: 0,2ms
[37,401s][info][gc,heap       ] GC(243) Eden regions: 24->0(24)
[37,401s][info][gc,heap       ] GC(243) Survivor regions: 1->1(4)
[37,401s][info][gc,heap       ] GC(243) Old regions: 110->110
[37,401s][info][gc,heap       ] GC(243) Humongous regions: 92->92
[37,401s][info][gc,metaspace  ] GC(243) Metaspace: 31979K->31979K(1081344K)
[37,401s][info][gc            ] GC(243) Pause Young (G1 Evacuation Pause) 225M->202M(256M) 4,280ms
[37,401s][info][gc,cpu        ] GC(243) User=0,01s Sys=0,00s Real=0,00s
[37,408s][info][gc,marking    ] GC(232) Concurrent Mark From Roots 361,092ms
[37,408s][info][gc,marking    ] GC(232) Concurrent Mark (37,047s, 37,408s) 361,162ms
[37,408s][info][gc,start      ] GC(232) Pause Remark
[37,420s][info][gc,stringtable] GC(232) Cleaned string and symbol table, strings: 13591 processed, 0 removed, symbols: 81463 processed, 0 removed
[37,421s][info][gc            ] GC(232) Pause Remark 210M->210M(256M) 12,132ms
[37,421s][info][gc,cpu        ] GC(232) User=0,04s Sys=0,00s Real=0,01s
[37,421s][info][gc,marking    ] GC(232) Concurrent Create Live Data
[37,432s][info][gc,start      ] GC(244) Pause Young (G1 Evacuation Pause)
[37,432s][info][gc,task       ] GC(244) Using 4 workers of 4 for evacuation
[37,436s][info][gc,phases     ] GC(244)   Pre Evacuate Collection Set: 0,0ms
[37,436s][info][gc,phases     ] GC(244)   Evacuate Collection Set: 3,8ms
[37,436s][info][gc,phases     ] GC(244)   Post Evacuate Collection Set: 0,2ms
[37,436s][info][gc,phases     ] GC(244)   Other: 0,2ms
[37,436s][info][gc,heap       ] GC(244) Eden regions: 24->0(24)
[37,436s][info][gc,heap       ] GC(244) Survivor regions: 1->1(4)
[37,436s][info][gc,heap       ] GC(244) Old regions: 110->110
[37,436s][info][gc,heap       ] GC(244) Humongous regions: 92->92
[37,436s][info][gc,metaspace  ] GC(244) Metaspace: 31979K->31979K(1081344K)
[37,436s][info][gc            ] GC(244) Pause Young (G1 Evacuation Pause) 226M->202M(256M) 4,346ms
[37,436s][info][gc,cpu        ] GC(244) User=0,01s Sys=0,00s Real=0,01s
[37,454s][info][gc,start      ] GC(245) Pause Young (G1 Evacuation Pause)
[37,454s][info][gc,task       ] GC(245) Using 4 workers of 4 for evacuation
[37,459s][info][gc,phases     ] GC(245)   Pre Evacuate Collection Set: 0,0ms
[37,459s][info][gc,phases     ] GC(245)   Evacuate Collection Set: 4,0ms
[37,459s][info][gc,phases     ] GC(245)   Post Evacuate Collection Set: 0,3ms
[37,459s][info][gc,phases     ] GC(245)   Other: 0,2ms
[37,459s][info][gc,heap       ] GC(245) Eden regions: 24->0(24)
[37,459s][info][gc,heap       ] GC(245) Survivor regions: 1->1(4)
[37,459s][info][gc,heap       ] GC(245) Old regions: 110->110
[37,459s][info][gc,heap       ] GC(245) Humongous regions: 92->92
[37,459s][info][gc,metaspace  ] GC(245) Metaspace: 31979K->31979K(1081344K)
[37,459s][info][gc            ] GC(245) Pause Young (G1 Evacuation Pause) 226M->202M(256M) 4,521ms
[37,459s][info][gc,cpu        ] GC(245) User=0,02s Sys=0,00s Real=0,00s
[37,477s][info][gc,start      ] GC(246) Pause Young (G1 Evacuation Pause)
[37,477s][info][gc,task       ] GC(246) Using 4 workers of 4 for evacuation
[37,482s][info][gc,phases     ] GC(246)   Pre Evacuate Collection Set: 0,0ms
[37,482s][info][gc,phases     ] GC(246)   Evacuate Collection Set: 4,2ms
[37,482s][info][gc,phases     ] GC(246)   Post Evacuate Collection Set: 0,2ms
[37,482s][info][gc,phases     ] GC(246)   Other: 0,2ms
[37,482s][info][gc,heap       ] GC(246) Eden regions: 24->0(24)
[37,482s][info][gc,heap       ] GC(246) Survivor regions: 1->1(4)
[37,482s][info][gc,heap       ] GC(246) Old regions: 110->110
[37,482s][info][gc,heap       ] GC(246) Humongous regions: 92->92
[37,482s][info][gc,metaspace  ] GC(246) Metaspace: 31979K->31979K(1081344K)
[37,482s][info][gc            ] GC(246) Pause Young (G1 Evacuation Pause) 226M->202M(256M) 4,755ms
[37,482s][info][gc,cpu        ] GC(246) User=0,02s Sys=0,00s Real=0,01s
[37,494s][info][gc,marking    ] GC(232) Concurrent Create Live Data 73,444ms
[37,497s][info][gc,start      ] GC(232) Pause Cleanup
[37,498s][info][gc            ] GC(232) Pause Cleanup 216M->216M(256M) 0,732ms
[37,498s][info][gc,cpu        ] GC(232) User=0,00s Sys=0,00s Real=0,00s
[37,498s][info][gc,marking    ] GC(232) Concurrent Cleanup for Next Mark
[37,500s][info][gc,marking    ] GC(232) Concurrent Cleanup for Next Mark 1,914ms
[37,500s][info][gc            ] GC(232) Concurrent Cycle 456,240ms
[37,508s][info][gc,start      ] GC(247) Pause Young (G1 Evacuation Pause)
[37,508s][info][gc,task       ] GC(247) Using 4 workers of 4 for evacuation
[37,517s][info][gc,phases     ] GC(247)   Pre Evacuate Collection Set: 0,0ms
[37,517s][info][gc,phases     ] GC(247)   Evacuate Collection Set: 9,3ms
[37,517s][info][gc,phases     ] GC(247)   Post Evacuate Collection Set: 0,3ms
[37,517s][info][gc,phases     ] GC(247)   Other: 0,1ms
[37,517s][info][gc,heap       ] GC(247) Eden regions: 24->0(11)
[37,517s][info][gc,heap       ] GC(247) Survivor regions: 1->1(4)
[37,517s][info][gc,heap       ] GC(247) Old regions: 110->110
[37,517s][info][gc,heap       ] GC(247) Humongous regions: 92->92
[37,517s][info][gc,metaspace  ] GC(247) Metaspace: 31988K->31988K(1081344K)
[37,517s][info][gc            ] GC(247) Pause Young (G1 Evacuation Pause) 226M->202M(256M) 9,825ms
[37,517s][info][gc,cpu        ] GC(247) User=0,03s Sys=0,00s Real=0,01s
[37,525s][info][gc,start      ] GC(248) Pause Mixed (G1 Evacuation Pause)
[37,525s][info][gc,task       ] GC(248) Using 4 workers of 4 for evacuation
[37,540s][info][gc,phases     ] GC(248)   Pre Evacuate Collection Set: 0,1ms
[37,540s][info][gc,phases     ] GC(248)   Evacuate Collection Set: 13,6ms
[37,540s][info][gc,phases     ] GC(248)   Post Evacuate Collection Set: 0,4ms
[37,540s][info][gc,phases     ] GC(248)   Other: 0,2ms
[37,540s][info][gc,heap       ] GC(248) Eden regions: 11->0(26)
[37,540s][info][gc,heap       ] GC(248) Survivor regions: 1->1(2)
[37,540s][info][gc,heap       ] GC(248) Old regions: 110->106
[37,540s][info][gc,heap       ] GC(248) Humongous regions: 92->92
[37,540s][info][gc,metaspace  ] GC(248) Metaspace: 31993K->31993K(1081344K)
[37,540s][info][gc            ] GC(248) Pause Mixed (G1 Evacuation Pause) 213M->198M(256M) 14,286ms
[37,540s][info][gc,cpu        ] GC(248) User=0,05s Sys=0,00s Real=0,01s
[37,554s][info][gc,start      ] GC(249) Pause Young (G1 Evacuation Pause)
[37,554s][info][gc,task       ] GC(249) Using 4 workers of 4 for evacuation
[37,565s][info][gc,phases     ] GC(249)   Pre Evacuate Collection Set: 0,0ms
[37,565s][info][gc,phases     ] GC(249)   Evacuate Collection Set: 10,1ms
[37,565s][info][gc,phases     ] GC(249)   Post Evacuate Collection Set: 0,3ms
[37,565s][info][gc,phases     ] GC(249)   Other: 0,2ms
[37,565s][info][gc,heap       ] GC(249) Eden regions: 26->0(26)
[37,565s][info][gc,heap       ] GC(249) Survivor regions: 1->1(4)
[37,565s][info][gc,heap       ] GC(249) Old regions: 106->106
[37,565s][info][gc,heap       ] GC(249) Humongous regions: 92->92
[37,565s][info][gc,metaspace  ] GC(249) Metaspace: 31993K->31993K(1081344K)
[37,565s][info][gc            ] GC(249) Pause Young (G1 Evacuation Pause) 224M->198M(256M) 10,653ms
[37,565s][info][gc,cpu        ] GC(249) User=0,04s Sys=0,00s Real=0,01s
[37,582s][info][gc,start      ] GC(250) Pause Young (G1 Evacuation Pause)
[37,582s][info][gc,task       ] GC(250) Using 4 workers of 4 for evacuation
[37,588s][info][gc,phases     ] GC(250)   Pre Evacuate Collection Set: 0,0ms
[37,588s][info][gc,phases     ] GC(250)   Evacuate Collection Set: 5,5ms
[37,588s][info][gc,phases     ] GC(250)   Post Evacuate Collection Set: 0,3ms
[37,588s][info][gc,phases     ] GC(250)   Other: 0,2ms
[37,588s][info][gc,heap       ] GC(250) Eden regions: 26->0(26)
[37,588s][info][gc,heap       ] GC(250) Survivor regions: 1->1(4)
[37,588s][info][gc,heap       ] GC(250) Old regions: 106->106
[37,588s][info][gc,heap       ] GC(250) Humongous regions: 92->92
[37,588s][info][gc,metaspace  ] GC(250) Metaspace: 31993K->31993K(1081344K)
[37,588s][info][gc            ] GC(250) Pause Young (G1 Evacuation Pause) 224M->198M(256M) 6,048ms
[37,588s][info][gc,cpu        ] GC(250) User=0,02s Sys=0,00s Real=0,00s
[37,605s][info][gc,start      ] GC(251) Pause Initial Mark (G1 Evacuation Pause)
[37,605s][info][gc,task       ] GC(251) Using 4 workers of 4 for evacuation
[37,612s][info][gc,phases     ] GC(251)   Pre Evacuate Collection Set: 0,0ms
[37,612s][info][gc,phases     ] GC(251)   Evacuate Collection Set: 6,7ms
[37,612s][info][gc,phases     ] GC(251)   Post Evacuate Collection Set: 0,4ms
[37,612s][info][gc,phases     ] GC(251)   Other: 0,2ms
[37,612s][info][gc,heap       ] GC(251) Eden regions: 26->0(26)
[37,612s][info][gc,heap       ] GC(251) Survivor regions: 1->2(4)
[37,612s][info][gc,heap       ] GC(251) Old regions: 106->106
[37,612s][info][gc,heap       ] GC(251) Humongous regions: 92->92
[37,612s][info][gc,metaspace  ] GC(251) Metaspace: 31993K->31993K(1081344K)
[37,612s][info][gc            ] GC(251) Pause Initial Mark (G1 Evacuation Pause) 224M->198M(256M) 7,379ms
[37,612s][info][gc,cpu        ] GC(251) User=0,02s Sys=0,00s Real=0,00s
[37,612s][info][gc            ] GC(252) Concurrent Cycle
[37,612s][info][gc,marking    ] GC(252) Concurrent Clear Claimed Marks
[37,613s][info][gc,marking    ] GC(252) Concurrent Clear Claimed Marks 0,220ms
[37,613s][info][gc,marking    ] GC(252) Concurrent Scan Root Regions
[37,614s][info][gc,marking    ] GC(252) Concurrent Scan Root Regions 1,625ms
[37,614s][info][gc,marking    ] GC(252) Concurrent Mark (37,614s)
[37,614s][info][gc,marking    ] GC(252) Concurrent Mark From Roots
[37,614s][info][gc,task       ] GC(252) Using 1 workers of 1 for marking
[37,632s][info][gc,start      ] GC(253) Pause Young (G1 Evacuation Pause)
[37,632s][info][gc,task       ] GC(253) Using 4 workers of 4 for evacuation
[37,639s][info][gc,phases     ] GC(253)   Pre Evacuate Collection Set: 0,0ms
[37,639s][info][gc,phases     ] GC(253)   Evacuate Collection Set: 6,5ms
[37,639s][info][gc,phases     ] GC(253)   Post Evacuate Collection Set: 0,3ms
[37,639s][info][gc,phases     ] GC(253)   Other: 0,2ms
[37,639s][info][gc,heap       ] GC(253) Eden regions: 26->0(26)
[37,639s][info][gc,heap       ] GC(253) Survivor regions: 2->2(4)
[37,639s][info][gc,heap       ] GC(253) Old regions: 106->106
[37,639s][info][gc,heap       ] GC(253) Humongous regions: 92->92
[37,639s][info][gc,metaspace  ] GC(253) Metaspace: 31993K->31993K(1081344K)
[37,639s][info][gc            ] GC(253) Pause Young (G1 Evacuation Pause) 224M->199M(256M) 7,160ms
[37,640s][info][gc,cpu        ] GC(253) User=0,02s Sys=0,00s Real=0,01s
[37,662s][info][gc,start      ] GC(254) Pause Young (G1 Evacuation Pause)
[37,662s][info][gc,task       ] GC(254) Using 4 workers of 4 for evacuation
[37,670s][info][gc,phases     ] GC(254)   Pre Evacuate Collection Set: 0,0ms
[37,670s][info][gc,phases     ] GC(254)   Evacuate Collection Set: 7,9ms
[37,670s][info][gc,phases     ] GC(254)   Post Evacuate Collection Set: 0,5ms
[37,670s][info][gc,phases     ] GC(254)   Other: 0,2ms
[37,670s][info][gc,heap       ] GC(254) Eden regions: 26->0(26)
[37,670s][info][gc,heap       ] GC(254) Survivor regions: 2->2(4)
[37,670s][info][gc,heap       ] GC(254) Old regions: 106->106
[37,670s][info][gc,heap       ] GC(254) Humongous regions: 92->92
[37,670s][info][gc,metaspace  ] GC(254) Metaspace: 31993K->31993K(1081344K)
[37,670s][info][gc            ] GC(254) Pause Young (G1 Evacuation Pause) 225M->199M(256M) 8,681ms
[37,670s][info][gc,cpu        ] GC(254) User=0,02s Sys=0,00s Real=0,00s
[37,691s][info][gc,start      ] GC(255) Pause Young (G1 Evacuation Pause)
[37,691s][info][gc,task       ] GC(255) Using 4 workers of 4 for evacuation
[37,699s][info][gc,phases     ] GC(255)   Pre Evacuate Collection Set: 0,0ms
[37,699s][info][gc,phases     ] GC(255)   Evacuate Collection Set: 7,6ms
[37,699s][info][gc,phases     ] GC(255)   Post Evacuate Collection Set: 0,5ms
[37,699s][info][gc,phases     ] GC(255)   Other: 0,2ms
[37,699s][info][gc,heap       ] GC(255) Eden regions: 26->0(26)
[37,699s][info][gc,heap       ] GC(255) Survivor regions: 2->2(4)
[37,699s][info][gc,heap       ] GC(255) Old regions: 106->106
[37,699s][info][gc,heap       ] GC(255) Humongous regions: 92->92
[37,699s][info][gc,metaspace  ] GC(255) Metaspace: 31993K->31993K(1081344K)
[37,699s][info][gc            ] GC(255) Pause Young (G1 Evacuation Pause) 225M->199M(256M) 8,419ms
[37,699s][info][gc,cpu        ] GC(255) User=0,03s Sys=0,00s Real=0,01s
[37,723s][info][gc,start      ] GC(256) Pause Young (G1 Evacuation Pause)
[37,724s][info][gc,task       ] GC(256) Using 4 workers of 4 for evacuation
[37,732s][info][gc,phases     ] GC(256)   Pre Evacuate Collection Set: 0,0ms
[37,732s][info][gc,phases     ] GC(256)   Evacuate Collection Set: 7,5ms
[37,732s][info][gc,phases     ] GC(256)   Post Evacuate Collection Set: 0,5ms
[37,732s][info][gc,phases     ] GC(256)   Other: 0,2ms
[37,732s][info][gc,heap       ] GC(256) Eden regions: 26->0(26)
[37,732s][info][gc,heap       ] GC(256) Survivor regions: 2->2(4)
[37,732s][info][gc,heap       ] GC(256) Old regions: 106->106
[37,732s][info][gc,heap       ] GC(256) Humongous regions: 92->92
[37,732s][info][gc,metaspace  ] GC(256) Metaspace: 31993K->31993K(1081344K)
[37,732s][info][gc            ] GC(256) Pause Young (G1 Evacuation Pause) 225M->199M(256M) 8,276ms
[37,732s][info][gc,cpu        ] GC(256) User=0,03s Sys=0,00s Real=0,00s
[37,756s][info][gc,start      ] GC(257) Pause Young (G1 Evacuation Pause)
[37,756s][info][gc,task       ] GC(257) Using 4 workers of 4 for evacuation
[37,764s][info][gc,phases     ] GC(257)   Pre Evacuate Collection Set: 0,0ms
[37,765s][info][gc,phases     ] GC(257)   Evacuate Collection Set: 7,6ms
[37,765s][info][gc,phases     ] GC(257)   Post Evacuate Collection Set: 0,5ms
[37,765s][info][gc,phases     ] GC(257)   Other: 0,2ms
[37,765s][info][gc,heap       ] GC(257) Eden regions: 26->0(26)
[37,765s][info][gc,heap       ] GC(257) Survivor regions: 2->2(4)
[37,765s][info][gc,heap       ] GC(257) Old regions: 106->107
[37,765s][info][gc,heap       ] GC(257) Humongous regions: 92->92
[37,765s][info][gc,metaspace  ] GC(257) Metaspace: 31993K->31993K(1081344K)
[37,765s][info][gc            ] GC(257) Pause Young (G1 Evacuation Pause) 225M->199M(256M) 8,474ms
[37,765s][info][gc,cpu        ] GC(257) User=0,03s Sys=0,00s Real=0,01s
[37,789s][info][gc,start      ] GC(258) Pause Young (G1 Evacuation Pause)
[37,789s][info][gc,task       ] GC(258) Using 4 workers of 4 for evacuation
[37,797s][info][gc,phases     ] GC(258)   Pre Evacuate Collection Set: 0,0ms
[37,797s][info][gc,phases     ] GC(258)   Evacuate Collection Set: 7,4ms
[37,797s][info][gc,phases     ] GC(258)   Post Evacuate Collection Set: 0,7ms
[37,797s][info][gc,phases     ] GC(258)   Other: 0,2ms
[37,797s][info][gc,heap       ] GC(258) Eden regions: 26->0(26)
[37,797s][info][gc,heap       ] GC(258) Survivor regions: 2->2(4)
[37,797s][info][gc,heap       ] GC(258) Old regions: 107->107
[37,797s][info][gc,heap       ] GC(258) Humongous regions: 92->92
[37,797s][info][gc,metaspace  ] GC(258) Metaspace: 31993K->31993K(1081344K)
[37,797s][info][gc            ] GC(258) Pause Young (G1 Evacuation Pause) 225M->199M(256M) 8,382ms
[37,797s][info][gc,cpu        ] GC(258) User=0,03s Sys=0,00s Real=0,01s
[37,821s][info][gc,start      ] GC(259) Pause Young (G1 Evacuation Pause)
[37,821s][info][gc,task       ] GC(259) Using 4 workers of 4 for evacuation
[37,830s][info][gc,phases     ] GC(259)   Pre Evacuate Collection Set: 0,0ms
[37,830s][info][gc,phases     ] GC(259)   Evacuate Collection Set: 7,7ms
[37,830s][info][gc,phases     ] GC(259)   Post Evacuate Collection Set: 0,8ms
[37,830s][info][gc,phases     ] GC(259)   Other: 0,2ms
[37,830s][info][gc,heap       ] GC(259) Eden regions: 26->0(26)
[37,830s][info][gc,heap       ] GC(259) Survivor regions: 2->2(4)
[37,830s][info][gc,heap       ] GC(259) Old regions: 107->107
[37,830s][info][gc,heap       ] GC(259) Humongous regions: 92->92
[37,830s][info][gc,metaspace  ] GC(259) Metaspace: 31993K->31993K(1081344K)
[37,830s][info][gc            ] GC(259) Pause Young (G1 Evacuation Pause) 225M->199M(256M) 8,745ms
[37,830s][info][gc,cpu        ] GC(259) User=0,03s Sys=0,00s Real=0,00s
[37,854s][info][gc,start      ] GC(260) Pause Young (G1 Evacuation Pause)
[37,854s][info][gc,task       ] GC(260) Using 4 workers of 4 for evacuation
[37,862s][info][gc,phases     ] GC(260)   Pre Evacuate Collection Set: 0,0ms
[37,862s][info][gc,phases     ] GC(260)   Evacuate Collection Set: 7,4ms
[37,862s][info][gc,phases     ] GC(260)   Post Evacuate Collection Set: 0,7ms
[37,862s][info][gc,phases     ] GC(260)   Other: 0,2ms
[37,862s][info][gc,heap       ] GC(260) Eden regions: 26->0(26)
[37,862s][info][gc,heap       ] GC(260) Survivor regions: 2->2(4)
[37,862s][info][gc,heap       ] GC(260) Old regions: 107->107
[37,862s][info][gc,heap       ] GC(260) Humongous regions: 92->92
[37,862s][info][gc,metaspace  ] GC(260) Metaspace: 31993K->31993K(1081344K)
[37,862s][info][gc            ] GC(260) Pause Young (G1 Evacuation Pause) 225M->199M(256M) 8,319ms
[37,862s][info][gc,cpu        ] GC(260) User=0,03s Sys=0,01s Real=0,01s
[37,886s][info][gc,start      ] GC(261) Pause Young (G1 Evacuation Pause)
[37,886s][info][gc,task       ] GC(261) Using 4 workers of 4 for evacuation
[37,895s][info][gc,phases     ] GC(261)   Pre Evacuate Collection Set: 0,0ms
[37,895s][info][gc,phases     ] GC(261)   Evacuate Collection Set: 8,4ms
[37,895s][info][gc,phases     ] GC(261)   Post Evacuate Collection Set: 0,7ms
[37,895s][info][gc,phases     ] GC(261)   Other: 0,2ms
[37,895s][info][gc,heap       ] GC(261) Eden regions: 26->0(26)
[37,895s][info][gc,heap       ] GC(261) Survivor regions: 2->2(4)
[37,895s][info][gc,heap       ] GC(261) Old regions: 107->107
[37,895s][info][gc,heap       ] GC(261) Humongous regions: 92->92
[37,895s][info][gc,metaspace  ] GC(261) Metaspace: 31993K->31993K(1081344K)
[37,895s][info][gc            ] GC(261) Pause Young (G1 Evacuation Pause) 225M->199M(256M) 9,339ms
[37,895s][info][gc,cpu        ] GC(261) User=0,03s Sys=0,00s Real=0,01s
[37,916s][info][gc,start      ] GC(262) Pause Young (G1 Evacuation Pause)
[37,916s][info][gc,task       ] GC(262) Using 4 workers of 4 for evacuation
[37,924s][info][gc,phases     ] GC(262)   Pre Evacuate Collection Set: 0,0ms
[37,924s][info][gc,phases     ] GC(262)   Evacuate Collection Set: 7,5ms
[37,924s][info][gc,phases     ] GC(262)   Post Evacuate Collection Set: 0,7ms
[37,924s][info][gc,phases     ] GC(262)   Other: 0,2ms
[37,924s][info][gc,heap       ] GC(262) Eden regions: 26->0(26)
[37,924s][info][gc,heap       ] GC(262) Survivor regions: 2->2(4)
[37,924s][info][gc,heap       ] GC(262) Old regions: 107->107
[37,924s][info][gc,heap       ] GC(262) Humongous regions: 92->92
[37,924s][info][gc,metaspace  ] GC(262) Metaspace: 31993K->31993K(1081344K)
[37,924s][info][gc            ] GC(262) Pause Young (G1 Evacuation Pause) 225M->199M(256M) 8,436ms
[37,924s][info][gc,cpu        ] GC(262) User=0,03s Sys=0,00s Real=0,01s
[37,938s][info][gc,marking    ] GC(252) Concurrent Mark From Roots 323,993ms
[37,938s][info][gc,marking    ] GC(252) Concurrent Mark (37,614s, 37,938s) 324,068ms
[37,939s][info][gc,start      ] GC(252) Pause Remark
[37,950s][info][gc,stringtable] GC(252) Cleaned string and symbol table, strings: 13591 processed, 0 removed, symbols: 81464 processed, 1 removed
[37,951s][info][gc            ] GC(252) Pause Remark 219M->219M(256M) 11,927ms
[37,951s][info][gc,cpu        ] GC(252) User=0,04s Sys=0,00s Real=0,01s
[37,951s][info][gc,marking    ] GC(252) Concurrent Create Live Data
[37,956s][info][gc,start      ] GC(263) Pause Young (G1 Evacuation Pause)
[37,956s][info][gc,task       ] GC(263) Using 4 workers of 4 for evacuation
[37,964s][info][gc,phases     ] GC(263)   Pre Evacuate Collection Set: 0,0ms
[37,964s][info][gc,phases     ] GC(263)   Evacuate Collection Set: 7,7ms
[37,964s][info][gc,phases     ] GC(263)   Post Evacuate Collection Set: 0,3ms
[37,964s][info][gc,phases     ] GC(263)   Other: 0,2ms
[37,964s][info][gc,heap       ] GC(263) Eden regions: 26->0(26)
[37,964s][info][gc,heap       ] GC(263) Survivor regions: 2->2(4)
[37,964s][info][gc,heap       ] GC(263) Old regions: 107->107
[37,964s][info][gc,heap       ] GC(263) Humongous regions: 92->92
[37,964s][info][gc,metaspace  ] GC(263) Metaspace: 31993K->31993K(1081344K)
[37,964s][info][gc            ] GC(263) Pause Young (G1 Evacuation Pause) 225M->199M(256M) 8,319ms
[37,964s][info][gc,cpu        ] GC(263) User=0,03s Sys=0,00s Real=0,01s
[37,990s][info][gc,start      ] GC(264) Pause Young (G1 Evacuation Pause)
[37,990s][info][gc,task       ] GC(264) Using 4 workers of 4 for evacuation
[38,001s][info][gc,phases     ] GC(264)   Pre Evacuate Collection Set: 0,0ms
[38,001s][info][gc,phases     ] GC(264)   Evacuate Collection Set: 11,1ms
[38,001s][info][gc,phases     ] GC(264)   Post Evacuate Collection Set: 0,3ms
[38,001s][info][gc,phases     ] GC(264)   Other: 0,2ms
[38,001s][info][gc,heap       ] GC(264) Eden regions: 26->0(26)
[38,001s][info][gc,heap       ] GC(264) Survivor regions: 2->2(4)
[38,001s][info][gc,heap       ] GC(264) Old regions: 107->107
[38,001s][info][gc,heap       ] GC(264) Humongous regions: 92->92
[38,001s][info][gc,metaspace  ] GC(264) Metaspace: 31993K->31993K(1081344K)
[38,001s][info][gc            ] GC(264) Pause Young (G1 Evacuation Pause) 225M->200M(256M) 11,714ms
[38,001s][info][gc,cpu        ] GC(264) User=0,03s Sys=0,01s Real=0,02s
[38,021s][info][gc,start      ] GC(265) Pause Young (G1 Evacuation Pause)
[38,021s][info][gc,task       ] GC(265) Using 4 workers of 4 for evacuation
[38,030s][info][gc,phases     ] GC(265)   Pre Evacuate Collection Set: 0,0ms
[38,030s][info][gc,phases     ] GC(265)   Evacuate Collection Set: 8,3ms
[38,030s][info][gc,phases     ] GC(265)   Post Evacuate Collection Set: 0,3ms
[38,030s][info][gc,phases     ] GC(265)   Other: 0,2ms
[38,030s][info][gc,heap       ] GC(265) Eden regions: 26->0(26)
[38,030s][info][gc,heap       ] GC(265) Survivor regions: 2->2(4)
[38,030s][info][gc,heap       ] GC(265) Old regions: 107->107
[38,030s][info][gc,heap       ] GC(265) Humongous regions: 92->92
[38,030s][info][gc,metaspace  ] GC(265) Metaspace: 31994K->31994K(1081344K)
[38,030s][info][gc            ] GC(265) Pause Young (G1 Evacuation Pause) 226M->200M(256M) 8,890ms
[38,030s][info][gc,cpu        ] GC(265) User=0,03s Sys=0,00s Real=0,01s
[38,048s][info][gc,start      ] GC(266) Pause Young (G1 Evacuation Pause)
[38,048s][info][gc,task       ] GC(266) Using 4 workers of 4 for evacuation
[38,058s][info][gc,phases     ] GC(266)   Pre Evacuate Collection Set: 0,0ms
[38,058s][info][gc,phases     ] GC(266)   Evacuate Collection Set: 9,5ms
[38,058s][info][gc,phases     ] GC(266)   Post Evacuate Collection Set: 0,3ms
[38,058s][info][gc,phases     ] GC(266)   Other: 0,2ms
[38,058s][info][gc,heap       ] GC(266) Eden regions: 26->0(26)
[38,058s][info][gc,heap       ] GC(266) Survivor regions: 2->2(4)
[38,058s][info][gc,heap       ] GC(266) Old regions: 107->107
[38,058s][info][gc,heap       ] GC(266) Humongous regions: 92->92
[38,058s][info][gc,metaspace  ] GC(266) Metaspace: 31994K->31994K(1081344K)
[38,058s][info][gc            ] GC(266) Pause Young (G1 Evacuation Pause) 226M->200M(256M) 10,059ms
[38,058s][info][gc,cpu        ] GC(266) User=0,04s Sys=0,00s Real=0,01s
[38,064s][info][gc,marking    ] GC(252) Concurrent Create Live Data 112,914ms
[38,064s][info][gc,start      ] GC(252) Pause Cleanup
[38,065s][info][gc            ] GC(252) Pause Cleanup 204M->204M(256M) 0,699ms
[38,065s][info][gc,cpu        ] GC(252) User=0,00s Sys=0,00s Real=0,00s
[38,065s][info][gc,marking    ] GC(252) Concurrent Cleanup for Next Mark
[38,076s][info][gc,marking    ] GC(252) Concurrent Cleanup for Next Mark 11,755ms
[38,079s][info][gc,start      ] GC(267) Pause Young (G1 Evacuation Pause)
[38,079s][info][gc,task       ] GC(267) Using 4 workers of 4 for evacuation
[38,093s][info][gc,phases     ] GC(267)   Pre Evacuate Collection Set: 0,0ms
[38,093s][info][gc,phases     ] GC(267)   Evacuate Collection Set: 13,7ms
[38,093s][info][gc,phases     ] GC(267)   Post Evacuate Collection Set: 0,3ms
[38,093s][info][gc,phases     ] GC(267)   Other: 0,2ms
[38,093s][info][gc,heap       ] GC(267) Eden regions: 26->0(8)
[38,093s][info][gc,heap       ] GC(267) Survivor regions: 2->4(4)
[38,093s][info][gc,heap       ] GC(267) Old regions: 107->107
[38,093s][info][gc,heap       ] GC(267) Humongous regions: 92->92
[38,093s][info][gc,metaspace  ] GC(267) Metaspace: 31994K->31994K(1081344K)
[38,093s][info][gc            ] GC(267) Pause Young (G1 Evacuation Pause) 226M->202M(256M) 14,306ms
[38,093s][info][gc,cpu        ] GC(267) User=0,05s Sys=0,00s Real=0,02s
[38,094s][info][gc            ] GC(252) Concurrent Cycle 481,199ms
[38,099s][info][gc,start      ] GC(268) Pause Mixed (G1 Evacuation Pause)
[38,099s][info][gc,task       ] GC(268) Using 4 workers of 4 for evacuation
[38,119s][info][gc,phases     ] GC(268)   Pre Evacuate Collection Set: 0,1ms
[38,119s][info][gc,phases     ] GC(268)   Evacuate Collection Set: 19,3ms
[38,119s][info][gc,phases     ] GC(268)   Post Evacuate Collection Set: 0,4ms
[38,119s][info][gc,phases     ] GC(268)   Other: 0,2ms
[38,119s][info][gc,heap       ] GC(268) Eden regions: 8->0(27)
[38,119s][info][gc,heap       ] GC(268) Survivor regions: 4->1(2)
[38,119s][info][gc,heap       ] GC(268) Old regions: 107->102
[38,119s][info][gc,heap       ] GC(268) Humongous regions: 92->92
[38,119s][info][gc,metaspace  ] GC(268) Metaspace: 31994K->31994K(1081344K)
[38,119s][info][gc            ] GC(268) Pause Mixed (G1 Evacuation Pause) 210M->193M(256M) 20,020ms
[38,119s][info][gc,cpu        ] GC(268) User=0,08s Sys=0,00s Real=0,02s
[38,134s][info][gc,start      ] GC(269) Pause Young (G1 Evacuation Pause)
[38,135s][info][gc,task       ] GC(269) Using 4 workers of 4 for evacuation
[38,144s][info][gc,phases     ] GC(269)   Pre Evacuate Collection Set: 0,0ms
[38,144s][info][gc,phases     ] GC(269)   Evacuate Collection Set: 8,8ms
[38,144s][info][gc,phases     ] GC(269)   Post Evacuate Collection Set: 0,2ms
[38,144s][info][gc,phases     ] GC(269)   Other: 0,2ms
[38,144s][info][gc,heap       ] GC(269) Eden regions: 27->0(28)
[38,144s][info][gc,heap       ] GC(269) Survivor regions: 1->1(4)
[38,144s][info][gc,heap       ] GC(269) Old regions: 102->102
[38,144s][info][gc,heap       ] GC(269) Humongous regions: 92->92
[38,144s][info][gc,metaspace  ] GC(269) Metaspace: 31994K->31994K(1081344K)
[38,144s][info][gc            ] GC(269) Pause Young (G1 Evacuation Pause) 220M->193M(256M) 9,298ms
[38,144s][info][gc,cpu        ] GC(269) User=0,04s Sys=0,01s Real=0,01s
[38,159s][info][gc,start      ] GC(270) Pause Young (G1 Evacuation Pause)
[38,159s][info][gc,task       ] GC(270) Using 4 workers of 4 for evacuation
[38,162s][info][gc,phases     ] GC(270)   Pre Evacuate Collection Set: 0,0ms
[38,162s][info][gc,phases     ] GC(270)   Evacuate Collection Set: 2,6ms
[38,162s][info][gc,phases     ] GC(270)   Post Evacuate Collection Set: 0,2ms
[38,162s][info][gc,phases     ] GC(270)   Other: 0,2ms
[38,162s][info][gc,heap       ] GC(270) Eden regions: 28->0(29)
[38,162s][info][gc,heap       ] GC(270) Survivor regions: 1->1(4)
[38,163s][info][gc,heap       ] GC(270) Old regions: 102->102
[38,163s][info][gc,heap       ] GC(270) Humongous regions: 92->92
[38,163s][info][gc,metaspace  ] GC(270) Metaspace: 31994K->31994K(1081344K)
[38,163s][info][gc            ] GC(270) Pause Young (G1 Evacuation Pause) 221M->193M(256M) 3,164ms
[38,163s][info][gc,cpu        ] GC(270) User=0,01s Sys=0,00s Real=0,01s
[38,183s][info][gc,start      ] GC(271) Pause Initial Mark (G1 Evacuation Pause)
[38,183s][info][gc,task       ] GC(271) Using 4 workers of 4 for evacuation
[38,187s][info][gc,phases     ] GC(271)   Pre Evacuate Collection Set: 0,0ms
[38,187s][info][gc,phases     ] GC(271)   Evacuate Collection Set: 3,5ms
[38,187s][info][gc,phases     ] GC(271)   Post Evacuate Collection Set: 0,4ms
[38,187s][info][gc,phases     ] GC(271)   Other: 0,2ms
[38,187s][info][gc,heap       ] GC(271) Eden regions: 29->0(29)
[38,187s][info][gc,heap       ] GC(271) Survivor regions: 1->1(4)
[38,187s][info][gc,heap       ] GC(271) Old regions: 102->102
[38,187s][info][gc,heap       ] GC(271) Humongous regions: 92->92
[38,187s][info][gc,metaspace  ] GC(271) Metaspace: 31994K->31994K(1081344K)
[38,187s][info][gc            ] GC(271) Pause Initial Mark (G1 Evacuation Pause) 222M->193M(256M) 4,206ms
[38,187s][info][gc,cpu        ] GC(271) User=0,01s Sys=0,00s Real=0,00s
[38,187s][info][gc            ] GC(272) Concurrent Cycle
[38,187s][info][gc,marking    ] GC(272) Concurrent Clear Claimed Marks
[38,187s][info][gc,marking    ] GC(272) Concurrent Clear Claimed Marks 0,216ms
[38,187s][info][gc,marking    ] GC(272) Concurrent Scan Root Regions
[38,188s][info][gc,marking    ] GC(272) Concurrent Scan Root Regions 0,677ms
[38,188s][info][gc,marking    ] GC(272) Concurrent Mark (38,188s)
[38,188s][info][gc,marking    ] GC(272) Concurrent Mark From Roots
[38,188s][info][gc,task       ] GC(272) Using 1 workers of 1 for marking
[38,209s][info][gc,start      ] GC(273) Pause Young (G1 Evacuation Pause)
[38,209s][info][gc,task       ] GC(273) Using 4 workers of 4 for evacuation
[38,213s][info][gc,phases     ] GC(273)   Pre Evacuate Collection Set: 0,0ms
[38,213s][info][gc,phases     ] GC(273)   Evacuate Collection Set: 3,4ms
[38,213s][info][gc,phases     ] GC(273)   Post Evacuate Collection Set: 0,3ms
[38,213s][info][gc,phases     ] GC(273)   Other: 0,2ms
[38,213s][info][gc,heap       ] GC(273) Eden regions: 29->0(29)
[38,213s][info][gc,heap       ] GC(273) Survivor regions: 1->1(4)
[38,213s][info][gc,heap       ] GC(273) Old regions: 102->102
[38,213s][info][gc,heap       ] GC(273) Humongous regions: 92->92
[38,213s][info][gc,metaspace  ] GC(273) Metaspace: 31994K->31994K(1081344K)
[38,213s][info][gc            ] GC(273) Pause Young (G1 Evacuation Pause) 222M->193M(256M) 3,992ms
[38,213s][info][gc,cpu        ] GC(273) User=0,02s Sys=0,00s Real=0,00s
[38,231s][info][gc,start      ] GC(274) Pause Young (G1 Evacuation Pause)
[38,231s][info][gc,task       ] GC(274) Using 4 workers of 4 for evacuation
[38,236s][info][gc,phases     ] GC(274)   Pre Evacuate Collection Set: 0,0ms
[38,236s][info][gc,phases     ] GC(274)   Evacuate Collection Set: 4,1ms
[38,236s][info][gc,phases     ] GC(274)   Post Evacuate Collection Set: 0,4ms
[38,236s][info][gc,phases     ] GC(274)   Other: 0,2ms
[38,236s][info][gc,heap       ] GC(274) Eden regions: 29->0(30)
[38,236s][info][gc,heap       ] GC(274) Survivor regions: 1->1(4)
[38,236s][info][gc,heap       ] GC(274) Old regions: 102->102
[38,236s][info][gc,heap       ] GC(274) Humongous regions: 92->92
[38,236s][info][gc,metaspace  ] GC(274) Metaspace: 31994K->31994K(1081344K)
[38,236s][info][gc            ] GC(274) Pause Young (G1 Evacuation Pause) 222M->193M(256M) 4,743ms
[38,236s][info][gc,cpu        ] GC(274) User=0,02s Sys=0,00s Real=0,01s
[38,262s][info][gc,start      ] GC(275) Pause Young (G1 Evacuation Pause)
[38,262s][info][gc,task       ] GC(275) Using 4 workers of 4 for evacuation
[38,269s][info][gc,phases     ] GC(275)   Pre Evacuate Collection Set: 0,0ms
[38,269s][info][gc,phases     ] GC(275)   Evacuate Collection Set: 4,9ms
[38,269s][info][gc,phases     ] GC(275)   Post Evacuate Collection Set: 2,1ms
[38,269s][info][gc,phases     ] GC(275)   Other: 0,2ms
[38,269s][info][gc,heap       ] GC(275) Eden regions: 30->0(30)
[38,269s][info][gc,heap       ] GC(275) Survivor regions: 1->1(4)
[38,269s][info][gc,heap       ] GC(275) Old regions: 102->102
[38,269s][info][gc,heap       ] GC(275) Humongous regions: 92->92
[38,269s][info][gc,metaspace  ] GC(275) Metaspace: 31994K->31994K(1081344K)
[38,269s][info][gc            ] GC(275) Pause Young (G1 Evacuation Pause) 223M->194M(256M) 7,276ms
[38,269s][info][gc,cpu        ] GC(275) User=0,02s Sys=0,00s Real=0,00s
[38,297s][info][gc,start      ] GC(276) Pause Young (G1 Evacuation Pause)
[38,297s][info][gc,task       ] GC(276) Using 4 workers of 4 for evacuation
[38,305s][info][gc,phases     ] GC(276)   Pre Evacuate Collection Set: 0,0ms
[38,305s][info][gc,phases     ] GC(276)   Evacuate Collection Set: 5,3ms
[38,305s][info][gc,phases     ] GC(276)   Post Evacuate Collection Set: 2,1ms
[38,305s][info][gc,phases     ] GC(276)   Other: 0,2ms
[38,305s][info][gc,heap       ] GC(276) Eden regions: 30->0(30)
[38,305s][info][gc,heap       ] GC(276) Survivor regions: 1->1(4)
[38,305s][info][gc,heap       ] GC(276) Old regions: 102->102
[38,305s][info][gc,heap       ] GC(276) Humongous regions: 92->92
[38,305s][info][gc,metaspace  ] GC(276) Metaspace: 31994K->31994K(1081344K)
[38,305s][info][gc            ] GC(276) Pause Young (G1 Evacuation Pause) 224M->194M(256M) 7,651ms
[38,305s][info][gc,cpu        ] GC(276) User=0,03s Sys=0,00s Real=0,01s
[38,333s][info][gc,start      ] GC(277) Pause Young (G1 Evacuation Pause)
[38,333s][info][gc,task       ] GC(277) Using 4 workers of 4 for evacuation
[38,338s][info][gc,phases     ] GC(277)   Pre Evacuate Collection Set: 0,0ms
[38,338s][info][gc,phases     ] GC(277)   Evacuate Collection Set: 4,8ms
[38,338s][info][gc,phases     ] GC(277)   Post Evacuate Collection Set: 0,5ms
[38,338s][info][gc,phases     ] GC(277)   Other: 0,2ms
[38,338s][info][gc,heap       ] GC(277) Eden regions: 30->0(30)
[38,338s][info][gc,heap       ] GC(277) Survivor regions: 1->1(4)
[38,338s][info][gc,heap       ] GC(277) Old regions: 102->102
[38,338s][info][gc,heap       ] GC(277) Humongous regions: 92->92
[38,338s][info][gc,metaspace  ] GC(277) Metaspace: 31994K->31994K(1081344K)
[38,338s][info][gc            ] GC(277) Pause Young (G1 Evacuation Pause) 224M->194M(256M) 5,543ms
[38,338s][info][gc,cpu        ] GC(277) User=0,02s Sys=0,00s Real=0,01s
[38,363s][info][gc,start      ] GC(278) Pause Young (G1 Evacuation Pause)
[38,363s][info][gc,task       ] GC(278) Using 4 workers of 4 for evacuation
[38,373s][info][gc,phases     ] GC(278)   Pre Evacuate Collection Set: 0,0ms
[38,373s][info][gc,phases     ] GC(278)   Evacuate Collection Set: 9,3ms
[38,373s][info][gc,phases     ] GC(278)   Post Evacuate Collection Set: 0,6ms
[38,373s][info][gc,phases     ] GC(278)   Other: 0,2ms
[38,373s][info][gc,heap       ] GC(278) Eden regions: 30->0(30)
[38,373s][info][gc,heap       ] GC(278) Survivor regions: 1->2(4)
[38,373s][info][gc,heap       ] GC(278) Old regions: 102->102
[38,373s][info][gc,heap       ] GC(278) Humongous regions: 92->92
[38,373s][info][gc,metaspace  ] GC(278) Metaspace: 31994K->31994K(1081344K)
[38,373s][info][gc            ] GC(278) Pause Young (G1 Evacuation Pause) 224M->195M(256M) 10,195ms
[38,374s][info][gc,cpu        ] GC(278) User=0,02s Sys=0,00s Real=0,01s
[38,396s][info][gc,start      ] GC(279) Pause Young (G1 Evacuation Pause)
[38,396s][info][gc,task       ] GC(279) Using 4 workers of 4 for evacuation
[38,407s][info][gc,phases     ] GC(279)   Pre Evacuate Collection Set: 0,0ms
[38,407s][info][gc,phases     ] GC(279)   Evacuate Collection Set: 10,2ms
[38,407s][info][gc,phases     ] GC(279)   Post Evacuate Collection Set: 0,7ms
[38,407s][info][gc,phases     ] GC(279)   Other: 0,2ms
[38,407s][info][gc,heap       ] GC(279) Eden regions: 30->0(28)
[38,407s][info][gc,heap       ] GC(279) Survivor regions: 2->4(4)
[38,407s][info][gc,heap       ] GC(279) Old regions: 102->102
[38,407s][info][gc,heap       ] GC(279) Humongous regions: 92->92
[38,407s][info][gc,metaspace  ] GC(279) Metaspace: 31994K->31994K(1081344K)
[38,407s][info][gc            ] GC(279) Pause Young (G1 Evacuation Pause) 225M->197M(256M) 11,107ms
[38,407s][info][gc,cpu        ] GC(279) User=0,04s Sys=0,00s Real=0,01s
[38,429s][info][gc,start      ] GC(280) Pause Young (G1 Evacuation Pause)
[38,430s][info][gc,task       ] GC(280) Using 4 workers of 4 for evacuation
[38,442s][info][gc,phases     ] GC(280)   Pre Evacuate Collection Set: 0,0ms
[38,442s][info][gc,phases     ] GC(280)   Evacuate Collection Set: 11,5ms
[38,442s][info][gc,phases     ] GC(280)   Post Evacuate Collection Set: 0,7ms
[38,442s][info][gc,phases     ] GC(280)   Other: 0,2ms
[38,442s][info][gc,heap       ] GC(280) Eden regions: 28->0(26)
[38,442s][info][gc,heap       ] GC(280) Survivor regions: 4->2(4)
[38,442s][info][gc,heap       ] GC(280) Old regions: 102->106
[38,442s][info][gc,heap       ] GC(280) Humongous regions: 92->92
[38,442s][info][gc,metaspace  ] GC(280) Metaspace: 31994K->31994K(1081344K)
[38,442s][info][gc            ] GC(280) Pause Young (G1 Evacuation Pause) 225M->198M(256M) 12,484ms
[38,442s][info][gc,cpu        ] GC(280) User=0,04s Sys=0,00s Real=0,02s
[38,465s][info][gc,start      ] GC(281) Pause Young (G1 Evacuation Pause)
[38,465s][info][gc,task       ] GC(281) Using 4 workers of 4 for evacuation
[38,476s][info][gc,phases     ] GC(281)   Pre Evacuate Collection Set: 0,0ms
[38,476s][info][gc,phases     ] GC(281)   Evacuate Collection Set: 10,8ms
[38,476s][info][gc,phases     ] GC(281)   Post Evacuate Collection Set: 0,6ms
[38,476s][info][gc,phases     ] GC(281)   Other: 0,2ms
[38,476s][info][gc,heap       ] GC(281) Eden regions: 26->0(24)
[38,476s][info][gc,heap       ] GC(281) Survivor regions: 2->4(4)
[38,476s][info][gc,heap       ] GC(281) Old regions: 106->106
[38,476s][info][gc,heap       ] GC(281) Humongous regions: 92->92
[38,476s][info][gc,metaspace  ] GC(281) Metaspace: 31994K->31994K(1081344K)
[38,476s][info][gc            ] GC(281) Pause Young (G1 Evacuation Pause) 224M->200M(256M) 11,679ms
[38,476s][info][gc,cpu        ] GC(281) User=0,04s Sys=0,00s Real=0,01s
[38,495s][info][gc,start      ] GC(282) Pause Young (G1 Evacuation Pause)
[38,495s][info][gc,task       ] GC(282) Using 4 workers of 4 for evacuation
[38,505s][info][gc,phases     ] GC(282)   Pre Evacuate Collection Set: 0,0ms
[38,505s][info][gc,phases     ] GC(282)   Evacuate Collection Set: 9,6ms
[38,505s][info][gc,phases     ] GC(282)   Post Evacuate Collection Set: 0,6ms
[38,505s][info][gc,phases     ] GC(282)   Other: 0,2ms
[38,505s][info][gc,heap       ] GC(282) Eden regions: 24->0(23)
[38,505s][info][gc,heap       ] GC(282) Survivor regions: 4->4(4)
[38,505s][info][gc,heap       ] GC(282) Old regions: 106->107
[38,505s][info][gc,heap       ] GC(282) Humongous regions: 92->92
[38,505s][info][gc,metaspace  ] GC(282) Metaspace: 31994K->31994K(1081344K)
[38,506s][info][gc            ] GC(282) Pause Young (G1 Evacuation Pause) 224M->202M(256M) 10,502ms
[38,506s][info][gc,cpu        ] GC(282) User=0,03s Sys=0,00s Real=0,01s
[38,535s][info][gc,start      ] GC(283) Pause Young (G1 Evacuation Pause)
[38,535s][info][gc,task       ] GC(283) Using 4 workers of 4 for evacuation
[38,543s][info][gc,phases     ] GC(283)   Pre Evacuate Collection Set: 0,0ms
[38,543s][info][gc,phases     ] GC(283)   Evacuate Collection Set: 7,8ms
[38,543s][info][gc,phases     ] GC(283)   Post Evacuate Collection Set: 0,6ms
[38,543s][info][gc,phases     ] GC(283)   Other: 0,2ms
[38,543s][info][gc,heap       ] GC(283) Eden regions: 23->0(22)
[38,543s][info][gc,heap       ] GC(283) Survivor regions: 4->3(4)
[38,543s][info][gc,heap       ] GC(283) Old regions: 107->109
[38,543s][info][gc,heap       ] GC(283) Humongous regions: 92->92
[38,543s][info][gc,metaspace  ] GC(283) Metaspace: 31996K->31996K(1081344K)
[38,543s][info][gc            ] GC(283) Pause Young (G1 Evacuation Pause) 225M->202M(256M) 8,695ms
[38,543s][info][gc,cpu        ] GC(283) User=0,03s Sys=0,00s Real=0,01s
[38,563s][info][gc,start      ] GC(284) Pause Young (G1 Evacuation Pause)
[38,563s][info][gc,task       ] GC(284) Using 4 workers of 4 for evacuation
[38,570s][info][gc,phases     ] GC(284)   Pre Evacuate Collection Set: 0,0ms
[38,570s][info][gc,phases     ] GC(284)   Evacuate Collection Set: 6,2ms
[38,570s][info][gc,phases     ] GC(284)   Post Evacuate Collection Set: 0,6ms
[38,570s][info][gc,phases     ] GC(284)   Other: 0,2ms
[38,570s][info][gc,heap       ] GC(284) Eden regions: 22->0(23)
[38,570s][info][gc,heap       ] GC(284) Survivor regions: 3->2(4)
[38,570s][info][gc,heap       ] GC(284) Old regions: 109->109
[38,570s][info][gc,heap       ] GC(284) Humongous regions: 92->92
[38,570s][info][gc,metaspace  ] GC(284) Metaspace: 31996K->31996K(1081344K)
[38,570s][info][gc            ] GC(284) Pause Young (G1 Evacuation Pause) 224M->202M(256M) 7,049ms
[38,570s][info][gc,cpu        ] GC(284) User=0,02s Sys=0,00s Real=0,00s
[38,575s][info][gc,marking    ] GC(272) Concurrent Mark From Roots 387,555ms
[38,575s][info][gc,marking    ] GC(272) Concurrent Mark (38,188s, 38,575s) 387,628ms
[38,578s][info][gc,start      ] GC(272) Pause Remark
[38,590s][info][gc,stringtable] GC(272) Cleaned string and symbol table, strings: 13591 processed, 0 removed, symbols: 81463 processed, 0 removed
[38,590s][info][gc            ] GC(272) Pause Remark 209M->209M(256M) 11,691ms
[38,590s][info][gc,cpu        ] GC(272) User=0,04s Sys=0,00s Real=0,01s
[38,590s][info][gc,marking    ] GC(272) Concurrent Create Live Data
[38,603s][info][gc,start      ] GC(285) Pause Young (G1 Evacuation Pause)
[38,603s][info][gc,task       ] GC(285) Using 4 workers of 4 for evacuation
[38,609s][info][gc,phases     ] GC(285)   Pre Evacuate Collection Set: 0,0ms
[38,609s][info][gc,phases     ] GC(285)   Evacuate Collection Set: 5,5ms
[38,609s][info][gc,phases     ] GC(285)   Post Evacuate Collection Set: 0,3ms
[38,609s][info][gc,phases     ] GC(285)   Other: 0,2ms
[38,609s][info][gc,heap       ] GC(285) Eden regions: 23->0(23)
[38,609s][info][gc,heap       ] GC(285) Survivor regions: 2->3(4)
[38,609s][info][gc,heap       ] GC(285) Old regions: 109->109
[38,609s][info][gc,heap       ] GC(285) Humongous regions: 92->92
[38,609s][info][gc,metaspace  ] GC(285) Metaspace: 31996K->31996K(1081344K)
[38,609s][info][gc            ] GC(285) Pause Young (G1 Evacuation Pause) 225M->202M(256M) 6,094ms
[38,609s][info][gc,cpu        ] GC(285) User=0,02s Sys=0,00s Real=0,00s
[38,628s][info][gc,start      ] GC(286) Pause Young (G1 Evacuation Pause)
[38,628s][info][gc,task       ] GC(286) Using 4 workers of 4 for evacuation
[38,633s][info][gc,phases     ] GC(286)   Pre Evacuate Collection Set: 0,0ms
[38,633s][info][gc,phases     ] GC(286)   Evacuate Collection Set: 4,9ms
[38,633s][info][gc,phases     ] GC(286)   Post Evacuate Collection Set: 0,3ms
[38,633s][info][gc,phases     ] GC(286)   Other: 0,2ms
[38,633s][info][gc,heap       ] GC(286) Eden regions: 23->0(23)
[38,633s][info][gc,heap       ] GC(286) Survivor regions: 3->3(4)
[38,633s][info][gc,heap       ] GC(286) Old regions: 109->109
[38,633s][info][gc,heap       ] GC(286) Humongous regions: 92->92
[38,633s][info][gc,metaspace  ] GC(286) Metaspace: 31996K->31996K(1081344K)
[38,634s][info][gc            ] GC(286) Pause Young (G1 Evacuation Pause) 225M->202M(256M) 5,436ms
[38,634s][info][gc,cpu        ] GC(286) User=0,02s Sys=0,00s Real=0,01s
[38,651s][info][gc,start      ] GC(287) Pause Young (G1 Evacuation Pause)
[38,651s][info][gc,task       ] GC(287) Using 4 workers of 4 for evacuation
[38,657s][info][gc,phases     ] GC(287)   Pre Evacuate Collection Set: 0,0ms
[38,657s][info][gc,phases     ] GC(287)   Evacuate Collection Set: 5,9ms
[38,657s][info][gc,phases     ] GC(287)   Post Evacuate Collection Set: 0,2ms
[38,657s][info][gc,phases     ] GC(287)   Other: 0,2ms
[38,657s][info][gc,heap       ] GC(287) Eden regions: 23->0(23)
[38,657s][info][gc,heap       ] GC(287) Survivor regions: 3->3(4)
[38,657s][info][gc,heap       ] GC(287) Old regions: 109->109
[38,657s][info][gc,heap       ] GC(287) Humongous regions: 92->92
[38,657s][info][gc,metaspace  ] GC(287) Metaspace: 31996K->31996K(1081344K)
[38,657s][info][gc            ] GC(287) Pause Young (G1 Evacuation Pause) 225M->202M(256M) 6,421ms
[38,657s][info][gc,cpu        ] GC(287) User=0,02s Sys=0,00s Real=0,01s
[38,669s][info][gc,marking    ] GC(272) Concurrent Create Live Data 79,138ms
[38,669s][info][gc,start      ] GC(272) Pause Cleanup
[38,670s][info][gc            ] GC(272) Pause Cleanup 214M->214M(256M) 0,769ms
[38,670s][info][gc,cpu        ] GC(272) User=0,00s Sys=0,00s Real=0,00s
[38,670s][info][gc,marking    ] GC(272) Concurrent Cleanup for Next Mark
[38,672s][info][gc,marking    ] GC(272) Concurrent Cleanup for Next Mark 1,887ms
[38,672s][info][gc            ] GC(272) Concurrent Cycle 485,466ms
[38,677s][info][gc,start      ] GC(288) Pause Young (G1 Evacuation Pause)
[38,677s][info][gc,task       ] GC(288) Using 4 workers of 4 for evacuation
[38,686s][info][gc,phases     ] GC(288)   Pre Evacuate Collection Set: 0,0ms
[38,686s][info][gc,phases     ] GC(288)   Evacuate Collection Set: 8,4ms
[38,686s][info][gc,phases     ] GC(288)   Post Evacuate Collection Set: 0,3ms
[38,686s][info][gc,phases     ] GC(288)   Other: 0,2ms
[38,686s][info][gc,heap       ] GC(288) Eden regions: 23->0(11)
[38,686s][info][gc,heap       ] GC(288) Survivor regions: 3->1(4)
[38,686s][info][gc,heap       ] GC(288) Old regions: 109->111
[38,686s][info][gc,heap       ] GC(288) Humongous regions: 92->92
[38,686s][info][gc,metaspace  ] GC(288) Metaspace: 31996K->31996K(1081344K)
[38,686s][info][gc            ] GC(288) Pause Young (G1 Evacuation Pause) 225M->203M(256M) 8,971ms
[38,686s][info][gc,cpu        ] GC(288) User=0,04s Sys=0,00s Real=0,01s
[38,693s][info][gc,start      ] GC(289) Pause Mixed (G1 Evacuation Pause)
[38,693s][info][gc,task       ] GC(289) Using 4 workers of 4 for evacuation
[38,706s][info][gc,phases     ] GC(289)   Pre Evacuate Collection Set: 0,0ms
[38,706s][info][gc,phases     ] GC(289)   Evacuate Collection Set: 12,3ms
[38,706s][info][gc,phases     ] GC(289)   Post Evacuate Collection Set: 0,4ms
[38,706s][info][gc,phases     ] GC(289)   Other: 0,2ms
[38,706s][info][gc,heap       ] GC(289) Eden regions: 11->0(25)
[38,706s][info][gc,heap       ] GC(289) Survivor regions: 1->2(2)
[38,706s][info][gc,heap       ] GC(289) Old regions: 111->107
[38,706s][info][gc,heap       ] GC(289) Humongous regions: 92->92
[38,706s][info][gc,metaspace  ] GC(289) Metaspace: 31996K->31996K(1081344K)
[38,706s][info][gc            ] GC(289) Pause Mixed (G1 Evacuation Pause) 214M->199M(256M) 12,977ms
[38,706s][info][gc,cpu        ] GC(289) User=0,05s Sys=0,00s Real=0,02s
[38,719s][info][gc,start      ] GC(290) Pause Young (G1 Evacuation Pause)
[38,719s][info][gc,task       ] GC(290) Using 4 workers of 4 for evacuation
[38,731s][info][gc,phases     ] GC(290)   Pre Evacuate Collection Set: 0,0ms
[38,731s][info][gc,phases     ] GC(290)   Evacuate Collection Set: 11,4ms
[38,731s][info][gc,phases     ] GC(290)   Post Evacuate Collection Set: 0,3ms
[38,731s][info][gc,phases     ] GC(290)   Other: 0,2ms
[38,731s][info][gc,heap       ] GC(290) Eden regions: 25->0(24)
[38,731s][info][gc,heap       ] GC(290) Survivor regions: 2->3(4)
[38,731s][info][gc,heap       ] GC(290) Old regions: 107->107
[38,731s][info][gc,heap       ] GC(290) Humongous regions: 92->92
[38,731s][info][gc,metaspace  ] GC(290) Metaspace: 31996K->31996K(1081344K)
[38,731s][info][gc            ] GC(290) Pause Young (G1 Evacuation Pause) 224M->201M(256M) 12,004ms
[38,731s][info][gc,cpu        ] GC(290) User=0,04s Sys=0,00s Real=0,01s
[38,747s][info][gc,start      ] GC(291) Pause Young (G1 Evacuation Pause)
[38,747s][info][gc,task       ] GC(291) Using 4 workers of 4 for evacuation
[38,755s][info][gc,phases     ] GC(291)   Pre Evacuate Collection Set: 0,0ms
[38,755s][info][gc,phases     ] GC(291)   Evacuate Collection Set: 7,7ms
[38,755s][info][gc,phases     ] GC(291)   Post Evacuate Collection Set: 0,3ms
[38,755s][info][gc,phases     ] GC(291)   Other: 0,2ms
[38,755s][info][gc,heap       ] GC(291) Eden regions: 24->0(23)
[38,755s][info][gc,heap       ] GC(291) Survivor regions: 3->3(4)
[38,755s][info][gc,heap       ] GC(291) Old regions: 107->108
[38,755s][info][gc,heap       ] GC(291) Humongous regions: 92->92
[38,755s][info][gc,metaspace  ] GC(291) Metaspace: 31996K->31996K(1081344K)
[38,755s][info][gc            ] GC(291) Pause Young (G1 Evacuation Pause) 225M->201M(256M) 8,201ms
[38,755s][info][gc,cpu        ] GC(291) User=0,02s Sys=0,00s Real=0,01s
[38,767s][info][gc,start      ] GC(292) Pause Initial Mark (G1 Evacuation Pause)
[38,767s][info][gc,task       ] GC(292) Using 4 workers of 4 for evacuation
[38,774s][info][gc,phases     ] GC(292)   Pre Evacuate Collection Set: 0,0ms
[38,774s][info][gc,phases     ] GC(292)   Evacuate Collection Set: 6,5ms
[38,774s][info][gc,phases     ] GC(292)   Post Evacuate Collection Set: 0,4ms
[38,774s][info][gc,phases     ] GC(292)   Other: 0,2ms
[38,774s][info][gc,heap       ] GC(292) Eden regions: 23->0(24)
[38,774s][info][gc,heap       ] GC(292) Survivor regions: 3->3(4)
[38,774s][info][gc,heap       ] GC(292) Old regions: 108->108
[38,774s][info][gc,heap       ] GC(292) Humongous regions: 92->92
[38,774s][info][gc,metaspace  ] GC(292) Metaspace: 31996K->31996K(1081344K)
[38,774s][info][gc            ] GC(292) Pause Initial Mark (G1 Evacuation Pause) 224M->201M(256M) 7,173ms
[38,774s][info][gc,cpu        ] GC(292) User=0,03s Sys=0,00s Real=0,01s
[38,774s][info][gc            ] GC(293) Concurrent Cycle
[38,774s][info][gc,marking    ] GC(293) Concurrent Clear Claimed Marks
[38,774s][info][gc,marking    ] GC(293) Concurrent Clear Claimed Marks 0,233ms
[38,774s][info][gc,marking    ] GC(293) Concurrent Scan Root Regions
[38,776s][info][gc,marking    ] GC(293) Concurrent Scan Root Regions 1,793ms
[38,776s][info][gc,marking    ] GC(293) Concurrent Mark (38,776s)
[38,776s][info][gc,marking    ] GC(293) Concurrent Mark From Roots
[38,776s][info][gc,task       ] GC(293) Using 1 workers of 1 for marking
[38,797s][info][gc,start      ] GC(294) Pause Young (G1 Evacuation Pause)
[38,797s][info][gc,task       ] GC(294) Using 4 workers of 4 for evacuation
[38,804s][info][gc,phases     ] GC(294)   Pre Evacuate Collection Set: 0,0ms
[38,804s][info][gc,phases     ] GC(294)   Evacuate Collection Set: 4,8ms
[38,804s][info][gc,phases     ] GC(294)   Post Evacuate Collection Set: 1,5ms
[38,804s][info][gc,phases     ] GC(294)   Other: 0,2ms
[38,804s][info][gc,heap       ] GC(294) Eden regions: 24->0(25)
[38,804s][info][gc,heap       ] GC(294) Survivor regions: 3->2(4)
[38,804s][info][gc,heap       ] GC(294) Old regions: 108->108
[38,804s][info][gc,heap       ] GC(294) Humongous regions: 92->92
[38,804s][info][gc,metaspace  ] GC(294) Metaspace: 31996K->31996K(1081344K)
[38,804s][info][gc            ] GC(294) Pause Young (G1 Evacuation Pause) 225M->201M(256M) 6,640ms
[38,804s][info][gc,cpu        ] GC(294) User=0,02s Sys=0,00s Real=0,01s
[38,828s][info][gc,start      ] GC(295) Pause Young (G1 Evacuation Pause)
[38,828s][info][gc,task       ] GC(295) Using 4 workers of 4 for evacuation
[38,833s][info][gc,phases     ] GC(295)   Pre Evacuate Collection Set: 0,0ms
[38,833s][info][gc,phases     ] GC(295)   Evacuate Collection Set: 5,1ms
[38,834s][info][gc,phases     ] GC(295)   Post Evacuate Collection Set: 0,4ms
[38,834s][info][gc,phases     ] GC(295)   Other: 0,2ms
[38,834s][info][gc,heap       ] GC(295) Eden regions: 25->0(25)
[38,834s][info][gc,heap       ] GC(295) Survivor regions: 2->2(4)
[38,834s][info][gc,heap       ] GC(295) Old regions: 108->108
[38,834s][info][gc,heap       ] GC(295) Humongous regions: 92->92
[38,834s][info][gc,metaspace  ] GC(295) Metaspace: 31996K->31996K(1081344K)
[38,834s][info][gc            ] GC(295) Pause Young (G1 Evacuation Pause) 226M->201M(256M) 5,827ms
[38,834s][info][gc,cpu        ] GC(295) User=0,01s Sys=0,01s Real=0,01s
[38,855s][info][gc,start      ] GC(296) Pause Young (G1 Evacuation Pause)
[38,855s][info][gc,task       ] GC(296) Using 4 workers of 4 for evacuation
[38,862s][info][gc,phases     ] GC(296)   Pre Evacuate Collection Set: 0,0ms
[38,862s][info][gc,phases     ] GC(296)   Evacuate Collection Set: 6,5ms
[38,862s][info][gc,phases     ] GC(296)   Post Evacuate Collection Set: 0,9ms
[38,862s][info][gc,phases     ] GC(296)   Other: 0,2ms
[38,862s][info][gc,heap       ] GC(296) Eden regions: 25->0(24)
[38,862s][info][gc,heap       ] GC(296) Survivor regions: 2->3(4)
[38,862s][info][gc,heap       ] GC(296) Old regions: 108->108
[38,862s][info][gc,heap       ] GC(296) Humongous regions: 92->92
[38,862s][info][gc,metaspace  ] GC(296) Metaspace: 31996K->31996K(1081344K)
[38,862s][info][gc            ] GC(296) Pause Young (G1 Evacuation Pause) 226M->201M(256M) 7,674ms
[38,862s][info][gc,cpu        ] GC(296) User=0,03s Sys=0,00s Real=0,01s
[38,882s][info][gc,start      ] GC(297) Pause Young (G1 Evacuation Pause)
[38,882s][info][gc,task       ] GC(297) Using 4 workers of 4 for evacuation
[38,888s][info][gc,phases     ] GC(297)   Pre Evacuate Collection Set: 0,0ms
[38,888s][info][gc,phases     ] GC(297)   Evacuate Collection Set: 5,3ms
[38,888s][info][gc,phases     ] GC(297)   Post Evacuate Collection Set: 0,4ms
[38,888s][info][gc,phases     ] GC(297)   Other: 0,2ms
[38,888s][info][gc,heap       ] GC(297) Eden regions: 24->0(24)
[38,888s][info][gc,heap       ] GC(297) Survivor regions: 3->3(4)
[38,888s][info][gc,heap       ] GC(297) Old regions: 108->108
[38,888s][info][gc,heap       ] GC(297) Humongous regions: 92->92
[38,888s][info][gc,metaspace  ] GC(297) Metaspace: 31996K->31996K(1081344K)
[38,888s][info][gc            ] GC(297) Pause Young (G1 Evacuation Pause) 225M->201M(256M) 6,068ms
[38,888s][info][gc,cpu        ] GC(297) User=0,02s Sys=0,00s Real=0,00s
[38,912s][info][gc,start      ] GC(298) Pause Young (G1 Evacuation Pause)
[38,912s][info][gc,task       ] GC(298) Using 4 workers of 4 for evacuation
[38,918s][info][gc,phases     ] GC(298)   Pre Evacuate Collection Set: 0,0ms
[38,918s][info][gc,phases     ] GC(298)   Evacuate Collection Set: 6,0ms
[38,918s][info][gc,phases     ] GC(298)   Post Evacuate Collection Set: 0,4ms
[38,918s][info][gc,phases     ] GC(298)   Other: 0,2ms
[38,918s][info][gc,heap       ] GC(298) Eden regions: 24->0(24)
[38,918s][info][gc,heap       ] GC(298) Survivor regions: 3->1(4)
[38,918s][info][gc,heap       ] GC(298) Old regions: 108->110
[38,918s][info][gc,heap       ] GC(298) Humongous regions: 92->92
[38,918s][info][gc,metaspace  ] GC(298) Metaspace: 31996K->31996K(1081344K)
[38,918s][info][gc            ] GC(298) Pause Young (G1 Evacuation Pause) 225M->201M(256M) 6,710ms
[38,918s][info][gc,cpu        ] GC(298) User=0,02s Sys=0,00s Real=0,01s
[38,945s][info][gc,start      ] GC(299) Pause Young (G1 Evacuation Pause)
[38,945s][info][gc,task       ] GC(299) Using 4 workers of 4 for evacuation
[38,950s][info][gc,phases     ] GC(299)   Pre Evacuate Collection Set: 0,0ms
[38,950s][info][gc,phases     ] GC(299)   Evacuate Collection Set: 4,7ms
[38,950s][info][gc,phases     ] GC(299)   Post Evacuate Collection Set: 0,6ms
[38,950s][info][gc,phases     ] GC(299)   Other: 0,2ms
[38,950s][info][gc,heap       ] GC(299) Eden regions: 24->0(24)
[38,950s][info][gc,heap       ] GC(299) Survivor regions: 1->1(4)
[38,950s][info][gc,heap       ] GC(299) Old regions: 110->110
[38,950s][info][gc,heap       ] GC(299) Humongous regions: 92->92
[38,950s][info][gc,metaspace  ] GC(299) Metaspace: 31996K->31996K(1081344K)
[38,950s][info][gc            ] GC(299) Pause Young (G1 Evacuation Pause) 225M->201M(256M) 5,536ms
[38,950s][info][gc,cpu        ] GC(299) User=0,01s Sys=0,01s Real=0,00s
[38,970s][info][gc,start      ] GC(300) Pause Young (G1 Evacuation Pause)
[38,970s][info][gc,task       ] GC(300) Using 4 workers of 4 for evacuation
[38,975s][info][gc,phases     ] GC(300)   Pre Evacuate Collection Set: 0,0ms
[38,975s][info][gc,phases     ] GC(300)   Evacuate Collection Set: 4,6ms
[38,975s][info][gc,phases     ] GC(300)   Post Evacuate Collection Set: 0,6ms
[38,975s][info][gc,phases     ] GC(300)   Other: 0,2ms
[38,975s][info][gc,heap       ] GC(300) Eden regions: 24->0(24)
[38,975s][info][gc,heap       ] GC(300) Survivor regions: 1->1(4)
[38,975s][info][gc,heap       ] GC(300) Old regions: 110->110
[38,975s][info][gc,heap       ] GC(300) Humongous regions: 92->92
[38,975s][info][gc,metaspace  ] GC(300) Metaspace: 31996K->31996K(1081344K)
[38,975s][info][gc            ] GC(300) Pause Young (G1 Evacuation Pause) 225M->201M(256M) 5,538ms
[38,975s][info][gc,cpu        ] GC(300) User=0,02s Sys=0,00s Real=0,01s
[39,001s][info][gc,start      ] GC(301) Pause Young (G1 Evacuation Pause)
[39,001s][info][gc,task       ] GC(301) Using 4 workers of 4 for evacuation
[39,007s][info][gc,phases     ] GC(301)   Pre Evacuate Collection Set: 0,0ms
[39,007s][info][gc,phases     ] GC(301)   Evacuate Collection Set: 4,9ms
[39,007s][info][gc,phases     ] GC(301)   Post Evacuate Collection Set: 0,6ms
[39,007s][info][gc,phases     ] GC(301)   Other: 0,2ms
[39,007s][info][gc,heap       ] GC(301) Eden regions: 24->0(24)
[39,007s][info][gc,heap       ] GC(301) Survivor regions: 1->1(4)
[39,007s][info][gc,heap       ] GC(301) Old regions: 110->110
[39,007s][info][gc,heap       ] GC(301) Humongous regions: 92->92
[39,007s][info][gc,metaspace  ] GC(301) Metaspace: 31996K->31996K(1081344K)
[39,007s][info][gc            ] GC(301) Pause Young (G1 Evacuation Pause) 225M->202M(256M) 5,771ms
[39,007s][info][gc,cpu        ] GC(301) User=0,02s Sys=0,00s Real=0,00s
[39,034s][info][gc,start      ] GC(302) Pause Young (G1 Evacuation Pause)
[39,034s][info][gc,task       ] GC(302) Using 4 workers of 4 for evacuation
[39,040s][info][gc,phases     ] GC(302)   Pre Evacuate Collection Set: 0,0ms
[39,040s][info][gc,phases     ] GC(302)   Evacuate Collection Set: 5,6ms
[39,040s][info][gc,phases     ] GC(302)   Post Evacuate Collection Set: 0,6ms
[39,040s][info][gc,phases     ] GC(302)   Other: 0,2ms
[39,040s][info][gc,heap       ] GC(302) Eden regions: 24->0(23)
[39,040s][info][gc,heap       ] GC(302) Survivor regions: 1->2(4)
[39,040s][info][gc,heap       ] GC(302) Old regions: 110->110
[39,040s][info][gc,heap       ] GC(302) Humongous regions: 92->92
[39,040s][info][gc,metaspace  ] GC(302) Metaspace: 31998K->31998K(1081344K)
[39,041s][info][gc            ] GC(302) Pause Young (G1 Evacuation Pause) 226M->202M(256M) 6,484ms
[39,041s][info][gc,cpu        ] GC(302) User=0,02s Sys=0,00s Real=0,00s
[39,060s][info][gc,start      ] GC(303) Pause Young (G1 Evacuation Pause)
[39,060s][info][gc,task       ] GC(303) Using 4 workers of 4 for evacuation
[39,066s][info][gc,phases     ] GC(303)   Pre Evacuate Collection Set: 0,0ms
[39,066s][info][gc,phases     ] GC(303)   Evacuate Collection Set: 5,7ms
[39,066s][info][gc,phases     ] GC(303)   Post Evacuate Collection Set: 0,6ms
[39,066s][info][gc,phases     ] GC(303)   Other: 0,2ms
[39,066s][info][gc,heap       ] GC(303) Eden regions: 23->0(23)
[39,066s][info][gc,heap       ] GC(303) Survivor regions: 2->2(4)
[39,066s][info][gc,heap       ] GC(303) Old regions: 110->110
[39,066s][info][gc,heap       ] GC(303) Humongous regions: 92->92
[39,066s][info][gc,metaspace  ] GC(303) Metaspace: 31998K->31998K(1081344K)
[39,066s][info][gc            ] GC(303) Pause Young (G1 Evacuation Pause) 225M->202M(256M) 6,578ms
[39,066s][info][gc,cpu        ] GC(303) User=0,03s Sys=0,00s Real=0,01s
[39,085s][info][gc,start      ] GC(304) Pause Young (G1 Evacuation Pause)
[39,085s][info][gc,task       ] GC(304) Using 4 workers of 4 for evacuation
[39,094s][info][gc,phases     ] GC(304)   Pre Evacuate Collection Set: 0,0ms
[39,094s][info][gc,phases     ] GC(304)   Evacuate Collection Set: 7,9ms
[39,094s][info][gc,phases     ] GC(304)   Post Evacuate Collection Set: 0,6ms
[39,094s][info][gc,phases     ] GC(304)   Other: 0,2ms
[39,094s][info][gc,heap       ] GC(304) Eden regions: 23->0(23)
[39,094s][info][gc,heap       ] GC(304) Survivor regions: 2->2(4)
[39,094s][info][gc,heap       ] GC(304) Old regions: 110->110
[39,094s][info][gc,heap       ] GC(304) Humongous regions: 92->92
[39,094s][info][gc,metaspace  ] GC(304) Metaspace: 31998K->31998K(1081344K)
[39,094s][info][gc            ] GC(304) Pause Young (G1 Evacuation Pause) 225M->202M(256M) 8,764ms
[39,094s][info][gc,cpu        ] GC(304) User=0,02s Sys=0,00s Real=0,01s
[39,116s][info][gc,start      ] GC(305) Pause Young (G1 Evacuation Pause)
[39,116s][info][gc,task       ] GC(305) Using 4 workers of 4 for evacuation
[39,123s][info][gc,phases     ] GC(305)   Pre Evacuate Collection Set: 0,0ms
[39,123s][info][gc,phases     ] GC(305)   Evacuate Collection Set: 6,3ms
[39,123s][info][gc,phases     ] GC(305)   Post Evacuate Collection Set: 0,6ms
[39,123s][info][gc,phases     ] GC(305)   Other: 0,2ms
[39,123s][info][gc,heap       ] GC(305) Eden regions: 23->0(23)
[39,123s][info][gc,heap       ] GC(305) Survivor regions: 2->2(4)
[39,123s][info][gc,heap       ] GC(305) Old regions: 110->110
[39,123s][info][gc,heap       ] GC(305) Humongous regions: 92->92
[39,123s][info][gc,metaspace  ] GC(305) Metaspace: 31998K->31998K(1081344K)
[39,123s][info][gc            ] GC(305) Pause Young (G1 Evacuation Pause) 225M->202M(256M) 7,227ms
[39,123s][info][gc,cpu        ] GC(305) User=0,02s Sys=0,00s Real=0,01s
[39,136s][info][gc,marking    ] GC(293) Concurrent Mark From Roots 359,517ms
[39,136s][info][gc,marking    ] GC(293) Concurrent Mark (38,776s, 39,136s) 359,551ms
[39,136s][info][gc,start      ] GC(293) Pause Remark
[39,149s][info][gc,stringtable] GC(293) Cleaned string and symbol table, strings: 13591 processed, 0 removed, symbols: 81463 processed, 0 removed
[39,149s][info][gc            ] GC(293) Pause Remark 216M->216M(256M) 12,993ms
[39,149s][info][gc,cpu        ] GC(293) User=0,03s Sys=0,01s Real=0,01s
[39,149s][info][gc,marking    ] GC(293) Concurrent Create Live Data
[39,155s][info][gc,start      ] GC(306) Pause Young (G1 Evacuation Pause)
[39,155s][info][gc,task       ] GC(306) Using 4 workers of 4 for evacuation
[39,163s][info][gc,phases     ] GC(306)   Pre Evacuate Collection Set: 0,0ms
[39,163s][info][gc,phases     ] GC(306)   Evacuate Collection Set: 7,4ms
[39,163s][info][gc,phases     ] GC(306)   Post Evacuate Collection Set: 0,3ms
[39,163s][info][gc,phases     ] GC(306)   Other: 0,2ms
[39,163s][info][gc,heap       ] GC(306) Eden regions: 23->0(23)
[39,163s][info][gc,heap       ] GC(306) Survivor regions: 2->2(4)
[39,163s][info][gc,heap       ] GC(306) Old regions: 110->110
[39,163s][info][gc,heap       ] GC(306) Humongous regions: 92->92
[39,163s][info][gc,metaspace  ] GC(306) Metaspace: 31998K->31998K(1081344K)
[39,163s][info][gc            ] GC(306) Pause Young (G1 Evacuation Pause) 225M->202M(256M) 7,993ms
[39,163s][info][gc,cpu        ] GC(306) User=0,03s Sys=0,00s Real=0,01s
[39,182s][info][gc,start      ] GC(307) Pause Young (G1 Evacuation Pause)
[39,182s][info][gc,task       ] GC(307) Using 4 workers of 4 for evacuation
[39,190s][info][gc,phases     ] GC(307)   Pre Evacuate Collection Set: 0,0ms
[39,190s][info][gc,phases     ] GC(307)   Evacuate Collection Set: 7,6ms
[39,190s][info][gc,phases     ] GC(307)   Post Evacuate Collection Set: 0,3ms
[39,190s][info][gc,phases     ] GC(307)   Other: 0,2ms
[39,190s][info][gc,heap       ] GC(307) Eden regions: 23->0(23)
[39,190s][info][gc,heap       ] GC(307) Survivor regions: 2->2(4)
[39,190s][info][gc,heap       ] GC(307) Old regions: 110->110
[39,190s][info][gc,heap       ] GC(307) Humongous regions: 92->92
[39,190s][info][gc,metaspace  ] GC(307) Metaspace: 31998K->31998K(1081344K)
[39,190s][info][gc            ] GC(307) Pause Young (G1 Evacuation Pause) 225M->202M(256M) 8,171ms
[39,190s][info][gc,cpu        ] GC(307) User=0,02s Sys=0,00s Real=0,00s
[39,207s][info][gc,start      ] GC(308) Pause Young (G1 Evacuation Pause)
[39,207s][info][gc,task       ] GC(308) Using 4 workers of 4 for evacuation
[39,215s][info][gc,phases     ] GC(308)   Pre Evacuate Collection Set: 0,0ms
[39,215s][info][gc,phases     ] GC(308)   Evacuate Collection Set: 7,6ms
[39,215s][info][gc,phases     ] GC(308)   Post Evacuate Collection Set: 0,3ms
[39,215s][info][gc,phases     ] GC(308)   Other: 0,2ms
[39,215s][info][gc,heap       ] GC(308) Eden regions: 23->0(23)
[39,215s][info][gc,heap       ] GC(308) Survivor regions: 2->2(4)
[39,215s][info][gc,heap       ] GC(308) Old regions: 110->110
[39,215s][info][gc,heap       ] GC(308) Humongous regions: 92->92
[39,215s][info][gc,metaspace  ] GC(308) Metaspace: 31998K->31998K(1081344K)
[39,215s][info][gc            ] GC(308) Pause Young (G1 Evacuation Pause) 225M->202M(256M) 8,223ms
[39,215s][info][gc,cpu        ] GC(308) User=0,02s Sys=0,00s Real=0,01s
[39,237s][info][gc,marking    ] GC(293) Concurrent Create Live Data 88,456ms
[39,238s][info][gc,start      ] GC(293) Pause Cleanup
[39,239s][info][gc            ] GC(293) Pause Cleanup 223M->223M(256M) 0,804ms
[39,239s][info][gc,cpu        ] GC(293) User=0,00s Sys=0,00s Real=0,00s
[39,239s][info][gc,marking    ] GC(293) Concurrent Cleanup for Next Mark
[39,240s][info][gc,start      ] GC(309) Pause Young (G1 Evacuation Pause)
[39,241s][info][gc,task       ] GC(309) Using 4 workers of 4 for evacuation
[39,248s][info][gc,phases     ] GC(309)   Pre Evacuate Collection Set: 0,0ms
[39,248s][info][gc,phases     ] GC(309)   Evacuate Collection Set: 7,4ms
[39,248s][info][gc,phases     ] GC(309)   Post Evacuate Collection Set: 0,3ms
[39,248s][info][gc,phases     ] GC(309)   Other: 0,2ms
[39,248s][info][gc,heap       ] GC(309) Eden regions: 23->0(10)
[39,248s][info][gc,heap       ] GC(309) Survivor regions: 2->2(4)
[39,248s][info][gc,heap       ] GC(309) Old regions: 110->110
[39,248s][info][gc,heap       ] GC(309) Humongous regions: 92->92
[39,248s][info][gc,metaspace  ] GC(309) Metaspace: 31998K->31998K(1081344K)
[39,248s][info][gc            ] GC(309) Pause Young (G1 Evacuation Pause) 225M->202M(256M) 7,981ms
[39,248s][info][gc,cpu        ] GC(309) User=0,02s Sys=0,00s Real=0,01s
[39,250s][info][gc,marking    ] GC(293) Concurrent Cleanup for Next Mark 11,637ms
[39,250s][info][gc            ] GC(293) Concurrent Cycle 476,408ms
[39,256s][info][gc,start      ] GC(310) Pause Mixed (G1 Evacuation Pause)
[39,256s][info][gc,task       ] GC(310) Using 4 workers of 4 for evacuation
[39,279s][info][gc,phases     ] GC(310)   Pre Evacuate Collection Set: 0,1ms
[39,279s][info][gc,phases     ] GC(310)   Evacuate Collection Set: 22,5ms
[39,279s][info][gc,phases     ] GC(310)   Post Evacuate Collection Set: 0,4ms
[39,279s][info][gc,phases     ] GC(310)   Other: 0,1ms
[39,279s][info][gc,heap       ] GC(310) Eden regions: 10->0(30)
[39,279s][info][gc,heap       ] GC(310) Survivor regions: 2->2(2)
[39,279s][info][gc,heap       ] GC(310) Old regions: 110->99
[39,279s][info][gc,heap       ] GC(310) Humongous regions: 92->92
[39,279s][info][gc,metaspace  ] GC(310) Metaspace: 31998K->31998K(1081344K)
[39,279s][info][gc            ] GC(310) Pause Mixed (G1 Evacuation Pause) 212M->191M(256M) 23,226ms
[39,279s][info][gc,cpu        ] GC(310) User=0,07s Sys=0,00s Real=0,02s
[39,305s][info][gc,start      ] GC(311) Pause Young (G1 Evacuation Pause)
[39,305s][info][gc,task       ] GC(311) Using 4 workers of 4 for evacuation
[39,318s][info][gc,phases     ] GC(311)   Pre Evacuate Collection Set: 0,0ms
[39,318s][info][gc,phases     ] GC(311)   Evacuate Collection Set: 11,9ms
[39,318s][info][gc,phases     ] GC(311)   Post Evacuate Collection Set: 0,3ms
[39,318s][info][gc,phases     ] GC(311)   Other: 0,2ms
[39,318s][info][gc,heap       ] GC(311) Eden regions: 30->0(30)
[39,318s][info][gc,heap       ] GC(311) Survivor regions: 2->2(4)
[39,318s][info][gc,heap       ] GC(311) Old regions: 99->99
[39,318s][info][gc,heap       ] GC(311) Humongous regions: 92->92
[39,318s][info][gc,metaspace  ] GC(311) Metaspace: 31998K->31998K(1081344K)
[39,318s][info][gc            ] GC(311) Pause Young (G1 Evacuation Pause) 221M->192M(256M) 12,502ms
[39,318s][info][gc,cpu        ] GC(311) User=0,05s Sys=0,01s Real=0,01s
[39,341s][info][gc,start      ] GC(312) Pause Young (G1 Evacuation Pause)
[39,341s][info][gc,task       ] GC(312) Using 4 workers of 4 for evacuation
[39,348s][info][gc,phases     ] GC(312)   Pre Evacuate Collection Set: 0,0ms
[39,348s][info][gc,phases     ] GC(312)   Evacuate Collection Set: 6,7ms
[39,348s][info][gc,phases     ] GC(312)   Post Evacuate Collection Set: 0,3ms
[39,348s][info][gc,phases     ] GC(312)   Other: 0,2ms
[39,348s][info][gc,heap       ] GC(312) Eden regions: 30->0(31)
[39,348s][info][gc,heap       ] GC(312) Survivor regions: 2->2(4)
[39,348s][info][gc,heap       ] GC(312) Old regions: 99->99
[39,348s][info][gc,heap       ] GC(312) Humongous regions: 92->92
[39,348s][info][gc,metaspace  ] GC(312) Metaspace: 31998K->31998K(1081344K)
[39,348s][info][gc            ] GC(312) Pause Young (G1 Evacuation Pause) 222M->192M(256M) 7,332ms
[39,348s][info][gc,cpu        ] GC(312) User=0,02s Sys=0,00s Real=0,01s
[39,368s][info][gc,start      ] GC(313) Pause Initial Mark (G1 Evacuation Pause)
[39,368s][info][gc,task       ] GC(313) Using 4 workers of 4 for evacuation
[39,377s][info][gc,phases     ] GC(313)   Pre Evacuate Collection Set: 0,0ms
[39,377s][info][gc,phases     ] GC(313)   Evacuate Collection Set: 8,6ms
[39,377s][info][gc,phases     ] GC(313)   Post Evacuate Collection Set: 0,4ms
[39,377s][info][gc,phases     ] GC(313)   Other: 0,2ms
[39,377s][info][gc,heap       ] GC(313) Eden regions: 31->0(32)
[39,377s][info][gc,heap       ] GC(313) Survivor regions: 2->2(5)
[39,377s][info][gc,heap       ] GC(313) Old regions: 99->99
[39,377s][info][gc,heap       ] GC(313) Humongous regions: 92->92
[39,377s][info][gc,metaspace  ] GC(313) Metaspace: 31998K->31998K(1081344K)
[39,377s][info][gc            ] GC(313) Pause Initial Mark (G1 Evacuation Pause) 223M->192M(256M) 9,451ms
[39,377s][info][gc,cpu        ] GC(313) User=0,03s Sys=0,00s Real=0,01s
[39,377s][info][gc            ] GC(314) Concurrent Cycle
[39,378s][info][gc,marking    ] GC(314) Concurrent Clear Claimed Marks
[39,378s][info][gc,marking    ] GC(314) Concurrent Clear Claimed Marks 0,220ms
[39,378s][info][gc,marking    ] GC(314) Concurrent Scan Root Regions
[39,380s][info][gc,marking    ] GC(314) Concurrent Scan Root Regions 1,762ms
[39,380s][info][gc,marking    ] GC(314) Concurrent Mark (39,380s)
[39,380s][info][gc,marking    ] GC(314) Concurrent Mark From Roots
[39,380s][info][gc,task       ] GC(314) Using 1 workers of 1 for marking
[39,407s][info][gc,start      ] GC(315) Pause Young (G1 Evacuation Pause)
[39,407s][info][gc,task       ] GC(315) Using 4 workers of 4 for evacuation
[39,416s][info][gc,phases     ] GC(315)   Pre Evacuate Collection Set: 0,0ms
[39,416s][info][gc,phases     ] GC(315)   Evacuate Collection Set: 7,7ms
[39,416s][info][gc,phases     ] GC(315)   Post Evacuate Collection Set: 0,4ms
[39,416s][info][gc,phases     ] GC(315)   Other: 0,2ms
[39,416s][info][gc,heap       ] GC(315) Eden regions: 32->0(32)
[39,416s][info][gc,heap       ] GC(315) Survivor regions: 2->2(5)
[39,416s][info][gc,heap       ] GC(315) Old regions: 99->99
[39,416s][info][gc,heap       ] GC(315) Humongous regions: 92->92
[39,416s][info][gc,metaspace  ] GC(315) Metaspace: 31998K->31998K(1081344K)
[39,416s][info][gc            ] GC(315) Pause Young (G1 Evacuation Pause) 224M->192M(256M) 8,427ms
[39,416s][info][gc,cpu        ] GC(315) User=0,03s Sys=0,00s Real=0,01s
[39,445s][info][gc,start      ] GC(316) Pause Young (G1 Evacuation Pause)
[39,445s][info][gc,task       ] GC(316) Using 4 workers of 4 for evacuation
[39,453s][info][gc,phases     ] GC(316)   Pre Evacuate Collection Set: 0,0ms
[39,453s][info][gc,phases     ] GC(316)   Evacuate Collection Set: 7,6ms
[39,453s][info][gc,phases     ] GC(316)   Post Evacuate Collection Set: 0,5ms
[39,453s][info][gc,phases     ] GC(316)   Other: 0,2ms
[39,453s][info][gc,heap       ] GC(316) Eden regions: 32->0(32)
[39,453s][info][gc,heap       ] GC(316) Survivor regions: 2->2(5)
[39,453s][info][gc,heap       ] GC(316) Old regions: 99->100
[39,453s][info][gc,heap       ] GC(316) Humongous regions: 92->92
[39,453s][info][gc,metaspace  ] GC(316) Metaspace: 31998K->31998K(1081344K)
[39,453s][info][gc            ] GC(316) Pause Young (G1 Evacuation Pause) 224M->192M(256M) 8,426ms
[39,453s][info][gc,cpu        ] GC(316) User=0,03s Sys=0,00s Real=0,01s
[39,480s][info][gc,start      ] GC(317) Pause Young (G1 Evacuation Pause)
[39,480s][info][gc,task       ] GC(317) Using 4 workers of 4 for evacuation
[39,488s][info][gc,phases     ] GC(317)   Pre Evacuate Collection Set: 0,0ms
[39,488s][info][gc,phases     ] GC(317)   Evacuate Collection Set: 7,4ms
[39,488s][info][gc,phases     ] GC(317)   Post Evacuate Collection Set: 0,5ms
[39,488s][info][gc,phases     ] GC(317)   Other: 0,2ms
[39,488s][info][gc,heap       ] GC(317) Eden regions: 32->0(32)
[39,488s][info][gc,heap       ] GC(317) Survivor regions: 2->2(5)
[39,488s][info][gc,heap       ] GC(317) Old regions: 100->100
[39,488s][info][gc,heap       ] GC(317) Humongous regions: 92->92
[39,488s][info][gc,metaspace  ] GC(317) Metaspace: 31998K->31998K(1081344K)
[39,488s][info][gc            ] GC(317) Pause Young (G1 Evacuation Pause) 224M->192M(256M) 8,245ms
[39,488s][info][gc,cpu        ] GC(317) User=0,03s Sys=0,00s Real=0,01s
[39,516s][info][gc,start      ] GC(318) Pause Young (G1 Evacuation Pause)
[39,516s][info][gc,task       ] GC(318) Using 4 workers of 4 for evacuation
[39,525s][info][gc,phases     ] GC(318)   Pre Evacuate Collection Set: 0,0ms
[39,525s][info][gc,phases     ] GC(318)   Evacuate Collection Set: 7,7ms
[39,525s][info][gc,phases     ] GC(318)   Post Evacuate Collection Set: 0,5ms
[39,525s][info][gc,phases     ] GC(318)   Other: 0,2ms
[39,525s][info][gc,heap       ] GC(318) Eden regions: 32->0(33)
[39,525s][info][gc,heap       ] GC(318) Survivor regions: 2->2(5)
[39,525s][info][gc,heap       ] GC(318) Old regions: 100->100
[39,525s][info][gc,heap       ] GC(318) Humongous regions: 92->92
[39,525s][info][gc,metaspace  ] GC(318) Metaspace: 31998K->31998K(1081344K)
[39,525s][info][gc            ] GC(318) Pause Young (G1 Evacuation Pause) 224M->192M(256M) 8,548ms
[39,525s][info][gc,cpu        ] GC(318) User=0,03s Sys=0,00s Real=0,01s
[39,556s][info][gc,start      ] GC(319) Pause Young (G1 Evacuation Pause)
[39,556s][info][gc,task       ] GC(319) Using 4 workers of 4 for evacuation
[39,565s][info][gc,phases     ] GC(319)   Pre Evacuate Collection Set: 0,0ms
[39,566s][info][gc,phases     ] GC(319)   Evacuate Collection Set: 8,2ms
[39,566s][info][gc,phases     ] GC(319)   Post Evacuate Collection Set: 0,7ms
[39,566s][info][gc,phases     ] GC(319)   Other: 0,2ms
[39,566s][info][gc,heap       ] GC(319) Eden regions: 33->0(33)
[39,566s][info][gc,heap       ] GC(319) Survivor regions: 2->2(5)
[39,566s][info][gc,heap       ] GC(319) Old regions: 100->100
[39,566s][info][gc,heap       ] GC(319) Humongous regions: 92->92
[39,566s][info][gc,metaspace  ] GC(319) Metaspace: 31998K->31998K(1081344K)
[39,566s][info][gc            ] GC(319) Pause Young (G1 Evacuation Pause) 225M->192M(256M) 9,158ms
[39,566s][info][gc,cpu        ] GC(319) User=0,03s Sys=0,00s Real=0,01s
[39,602s][info][gc,start      ] GC(320) Pause Young (G1 Evacuation Pause)
[39,602s][info][gc,task       ] GC(320) Using 4 workers of 4 for evacuation
[39,611s][info][gc,phases     ] GC(320)   Pre Evacuate Collection Set: 0,0ms
[39,611s][info][gc,phases     ] GC(320)   Evacuate Collection Set: 9,0ms
[39,611s][info][gc,phases     ] GC(320)   Post Evacuate Collection Set: 0,7ms
[39,611s][info][gc,phases     ] GC(320)   Other: 0,2ms
[39,611s][info][gc,heap       ] GC(320) Eden regions: 33->0(33)
[39,611s][info][gc,heap       ] GC(320) Survivor regions: 2->2(5)
[39,611s][info][gc,heap       ] GC(320) Old regions: 100->100
[39,611s][info][gc,heap       ] GC(320) Humongous regions: 92->92
[39,611s][info][gc,metaspace  ] GC(320) Metaspace: 31998K->31998K(1081344K)
[39,611s][info][gc            ] GC(320) Pause Young (G1 Evacuation Pause) 225M->192M(256M) 9,972ms
[39,611s][info][gc,cpu        ] GC(320) User=0,03s Sys=0,00s Real=0,00s
[39,641s][info][gc,start      ] GC(321) Pause Young (G1 Evacuation Pause)
[39,641s][info][gc,task       ] GC(321) Using 4 workers of 4 for evacuation
[39,650s][info][gc,phases     ] GC(321)   Pre Evacuate Collection Set: 0,0ms
[39,650s][info][gc,phases     ] GC(321)   Evacuate Collection Set: 8,4ms
[39,650s][info][gc,phases     ] GC(321)   Post Evacuate Collection Set: 0,7ms
[39,650s][info][gc,phases     ] GC(321)   Other: 0,2ms
[39,650s][info][gc,heap       ] GC(321) Eden regions: 33->0(33)
[39,650s][info][gc,heap       ] GC(321) Survivor regions: 2->2(5)
[39,650s][info][gc,heap       ] GC(321) Old regions: 100->100
[39,650s][info][gc,heap       ] GC(321) Humongous regions: 92->92
[39,650s][info][gc,metaspace  ] GC(321) Metaspace: 31998K->31998K(1081344K)
[39,650s][info][gc            ] GC(321) Pause Young (G1 Evacuation Pause) 225M->193M(256M) 9,363ms
[39,650s][info][gc,cpu        ] GC(321) User=0,03s Sys=0,00s Real=0,01s
[39,677s][info][gc,start      ] GC(322) Pause Young (G1 Evacuation Pause)
[39,677s][info][gc,task       ] GC(322) Using 4 workers of 4 for evacuation
[39,688s][info][gc,phases     ] GC(322)   Pre Evacuate Collection Set: 0,0ms
[39,688s][info][gc,phases     ] GC(322)   Evacuate Collection Set: 9,5ms
[39,688s][info][gc,phases     ] GC(322)   Post Evacuate Collection Set: 0,8ms
[39,688s][info][gc,phases     ] GC(322)   Other: 0,2ms
[39,688s][info][gc,heap       ] GC(322) Eden regions: 33->0(33)
[39,688s][info][gc,heap       ] GC(322) Survivor regions: 2->2(5)
[39,688s][info][gc,heap       ] GC(322) Old regions: 100->100
[39,688s][info][gc,heap       ] GC(322) Humongous regions: 92->92
[39,688s][info][gc,metaspace  ] GC(322) Metaspace: 31998K->31998K(1081344K)
[39,688s][info][gc            ] GC(322) Pause Young (G1 Evacuation Pause) 226M->193M(256M) 10,593ms
[39,688s][info][gc,cpu        ] GC(322) User=0,04s Sys=0,00s Real=0,01s
[39,716s][info][gc,marking    ] GC(314) Concurrent Mark From Roots 336,098ms
[39,716s][info][gc,marking    ] GC(314) Concurrent Mark (39,380s, 39,716s) 336,169ms
[39,716s][info][gc,start      ] GC(314) Pause Remark
[39,728s][info][gc,stringtable] GC(314) Cleaned string and symbol table, strings: 13591 processed, 0 removed, symbols: 81463 processed, 0 removed
[39,728s][info][gc            ] GC(314) Pause Remark 224M->224M(256M) 12,333ms
[39,729s][info][gc,cpu        ] GC(314) User=0,03s Sys=0,00s Real=0,01s
[39,729s][info][gc,marking    ] GC(314) Concurrent Create Live Data
[39,730s][info][gc,start      ] GC(323) Pause Young (G1 Evacuation Pause)
[39,730s][info][gc,task       ] GC(323) Using 4 workers of 4 for evacuation
[39,743s][info][gc,phases     ] GC(323)   Pre Evacuate Collection Set: 0,0ms
[39,743s][info][gc,phases     ] GC(323)   Evacuate Collection Set: 12,4ms
[39,743s][info][gc,phases     ] GC(323)   Post Evacuate Collection Set: 0,3ms
[39,743s][info][gc,phases     ] GC(323)   Other: 0,2ms
[39,743s][info][gc,heap       ] GC(323) Eden regions: 33->0(32)
[39,743s][info][gc,heap       ] GC(323) Survivor regions: 2->3(5)
[39,743s][info][gc,heap       ] GC(323) Old regions: 100->100
[39,743s][info][gc,heap       ] GC(323) Humongous regions: 92->92
[39,743s][info][gc,metaspace  ] GC(323) Metaspace: 31998K->31998K(1081344K)
[39,743s][info][gc            ] GC(323) Pause Young (G1 Evacuation Pause) 226M->194M(256M) 13,017ms
[39,743s][info][gc,cpu        ] GC(323) User=0,05s Sys=0,00s Real=0,02s
[39,772s][info][gc,start      ] GC(324) Pause Young (G1 Evacuation Pause)
[39,772s][info][gc,task       ] GC(324) Using 4 workers of 4 for evacuation
[39,787s][info][gc,phases     ] GC(324)   Pre Evacuate Collection Set: 0,0ms
[39,788s][info][gc,phases     ] GC(324)   Evacuate Collection Set: 15,4ms
[39,788s][info][gc,phases     ] GC(324)   Post Evacuate Collection Set: 0,3ms
[39,788s][info][gc,phases     ] GC(324)   Other: 0,2ms
[39,788s][info][gc,heap       ] GC(324) Eden regions: 32->0(28)
[39,788s][info][gc,heap       ] GC(324) Survivor regions: 3->5(5)
[39,788s][info][gc,heap       ] GC(324) Old regions: 100->100
[39,788s][info][gc,heap       ] GC(324) Humongous regions: 92->92
[39,788s][info][gc,metaspace  ] GC(324) Metaspace: 31998K->31998K(1081344K)
[39,788s][info][gc            ] GC(324) Pause Young (G1 Evacuation Pause) 226M->196M(256M) 16,061ms
[39,788s][info][gc,cpu        ] GC(324) User=0,06s Sys=0,00s Real=0,02s
[39,811s][info][gc,start      ] GC(325) Pause Young (G1 Evacuation Pause)
[39,811s][info][gc,task       ] GC(325) Using 4 workers of 4 for evacuation
[39,829s][info][gc,phases     ] GC(325)   Pre Evacuate Collection Set: 0,0ms
[39,829s][info][gc,phases     ] GC(325)   Evacuate Collection Set: 17,0ms
[39,829s][info][gc,phases     ] GC(325)   Post Evacuate Collection Set: 0,3ms
[39,829s][info][gc,phases     ] GC(325)   Other: 0,2ms
[39,829s][info][gc,heap       ] GC(325) Eden regions: 28->0(28)
[39,829s][info][gc,heap       ] GC(325) Survivor regions: 5->4(5)
[39,829s][info][gc,heap       ] GC(325) Old regions: 100->102
[39,829s][info][gc,heap       ] GC(325) Humongous regions: 92->92
[39,829s][info][gc,metaspace  ] GC(325) Metaspace: 31998K->31998K(1081344K)
[39,829s][info][gc            ] GC(325) Pause Young (G1 Evacuation Pause) 224M->197M(256M) 17,640ms
[39,829s][info][gc,cpu        ] GC(325) User=0,07s Sys=0,00s Real=0,02s
[39,841s][info][gc,marking    ] GC(314) Concurrent Create Live Data 112,730ms
[39,844s][info][gc,start      ] GC(314) Pause Cleanup
[39,845s][info][gc            ] GC(314) Pause Cleanup 209M->209M(256M) 1,028ms
[39,845s][info][gc,cpu        ] GC(314) User=0,00s Sys=0,00s Real=0,00s
[39,845s][info][gc,marking    ] GC(314) Concurrent Cleanup for Next Mark
[39,847s][info][gc,marking    ] GC(314) Concurrent Cleanup for Next Mark 1,648ms
[39,847s][info][gc            ] GC(314) Concurrent Cycle 469,602ms
[39,866s][info][gc,start      ] GC(326) Pause Young (G1 Evacuation Pause)
[39,866s][info][gc,task       ] GC(326) Using 4 workers of 4 for evacuation
[39,886s][info][gc,phases     ] GC(326)   Pre Evacuate Collection Set: 0,0ms
[39,886s][info][gc,phases     ] GC(326)   Evacuate Collection Set: 19,6ms
[39,886s][info][gc,phases     ] GC(326)   Post Evacuate Collection Set: 0,3ms
[39,886s][info][gc,phases     ] GC(326)   Other: 0,2ms
[39,886s][info][gc,heap       ] GC(326) Eden regions: 28->0(9)
[39,886s][info][gc,heap       ] GC(326) Survivor regions: 4->3(4)
[39,886s][info][gc,heap       ] GC(326) Old regions: 102->105
[39,886s][info][gc,heap       ] GC(326) Humongous regions: 92->92
[39,886s][info][gc,metaspace  ] GC(326) Metaspace: 31998K->31998K(1081344K)
[39,886s][info][gc            ] GC(326) Pause Young (G1 Evacuation Pause) 225M->198M(256M) 20,249ms
[39,886s][info][gc,cpu        ] GC(326) User=0,07s Sys=0,00s Real=0,02s
[39,897s][info][gc,start      ] GC(327) Pause Mixed (G1 Evacuation Pause)
[39,897s][info][gc,task       ] GC(327) Using 4 workers of 4 for evacuation
[39,913s][info][gc,phases     ] GC(327)   Pre Evacuate Collection Set: 0,1ms
[39,913s][info][gc,phases     ] GC(327)   Evacuate Collection Set: 15,9ms
[39,913s][info][gc,phases     ] GC(327)   Post Evacuate Collection Set: 0,4ms
[39,913s][info][gc,phases     ] GC(327)   Other: 0,2ms
[39,913s][info][gc,heap       ] GC(327) Eden regions: 9->0(28)
[39,913s][info][gc,heap       ] GC(327) Survivor regions: 3->2(2)
[39,913s][info][gc,heap       ] GC(327) Old regions: 105->104
[39,913s][info][gc,heap       ] GC(327) Humongous regions: 92->92
[39,913s][info][gc,metaspace  ] GC(327) Metaspace: 31998K->31998K(1081344K)
[39,913s][info][gc            ] GC(327) Pause Mixed (G1 Evacuation Pause) 207M->197M(256M) 16,649ms
[39,914s][info][gc,cpu        ] GC(327) User=0,06s Sys=0,00s Real=0,02s
[39,935s][info][gc,start      ] GC(328) Pause Young (G1 Evacuation Pause)
[39,935s][info][gc,task       ] GC(328) Using 4 workers of 4 for evacuation
[39,947s][info][gc,phases     ] GC(328)   Pre Evacuate Collection Set: 0,0ms
[39,947s][info][gc,phases     ] GC(328)   Evacuate Collection Set: 11,9ms
[39,947s][info][gc,phases     ] GC(328)   Post Evacuate Collection Set: 0,2ms
[39,947s][info][gc,phases     ] GC(328)   Other: 0,2ms
[39,947s][info][gc,heap       ] GC(328) Eden regions: 28->0(27)
[39,947s][info][gc,heap       ] GC(328) Survivor regions: 2->3(4)
[39,947s][info][gc,heap       ] GC(328) Old regions: 104->104
[39,947s][info][gc,heap       ] GC(328) Humongous regions: 92->92
[39,947s][info][gc,metaspace  ] GC(328) Metaspace: 31998K->31998K(1081344K)
[39,947s][info][gc            ] GC(328) Pause Young (G1 Evacuation Pause) 225M->198M(256M) 12,503ms
[39,947s][info][gc,cpu        ] GC(328) User=0,05s Sys=0,00s Real=0,01s
[39,968s][info][gc,start      ] GC(329) Pause Young (G1 Evacuation Pause)
[39,968s][info][gc,task       ] GC(329) Using 4 workers of 4 for evacuation
[39,978s][info][gc,phases     ] GC(329)   Pre Evacuate Collection Set: 0,0ms
[39,978s][info][gc,phases     ] GC(329)   Evacuate Collection Set: 9,3ms
[39,978s][info][gc,phases     ] GC(329)   Post Evacuate Collection Set: 0,3ms
[39,978s][info][gc,phases     ] GC(329)   Other: 0,2ms
[39,978s][info][gc,heap       ] GC(329) Eden regions: 27->0(26)
[39,978s][info][gc,heap       ] GC(329) Survivor regions: 3->3(4)
[39,978s][info][gc,heap       ] GC(329) Old regions: 104->105
[39,978s][info][gc,heap       ] GC(329) Humongous regions: 92->92
[39,978s][info][gc,metaspace  ] GC(329) Metaspace: 31998K->31998K(1081344K)
[39,978s][info][gc            ] GC(329) Pause Young (G1 Evacuation Pause) 225M->199M(256M) 9,962ms
[39,978s][info][gc,cpu        ] GC(329) User=0,04s Sys=0,00s Real=0,01s
[39,995s][info][gc,start      ] GC(330) Pause Initial Mark (G1 Evacuation Pause)
[39,995s][info][gc,task       ] GC(330) Using 4 workers of 4 for evacuation
[40,003s][info][gc,phases     ] GC(330)   Pre Evacuate Collection Set: 0,0ms
[40,003s][info][gc,phases     ] GC(330)   Evacuate Collection Set: 7,6ms
[40,003s][info][gc,phases     ] GC(330)   Post Evacuate Collection Set: 0,4ms
[40,003s][info][gc,phases     ] GC(330)   Other: 0,2ms
[40,003s][info][gc,heap       ] GC(330) Eden regions: 26->0(25)
[40,003s][info][gc,heap       ] GC(330) Survivor regions: 3->2(4)
[40,003s][info][gc,heap       ] GC(330) Old regions: 105->107
[40,003s][info][gc,heap       ] GC(330) Humongous regions: 92->92
[40,003s][info][gc,metaspace  ] GC(330) Metaspace: 31998K->31998K(1081344K)
[40,003s][info][gc            ] GC(330) Pause Initial Mark (G1 Evacuation Pause) 225M->200M(256M) 8,283ms
[40,003s][info][gc,cpu        ] GC(330) User=0,03s Sys=0,00s Real=0,01s
[40,003s][info][gc            ] GC(331) Concurrent Cycle
[40,003s][info][gc,marking    ] GC(331) Concurrent Clear Claimed Marks
[40,004s][info][gc,marking    ] GC(331) Concurrent Clear Claimed Marks 0,224ms
[40,004s][info][gc,marking    ] GC(331) Concurrent Scan Root Regions
[40,005s][info][gc,marking    ] GC(331) Concurrent Scan Root Regions 1,255ms
[40,005s][info][gc,marking    ] GC(331) Concurrent Mark (40,005s)
[40,005s][info][gc,marking    ] GC(331) Concurrent Mark From Roots
[40,005s][info][gc,task       ] GC(331) Using 1 workers of 1 for marking
[40,024s][info][gc,start      ] GC(332) Pause Young (G1 Evacuation Pause)
[40,024s][info][gc,task       ] GC(332) Using 4 workers of 4 for evacuation
[40,030s][info][gc,phases     ] GC(332)   Pre Evacuate Collection Set: 0,0ms
[40,031s][info][gc,phases     ] GC(332)   Evacuate Collection Set: 5,9ms
[40,031s][info][gc,phases     ] GC(332)   Post Evacuate Collection Set: 0,3ms
[40,031s][info][gc,phases     ] GC(332)   Other: 0,2ms
[40,031s][info][gc,heap       ] GC(332) Eden regions: 25->0(25)
[40,031s][info][gc,heap       ] GC(332) Survivor regions: 2->3(4)
[40,031s][info][gc,heap       ] GC(332) Old regions: 107->107
[40,031s][info][gc,heap       ] GC(332) Humongous regions: 92->92
[40,031s][info][gc,metaspace  ] GC(332) Metaspace: 31998K->31998K(1081344K)
[40,031s][info][gc            ] GC(332) Pause Young (G1 Evacuation Pause) 225M->200M(256M) 6,517ms
[40,031s][info][gc,cpu        ] GC(332) User=0,03s Sys=0,00s Real=0,00s
[40,055s][info][gc,start      ] GC(333) Pause Young (G1 Evacuation Pause)
[40,055s][info][gc,task       ] GC(333) Using 4 workers of 4 for evacuation
[40,064s][info][gc,phases     ] GC(333)   Pre Evacuate Collection Set: 0,0ms
[40,064s][info][gc,phases     ] GC(333)   Evacuate Collection Set: 6,0ms
[40,064s][info][gc,phases     ] GC(333)   Post Evacuate Collection Set: 3,2ms
[40,064s][info][gc,phases     ] GC(333)   Other: 0,2ms
[40,064s][info][gc,heap       ] GC(333) Eden regions: 25->0(25)
[40,064s][info][gc,heap       ] GC(333) Survivor regions: 3->3(4)
[40,064s][info][gc,heap       ] GC(333) Old regions: 107->107
[40,064s][info][gc,heap       ] GC(333) Humongous regions: 92->92
[40,064s][info][gc,metaspace  ] GC(333) Metaspace: 31998K->31998K(1081344K)
[40,064s][info][gc            ] GC(333) Pause Young (G1 Evacuation Pause) 225M->200M(256M) 9,508ms
[40,064s][info][gc,cpu        ] GC(333) User=0,03s Sys=0,00s Real=0,01s
[40,085s][info][gc,start      ] GC(334) Pause Young (G1 Evacuation Pause)
[40,085s][info][gc,task       ] GC(334) Using 4 workers of 4 for evacuation
[40,092s][info][gc,phases     ] GC(334)   Pre Evacuate Collection Set: 0,0ms
[40,092s][info][gc,phases     ] GC(334)   Evacuate Collection Set: 6,8ms
[40,092s][info][gc,phases     ] GC(334)   Post Evacuate Collection Set: 0,5ms
[40,092s][info][gc,phases     ] GC(334)   Other: 0,2ms
[40,092s][info][gc,heap       ] GC(334) Eden regions: 25->0(26)
[40,092s][info][gc,heap       ] GC(334) Survivor regions: 3->1(4)
[40,092s][info][gc,heap       ] GC(334) Old regions: 107->108
[40,092s][info][gc,heap       ] GC(334) Humongous regions: 92->92
[40,092s][info][gc,metaspace  ] GC(334) Metaspace: 31998K->31998K(1081344K)
[40,092s][info][gc            ] GC(334) Pause Young (G1 Evacuation Pause) 225M->200M(256M) 7,545ms
[40,092s][info][gc,cpu        ] GC(334) User=0,02s Sys=0,00s Real=0,00s
[40,114s][info][gc,start      ] GC(335) Pause Young (G1 Evacuation Pause)
[40,114s][info][gc,task       ] GC(335) Using 4 workers of 4 for evacuation
[40,120s][info][gc,phases     ] GC(335)   Pre Evacuate Collection Set: 0,0ms
[40,120s][info][gc,phases     ] GC(335)   Evacuate Collection Set: 5,8ms
[40,120s][info][gc,phases     ] GC(335)   Post Evacuate Collection Set: 0,5ms
[40,120s][info][gc,phases     ] GC(335)   Other: 0,2ms
[40,120s][info][gc,heap       ] GC(335) Eden regions: 26->0(26)
[40,120s][info][gc,heap       ] GC(335) Survivor regions: 1->1(4)
[40,121s][info][gc,heap       ] GC(335) Old regions: 108->108
[40,121s][info][gc,heap       ] GC(335) Humongous regions: 92->92
[40,121s][info][gc,metaspace  ] GC(335) Metaspace: 31998K->31998K(1081344K)
[40,121s][info][gc            ] GC(335) Pause Young (G1 Evacuation Pause) 226M->200M(256M) 6,586ms
[40,121s][info][gc,cpu        ] GC(335) User=0,02s Sys=0,00s Real=0,00s
[40,139s][info][gc,start      ] GC(336) Pause Young (G1 Evacuation Pause)
[40,139s][info][gc,task       ] GC(336) Using 4 workers of 4 for evacuation
[40,149s][info][gc,phases     ] GC(336)   Pre Evacuate Collection Set: 0,0ms
[40,149s][info][gc,phases     ] GC(336)   Evacuate Collection Set: 8,8ms
[40,149s][info][gc,phases     ] GC(336)   Post Evacuate Collection Set: 0,4ms
[40,149s][info][gc,phases     ] GC(336)   Other: 0,2ms
[40,149s][info][gc,heap       ] GC(336) Eden regions: 26->0(22)
[40,149s][info][gc,heap       ] GC(336) Survivor regions: 1->4(4)
[40,149s][info][gc,heap       ] GC(336) Old regions: 108->108
[40,149s][info][gc,heap       ] GC(336) Humongous regions: 92->92
[40,149s][info][gc,metaspace  ] GC(336) Metaspace: 31998K->31998K(1081344K)
[40,149s][info][gc            ] GC(336) Pause Young (G1 Evacuation Pause) 226M->202M(256M) 9,485ms
[40,149s][info][gc,cpu        ] GC(336) User=0,03s Sys=0,00s Real=0,01s
[40,169s][info][gc,start      ] GC(337) Pause Young (G1 Evacuation Pause)
[40,169s][info][gc,task       ] GC(337) Using 4 workers of 4 for evacuation
[40,177s][info][gc,phases     ] GC(337)   Pre Evacuate Collection Set: 0,0ms
[40,177s][info][gc,phases     ] GC(337)   Evacuate Collection Set: 7,8ms
[40,177s][info][gc,phases     ] GC(337)   Post Evacuate Collection Set: 0,5ms
[40,177s][info][gc,phases     ] GC(337)   Other: 0,2ms
[40,177s][info][gc,heap       ] GC(337) Eden regions: 22->0(23)
[40,177s][info][gc,heap       ] GC(337) Survivor regions: 4->1(4)
[40,177s][info][gc,heap       ] GC(337) Old regions: 108->111
[40,177s][info][gc,heap       ] GC(337) Humongous regions: 92->92
[40,177s][info][gc,metaspace  ] GC(337) Metaspace: 31998K->31998K(1081344K)
[40,177s][info][gc            ] GC(337) Pause Young (G1 Evacuation Pause) 224M->203M(256M) 8,675ms
[40,177s][info][gc,cpu        ] GC(337) User=0,03s Sys=0,00s Real=0,01s
[40,196s][info][gc,start      ] GC(338) Pause Young (G1 Evacuation Pause)
[40,196s][info][gc,task       ] GC(338) Using 4 workers of 4 for evacuation
[40,204s][info][gc,phases     ] GC(338)   Pre Evacuate Collection Set: 0,0ms
[40,204s][info][gc,phases     ] GC(338)   Evacuate Collection Set: 5,4ms
[40,204s][info][gc,phases     ] GC(338)   Post Evacuate Collection Set: 2,1ms
[40,204s][info][gc,phases     ] GC(338)   Other: 0,2ms
[40,204s][info][gc,heap       ] GC(338) Eden regions: 23->0(24)
[40,204s][info][gc,heap       ] GC(338) Survivor regions: 1->1(3)
[40,204s][info][gc,heap       ] GC(338) Old regions: 111->111
[40,204s][info][gc,heap       ] GC(338) Humongous regions: 92->92
[40,204s][info][gc,metaspace  ] GC(338) Metaspace: 31998K->31998K(1081344K)
[40,204s][info][gc            ] GC(338) Pause Young (G1 Evacuation Pause) 226M->202M(256M) 7,770ms
[40,204s][info][gc,cpu        ] GC(338) User=0,02s Sys=0,00s Real=0,01s
[40,224s][info][gc,start      ] GC(339) Pause Young (G1 Evacuation Pause)
[40,224s][info][gc,task       ] GC(339) Using 4 workers of 4 for evacuation
[40,228s][info][gc,phases     ] GC(339)   Pre Evacuate Collection Set: 0,0ms
[40,228s][info][gc,phases     ] GC(339)   Evacuate Collection Set: 2,9ms
[40,228s][info][gc,phases     ] GC(339)   Post Evacuate Collection Set: 0,6ms
[40,228s][info][gc,phases     ] GC(339)   Other: 0,2ms
[40,228s][info][gc,heap       ] GC(339) Eden regions: 24->0(24)
[40,228s][info][gc,heap       ] GC(339) Survivor regions: 1->1(4)
[40,228s][info][gc,heap       ] GC(339) Old regions: 111->111
[40,228s][info][gc,heap       ] GC(339) Humongous regions: 92->92
[40,228s][info][gc,metaspace  ] GC(339) Metaspace: 31998K->31998K(1081344K)
[40,228s][info][gc            ] GC(339) Pause Young (G1 Evacuation Pause) 226M->202M(256M) 3,821ms
[40,228s][info][gc,cpu        ] GC(339) User=0,02s Sys=0,00s Real=0,00s
[40,248s][info][gc,start      ] GC(340) Pause Young (G1 Evacuation Pause)
[40,248s][info][gc,task       ] GC(340) Using 4 workers of 4 for evacuation
[40,252s][info][gc,phases     ] GC(340)   Pre Evacuate Collection Set: 0,0ms
[40,252s][info][gc,phases     ] GC(340)   Evacuate Collection Set: 3,1ms
[40,252s][info][gc,phases     ] GC(340)   Post Evacuate Collection Set: 0,6ms
[40,252s][info][gc,phases     ] GC(340)   Other: 0,2ms
[40,252s][info][gc,heap       ] GC(340) Eden regions: 24->0(24)
[40,252s][info][gc,heap       ] GC(340) Survivor regions: 1->1(4)
[40,252s][info][gc,heap       ] GC(340) Old regions: 111->111
[40,252s][info][gc,heap       ] GC(340) Humongous regions: 92->92
[40,252s][info][gc,metaspace  ] GC(340) Metaspace: 31998K->31998K(1081344K)
[40,252s][info][gc            ] GC(340) Pause Young (G1 Evacuation Pause) 226M->202M(256M) 3,960ms
[40,252s][info][gc,cpu        ] GC(340) User=0,02s Sys=0,00s Real=0,00s
[40,273s][info][gc,start      ] GC(341) Pause Young (G1 Evacuation Pause)
[40,273s][info][gc,task       ] GC(341) Using 4 workers of 4 for evacuation
[40,277s][info][gc,phases     ] GC(341)   Pre Evacuate Collection Set: 0,0ms
[40,277s][info][gc,phases     ] GC(341)   Evacuate Collection Set: 3,9ms
[40,277s][info][gc,phases     ] GC(341)   Post Evacuate Collection Set: 0,6ms
[40,277s][info][gc,phases     ] GC(341)   Other: 0,2ms
[40,277s][info][gc,heap       ] GC(341) Eden regions: 24->0(24)
[40,277s][info][gc,heap       ] GC(341) Survivor regions: 1->1(4)
[40,277s][info][gc,heap       ] GC(341) Old regions: 111->111
[40,277s][info][gc,heap       ] GC(341) Humongous regions: 92->92
[40,277s][info][gc,metaspace  ] GC(341) Metaspace: 31998K->31998K(1081344K)
[40,277s][info][gc            ] GC(341) Pause Young (G1 Evacuation Pause) 226M->203M(256M) 4,874ms
[40,277s][info][gc,cpu        ] GC(341) User=0,02s Sys=0,00s Real=0,01s
[40,303s][info][gc,start      ] GC(342) Pause Young (G1 Evacuation Pause)
[40,303s][info][gc,task       ] GC(342) Using 4 workers of 4 for evacuation
[40,310s][info][gc,phases     ] GC(342)   Pre Evacuate Collection Set: 0,0ms
[40,310s][info][gc,phases     ] GC(342)   Evacuate Collection Set: 5,0ms
[40,310s][info][gc,phases     ] GC(342)   Post Evacuate Collection Set: 2,1ms
[40,310s][info][gc,phases     ] GC(342)   Other: 0,2ms
[40,310s][info][gc,heap       ] GC(342) Eden regions: 24->0(24)
[40,310s][info][gc,heap       ] GC(342) Survivor regions: 1->1(4)
[40,310s][info][gc,heap       ] GC(342) Old regions: 111->111
[40,310s][info][gc,heap       ] GC(342) Humongous regions: 92->92
[40,310s][info][gc,metaspace  ] GC(342) Metaspace: 31998K->31998K(1081344K)
[40,310s][info][gc            ] GC(342) Pause Young (G1 Evacuation Pause) 227M->203M(256M) 7,355ms
[40,310s][info][gc,cpu        ] GC(342) User=0,02s Sys=0,00s Real=0,00s
[40,332s][info][gc,start      ] GC(343) Pause Young (G1 Evacuation Pause)
[40,332s][info][gc,task       ] GC(343) Using 4 workers of 4 for evacuation
[40,337s][info][gc,phases     ] GC(343)   Pre Evacuate Collection Set: 0,0ms
[40,337s][info][gc,phases     ] GC(343)   Evacuate Collection Set: 4,5ms
[40,337s][info][gc,phases     ] GC(343)   Post Evacuate Collection Set: 0,6ms
[40,337s][info][gc,phases     ] GC(343)   Other: 0,2ms
[40,337s][info][gc,heap       ] GC(343) Eden regions: 24->0(24)
[40,337s][info][gc,heap       ] GC(343) Survivor regions: 1->1(4)
[40,337s][info][gc,heap       ] GC(343) Old regions: 111->111
[40,337s][info][gc,heap       ] GC(343) Humongous regions: 92->92
[40,337s][info][gc,metaspace  ] GC(343) Metaspace: 31998K->31998K(1081344K)
[40,337s][info][gc            ] GC(343) Pause Young (G1 Evacuation Pause) 227M->203M(256M) 5,447ms
[40,337s][info][gc,cpu        ] GC(343) User=0,02s Sys=0,00s Real=0,01s
[40,352s][info][gc,marking    ] GC(331) Concurrent Mark From Roots 347,456ms
[40,352s][info][gc,marking    ] GC(331) Concurrent Mark (40,005s, 40,352s) 347,530ms
[40,353s][info][gc,start      ] GC(331) Pause Remark
[40,365s][info][gc,stringtable] GC(331) Cleaned string and symbol table, strings: 13600 processed, 0 removed, symbols: 81463 processed, 0 removed
[40,365s][info][gc            ] GC(331) Pause Remark 220M->220M(256M) 12,451ms
[40,365s][info][gc,cpu        ] GC(331) User=0,04s Sys=0,00s Real=0,02s
[40,365s][info][gc,marking    ] GC(331) Concurrent Create Live Data
[40,373s][info][gc,start      ] GC(344) Pause Young (G1 Evacuation Pause)
[40,373s][info][gc,task       ] GC(344) Using 4 workers of 4 for evacuation
[40,378s][info][gc,phases     ] GC(344)   Pre Evacuate Collection Set: 0,0ms
[40,378s][info][gc,phases     ] GC(344)   Evacuate Collection Set: 5,2ms
[40,378s][info][gc,phases     ] GC(344)   Post Evacuate Collection Set: 0,3ms
[40,378s][info][gc,phases     ] GC(344)   Other: 0,2ms
[40,378s][info][gc,heap       ] GC(344) Eden regions: 24->0(24)
[40,378s][info][gc,heap       ] GC(344) Survivor regions: 1->1(4)
[40,378s][info][gc,heap       ] GC(344) Old regions: 111->111
[40,378s][info][gc,heap       ] GC(344) Humongous regions: 92->92
[40,378s][info][gc,metaspace  ] GC(344) Metaspace: 31998K->31998K(1081344K)
[40,378s][info][gc            ] GC(344) Pause Young (G1 Evacuation Pause) 227M->203M(256M) 5,807ms
[40,379s][info][gc,cpu        ] GC(344) User=0,02s Sys=0,00s Real=0,01s
[40,402s][info][gc,start      ] GC(345) Pause Young (G1 Evacuation Pause)
[40,402s][info][gc,task       ] GC(345) Using 4 workers of 4 for evacuation
[40,409s][info][gc,phases     ] GC(345)   Pre Evacuate Collection Set: 0,0ms
[40,409s][info][gc,phases     ] GC(345)   Evacuate Collection Set: 7,0ms
[40,409s][info][gc,phases     ] GC(345)   Post Evacuate Collection Set: 0,2ms
[40,409s][info][gc,phases     ] GC(345)   Other: 0,2ms
[40,409s][info][gc,heap       ] GC(345) Eden regions: 24->0(24)
[40,409s][info][gc,heap       ] GC(345) Survivor regions: 1->1(4)
[40,409s][info][gc,heap       ] GC(345) Old regions: 111->111
[40,409s][info][gc,heap       ] GC(345) Humongous regions: 92->92
[40,409s][info][gc,metaspace  ] GC(345) Metaspace: 31998K->31998K(1081344K)
[40,409s][info][gc            ] GC(345) Pause Young (G1 Evacuation Pause) 227M->203M(256M) 7,519ms
[40,409s][info][gc,cpu        ] GC(345) User=0,02s Sys=0,00s Real=0,00s
[40,430s][info][gc,start      ] GC(346) Pause Young (G1 Evacuation Pause)
[40,430s][info][gc,task       ] GC(346) Using 4 workers of 4 for evacuation
[40,437s][info][gc,phases     ] GC(346)   Pre Evacuate Collection Set: 0,0ms
[40,437s][info][gc,phases     ] GC(346)   Evacuate Collection Set: 6,2ms
[40,437s][info][gc,phases     ] GC(346)   Post Evacuate Collection Set: 0,3ms
[40,437s][info][gc,phases     ] GC(346)   Other: 0,2ms
[40,437s][info][gc,heap       ] GC(346) Eden regions: 24->0(24)
[40,437s][info][gc,heap       ] GC(346) Survivor regions: 1->1(4)
[40,437s][info][gc,heap       ] GC(346) Old regions: 111->111
[40,437s][info][gc,heap       ] GC(346) Humongous regions: 92->92
[40,437s][info][gc,metaspace  ] GC(346) Metaspace: 31998K->31998K(1081344K)
[40,437s][info][gc            ] GC(346) Pause Young (G1 Evacuation Pause) 227M->203M(256M) 6,718ms
[40,437s][info][gc,cpu        ] GC(346) User=0,02s Sys=0,00s Real=0,01s
[40,447s][info][gc,marking    ] GC(331) Concurrent Create Live Data 81,850ms
[40,447s][info][gc,start      ] GC(331) Pause Cleanup
[40,448s][info][gc            ] GC(331) Pause Cleanup 219M->219M(256M) 0,856ms
[40,448s][info][gc,cpu        ] GC(331) User=0,00s Sys=0,00s Real=0,00s
[40,448s][info][gc,marking    ] GC(331) Concurrent Cleanup for Next Mark
[40,451s][info][gc,marking    ] GC(331) Concurrent Cleanup for Next Mark 2,701ms
[40,451s][info][gc            ] GC(331) Concurrent Cycle 447,882ms
[40,455s][info][gc,start      ] GC(347) Pause Young (G1 Evacuation Pause)
[40,455s][info][gc,task       ] GC(347) Using 4 workers of 4 for evacuation
[40,461s][info][gc,phases     ] GC(347)   Pre Evacuate Collection Set: 0,0ms
[40,461s][info][gc,phases     ] GC(347)   Evacuate Collection Set: 5,9ms
[40,461s][info][gc,phases     ] GC(347)   Post Evacuate Collection Set: 0,3ms
[40,461s][info][gc,phases     ] GC(347)   Other: 0,2ms
[40,461s][info][gc,heap       ] GC(347) Eden regions: 24->0(11)
[40,461s][info][gc,heap       ] GC(347) Survivor regions: 1->1(4)
[40,461s][info][gc,heap       ] GC(347) Old regions: 111->111
[40,461s][info][gc,heap       ] GC(347) Humongous regions: 92->92
[40,461s][info][gc,metaspace  ] GC(347) Metaspace: 31998K->31998K(1081344K)
[40,461s][info][gc            ] GC(347) Pause Young (G1 Evacuation Pause) 227M->203M(256M) 6,480ms
[40,462s][info][gc,cpu        ] GC(347) User=0,02s Sys=0,00s Real=0,01s
[40,469s][info][gc,start      ] GC(348) Pause Mixed (G1 Evacuation Pause)
[40,469s][info][gc,task       ] GC(348) Using 4 workers of 4 for evacuation
[40,487s][info][gc,phases     ] GC(348)   Pre Evacuate Collection Set: 0,1ms
[40,487s][info][gc,phases     ] GC(348)   Evacuate Collection Set: 17,1ms
[40,487s][info][gc,phases     ] GC(348)   Post Evacuate Collection Set: 0,4ms
[40,487s][info][gc,phases     ] GC(348)   Other: 0,2ms
[40,487s][info][gc,heap       ] GC(348) Eden regions: 11->0(27)
[40,487s][info][gc,heap       ] GC(348) Survivor regions: 1->1(2)
[40,487s][info][gc,heap       ] GC(348) Old regions: 111->102
[40,487s][info][gc,heap       ] GC(348) Humongous regions: 92->92
[40,487s][info][gc,metaspace  ] GC(348) Metaspace: 31998K->31998K(1081344K)
[40,487s][info][gc            ] GC(348) Pause Mixed (G1 Evacuation Pause) 214M->194M(256M) 17,901ms
[40,487s][info][gc,cpu        ] GC(348) User=0,06s Sys=0,00s Real=0,02s
[40,511s][info][gc,start      ] GC(349) Pause Young (G1 Evacuation Pause)
[40,511s][info][gc,task       ] GC(349) Using 4 workers of 4 for evacuation
[40,530s][info][gc,phases     ] GC(349)   Pre Evacuate Collection Set: 0,0ms
[40,531s][info][gc,phases     ] GC(349)   Evacuate Collection Set: 19,4ms
[40,531s][info][gc,phases     ] GC(349)   Post Evacuate Collection Set: 0,3ms
[40,531s][info][gc,phases     ] GC(349)   Other: 0,2ms
[40,531s][info][gc,heap       ] GC(349) Eden regions: 27->0(27)
[40,531s][info][gc,heap       ] GC(349) Survivor regions: 1->2(4)
[40,531s][info][gc,heap       ] GC(349) Old regions: 102->102
[40,531s][info][gc,heap       ] GC(349) Humongous regions: 92->92
[40,531s][info][gc,metaspace  ] GC(349) Metaspace: 31998K->31998K(1081344K)
[40,531s][info][gc            ] GC(349) Pause Young (G1 Evacuation Pause) 221M->194M(256M) 19,993ms
[40,531s][info][gc,cpu        ] GC(349) User=0,06s Sys=0,00s Real=0,02s
[40,554s][info][gc,start      ] GC(350) Pause Young (G1 Evacuation Pause)
[40,554s][info][gc,task       ] GC(350) Using 4 workers of 4 for evacuation
[40,566s][info][gc,phases     ] GC(350)   Pre Evacuate Collection Set: 0,0ms
[40,566s][info][gc,phases     ] GC(350)   Evacuate Collection Set: 11,3ms
[40,566s][info][gc,phases     ] GC(350)   Post Evacuate Collection Set: 0,3ms
[40,566s][info][gc,phases     ] GC(350)   Other: 0,2ms
[40,566s][info][gc,heap       ] GC(350) Eden regions: 27->0(28)
[40,566s][info][gc,heap       ] GC(350) Survivor regions: 2->2(4)
[40,566s][info][gc,heap       ] GC(350) Old regions: 102->102
[40,566s][info][gc,heap       ] GC(350) Humongous regions: 92->92
[40,566s][info][gc,metaspace  ] GC(350) Metaspace: 31999K->31999K(1081344K)
[40,566s][info][gc            ] GC(350) Pause Young (G1 Evacuation Pause) 221M->194M(256M) 11,890ms
[40,566s][info][gc,cpu        ] GC(350) User=0,04s Sys=0,00s Real=0,01s
[40,602s][info][gc,start      ] GC(351) Pause Initial Mark (G1 Evacuation Pause)
[40,602s][info][gc,task       ] GC(351) Using 4 workers of 4 for evacuation
[40,622s][info][gc,phases     ] GC(351)   Pre Evacuate Collection Set: 0,0ms
[40,622s][info][gc,phases     ] GC(351)   Evacuate Collection Set: 19,2ms
[40,622s][info][gc,phases     ] GC(351)   Post Evacuate Collection Set: 0,5ms
[40,622s][info][gc,phases     ] GC(351)   Other: 0,2ms
[40,622s][info][gc,heap       ] GC(351) Eden regions: 28->0(28)
[40,622s][info][gc,heap       ] GC(351) Survivor regions: 2->2(4)
[40,622s][info][gc,heap       ] GC(351) Old regions: 102->102
[40,622s][info][gc,heap       ] GC(351) Humongous regions: 92->92
[40,622s][info][gc,metaspace  ] GC(351) Metaspace: 31999K->31999K(1081344K)
[40,622s][info][gc            ] GC(351) Pause Initial Mark (G1 Evacuation Pause) 222M->194M(256M) 20,072ms
[40,622s][info][gc,cpu        ] GC(351) User=0,04s Sys=0,00s Real=0,02s
[40,625s][info][gc            ] GC(352) Concurrent Cycle
[40,625s][info][gc,marking    ] GC(352) Concurrent Clear Claimed Marks
[40,626s][info][gc,marking    ] GC(352) Concurrent Clear Claimed Marks 0,187ms
[40,626s][info][gc,marking    ] GC(352) Concurrent Scan Root Regions
[40,627s][info][gc,marking    ] GC(352) Concurrent Scan Root Regions 1,882ms
[40,628s][info][gc,marking    ] GC(352) Concurrent Mark (40,628s)
[40,628s][info][gc,marking    ] GC(352) Concurrent Mark From Roots
[40,628s][info][gc,task       ] GC(352) Using 1 workers of 1 for marking
[40,669s][info][gc,start      ] GC(353) Pause Young (G1 Evacuation Pause)
[40,669s][info][gc,task       ] GC(353) Using 4 workers of 4 for evacuation
[40,703s][info][gc,phases     ] GC(353)   Pre Evacuate Collection Set: 0,0ms
[40,703s][info][gc,phases     ] GC(353)   Evacuate Collection Set: 28,5ms
[40,703s][info][gc,phases     ] GC(353)   Post Evacuate Collection Set: 5,6ms
[40,703s][info][gc,phases     ] GC(353)   Other: 0,2ms
[40,703s][info][gc,heap       ] GC(353) Eden regions: 28->0(29)
[40,703s][info][gc,heap       ] GC(353) Survivor regions: 2->2(4)
[40,703s][info][gc,heap       ] GC(353) Old regions: 102->102
[40,703s][info][gc,heap       ] GC(353) Humongous regions: 92->92
[40,703s][info][gc,metaspace  ] GC(353) Metaspace: 31999K->31999K(1081344K)
[40,703s][info][gc            ] GC(353) Pause Young (G1 Evacuation Pause) 222M->195M(256M) 34,411ms
[40,703s][info][gc,cpu        ] GC(353) User=0,05s Sys=0,00s Real=0,04s
[40,760s][info][gc,start      ] GC(354) Pause Young (G1 Evacuation Pause)
[40,760s][info][gc,task       ] GC(354) Using 4 workers of 4 for evacuation
[40,787s][info][gc,phases     ] GC(354)   Pre Evacuate Collection Set: 0,0ms
[40,787s][info][gc,phases     ] GC(354)   Evacuate Collection Set: 25,6ms
[40,787s][info][gc,phases     ] GC(354)   Post Evacuate Collection Set: 0,5ms
[40,787s][info][gc,phases     ] GC(354)   Other: 0,2ms
[40,787s][info][gc,heap       ] GC(354) Eden regions: 29->0(29)
[40,787s][info][gc,heap       ] GC(354) Survivor regions: 2->2(4)
[40,787s][info][gc,heap       ] GC(354) Old regions: 102->102
[40,787s][info][gc,heap       ] GC(354) Humongous regions: 92->92
[40,787s][info][gc,metaspace  ] GC(354) Metaspace: 31999K->31999K(1081344K)
[40,787s][info][gc            ] GC(354) Pause Young (G1 Evacuation Pause) 224M->195M(256M) 26,497ms
[40,787s][info][gc,cpu        ] GC(354) User=0,05s Sys=0,00s Real=0,03s
[40,817s][info][gc,start      ] GC(355) Pause Young (G1 Evacuation Pause)
[40,817s][info][gc,task       ] GC(355) Using 4 workers of 4 for evacuation
[40,829s][info][gc,phases     ] GC(355)   Pre Evacuate Collection Set: 0,0ms
[40,829s][info][gc,phases     ] GC(355)   Evacuate Collection Set: 11,5ms
[40,829s][info][gc,phases     ] GC(355)   Post Evacuate Collection Set: 0,5ms
[40,829s][info][gc,phases     ] GC(355)   Other: 0,2ms
[40,829s][info][gc,heap       ] GC(355) Eden regions: 29->0(29)
[40,829s][info][gc,heap       ] GC(355) Survivor regions: 2->2(4)
[40,829s][info][gc,heap       ] GC(355) Old regions: 102->102
[40,829s][info][gc,heap       ] GC(355) Humongous regions: 92->92
[40,829s][info][gc,metaspace  ] GC(355) Metaspace: 31999K->31999K(1081344K)
[40,829s][info][gc            ] GC(355) Pause Young (G1 Evacuation Pause) 224M->195M(256M) 12,302ms
[40,829s][info][gc,cpu        ] GC(355) User=0,03s Sys=0,00s Real=0,01s
[40,853s][info][gc,start      ] GC(356) Pause Young (G1 Evacuation Pause)
[40,854s][info][gc,task       ] GC(356) Using 4 workers of 4 for evacuation
[40,894s][info][gc,phases     ] GC(356)   Pre Evacuate Collection Set: 0,0ms
[40,894s][info][gc,phases     ] GC(356)   Evacuate Collection Set: 27,7ms
[40,894s][info][gc,phases     ] GC(356)   Post Evacuate Collection Set: 12,2ms
[40,894s][info][gc,phases     ] GC(356)   Other: 0,2ms
[40,894s][info][gc,heap       ] GC(356) Eden regions: 29->0(29)
[40,894s][info][gc,heap       ] GC(356) Survivor regions: 2->2(4)
[40,894s][info][gc,heap       ] GC(356) Old regions: 102->103
[40,894s][info][gc,heap       ] GC(356) Humongous regions: 92->92
[40,894s][info][gc,metaspace  ] GC(356) Metaspace: 31999K->31999K(1081344K)
[40,894s][info][gc            ] GC(356) Pause Young (G1 Evacuation Pause) 224M->195M(256M) 40,288ms
[40,894s][info][gc,cpu        ] GC(356) User=0,05s Sys=0,00s Real=0,04s
[40,968s][info][gc,start      ] GC(357) Pause Young (G1 Evacuation Pause)
[40,968s][info][gc,task       ] GC(357) Using 4 workers of 4 for evacuation
[41,012s][info][gc,phases     ] GC(357)   Pre Evacuate Collection Set: 0,0ms
[41,012s][info][gc,phases     ] GC(357)   Evacuate Collection Set: 28,9ms
[41,012s][info][gc,phases     ] GC(357)   Post Evacuate Collection Set: 14,9ms
[41,012s][info][gc,phases     ] GC(357)   Other: 0,2ms
[41,012s][info][gc,heap       ] GC(357) Eden regions: 29->0(29)
[41,012s][info][gc,heap       ] GC(357) Survivor regions: 2->2(4)
[41,012s][info][gc,heap       ] GC(357) Old regions: 103->103
[41,012s][info][gc,heap       ] GC(357) Humongous regions: 92->92
[41,012s][info][gc,metaspace  ] GC(357) Metaspace: 31999K->31999K(1081344K)
[41,012s][info][gc            ] GC(357) Pause Young (G1 Evacuation Pause) 224M->195M(256M) 44,122ms
[41,012s][info][gc,cpu        ] GC(357) User=0,07s Sys=0,00s Real=0,04s
[41,072s][info][gc,start      ] GC(358) Pause Young (G1 Evacuation Pause)
[41,072s][info][gc,task       ] GC(358) Using 4 workers of 4 for evacuation
[41,090s][info][gc,phases     ] GC(358)   Pre Evacuate Collection Set: 0,0ms
[41,090s][info][gc,phases     ] GC(358)   Evacuate Collection Set: 16,2ms
[41,090s][info][gc,phases     ] GC(358)   Post Evacuate Collection Set: 2,0ms
[41,090s][info][gc,phases     ] GC(358)   Other: 0,2ms
[41,090s][info][gc,heap       ] GC(358) Eden regions: 29->0(30)
[41,090s][info][gc,heap       ] GC(358) Survivor regions: 2->2(4)
[41,090s][info][gc,heap       ] GC(358) Old regions: 103->103
[41,090s][info][gc,heap       ] GC(358) Humongous regions: 92->92
[41,090s][info][gc,metaspace  ] GC(358) Metaspace: 32006K->32006K(1081344K)
[41,090s][info][gc            ] GC(358) Pause Young (G1 Evacuation Pause) 224M->195M(256M) 18,539ms
[41,090s][info][gc,cpu        ] GC(358) User=0,04s Sys=0,00s Real=0,02s
[41,135s][info][gc,start      ] GC(359) Pause Young (G1 Evacuation Pause)
[41,136s][info][gc,task       ] GC(359) Using 4 workers of 4 for evacuation
[41,173s][info][gc,phases     ] GC(359)   Pre Evacuate Collection Set: 0,0ms
[41,173s][info][gc,phases     ] GC(359)   Evacuate Collection Set: 35,1ms
[41,173s][info][gc,phases     ] GC(359)   Post Evacuate Collection Set: 2,6ms
[41,173s][info][gc,phases     ] GC(359)   Other: 0,2ms
[41,173s][info][gc,heap       ] GC(359) Eden regions: 30->0(30)
[41,173s][info][gc,heap       ] GC(359) Survivor regions: 2->2(4)
[41,173s][info][gc,heap       ] GC(359) Old regions: 103->103
[41,173s][info][gc,heap       ] GC(359) Humongous regions: 92->92
[41,173s][info][gc,metaspace  ] GC(359) Metaspace: 32006K->32006K(1081344K)
[41,173s][info][gc            ] GC(359) Pause Young (G1 Evacuation Pause) 225M->195M(256M) 38,037ms
[41,174s][info][gc,cpu        ] GC(359) User=0,05s Sys=0,00s Real=0,04s
[41,217s][info][gc,start      ] GC(360) Pause Young (G1 Evacuation Pause)
[41,217s][info][gc,task       ] GC(360) Using 4 workers of 4 for evacuation
[41,241s][info][gc,phases     ] GC(360)   Pre Evacuate Collection Set: 0,0ms
[41,241s][info][gc,phases     ] GC(360)   Evacuate Collection Set: 19,5ms
[41,241s][info][gc,phases     ] GC(360)   Post Evacuate Collection Set: 5,0ms
[41,241s][info][gc,phases     ] GC(360)   Other: 0,2ms
[41,241s][info][gc,heap       ] GC(360) Eden regions: 30->0(30)
[41,241s][info][gc,heap       ] GC(360) Survivor regions: 2->2(4)
[41,241s][info][gc,heap       ] GC(360) Old regions: 103->103
[41,241s][info][gc,heap       ] GC(360) Humongous regions: 92->92
[41,241s][info][gc,metaspace  ] GC(360) Metaspace: 32006K->32006K(1081344K)
[41,241s][info][gc            ] GC(360) Pause Young (G1 Evacuation Pause) 225M->195M(256M) 24,882ms
[41,242s][info][gc,cpu        ] GC(360) User=0,05s Sys=0,00s Real=0,03s
[41,277s][info][gc,start      ] GC(361) Pause Young (G1 Evacuation Pause)
[41,277s][info][gc,task       ] GC(361) Using 4 workers of 4 for evacuation
[41,300s][info][gc,phases     ] GC(361)   Pre Evacuate Collection Set: 0,0ms
[41,300s][info][gc,phases     ] GC(361)   Evacuate Collection Set: 22,5ms
[41,300s][info][gc,phases     ] GC(361)   Post Evacuate Collection Set: 0,9ms
[41,300s][info][gc,phases     ] GC(361)   Other: 0,2ms
[41,300s][info][gc,heap       ] GC(361) Eden regions: 30->0(30)
[41,300s][info][gc,heap       ] GC(361) Survivor regions: 2->2(4)
[41,300s][info][gc,heap       ] GC(361) Old regions: 103->103
[41,300s][info][gc,heap       ] GC(361) Humongous regions: 92->92
[41,300s][info][gc,metaspace  ] GC(361) Metaspace: 32006K->32006K(1081344K)
[41,300s][info][gc            ] GC(361) Pause Young (G1 Evacuation Pause) 225M->195M(256M) 23,696ms
[41,300s][info][gc,cpu        ] GC(361) User=0,05s Sys=0,00s Real=0,02s
[41,358s][info][gc,start      ] GC(362) Pause Young (G1 Evacuation Pause)
[41,358s][info][gc,task       ] GC(362) Using 4 workers of 4 for evacuation
[41,387s][info][gc,phases     ] GC(362)   Pre Evacuate Collection Set: 0,0ms
[41,387s][info][gc,phases     ] GC(362)   Evacuate Collection Set: 27,8ms
[41,387s][info][gc,phases     ] GC(362)   Post Evacuate Collection Set: 0,7ms
[41,387s][info][gc,phases     ] GC(362)   Other: 0,2ms
[41,387s][info][gc,heap       ] GC(362) Eden regions: 30->0(30)
[41,387s][info][gc,heap       ] GC(362) Survivor regions: 2->2(4)
[41,387s][info][gc,heap       ] GC(362) Old regions: 103->103
[41,387s][info][gc,heap       ] GC(362) Humongous regions: 92->92
[41,387s][info][gc,metaspace  ] GC(362) Metaspace: 32006K->32006K(1081344K)
[41,387s][info][gc            ] GC(362) Pause Young (G1 Evacuation Pause) 225M->196M(256M) 28,932ms
[41,387s][info][gc,cpu        ] GC(362) User=0,05s Sys=0,00s Real=0,03s
[41,395s][info][gc,marking    ] GC(352) Concurrent Mark From Roots 767,559ms
[41,395s][info][gc,marking    ] GC(352) Concurrent Mark (40,628s, 41,395s) 767,632ms
[41,395s][info][gc,start      ] GC(352) Pause Remark
[41,417s][info][gc,stringtable] GC(352) Cleaned string and symbol table, strings: 13600 processed, 0 removed, symbols: 81463 processed, 0 removed
[41,417s][info][gc            ] GC(352) Pause Remark 200M->200M(256M) 21,407ms
[41,417s][info][gc,cpu        ] GC(352) User=0,03s Sys=0,00s Real=0,02s
[41,417s][info][gc,marking    ] GC(352) Concurrent Create Live Data
[41,462s][info][gc,start      ] GC(363) Pause Young (G1 Evacuation Pause)
[41,463s][info][gc,task       ] GC(363) Using 4 workers of 4 for evacuation
[41,487s][info][gc,phases     ] GC(363)   Pre Evacuate Collection Set: 0,0ms
[41,487s][info][gc,phases     ] GC(363)   Evacuate Collection Set: 23,8ms
[41,487s][info][gc,phases     ] GC(363)   Post Evacuate Collection Set: 0,5ms
[41,487s][info][gc,phases     ] GC(363)   Other: 0,2ms
[41,487s][info][gc,heap       ] GC(363) Eden regions: 30->0(30)
[41,487s][info][gc,heap       ] GC(363) Survivor regions: 2->2(4)
[41,487s][info][gc,heap       ] GC(363) Old regions: 103->103
[41,487s][info][gc,heap       ] GC(363) Humongous regions: 92->92
[41,487s][info][gc,metaspace  ] GC(363) Metaspace: 32006K->32006K(1081344K)
[41,487s][info][gc            ] GC(363) Pause Young (G1 Evacuation Pause) 226M->196M(256M) 24,592ms
[41,487s][info][gc,cpu        ] GC(363) User=0,04s Sys=0,00s Real=0,02s
[41,511s][info][gc,marking    ] GC(352) Concurrent Create Live Data 94,366ms
[41,514s][info][gc,start      ] GC(352) Pause Cleanup
[41,515s][info][gc            ] GC(352) Pause Cleanup 207M->207M(256M) 1,124ms
[41,515s][info][gc,cpu        ] GC(352) User=0,00s Sys=0,00s Real=0,00s
[41,515s][info][gc,marking    ] GC(352) Concurrent Cleanup for Next Mark
[41,517s][info][gc,marking    ] GC(352) Concurrent Cleanup for Next Mark 1,841ms
[41,517s][info][gc            ] GC(352) Concurrent Cycle 891,852ms
[41,543s][info][gc,start      ] GC(364) Pause Young (G1 Evacuation Pause)
[41,543s][info][gc,task       ] GC(364) Using 4 workers of 4 for evacuation
[41,564s][info][gc,phases     ] GC(364)   Pre Evacuate Collection Set: 0,0ms
[41,564s][info][gc,phases     ] GC(364)   Evacuate Collection Set: 20,3ms
[41,564s][info][gc,phases     ] GC(364)   Post Evacuate Collection Set: 0,3ms
[41,564s][info][gc,phases     ] GC(364)   Other: 0,3ms
[41,564s][info][gc,heap       ] GC(364) Eden regions: 30->0(10)
[41,564s][info][gc,heap       ] GC(364) Survivor regions: 2->2(4)
[41,564s][info][gc,heap       ] GC(364) Old regions: 103->103
[41,564s][info][gc,heap       ] GC(364) Humongous regions: 92->92
[41,564s][info][gc,metaspace  ] GC(364) Metaspace: 32007K->32007K(1081344K)
[41,564s][info][gc            ] GC(364) Pause Young (G1 Evacuation Pause) 226M->196M(256M) 21,035ms
[41,564s][info][gc,cpu        ] GC(364) User=0,04s Sys=0,00s Real=0,02s
[41,581s][info][gc,start      ] GC(365) Pause Mixed (G1 Evacuation Pause)
[41,581s][info][gc,task       ] GC(365) Using 4 workers of 4 for evacuation
[41,620s][info][gc,phases     ] GC(365)   Pre Evacuate Collection Set: 0,1ms
[41,620s][info][gc,phases     ] GC(365)   Evacuate Collection Set: 39,0ms
[41,620s][info][gc,phases     ] GC(365)   Post Evacuate Collection Set: 0,5ms
[41,620s][info][gc,phases     ] GC(365)   Other: 0,2ms
[41,620s][info][gc,heap       ] GC(365) Eden regions: 10->0(31)
[41,620s][info][gc,heap       ] GC(365) Survivor regions: 2->2(2)
[41,620s][info][gc,heap       ] GC(365) Old regions: 103->100
[41,620s][info][gc,heap       ] GC(365) Humongous regions: 92->92
[41,620s][info][gc,metaspace  ] GC(365) Metaspace: 32009K->32009K(1081344K)
[41,620s][info][gc            ] GC(365) Pause Mixed (G1 Evacuation Pause) 206M->192M(256M) 39,913ms
[41,620s][info][gc,cpu        ] GC(365) User=0,07s Sys=0,00s Real=0,04s
[41,658s][info][gc,start      ] GC(366) Pause Young (G1 Evacuation Pause)
[41,658s][info][gc,task       ] GC(366) Using 4 workers of 4 for evacuation
[41,684s][info][gc,phases     ] GC(366)   Pre Evacuate Collection Set: 0,0ms
[41,684s][info][gc,phases     ] GC(366)   Evacuate Collection Set: 25,7ms
[41,684s][info][gc,phases     ] GC(366)   Post Evacuate Collection Set: 0,3ms
[41,684s][info][gc,phases     ] GC(366)   Other: 0,2ms
[41,684s][info][gc,heap       ] GC(366) Eden regions: 31->0(32)
[41,684s][info][gc,heap       ] GC(366) Survivor regions: 2->2(5)
[41,684s][info][gc,heap       ] GC(366) Old regions: 100->100
[41,684s][info][gc,heap       ] GC(366) Humongous regions: 92->92
[41,684s][info][gc,metaspace  ] GC(366) Metaspace: 32009K->32009K(1081344K)
[41,684s][info][gc            ] GC(366) Pause Young (G1 Evacuation Pause) 223M->192M(256M) 26,326ms
[41,684s][info][gc,cpu        ] GC(366) User=0,05s Sys=0,00s Real=0,03s
[41,716s][info][gc,start      ] GC(367) Pause Young (G1 Evacuation Pause)
[41,716s][info][gc,task       ] GC(367) Using 4 workers of 4 for evacuation
[41,743s][info][gc,phases     ] GC(367)   Pre Evacuate Collection Set: 0,0ms
[41,743s][info][gc,phases     ] GC(367)   Evacuate Collection Set: 26,4ms
[41,743s][info][gc,phases     ] GC(367)   Post Evacuate Collection Set: 0,5ms
[41,743s][info][gc,phases     ] GC(367)   Other: 0,2ms
[41,743s][info][gc,heap       ] GC(367) Eden regions: 32->0(31)
[41,743s][info][gc,heap       ] GC(367) Survivor regions: 2->3(5)
[41,743s][info][gc,heap       ] GC(367) Old regions: 100->100
[41,743s][info][gc,heap       ] GC(367) Humongous regions: 92->92
[41,743s][info][gc,metaspace  ] GC(367) Metaspace: 32009K->32009K(1081344K)
[41,743s][info][gc            ] GC(367) Pause Young (G1 Evacuation Pause) 224M->194M(256M) 27,210ms
[41,743s][info][gc,cpu        ] GC(367) User=0,05s Sys=0,00s Real=0,03s
[41,783s][info][gc,start      ] GC(368) Pause Initial Mark (G1 Evacuation Pause)
[41,783s][info][gc,task       ] GC(368) Using 4 workers of 4 for evacuation
[41,827s][info][gc,phases     ] GC(368)   Pre Evacuate Collection Set: 0,0ms
[41,827s][info][gc,phases     ] GC(368)   Evacuate Collection Set: 43,2ms
[41,827s][info][gc,phases     ] GC(368)   Post Evacuate Collection Set: 0,7ms
[41,827s][info][gc,phases     ] GC(368)   Other: 0,3ms
[41,827s][info][gc,heap       ] GC(368) Eden regions: 31->0(27)
[41,827s][info][gc,heap       ] GC(368) Survivor regions: 3->5(5)
[41,827s][info][gc,heap       ] GC(368) Old regions: 100->101
[41,827s][info][gc,heap       ] GC(368) Humongous regions: 92->92
[41,827s][info][gc,metaspace  ] GC(368) Metaspace: 32009K->32009K(1081344K)
[41,827s][info][gc            ] GC(368) Pause Initial Mark (G1 Evacuation Pause) 225M->197M(256M) 44,305ms
[41,827s][info][gc,cpu        ] GC(368) User=0,06s Sys=0,01s Real=0,04s
[41,827s][info][gc            ] GC(369) Concurrent Cycle
[41,827s][info][gc,marking    ] GC(369) Concurrent Clear Claimed Marks
[41,827s][info][gc,marking    ] GC(369) Concurrent Clear Claimed Marks 0,187ms
[41,827s][info][gc,marking    ] GC(369) Concurrent Scan Root Regions
[41,832s][info][gc,marking    ] GC(369) Concurrent Scan Root Regions 4,622ms
[41,832s][info][gc,marking    ] GC(369) Concurrent Mark (41,832s)
[41,832s][info][gc,marking    ] GC(369) Concurrent Mark From Roots
[41,832s][info][gc,task       ] GC(369) Using 1 workers of 1 for marking
[41,898s][info][gc,start      ] GC(370) Pause Young (G1 Evacuation Pause)
[41,898s][info][gc,task       ] GC(370) Using 4 workers of 4 for evacuation
[41,935s][info][gc,phases     ] GC(370)   Pre Evacuate Collection Set: 0,0ms
[41,935s][info][gc,phases     ] GC(370)   Evacuate Collection Set: 36,3ms
[41,935s][info][gc,phases     ] GC(370)   Post Evacuate Collection Set: 0,6ms
[41,935s][info][gc,phases     ] GC(370)   Other: 0,3ms
[41,935s][info][gc,heap       ] GC(370) Eden regions: 27->0(27)
[41,935s][info][gc,heap       ] GC(370) Survivor regions: 5->1(4)
[41,935s][info][gc,heap       ] GC(370) Old regions: 101->105
[41,935s][info][gc,heap       ] GC(370) Humongous regions: 92->92
[41,935s][info][gc,metaspace  ] GC(370) Metaspace: 32018K->32018K(1081344K)
[41,935s][info][gc            ] GC(370) Pause Young (G1 Evacuation Pause) 224M->197M(256M) 37,309ms
[41,935s][info][gc,cpu        ] GC(370) User=0,07s Sys=0,00s Real=0,04s
[41,982s][info][gc,start      ] GC(371) Pause Young (G1 Evacuation Pause)
[41,982s][info][gc,task       ] GC(371) Using 4 workers of 4 for evacuation
[42,006s][info][gc,phases     ] GC(371)   Pre Evacuate Collection Set: 0,0ms
[42,007s][info][gc,phases     ] GC(371)   Evacuate Collection Set: 24,2ms
[42,007s][info][gc,phases     ] GC(371)   Post Evacuate Collection Set: 0,5ms
[42,007s][info][gc,phases     ] GC(371)   Other: 0,2ms
[42,007s][info][gc,heap       ] GC(371) Eden regions: 27->0(28)
[42,007s][info][gc,heap       ] GC(371) Survivor regions: 1->1(4)
[42,007s][info][gc,heap       ] GC(371) Old regions: 105->105
[42,007s][info][gc,heap       ] GC(371) Humongous regions: 92->92
[42,007s][info][gc,metaspace  ] GC(371) Metaspace: 32018K->32018K(1081344K)
[42,007s][info][gc            ] GC(371) Pause Young (G1 Evacuation Pause) 224M->197M(256M) 25,057ms
[42,007s][info][gc,cpu        ] GC(371) User=0,03s Sys=0,00s Real=0,02s
[42,082s][info][gc,start      ] GC(372) Pause Young (G1 Evacuation Pause)
[42,082s][info][gc,task       ] GC(372) Using 4 workers of 4 for evacuation
[42,102s][info][gc,phases     ] GC(372)   Pre Evacuate Collection Set: 0,0ms
[42,102s][info][gc,phases     ] GC(372)   Evacuate Collection Set: 19,4ms
[42,102s][info][gc,phases     ] GC(372)   Post Evacuate Collection Set: 0,7ms
[42,102s][info][gc,phases     ] GC(372)   Other: 0,2ms
[42,102s][info][gc,heap       ] GC(372) Eden regions: 28->0(28)
[42,102s][info][gc,heap       ] GC(372) Survivor regions: 1->1(4)
[42,102s][info][gc,heap       ] GC(372) Old regions: 105->105
[42,102s][info][gc,heap       ] GC(372) Humongous regions: 92->92
[42,102s][info][gc,metaspace  ] GC(372) Metaspace: 32018K->32018K(1081344K)
[42,102s][info][gc            ] GC(372) Pause Young (G1 Evacuation Pause) 225M->197M(256M) 20,500ms
[42,102s][info][gc,cpu        ] GC(372) User=0,02s Sys=0,00s Real=0,02s
[42,131s][info][gc,start      ] GC(373) Pause Young (G1 Evacuation Pause)
[42,131s][info][gc,task       ] GC(373) Using 4 workers of 4 for evacuation
[42,137s][info][gc,phases     ] GC(373)   Pre Evacuate Collection Set: 0,0ms
[42,137s][info][gc,phases     ] GC(373)   Evacuate Collection Set: 4,2ms
[42,137s][info][gc,phases     ] GC(373)   Post Evacuate Collection Set: 1,4ms
[42,137s][info][gc,phases     ] GC(373)   Other: 0,2ms
[42,137s][info][gc,heap       ] GC(373) Eden regions: 28->0(28)
[42,137s][info][gc,heap       ] GC(373) Survivor regions: 1->1(4)
[42,137s][info][gc,heap       ] GC(373) Old regions: 105->105
[42,137s][info][gc,heap       ] GC(373) Humongous regions: 92->92
[42,137s][info][gc,metaspace  ] GC(373) Metaspace: 32018K->32018K(1081344K)
[42,137s][info][gc            ] GC(373) Pause Young (G1 Evacuation Pause) 225M->197M(256M) 5,912ms
[42,137s][info][gc,cpu        ] GC(373) User=0,02s Sys=0,00s Real=0,01s
[42,169s][info][gc,start      ] GC(374) Pause Young (G1 Evacuation Pause)
[42,169s][info][gc,task       ] GC(374) Using 4 workers of 4 for evacuation
[42,175s][info][gc,phases     ] GC(374)   Pre Evacuate Collection Set: 0,0ms
[42,175s][info][gc,phases     ] GC(374)   Evacuate Collection Set: 4,8ms
[42,175s][info][gc,phases     ] GC(374)   Post Evacuate Collection Set: 1,4ms
[42,175s][info][gc,phases     ] GC(374)   Other: 0,2ms
[42,175s][info][gc,heap       ] GC(374) Eden regions: 28->0(29)
[42,175s][info][gc,heap       ] GC(374) Survivor regions: 1->1(4)
[42,175s][info][gc,heap       ] GC(374) Old regions: 105->105
[42,175s][info][gc,heap       ] GC(374) Humongous regions: 92->92
[42,175s][info][gc,metaspace  ] GC(374) Metaspace: 32018K->32018K(1081344K)
[42,175s][info][gc            ] GC(374) Pause Young (G1 Evacuation Pause) 225M->197M(256M) 6,569ms
[42,175s][info][gc,cpu        ] GC(374) User=0,02s Sys=0,00s Real=0,01s
[42,207s][info][gc,start      ] GC(375) Pause Young (G1 Evacuation Pause)
[42,207s][info][gc,task       ] GC(375) Using 4 workers of 4 for evacuation
[42,216s][info][gc,phases     ] GC(375)   Pre Evacuate Collection Set: 0,0ms
[42,216s][info][gc,phases     ] GC(375)   Evacuate Collection Set: 5,7ms
[42,216s][info][gc,phases     ] GC(375)   Post Evacuate Collection Set: 2,9ms
[42,216s][info][gc,phases     ] GC(375)   Other: 0,2ms
[42,216s][info][gc,heap       ] GC(375) Eden regions: 29->0(29)
[42,216s][info][gc,heap       ] GC(375) Survivor regions: 1->1(4)
[42,216s][info][gc,heap       ] GC(375) Old regions: 105->105
[42,216s][info][gc,heap       ] GC(375) Humongous regions: 92->92
[42,216s][info][gc,metaspace  ] GC(375) Metaspace: 32018K->32018K(1081344K)
[42,216s][info][gc            ] GC(375) Pause Young (G1 Evacuation Pause) 226M->197M(256M) 8,913ms
[42,216s][info][gc,cpu        ] GC(375) User=0,02s Sys=0,00s Real=0,01s
[42,243s][info][gc,marking    ] GC(369) Concurrent Mark From Roots 411,416ms
[42,244s][info][gc,marking    ] GC(369) Concurrent Mark (41,832s, 42,244s) 411,494ms
[42,246s][info][gc,start      ] GC(369) Pause Remark
[42,261s][info][gc,stringtable] GC(369) Cleaned string and symbol table, strings: 13612 processed, 0 removed, symbols: 81463 processed, 0 removed
[42,261s][info][gc            ] GC(369) Pause Remark 224M->224M(256M) 14,645ms
[42,261s][info][gc,cpu        ] GC(369) User=0,04s Sys=0,00s Real=0,01s
[42,261s][info][gc,marking    ] GC(369) Concurrent Create Live Data
[42,264s][info][gc,start      ] GC(376) Pause Young (G1 Evacuation Pause)
[42,264s][info][gc,task       ] GC(376) Using 4 workers of 4 for evacuation
[42,270s][info][gc,phases     ] GC(376)   Pre Evacuate Collection Set: 0,0ms
[42,270s][info][gc,phases     ] GC(376)   Evacuate Collection Set: 5,8ms
[42,270s][info][gc,phases     ] GC(376)   Post Evacuate Collection Set: 0,2ms
[42,270s][info][gc,phases     ] GC(376)   Other: 0,2ms
[42,270s][info][gc,heap       ] GC(376) Eden regions: 29->0(29)
[42,270s][info][gc,heap       ] GC(376) Survivor regions: 1->1(4)
[42,270s][info][gc,heap       ] GC(376) Old regions: 105->105
[42,270s][info][gc,heap       ] GC(376) Humongous regions: 92->92
[42,270s][info][gc,metaspace  ] GC(376) Metaspace: 32018K->32018K(1081344K)
[42,270s][info][gc            ] GC(376) Pause Young (G1 Evacuation Pause) 226M->197M(256M) 6,357ms
[42,270s][info][gc,cpu        ] GC(376) User=0,01s Sys=0,00s Real=0,00s
[42,290s][info][gc,start      ] GC(377) Pause Young (G1 Evacuation Pause)
[42,290s][info][gc,task       ] GC(377) Using 4 workers of 4 for evacuation
[42,296s][info][gc,phases     ] GC(377)   Pre Evacuate Collection Set: 0,0ms
[42,296s][info][gc,phases     ] GC(377)   Evacuate Collection Set: 5,8ms
[42,296s][info][gc,phases     ] GC(377)   Post Evacuate Collection Set: 0,3ms
[42,296s][info][gc,phases     ] GC(377)   Other: 0,2ms
[42,296s][info][gc,heap       ] GC(377) Eden regions: 29->0(28)
[42,296s][info][gc,heap       ] GC(377) Survivor regions: 1->2(4)
[42,296s][info][gc,heap       ] GC(377) Old regions: 105->105
[42,296s][info][gc,heap       ] GC(377) Humongous regions: 92->92
[42,296s][info][gc,metaspace  ] GC(377) Metaspace: 32018K->32018K(1081344K)
[42,296s][info][gc            ] GC(377) Pause Young (G1 Evacuation Pause) 226M->197M(256M) 6,342ms
[42,296s][info][gc,cpu        ] GC(377) User=0,02s Sys=0,00s Real=0,01s
[42,314s][info][gc,start      ] GC(378) Pause Young (G1 Evacuation Pause)
[42,314s][info][gc,task       ] GC(378) Using 4 workers of 4 for evacuation
[42,321s][info][gc,phases     ] GC(378)   Pre Evacuate Collection Set: 0,0ms
[42,321s][info][gc,phases     ] GC(378)   Evacuate Collection Set: 6,5ms
[42,321s][info][gc,phases     ] GC(378)   Post Evacuate Collection Set: 0,3ms
[42,321s][info][gc,phases     ] GC(378)   Other: 0,2ms
[42,321s][info][gc,heap       ] GC(378) Eden regions: 28->0(28)
[42,321s][info][gc,heap       ] GC(378) Survivor regions: 2->2(4)
[42,321s][info][gc,heap       ] GC(378) Old regions: 105->105
[42,321s][info][gc,heap       ] GC(378) Humongous regions: 92->92
[42,321s][info][gc,metaspace  ] GC(378) Metaspace: 32018K->32018K(1081344K)
[42,321s][info][gc            ] GC(378) Pause Young (G1 Evacuation Pause) 225M->198M(256M) 7,040ms
[42,321s][info][gc,cpu        ] GC(378) User=0,03s Sys=0,00s Real=0,00s
[42,338s][info][gc,start      ] GC(379) Pause Young (G1 Evacuation Pause)
[42,338s][info][gc,task       ] GC(379) Using 4 workers of 4 for evacuation
[42,345s][info][gc,phases     ] GC(379)   Pre Evacuate Collection Set: 0,0ms
[42,345s][info][gc,phases     ] GC(379)   Evacuate Collection Set: 6,4ms
[42,345s][info][gc,phases     ] GC(379)   Post Evacuate Collection Set: 0,3ms
[42,345s][info][gc,phases     ] GC(379)   Other: 0,2ms
[42,345s][info][gc,heap       ] GC(379) Eden regions: 28->0(28)
[42,345s][info][gc,heap       ] GC(379) Survivor regions: 2->2(4)
[42,345s][info][gc,heap       ] GC(379) Old regions: 105->105
[42,345s][info][gc,heap       ] GC(379) Humongous regions: 92->92
[42,345s][info][gc,metaspace  ] GC(379) Metaspace: 32018K->32018K(1081344K)
[42,345s][info][gc            ] GC(379) Pause Young (G1 Evacuation Pause) 226M->198M(256M) 6,926ms
[42,345s][info][gc,cpu        ] GC(379) User=0,02s Sys=0,00s Real=0,01s
[42,353s][info][gc,marking    ] GC(369) Concurrent Create Live Data 92,384ms
[42,356s][info][gc,start      ] GC(369) Pause Cleanup
[42,357s][info][gc            ] GC(369) Pause Cleanup 211M->211M(256M) 0,846ms
[42,357s][info][gc,cpu        ] GC(369) User=0,00s Sys=0,00s Real=0,00s
[42,357s][info][gc,marking    ] GC(369) Concurrent Cleanup for Next Mark
[42,359s][info][gc,marking    ] GC(369) Concurrent Cleanup for Next Mark 1,882ms
[42,359s][info][gc            ] GC(369) Concurrent Cycle 532,006ms
[42,369s][info][gc,start      ] GC(380) Pause Young (G1 Evacuation Pause)
[42,369s][info][gc,task       ] GC(380) Using 4 workers of 4 for evacuation
[42,376s][info][gc,phases     ] GC(380)   Pre Evacuate Collection Set: 0,0ms
[42,376s][info][gc,phases     ] GC(380)   Evacuate Collection Set: 6,3ms
[42,376s][info][gc,phases     ] GC(380)   Post Evacuate Collection Set: 0,4ms
[42,376s][info][gc,phases     ] GC(380)   Other: 0,2ms
[42,376s][info][gc,heap       ] GC(380) Eden regions: 28->0(10)
[42,376s][info][gc,heap       ] GC(380) Survivor regions: 2->2(4)
[42,376s][info][gc,heap       ] GC(380) Old regions: 105->105
[42,376s][info][gc,heap       ] GC(380) Humongous regions: 92->92
[42,376s][info][gc,metaspace  ] GC(380) Metaspace: 32018K->32018K(1081344K)
[42,376s][info][gc            ] GC(380) Pause Young (G1 Evacuation Pause) 226M->198M(256M) 7,067ms
[42,376s][info][gc,cpu        ] GC(380) User=0,03s Sys=0,00s Real=0,01s
[42,384s][info][gc,start      ] GC(381) Pause Mixed (G1 Evacuation Pause)
[42,384s][info][gc,task       ] GC(381) Using 4 workers of 4 for evacuation
[42,407s][info][gc,phases     ] GC(381)   Pre Evacuate Collection Set: 0,1ms
[42,407s][info][gc,phases     ] GC(381)   Evacuate Collection Set: 22,8ms
[42,407s][info][gc,phases     ] GC(381)   Post Evacuate Collection Set: 0,5ms
[42,407s][info][gc,phases     ] GC(381)   Other: 0,2ms
[42,407s][info][gc,heap       ] GC(381) Eden regions: 10->0(32)
[42,407s][info][gc,heap       ] GC(381) Survivor regions: 2->2(2)
[42,407s][info][gc,heap       ] GC(381) Old regions: 105->99
[42,407s][info][gc,heap       ] GC(381) Humongous regions: 92->92
[42,407s][info][gc,metaspace  ] GC(381) Metaspace: 32018K->32018K(1081344K)
[42,407s][info][gc            ] GC(381) Pause Mixed (G1 Evacuation Pause) 208M->191M(256M) 23,545ms
[42,407s][info][gc,cpu        ] GC(381) User=0,09s Sys=0,00s Real=0,02s
[42,428s][info][gc,start      ] GC(382) Pause Young (G1 Evacuation Pause)
[42,428s][info][gc,task       ] GC(382) Using 4 workers of 4 for evacuation
[42,442s][info][gc,phases     ] GC(382)   Pre Evacuate Collection Set: 0,0ms
[42,442s][info][gc,phases     ] GC(382)   Evacuate Collection Set: 13,2ms
[42,442s][info][gc,phases     ] GC(382)   Post Evacuate Collection Set: 0,3ms
[42,442s][info][gc,phases     ] GC(382)   Other: 0,2ms
[42,442s][info][gc,heap       ] GC(382) Eden regions: 32->0(32)
[42,442s][info][gc,heap       ] GC(382) Survivor regions: 2->2(5)
[42,442s][info][gc,heap       ] GC(382) Old regions: 99->99
[42,442s][info][gc,heap       ] GC(382) Humongous regions: 92->92
[42,442s][info][gc,metaspace  ] GC(382) Metaspace: 32018K->32018K(1081344K)
[42,442s][info][gc            ] GC(382) Pause Young (G1 Evacuation Pause) 223M->192M(256M) 13,862ms
[42,442s][info][gc,cpu        ] GC(382) User=0,06s Sys=0,00s Real=0,02s
[42,470s][info][gc,start      ] GC(383) Pause Young (G1 Evacuation Pause)
[42,470s][info][gc,task       ] GC(383) Using 4 workers of 4 for evacuation
[42,477s][info][gc,phases     ] GC(383)   Pre Evacuate Collection Set: 0,0ms
[42,477s][info][gc,phases     ] GC(383)   Evacuate Collection Set: 6,7ms
[42,477s][info][gc,phases     ] GC(383)   Post Evacuate Collection Set: 0,3ms
[42,477s][info][gc,phases     ] GC(383)   Other: 0,2ms
[42,477s][info][gc,heap       ] GC(383) Eden regions: 32->0(33)
[42,477s][info][gc,heap       ] GC(383) Survivor regions: 2->2(5)
[42,477s][info][gc,heap       ] GC(383) Old regions: 99->99
[42,477s][info][gc,heap       ] GC(383) Humongous regions: 92->92
[42,477s][info][gc,metaspace  ] GC(383) Metaspace: 32018K->32018K(1081344K)
[42,477s][info][gc            ] GC(383) Pause Young (G1 Evacuation Pause) 224M->192M(256M) 7,292ms
[42,477s][info][gc,cpu        ] GC(383) User=0,03s Sys=0,01s Real=0,01s
[42,511s][info][gc,start      ] GC(384) Pause Initial Mark (G1 Evacuation Pause)
[42,511s][info][gc,task       ] GC(384) Using 4 workers of 4 for evacuation
[42,519s][info][gc,phases     ] GC(384)   Pre Evacuate Collection Set: 0,0ms
[42,520s][info][gc,phases     ] GC(384)   Evacuate Collection Set: 7,4ms
[42,520s][info][gc,phases     ] GC(384)   Post Evacuate Collection Set: 0,4ms
[42,520s][info][gc,phases     ] GC(384)   Other: 0,2ms
[42,520s][info][gc,heap       ] GC(384) Eden regions: 33->0(33)
[42,520s][info][gc,heap       ] GC(384) Survivor regions: 2->2(5)
[42,520s][info][gc,heap       ] GC(384) Old regions: 99->99
[42,520s][info][gc,heap       ] GC(384) Humongous regions: 92->92
[42,520s][info][gc,metaspace  ] GC(384) Metaspace: 32018K->32018K(1081344K)
[42,520s][info][gc            ] GC(384) Pause Initial Mark (G1 Evacuation Pause) 225M->192M(256M) 8,176ms
[42,520s][info][gc,cpu        ] GC(384) User=0,03s Sys=0,00s Real=0,01s
[42,520s][info][gc            ] GC(385) Concurrent Cycle
[42,520s][info][gc,marking    ] GC(385) Concurrent Clear Claimed Marks
[42,520s][info][gc,marking    ] GC(385) Concurrent Clear Claimed Marks 0,193ms
[42,520s][info][gc,marking    ] GC(385) Concurrent Scan Root Regions
[42,522s][info][gc,marking    ] GC(385) Concurrent Scan Root Regions 1,830ms
[42,522s][info][gc,marking    ] GC(385) Concurrent Mark (42,522s)
[42,522s][info][gc,marking    ] GC(385) Concurrent Mark From Roots
[42,522s][info][gc,task       ] GC(385) Using 1 workers of 1 for marking
[42,755s][info][gc,marking    ] GC(385) Concurrent Mark From Roots 232,743ms
[42,755s][info][gc,marking    ] GC(385) Concurrent Mark (42,522s, 42,755s) 232,819ms
[42,755s][info][gc,start      ] GC(385) Pause Remark
[42,767s][info][gc,stringtable] GC(385) Cleaned string and symbol table, strings: 13615 processed, 1 removed, symbols: 81463 processed, 0 removed
[42,767s][info][gc            ] GC(385) Pause Remark 203M->203M(256M) 12,376ms
[42,767s][info][gc,cpu        ] GC(385) User=0,03s Sys=0,00s Real=0,01s
[42,767s][info][gc,marking    ] GC(385) Concurrent Create Live Data
[42,824s][info][gc,marking    ] GC(385) Concurrent Create Live Data 56,934ms
[42,824s][info][gc,start      ] GC(385) Pause Cleanup
[42,826s][info][gc            ] GC(385) Pause Cleanup 203M->203M(256M) 1,157ms
[42,826s][info][gc,cpu        ] GC(385) User=0,01s Sys=0,00s Real=0,00s
[42,826s][info][gc,marking    ] GC(385) Concurrent Cleanup for Next Mark
[42,827s][info][gc,marking    ] GC(385) Concurrent Cleanup for Next Mark 1,401ms
[42,827s][info][gc            ] GC(385) Concurrent Cycle 307,427ms
[43,694s][info][gc,start      ] GC(386) Pause Young (G1 Evacuation Pause)
[43,694s][info][gc,task       ] GC(386) Using 4 workers of 4 for evacuation
[43,807s][info][gc,phases     ] GC(386)   Pre Evacuate Collection Set: 0,0ms
[43,808s][info][gc,phases     ] GC(386)   Evacuate Collection Set: 112,2ms
[43,808s][info][gc,phases     ] GC(386)   Post Evacuate Collection Set: 0,9ms
[43,808s][info][gc,phases     ] GC(386)   Other: 0,5ms
[43,808s][info][gc,heap       ] GC(386) Eden regions: 33->0(7)
[43,808s][info][gc,heap       ] GC(386) Survivor regions: 2->5(5)
[43,808s][info][gc,heap       ] GC(386) Old regions: 99->103
[43,808s][info][gc,heap       ] GC(386) Humongous regions: 92->92
[43,808s][info][gc,metaspace  ] GC(386) Metaspace: 32199K->32199K(1081344K)
[43,808s][info][gc            ] GC(386) Pause Young (G1 Evacuation Pause) 225M->199M(256M) 113,736ms
[43,808s][info][gc,cpu        ] GC(386) User=0,39s Sys=0,00s Real=0,11s
[43,925s][info][gc,start      ] GC(387) Pause Mixed (G1 Evacuation Pause)
[43,925s][info][gc,task       ] GC(387) Using 4 workers of 4 for evacuation
[44,010s][info][gc,phases     ] GC(387)   Pre Evacuate Collection Set: 0,1ms
[44,010s][info][gc,phases     ] GC(387)   Evacuate Collection Set: 83,3ms
[44,010s][info][gc,phases     ] GC(387)   Post Evacuate Collection Set: 1,1ms
[44,010s][info][gc,phases     ] GC(387)   Other: 0,3ms
[44,010s][info][gc,heap       ] GC(387) Eden regions: 7->0(20)
[44,010s][info][gc,heap       ] GC(387) Survivor regions: 5->2(2)
[44,010s][info][gc,heap       ] GC(387) Old regions: 103->107
[44,010s][info][gc,heap       ] GC(387) Humongous regions: 92->92
[44,010s][info][gc,metaspace  ] GC(387) Metaspace: 32199K->32199K(1081344K)
[44,010s][info][gc            ] GC(387) Pause Mixed (G1 Evacuation Pause) 206M->200M(256M) 84,789ms
[44,010s][info][gc,cpu        ] GC(387) User=0,33s Sys=0,00s Real=0,08s
[44,300s][info][gc,start      ] GC(388) Pause Young (G1 Evacuation Pause)
[44,300s][info][gc,task       ] GC(388) Using 4 workers of 4 for evacuation
[44,327s][info][gc,phases     ] GC(388)   Pre Evacuate Collection Set: 0,0ms
[44,327s][info][gc,phases     ] GC(388)   Evacuate Collection Set: 26,1ms
[44,327s][info][gc,phases     ] GC(388)   Post Evacuate Collection Set: 0,4ms
[44,327s][info][gc,phases     ] GC(388)   Other: 0,2ms
[44,327s][info][gc,heap       ] GC(388) Eden regions: 20->0(14)
[44,327s][info][gc,heap       ] GC(388) Survivor regions: 2->3(3)
[44,327s][info][gc,heap       ] GC(388) Old regions: 107->112
[44,327s][info][gc,heap       ] GC(388) Humongous regions: 92->92
[44,327s][info][gc,metaspace  ] GC(388) Metaspace: 33115K->33115K(1083392K)
[44,327s][info][gc            ] GC(388) Pause Young (G1 Evacuation Pause) 220M->207M(256M) 26,912ms
[44,327s][info][gc,cpu        ] GC(388) User=0,10s Sys=0,00s Real=0,03s
[44,574s][info][gc,start      ] GC(389) Pause Young (G1 Evacuation Pause)
[44,574s][info][gc,task       ] GC(389) Using 4 workers of 4 for evacuation
[44,591s][info][gc,phases     ] GC(389)   Pre Evacuate Collection Set: 0,0ms
[44,591s][info][gc,phases     ] GC(389)   Evacuate Collection Set: 15,9ms
[44,591s][info][gc,phases     ] GC(389)   Post Evacuate Collection Set: 0,3ms
[44,591s][info][gc,phases     ] GC(389)   Other: 0,2ms
[44,591s][info][gc,heap       ] GC(389) Eden regions: 14->0(14)
[44,591s][info][gc,heap       ] GC(389) Survivor regions: 3->1(3)
[44,591s][info][gc,heap       ] GC(389) Old regions: 112->116
[44,591s][info][gc,heap       ] GC(389) Humongous regions: 92->92
[44,591s][info][gc,metaspace  ] GC(389) Metaspace: 33229K->33229K(1083392K)
[44,591s][info][gc            ] GC(389) Pause Young (G1 Evacuation Pause) 221M->207M(256M) 16,554ms
[44,591s][info][gc,cpu        ] GC(389) User=0,05s Sys=0,00s Real=0,01s
[44,691s][info][gc,start      ] GC(390) Pause Initial Mark (G1 Evacuation Pause)
[44,691s][info][gc,task       ] GC(390) Using 4 workers of 4 for evacuation
[44,699s][info][gc,phases     ] GC(390)   Pre Evacuate Collection Set: 0,0ms
[44,699s][info][gc,phases     ] GC(390)   Evacuate Collection Set: 7,7ms
[44,699s][info][gc,phases     ] GC(390)   Post Evacuate Collection Set: 0,4ms
[44,699s][info][gc,phases     ] GC(390)   Other: 0,2ms
[44,699s][info][gc,heap       ] GC(390) Eden regions: 14->0(14)
[44,699s][info][gc,heap       ] GC(390) Survivor regions: 1->1(2)
[44,699s][info][gc,heap       ] GC(390) Old regions: 116->116
[44,699s][info][gc,heap       ] GC(390) Humongous regions: 92->92
[44,699s][info][gc,metaspace  ] GC(390) Metaspace: 33229K->33229K(1083392K)
[44,699s][info][gc            ] GC(390) Pause Initial Mark (G1 Evacuation Pause) 221M->207M(256M) 8,478ms
[44,699s][info][gc,cpu        ] GC(390) User=0,03s Sys=0,00s Real=0,01s
[44,699s][info][gc            ] GC(391) Concurrent Cycle
[44,699s][info][gc,marking    ] GC(391) Concurrent Clear Claimed Marks
[44,699s][info][gc,marking    ] GC(391) Concurrent Clear Claimed Marks 0,186ms
[44,699s][info][gc,marking    ] GC(391) Concurrent Scan Root Regions
[44,700s][info][gc,marking    ] GC(391) Concurrent Scan Root Regions 0,491ms
[44,700s][info][gc,marking    ] GC(391) Concurrent Mark (44,700s)
[44,700s][info][gc,marking    ] GC(391) Concurrent Mark From Roots
[44,700s][info][gc,task       ] GC(391) Using 1 workers of 1 for marking
[44,794s][info][gc,start      ] GC(392) Pause Young (G1 Evacuation Pause)
[44,794s][info][gc,task       ] GC(392) Using 4 workers of 4 for evacuation
[44,797s][info][gc,phases     ] GC(392)   Pre Evacuate Collection Set: 0,0ms
[44,797s][info][gc,phases     ] GC(392)   Evacuate Collection Set: 1,5ms
[44,797s][info][gc,phases     ] GC(392)   Post Evacuate Collection Set: 0,6ms
[44,797s][info][gc,phases     ] GC(392)   Other: 0,2ms
[44,797s][info][gc,heap       ] GC(392) Eden regions: 14->0(15)
[44,797s][info][gc,heap       ] GC(392) Survivor regions: 1->1(2)
[44,797s][info][gc,heap       ] GC(392) Old regions: 116->116
[44,797s][info][gc,heap       ] GC(392) Humongous regions: 92->92
[44,797s][info][gc,metaspace  ] GC(392) Metaspace: 33229K->33229K(1083392K)
[44,797s][info][gc            ] GC(392) Pause Young (G1 Evacuation Pause) 221M->207M(256M) 2,434ms
[44,797s][info][gc,cpu        ] GC(392) User=0,00s Sys=0,00s Real=0,00s
[44,882s][info][gc,marking    ] GC(391) Concurrent Mark From Roots 181,592ms
[44,882s][info][gc,marking    ] GC(391) Concurrent Mark (44,700s, 44,882s) 181,682ms
[44,882s][info][gc,start      ] GC(391) Pause Remark
[44,901s][info][gc,stringtable] GC(391) Cleaned string and symbol table, strings: 13695 processed, 0 removed, symbols: 81755 processed, 0 removed
[44,901s][info][gc            ] GC(391) Pause Remark 213M->213M(256M) 18,772ms
[44,901s][info][gc,cpu        ] GC(391) User=0,06s Sys=0,00s Real=0,01s
[44,901s][info][gc,marking    ] GC(391) Concurrent Create Live Data
[44,940s][info][gc,marking    ] GC(391) Concurrent Create Live Data 38,836ms
[44,941s][info][gc,start      ] GC(391) Pause Cleanup
[44,943s][info][gc            ] GC(391) Pause Cleanup 215M->215M(256M) 2,441ms
[44,943s][info][gc,cpu        ] GC(391) User=0,01s Sys=0,00s Real=0,01s
[44,943s][info][gc,marking    ] GC(391) Concurrent Cleanup for Next Mark
[44,946s][info][gc,marking    ] GC(391) Concurrent Cleanup for Next Mark 2,186ms
[44,946s][info][gc            ] GC(391) Concurrent Cycle 246,549ms
[44,998s][info][gc,start      ] GC(393) Pause Young (G1 Evacuation Pause)
[44,998s][info][gc,task       ] GC(393) Using 4 workers of 4 for evacuation
[45,000s][info][gc,phases     ] GC(393)   Pre Evacuate Collection Set: 0,0ms
[45,000s][info][gc,phases     ] GC(393)   Evacuate Collection Set: 2,2ms
[45,000s][info][gc,phases     ] GC(393)   Post Evacuate Collection Set: 0,3ms
[45,000s][info][gc,phases     ] GC(393)   Other: 0,2ms
[45,000s][info][gc,heap       ] GC(393) Eden regions: 15->0(11)
[45,000s][info][gc,heap       ] GC(393) Survivor regions: 1->1(2)
[45,000s][info][gc,heap       ] GC(393) Old regions: 116->116
[45,000s][info][gc,heap       ] GC(393) Humongous regions: 92->92
[45,000s][info][gc,metaspace  ] GC(393) Metaspace: 33358K->33358K(1083392K)
[45,001s][info][gc            ] GC(393) Pause Young (G1 Evacuation Pause) 222M->207M(256M) 2,733ms
[45,001s][info][gc,cpu        ] GC(393) User=0,01s Sys=0,00s Real=0,00s
[48,199s][info][gc,start      ] GC(394) Pause Mixed (G1 Evacuation Pause)
[48,199s][info][gc,task       ] GC(394) Using 4 workers of 4 for evacuation
[48,233s][info][gc,phases     ] GC(394)   Pre Evacuate Collection Set: 0,2ms
[48,233s][info][gc,phases     ] GC(394)   Evacuate Collection Set: 32,3ms
[48,233s][info][gc,phases     ] GC(394)   Post Evacuate Collection Set: 0,8ms
[48,233s][info][gc,phases     ] GC(394)   Other: 0,2ms
[48,233s][info][gc,heap       ] GC(394) Eden regions: 11->0(10)
[48,233s][info][gc,heap       ] GC(394) Survivor regions: 1->2(2)
[48,233s][info][gc,heap       ] GC(394) Old regions: 116->93
[48,233s][info][gc,heap       ] GC(394) Humongous regions: 92->92
[48,233s][info][gc,metaspace  ] GC(394) Metaspace: 34515K->34515K(1085440K)
[48,233s][info][gc            ] GC(394) Pause Mixed (G1 Evacuation Pause) 218M->186M(256M) 33,566ms
[48,233s][info][gc,cpu        ] GC(394) User=0,10s Sys=0,00s Real=0,03s
[58,262s][info][gc,start      ] GC(395) Pause Mixed (G1 Evacuation Pause)
[58,262s][info][gc,task       ] GC(395) Using 4 workers of 4 for evacuation
[58,302s][info][gc,phases     ] GC(395)   Pre Evacuate Collection Set: 0,2ms
[58,302s][info][gc,phases     ] GC(395)   Evacuate Collection Set: 38,4ms
[58,302s][info][gc,phases     ] GC(395)   Post Evacuate Collection Set: 0,9ms
[58,302s][info][gc,phases     ] GC(395)   Other: 0,2ms
[58,302s][info][gc,heap       ] GC(395) Eden regions: 10->0(10)
[58,302s][info][gc,heap       ] GC(395) Survivor regions: 2->2(2)
[58,302s][info][gc,heap       ] GC(395) Old regions: 93->73
[58,302s][info][gc,heap       ] GC(395) Humongous regions: 98->97
[58,302s][info][gc,metaspace  ] GC(395) Metaspace: 35126K->35126K(1085440K)
[58,302s][info][gc            ] GC(395) Pause Mixed (G1 Evacuation Pause) 202M->171M(256M) 39,740ms
[58,302s][info][gc,cpu        ] GC(395) User=0,11s Sys=0,00s Real=0,04s
[58,489s][info][gc,start      ] GC(396) Pause Mixed (G1 Evacuation Pause)
[58,490s][info][gc,task       ] GC(396) Using 4 workers of 4 for evacuation
[58,520s][info][gc,phases     ] GC(396)   Pre Evacuate Collection Set: 0,1ms
[58,520s][info][gc,phases     ] GC(396)   Evacuate Collection Set: 29,1ms
[58,520s][info][gc,phases     ] GC(396)   Post Evacuate Collection Set: 0,8ms
[58,520s][info][gc,phases     ] GC(396)   Other: 0,2ms
[58,520s][info][gc,heap       ] GC(396) Eden regions: 10->0(36)
[58,520s][info][gc,heap       ] GC(396) Survivor regions: 2->1(2)
[58,520s][info][gc,heap       ] GC(396) Old regions: 73->72
[58,520s][info][gc,heap       ] GC(396) Humongous regions: 97->97
[58,520s][info][gc,metaspace  ] GC(396) Metaspace: 35166K->35166K(1085440K)
[58,520s][info][gc            ] GC(396) Pause Mixed (G1 Evacuation Pause) 181M->169M(256M) 30,274ms
[58,520s][info][gc,cpu        ] GC(396) User=0,11s Sys=0,00s Real=0,03s
[58,769s][info][gc,start      ] GC(397) Pause Young (G1 Evacuation Pause)
[58,769s][info][gc,task       ] GC(397) Using 4 workers of 4 for evacuation
[58,792s][info][gc,phases     ] GC(397)   Pre Evacuate Collection Set: 0,0ms
[58,792s][info][gc,phases     ] GC(397)   Evacuate Collection Set: 20,3ms
[58,792s][info][gc,phases     ] GC(397)   Post Evacuate Collection Set: 2,1ms
[58,792s][info][gc,phases     ] GC(397)   Other: 0,3ms
[58,792s][info][gc,heap       ] GC(397) Eden regions: 36->0(35)
[58,792s][info][gc,heap       ] GC(397) Survivor regions: 1->5(5)
[58,792s][info][gc,heap       ] GC(397) Old regions: 72->72
[58,792s][info][gc,heap       ] GC(397) Humongous regions: 97->97
[58,792s][info][gc,metaspace  ] GC(397) Metaspace: 35182K->35182K(1085440K)
[58,792s][info][gc            ] GC(397) Pause Young (G1 Evacuation Pause) 205M->172M(256M) 22,900ms
[58,792s][info][gc,cpu        ] GC(397) User=0,08s Sys=0,00s Real=0,02s
[59,598s][info][gc,start      ] GC(398) Pause Young (G1 Evacuation Pause)
[59,598s][info][gc,task       ] GC(398) Using 4 workers of 4 for evacuation
[59,626s][info][gc,phases     ] GC(398)   Pre Evacuate Collection Set: 0,0ms
[59,626s][info][gc,phases     ] GC(398)   Evacuate Collection Set: 23,9ms
[59,626s][info][gc,phases     ] GC(398)   Post Evacuate Collection Set: 4,3ms
[59,626s][info][gc,phases     ] GC(398)   Other: 0,2ms
[59,626s][info][gc,heap       ] GC(398) Eden regions: 35->0(28)
[59,626s][info][gc,heap       ] GC(398) Survivor regions: 5->5(5)
[59,626s][info][gc,heap       ] GC(398) Old regions: 72->81
[59,626s][info][gc,heap       ] GC(398) Humongous regions: 97->97
[59,626s][info][gc,metaspace  ] GC(398) Metaspace: 35492K->35492K(1085440K)
[59,626s][info][gc            ] GC(398) Pause Young (G1 Evacuation Pause) 207M->182M(256M) 28,590ms
[59,626s][info][gc,cpu        ] GC(398) User=0,10s Sys=0,00s Real=0,03s
[60,022s][info][gc,start      ] GC(399) Pause Initial Mark (G1 Evacuation Pause)
[60,022s][info][gc,task       ] GC(399) Using 4 workers of 4 for evacuation
[60,054s][info][gc,phases     ] GC(399)   Pre Evacuate Collection Set: 0,0ms
[60,054s][info][gc,phases     ] GC(399)   Evacuate Collection Set: 30,1ms
[60,054s][info][gc,phases     ] GC(399)   Post Evacuate Collection Set: 1,5ms
[60,054s][info][gc,phases     ] GC(399)   Other: 0,2ms
[60,054s][info][gc,heap       ] GC(399) Eden regions: 28->0(21)
[60,054s][info][gc,heap       ] GC(399) Survivor regions: 5->5(5)
[60,054s][info][gc,heap       ] GC(399) Old regions: 81->90
[60,054s][info][gc,heap       ] GC(399) Humongous regions: 97->97
[60,054s][info][gc,metaspace  ] GC(399) Metaspace: 35498K->35498K(1085440K)
[60,054s][info][gc            ] GC(399) Pause Initial Mark (G1 Evacuation Pause) 210M->191M(256M) 31,965ms
[60,054s][info][gc,cpu        ] GC(399) User=0,12s Sys=0,00s Real=0,03s
[60,054s][info][gc            ] GC(400) Concurrent Cycle
[60,054s][info][gc,marking    ] GC(400) Concurrent Clear Claimed Marks
[60,054s][info][gc,marking    ] GC(400) Concurrent Clear Claimed Marks 0,251ms
[60,054s][info][gc,marking    ] GC(400) Concurrent Scan Root Regions
[60,061s][info][gc,marking    ] GC(400) Concurrent Scan Root Regions 7,311ms
[60,061s][info][gc,marking    ] GC(400) Concurrent Mark (60,061s)
[60,061s][info][gc,marking    ] GC(400) Concurrent Mark From Roots
[60,061s][info][gc,task       ] GC(400) Using 1 workers of 1 for marking
[60,257s][info][gc,marking    ] GC(400) Concurrent Mark From Roots 195,338ms
[60,257s][info][gc,marking    ] GC(400) Concurrent Mark (60,061s, 60,257s) 195,480ms
[60,259s][info][gc,start      ] GC(400) Pause Remark
[60,278s][info][gc,stringtable] GC(400) Cleaned string and symbol table, strings: 14466 processed, 5 removed, symbols: 84057 processed, 12 removed
[60,278s][info][gc            ] GC(400) Pause Remark 201M->201M(256M) 19,099ms
[60,278s][info][gc,cpu        ] GC(400) User=0,07s Sys=0,01s Real=0,02s
[60,279s][info][gc,marking    ] GC(400) Concurrent Create Live Data
[60,318s][info][gc,marking    ] GC(400) Concurrent Create Live Data 39,113ms
[60,320s][info][gc,start      ] GC(400) Pause Cleanup
[60,321s][info][gc            ] GC(400) Pause Cleanup 202M->196M(256M) 1,077ms
[60,321s][info][gc,cpu        ] GC(400) User=0,00s Sys=0,00s Real=0,00s
[60,321s][info][gc,marking    ] GC(400) Concurrent Complete Cleanup
[60,321s][info][gc,marking    ] GC(400) Concurrent Complete Cleanup 0,083ms
[60,321s][info][gc,marking    ] GC(400) Concurrent Cleanup for Next Mark
[60,323s][info][gc,marking    ] GC(400) Concurrent Cleanup for Next Mark 1,742ms
[60,323s][info][gc            ] GC(400) Concurrent Cycle 269,533ms
[60,526s][info][gc,start      ] GC(401) Pause Young (G1 Evacuation Pause)
[60,526s][info][gc,task       ] GC(401) Using 4 workers of 4 for evacuation
[60,558s][info][gc,phases     ] GC(401)   Pre Evacuate Collection Set: 0,0ms
[60,558s][info][gc,phases     ] GC(401)   Evacuate Collection Set: 31,2ms
[60,558s][info][gc,phases     ] GC(401)   Post Evacuate Collection Set: 1,1ms
[60,558s][info][gc,phases     ] GC(401)   Other: 0,2ms
[60,558s][info][gc,heap       ] GC(401) Eden regions: 21->0(8)
[60,558s][info][gc,heap       ] GC(401) Survivor regions: 5->4(4)
[60,558s][info][gc,heap       ] GC(401) Old regions: 87->97
[60,558s][info][gc,heap       ] GC(401) Humongous regions: 94->94
[60,558s][info][gc,metaspace  ] GC(401) Metaspace: 35635K->35635K(1087488K)
[60,558s][info][gc            ] GC(401) Pause Young (G1 Evacuation Pause) 206M->194M(256M) 32,620ms
[60,558s][info][gc,cpu        ] GC(401) User=0,12s Sys=0,01s Real=0,03s
[60,726s][info][gc,start      ] GC(402) Pause Mixed (G1 Evacuation Pause)
[60,726s][info][gc,task       ] GC(402) Using 4 workers of 4 for evacuation
[60,771s][info][gc,phases     ] GC(402)   Pre Evacuate Collection Set: 0,1ms
[60,771s][info][gc,phases     ] GC(402)   Evacuate Collection Set: 43,5ms
[60,771s][info][gc,phases     ] GC(402)   Post Evacuate Collection Set: 0,8ms
[60,771s][info][gc,phases     ] GC(402)   Other: 0,2ms
[60,771s][info][gc,heap       ] GC(402) Eden regions: 8->0(23)
[60,771s][info][gc,heap       ] GC(402) Survivor regions: 4->2(2)
[60,771s][info][gc,heap       ] GC(402) Old regions: 97->87
[60,771s][info][gc,heap       ] GC(402) Humongous regions: 94->94
[60,771s][info][gc,metaspace  ] GC(402) Metaspace: 35671K->35671K(1087488K)
[60,771s][info][gc            ] GC(402) Pause Mixed (G1 Evacuation Pause) 202M->182M(256M) 44,700ms
[60,771s][info][gc,cpu        ] GC(402) User=0,18s Sys=0,00s Real=0,04s
[64,100s][info][gc,start      ] GC(403) Pause Young (G1 Evacuation Pause)
[64,100s][info][gc,task       ] GC(403) Using 4 workers of 4 for evacuation
[64,126s][info][gc,phases     ] GC(403)   Pre Evacuate Collection Set: 0,0ms
[64,127s][info][gc,phases     ] GC(403)   Evacuate Collection Set: 26,0ms
[64,127s][info][gc,phases     ] GC(403)   Post Evacuate Collection Set: 0,3ms
[64,127s][info][gc,phases     ] GC(403)   Other: 0,2ms
[64,127s][info][gc,heap       ] GC(403) Eden regions: 23->0(24)
[64,127s][info][gc,heap       ] GC(403) Survivor regions: 2->4(4)
[64,127s][info][gc,heap       ] GC(403) Old regions: 87->87
[64,127s][info][gc,heap       ] GC(403) Humongous regions: 94->94
[64,127s][info][gc,metaspace  ] GC(403) Metaspace: 35928K->35928K(1087488K)
[64,127s][info][gc            ] GC(403) Pause Young (G1 Evacuation Pause) 205M->183M(256M) 26,656ms
[64,127s][info][gc,cpu        ] GC(403) User=0,08s Sys=0,00s Real=0,03s
[65,625s][info][gc,start      ] GC(404) Pause Young (G1 Evacuation Pause)
[65,625s][info][gc,task       ] GC(404) Using 4 workers of 4 for evacuation
[65,660s][info][gc,phases     ] GC(404)   Pre Evacuate Collection Set: 0,0ms
[65,660s][info][gc,phases     ] GC(404)   Evacuate Collection Set: 34,9ms
[65,660s][info][gc,phases     ] GC(404)   Post Evacuate Collection Set: 0,3ms
[65,660s][info][gc,phases     ] GC(404)   Other: 0,2ms
[65,660s][info][gc,heap       ] GC(404) Eden regions: 24->0(25)
[65,660s][info][gc,heap       ] GC(404) Survivor regions: 4->2(4)
[65,660s][info][gc,heap       ] GC(404) Old regions: 87->89
[65,660s][info][gc,heap       ] GC(404) Humongous regions: 94->94
[65,660s][info][gc,metaspace  ] GC(404) Metaspace: 35958K->35958K(1087488K)
[65,660s][info][gc            ] GC(404) Pause Young (G1 Evacuation Pause) 207M->184M(256M) 35,617ms
[65,660s][info][gc,cpu        ] GC(404) User=0,09s Sys=0,00s Real=0,03s
[67,465s][info][gc,start      ] GC(405) Pause Initial Mark (G1 Evacuation Pause)
[67,477s][info][gc,task       ] GC(405) Using 4 workers of 4 for evacuation
[67,511s][info][gc,phases     ] GC(405)   Pre Evacuate Collection Set: 0,0ms
[67,512s][info][gc,phases     ] GC(405)   Evacuate Collection Set: 33,6ms
[67,512s][info][gc,phases     ] GC(405)   Post Evacuate Collection Set: 1,1ms
[67,512s][info][gc,phases     ] GC(405)   Other: 11,6ms
[67,512s][info][gc,heap       ] GC(405) Eden regions: 25->0(23)
[67,512s][info][gc,heap       ] GC(405) Survivor regions: 2->4(4)
[67,512s][info][gc,heap       ] GC(405) Old regions: 89->92
[67,512s][info][gc,heap       ] GC(405) Humongous regions: 94->94
[67,512s][info][gc,metaspace  ] GC(405) Metaspace: 36018K->36018K(1087488K)
[67,512s][info][gc            ] GC(405) Pause Initial Mark (G1 Evacuation Pause) 209M->189M(256M) 46,407ms
[67,512s][info][gc,cpu        ] GC(405) User=0,13s Sys=0,01s Real=0,04s
[67,512s][info][gc            ] GC(406) Concurrent Cycle
[67,512s][info][gc,marking    ] GC(406) Concurrent Clear Claimed Marks
[67,512s][info][gc,marking    ] GC(406) Concurrent Clear Claimed Marks 0,309ms
[67,512s][info][gc,marking    ] GC(406) Concurrent Scan Root Regions
[67,520s][info][gc,marking    ] GC(406) Concurrent Scan Root Regions 7,445ms
[67,520s][info][gc,marking    ] GC(406) Concurrent Mark (67,520s)
[67,520s][info][gc,marking    ] GC(406) Concurrent Mark From Roots
[67,520s][info][gc,task       ] GC(406) Using 1 workers of 1 for marking
[67,762s][info][gc,marking    ] GC(406) Concurrent Mark From Roots 242,536ms
[67,762s][info][gc,marking    ] GC(406) Concurrent Mark (67,520s, 67,762s) 242,699ms
[67,763s][info][gc,start      ] GC(406) Pause Remark
[67,781s][info][gc,stringtable] GC(406) Cleaned string and symbol table, strings: 14619 processed, 5 removed, symbols: 84167 processed, 8 removed
[67,781s][info][gc            ] GC(406) Pause Remark 194M->194M(256M) 18,564ms
[67,781s][info][gc,cpu        ] GC(406) User=0,06s Sys=0,00s Real=0,01s
[67,781s][info][gc,marking    ] GC(406) Concurrent Create Live Data
[67,832s][info][gc,marking    ] GC(406) Concurrent Create Live Data 50,766ms
[67,832s][info][gc,start      ] GC(406) Pause Cleanup
[67,834s][info][gc            ] GC(406) Pause Cleanup 196M->196M(256M) 1,035ms
[67,834s][info][gc,cpu        ] GC(406) User=0,00s Sys=0,00s Real=0,01s
[67,834s][info][gc,marking    ] GC(406) Concurrent Cleanup for Next Mark
[67,836s][info][gc,marking    ] GC(406) Concurrent Cleanup for Next Mark 2,745ms
[67,836s][info][gc            ] GC(406) Concurrent Cycle 324,748ms
[68,650s][info][gc,start      ] GC(407) Pause Young (G1 Evacuation Pause)
[68,650s][info][gc,task       ] GC(407) Using 4 workers of 4 for evacuation
[68,670s][info][gc,phases     ] GC(407)   Pre Evacuate Collection Set: 0,0ms
[68,670s][info][gc,phases     ] GC(407)   Evacuate Collection Set: 19,6ms
[68,670s][info][gc,phases     ] GC(407)   Post Evacuate Collection Set: 0,5ms
[68,670s][info][gc,phases     ] GC(407)   Other: 0,2ms
[68,670s][info][gc,heap       ] GC(407) Eden regions: 23->0(9)
[68,670s][info][gc,heap       ] GC(407) Survivor regions: 4->3(4)
[68,670s][info][gc,heap       ] GC(407) Old regions: 92->97
[68,670s][info][gc,heap       ] GC(407) Humongous regions: 94->94
[68,670s][info][gc,metaspace  ] GC(407) Metaspace: 36049K->36049K(1087488K)
[68,670s][info][gc            ] GC(407) Pause Young (G1 Evacuation Pause) 212M->192M(256M) 20,406ms
[68,670s][info][gc,cpu        ] GC(407) User=0,06s Sys=0,00s Real=0,02s
[68,829s][info][gc,start      ] GC(408) Pause Mixed (G1 Evacuation Pause)
[68,829s][info][gc,task       ] GC(408) Using 4 workers of 4 for evacuation
[68,853s][info][gc,phases     ] GC(408)   Pre Evacuate Collection Set: 0,1ms
[68,853s][info][gc,phases     ] GC(408)   Evacuate Collection Set: 23,4ms
[68,853s][info][gc,phases     ] GC(408)   Post Evacuate Collection Set: 0,8ms
[68,853s][info][gc,phases     ] GC(408)   Other: 0,2ms
[68,853s][info][gc,heap       ] GC(408) Eden regions: 9->0(24)
[68,853s][info][gc,heap       ] GC(408) Survivor regions: 3->1(2)
[68,853s][info][gc,heap       ] GC(408) Old regions: 97->94
[68,853s][info][gc,heap       ] GC(408) Humongous regions: 94->94
[68,853s][info][gc,metaspace  ] GC(408) Metaspace: 36072K->36072K(1087488K)
[68,853s][info][gc            ] GC(408) Pause Mixed (G1 Evacuation Pause) 201M->188M(256M) 24,555ms
[68,853s][info][gc,cpu        ] GC(408) User=0,10s Sys=0,00s Real=0,03s
[69,491s][info][gc,start      ] GC(409) Pause Young (G1 Evacuation Pause)
[69,491s][info][gc,task       ] GC(409) Using 4 workers of 4 for evacuation
[69,508s][info][gc,phases     ] GC(409)   Pre Evacuate Collection Set: 0,0ms
[69,508s][info][gc,phases     ] GC(409)   Evacuate Collection Set: 16,0ms
[69,508s][info][gc,phases     ] GC(409)   Post Evacuate Collection Set: 0,3ms
[69,508s][info][gc,phases     ] GC(409)   Other: 0,2ms
[69,508s][info][gc,heap       ] GC(409) Eden regions: 24->0(25)
[69,508s][info][gc,heap       ] GC(409) Survivor regions: 1->2(4)
[69,508s][info][gc,heap       ] GC(409) Old regions: 94->94
[69,508s][info][gc,heap       ] GC(409) Humongous regions: 94->94
[69,508s][info][gc,metaspace  ] GC(409) Metaspace: 36112K->36112K(1087488K)
[69,508s][info][gc            ] GC(409) Pause Young (G1 Evacuation Pause) 212M->189M(256M) 16,636ms
[69,508s][info][gc,cpu        ] GC(409) User=0,06s Sys=0,00s Real=0,02s
[71,388s][info][gc,start      ] GC(410) Pause Young (G1 Evacuation Pause)
[71,388s][info][gc,task       ] GC(410) Using 4 workers of 4 for evacuation
[71,404s][info][gc,phases     ] GC(410)   Pre Evacuate Collection Set: 0,0ms
[71,404s][info][gc,phases     ] GC(410)   Evacuate Collection Set: 15,1ms
[71,404s][info][gc,phases     ] GC(410)   Post Evacuate Collection Set: 0,3ms
[71,404s][info][gc,phases     ] GC(410)   Other: 0,9ms
[71,404s][info][gc,heap       ] GC(410) Eden regions: 25->0(25)
[71,404s][info][gc,heap       ] GC(410) Survivor regions: 2->3(4)
[71,404s][info][gc,heap       ] GC(410) Old regions: 94->94
[71,404s][info][gc,heap       ] GC(410) Humongous regions: 94->94
[71,404s][info][gc,metaspace  ] GC(410) Metaspace: 36179K->36179K(1087488K)
[71,404s][info][gc            ] GC(410) Pause Young (G1 Evacuation Pause) 214M->190M(256M) 16,359ms
[71,404s][info][gc,cpu        ] GC(410) User=0,03s Sys=0,00s Real=0,02s
[72,315s][info][gc,start      ] GC(411) Pause Initial Mark (G1 Evacuation Pause)
[72,315s][info][gc,task       ] GC(411) Using 4 workers of 4 for evacuation
[72,340s][info][gc,phases     ] GC(411)   Pre Evacuate Collection Set: 0,0ms
[72,340s][info][gc,phases     ] GC(411)   Evacuate Collection Set: 24,3ms
[72,340s][info][gc,phases     ] GC(411)   Post Evacuate Collection Set: 1,0ms
[72,340s][info][gc,phases     ] GC(411)   Other: 0,2ms
[72,340s][info][gc,heap       ] GC(411) Eden regions: 25->0(22)
[72,340s][info][gc,heap       ] GC(411) Survivor regions: 3->4(4)
[72,340s][info][gc,heap       ] GC(411) Old regions: 94->99
[72,340s][info][gc,heap       ] GC(411) Humongous regions: 94->94
[72,340s][info][gc,metaspace  ] GC(411) Metaspace: 36255K->36255K(1087488K)
[72,340s][info][gc            ] GC(411) Pause Initial Mark (G1 Evacuation Pause) 215M->196M(256M) 25,596ms
[72,340s][info][gc,cpu        ] GC(411) User=0,10s Sys=0,00s Real=0,02s
[72,340s][info][gc            ] GC(412) Concurrent Cycle
[72,340s][info][gc,marking    ] GC(412) Concurrent Clear Claimed Marks
[72,341s][info][gc,marking    ] GC(412) Concurrent Clear Claimed Marks 0,262ms
[72,341s][info][gc,marking    ] GC(412) Concurrent Scan Root Regions
[72,347s][info][gc,marking    ] GC(412) Concurrent Scan Root Regions 6,388ms
[72,347s][info][gc,marking    ] GC(412) Concurrent Mark (72,347s)
[72,347s][info][gc,marking    ] GC(412) Concurrent Mark From Roots
[72,347s][info][gc,task       ] GC(412) Using 1 workers of 1 for marking
[72,580s][info][gc,marking    ] GC(412) Concurrent Mark From Roots 232,943ms
[72,580s][info][gc,marking    ] GC(412) Concurrent Mark (72,347s, 72,580s) 233,025ms
[72,580s][info][gc,start      ] GC(412) Pause Remark
[72,604s][info][gc,stringtable] GC(412) Cleaned string and symbol table, strings: 14822 processed, 520 removed, symbols: 84175 processed, 1 removed
[72,604s][info][gc            ] GC(412) Pause Remark 197M->197M(256M) 24,019ms
[72,604s][info][gc,cpu        ] GC(412) User=0,08s Sys=0,00s Real=0,03s
[72,604s][info][gc,marking    ] GC(412) Concurrent Create Live Data
[72,652s][info][gc,marking    ] GC(412) Concurrent Create Live Data 47,680ms
[72,652s][info][gc,start      ] GC(412) Pause Cleanup
[72,654s][info][gc            ] GC(412) Pause Cleanup 197M->197M(256M) 1,866ms
[72,654s][info][gc,cpu        ] GC(412) User=0,01s Sys=0,00s Real=0,01s
[72,654s][info][gc,marking    ] GC(412) Concurrent Cleanup for Next Mark
[72,656s][info][gc,marking    ] GC(412) Concurrent Cleanup for Next Mark 1,528ms
[72,656s][info][gc            ] GC(412) Concurrent Cycle 315,589ms
[73,183s][info][gc,start      ] GC(413) Pause Young (G1 Evacuation Pause)
[73,183s][info][gc,task       ] GC(413) Using 4 workers of 4 for evacuation
[73,205s][info][gc,phases     ] GC(413)   Pre Evacuate Collection Set: 0,0ms
[73,205s][info][gc,phases     ] GC(413)   Evacuate Collection Set: 20,6ms
[73,205s][info][gc,phases     ] GC(413)   Post Evacuate Collection Set: 0,4ms
[73,205s][info][gc,phases     ] GC(413)   Other: 0,2ms
[73,205s][info][gc,heap       ] GC(413) Eden regions: 22->0(10)
[73,205s][info][gc,heap       ] GC(413) Survivor regions: 4->2(4)
[73,205s][info][gc,heap       ] GC(413) Old regions: 99->102
[73,205s][info][gc,heap       ] GC(413) Humongous regions: 94->94
[73,205s][info][gc,metaspace  ] GC(413) Metaspace: 36222K->36222K(1087488K)
[73,205s][info][gc            ] GC(413) Pause Young (G1 Evacuation Pause) 218M->197M(256M) 21,352ms
[73,205s][info][gc,cpu        ] GC(413) User=0,07s Sys=0,00s Real=0,02s
[73,413s][info][gc,start      ] GC(414) Pause Mixed (G1 Evacuation Pause)
[73,414s][info][gc,task       ] GC(414) Using 4 workers of 4 for evacuation
[73,442s][info][gc,phases     ] GC(414)   Pre Evacuate Collection Set: 0,1ms
[73,442s][info][gc,phases     ] GC(414)   Evacuate Collection Set: 26,9ms
[73,442s][info][gc,phases     ] GC(414)   Post Evacuate Collection Set: 0,9ms
[73,442s][info][gc,phases     ] GC(414)   Other: 0,2ms
[73,442s][info][gc,heap       ] GC(414) Eden regions: 10->0(25)
[73,442s][info][gc,heap       ] GC(414) Survivor regions: 2->1(2)
[73,442s][info][gc,heap       ] GC(414) Old regions: 102->93
[73,442s][info][gc,heap       ] GC(414) Humongous regions: 94->94
[73,442s][info][gc,metaspace  ] GC(414) Metaspace: 36234K->36234K(1087488K)
[73,442s][info][gc            ] GC(414) Pause Mixed (G1 Evacuation Pause) 207M->187M(256M) 28,247ms
[73,442s][info][gc,cpu        ] GC(414) User=0,09s Sys=0,00s Real=0,03s
[73,919s][info][gc,start      ] GC(415) Pause Young (G1 Evacuation Pause)
[73,919s][info][gc,task       ] GC(415) Using 4 workers of 4 for evacuation
[73,944s][info][gc,phases     ] GC(415)   Pre Evacuate Collection Set: 0,0ms
[73,944s][info][gc,phases     ] GC(415)   Evacuate Collection Set: 25,3ms
[73,944s][info][gc,phases     ] GC(415)   Post Evacuate Collection Set: 0,2ms
[73,944s][info][gc,phases     ] GC(415)   Other: 0,2ms
[73,944s][info][gc,heap       ] GC(415) Eden regions: 25->0(25)
[73,944s][info][gc,heap       ] GC(415) Survivor regions: 1->3(4)
[73,944s][info][gc,heap       ] GC(415) Old regions: 93->93
[73,944s][info][gc,heap       ] GC(415) Humongous regions: 94->94
[73,944s][info][gc,metaspace  ] GC(415) Metaspace: 36240K->36240K(1087488K)
[73,944s][info][gc            ] GC(415) Pause Young (G1 Evacuation Pause) 212M->188M(256M) 25,852ms
[73,944s][info][gc,cpu        ] GC(415) User=0,07s Sys=0,00s Real=0,03s
[74,349s][info][gc,start      ] GC(416) Pause Young (G1 Evacuation Pause)
[74,349s][info][gc,task       ] GC(416) Using 4 workers of 4 for evacuation
[74,357s][info][gc,phases     ] GC(416)   Pre Evacuate Collection Set: 0,0ms
[74,357s][info][gc,phases     ] GC(416)   Evacuate Collection Set: 8,0ms
[74,357s][info][gc,phases     ] GC(416)   Post Evacuate Collection Set: 0,3ms
[74,357s][info][gc,phases     ] GC(416)   Other: 0,2ms
[74,357s][info][gc,heap       ] GC(416) Eden regions: 25->0(25)
[74,357s][info][gc,heap       ] GC(416) Survivor regions: 3->4(4)
[74,357s][info][gc,heap       ] GC(416) Old regions: 93->94
[74,357s][info][gc,heap       ] GC(416) Humongous regions: 94->94
[74,357s][info][gc,metaspace  ] GC(416) Metaspace: 36243K->36243K(1087488K)
[74,357s][info][gc            ] GC(416) Pause Young (G1 Evacuation Pause) 213M->191M(256M) 8,638ms
[74,357s][info][gc,cpu        ] GC(416) User=0,02s Sys=0,00s Real=0,01s
[74,668s][info][gc,start      ] GC(417) Pause Initial Mark (G1 Evacuation Pause)
[74,668s][info][gc,task       ] GC(417) Using 4 workers of 4 for evacuation
[74,678s][info][gc,phases     ] GC(417)   Pre Evacuate Collection Set: 0,0ms
[74,678s][info][gc,phases     ] GC(417)   Evacuate Collection Set: 9,3ms
[74,678s][info][gc,phases     ] GC(417)   Post Evacuate Collection Set: 0,5ms
[74,678s][info][gc,phases     ] GC(417)   Other: 0,2ms
[74,678s][info][gc,heap       ] GC(417) Eden regions: 25->0(25)
[74,678s][info][gc,heap       ] GC(417) Survivor regions: 4->4(4)
[74,678s][info][gc,heap       ] GC(417) Old regions: 94->96
[74,678s][info][gc,heap       ] GC(417) Humongous regions: 94->94
[74,678s][info][gc,metaspace  ] GC(417) Metaspace: 36246K->36246K(1087488K)
[74,678s][info][gc            ] GC(417) Pause Initial Mark (G1 Evacuation Pause) 216M->192M(256M) 10,163ms
[74,678s][info][gc,cpu        ] GC(417) User=0,03s Sys=0,00s Real=0,01s
[74,678s][info][gc            ] GC(418) Concurrent Cycle
[74,678s][info][gc,marking    ] GC(418) Concurrent Clear Claimed Marks
[74,678s][info][gc,marking    ] GC(418) Concurrent Clear Claimed Marks 0,269ms
[74,678s][info][gc,marking    ] GC(418) Concurrent Scan Root Regions
[74,682s][info][gc,marking    ] GC(418) Concurrent Scan Root Regions 3,968ms
[74,682s][info][gc,marking    ] GC(418) Concurrent Mark (74,682s)
[74,682s][info][gc,marking    ] GC(418) Concurrent Mark From Roots
[74,682s][info][gc,task       ] GC(418) Using 1 workers of 1 for marking
[74,925s][info][gc,marking    ] GC(418) Concurrent Mark From Roots 243,260ms
[74,926s][info][gc,marking    ] GC(418) Concurrent Mark (74,682s, 74,926s) 243,402ms
[74,926s][info][gc,start      ] GC(418) Pause Remark
[74,952s][info][gc,stringtable] GC(418) Cleaned string and symbol table, strings: 14320 processed, 0 removed, symbols: 84176 processed, 2 removed
[74,952s][info][gc            ] GC(418) Pause Remark 211M->211M(256M) 25,830ms
[74,952s][info][gc,cpu        ] GC(418) User=0,08s Sys=0,00s Real=0,02s
[74,952s][info][gc,marking    ] GC(418) Concurrent Create Live Data
[75,001s][info][gc,marking    ] GC(418) Concurrent Create Live Data 49,592ms
[75,002s][info][gc,start      ] GC(418) Pause Cleanup
[75,004s][info][gc            ] GC(418) Pause Cleanup 212M->212M(256M) 2,702ms
[75,004s][info][gc,cpu        ] GC(418) User=0,01s Sys=0,00s Real=0,00s
[75,004s][info][gc,marking    ] GC(418) Concurrent Cleanup for Next Mark
[75,006s][info][gc,marking    ] GC(418) Concurrent Cleanup for Next Mark 1,454ms
[75,006s][info][gc            ] GC(418) Concurrent Cycle 328,194ms
[76,231s][info][gc,start      ] GC(419) Pause Young (G1 Evacuation Pause)
[76,231s][info][gc,task       ] GC(419) Using 4 workers of 4 for evacuation
[76,244s][info][gc,phases     ] GC(419)   Pre Evacuate Collection Set: 0,0ms
[76,244s][info][gc,phases     ] GC(419)   Evacuate Collection Set: 12,4ms
[76,244s][info][gc,phases     ] GC(419)   Post Evacuate Collection Set: 0,3ms
[76,244s][info][gc,phases     ] GC(419)   Other: 0,2ms
[76,244s][info][gc,heap       ] GC(419) Eden regions: 25->0(8)
[76,244s][info][gc,heap       ] GC(419) Survivor regions: 4->4(4)
[76,244s][info][gc,heap       ] GC(419) Old regions: 96->98
[76,244s][info][gc,heap       ] GC(419) Humongous regions: 94->94
[76,244s][info][gc,metaspace  ] GC(419) Metaspace: 36132K->36132K(1087488K)
[76,244s][info][gc            ] GC(419) Pause Young (G1 Evacuation Pause) 217M->194M(256M) 13,085ms
[76,244s][info][gc,cpu        ] GC(419) User=0,04s Sys=0,00s Real=0,02s
[76,347s][info][gc,start      ] GC(420) Pause Mixed (G1 Evacuation Pause)
[76,347s][info][gc,task       ] GC(420) Using 4 workers of 4 for evacuation
[76,365s][info][gc,phases     ] GC(420)   Pre Evacuate Collection Set: 0,0ms
[76,365s][info][gc,phases     ] GC(420)   Evacuate Collection Set: 17,4ms
[76,365s][info][gc,phases     ] GC(420)   Post Evacuate Collection Set: 0,3ms
[76,365s][info][gc,phases     ] GC(420)   Other: 0,2ms
[76,365s][info][gc,heap       ] GC(420) Eden regions: 8->0(26)
[76,365s][info][gc,heap       ] GC(420) Survivor regions: 4->1(2)
[76,365s][info][gc,heap       ] GC(420) Old regions: 98->99
[76,365s][info][gc,heap       ] GC(420) Humongous regions: 94->94
[76,365s][info][gc,metaspace  ] GC(420) Metaspace: 36133K->36133K(1087488K)
[76,365s][info][gc            ] GC(420) Pause Mixed (G1 Evacuation Pause) 202M->193M(256M) 18,065ms
[76,365s][info][gc,cpu        ] GC(420) User=0,05s Sys=0,00s Real=0,02s
[77,195s][info][gc,start      ] GC(421) Pause Young (G1 Evacuation Pause)
[77,195s][info][gc,task       ] GC(421) Using 4 workers of 4 for evacuation
[77,225s][info][gc,phases     ] GC(421)   Pre Evacuate Collection Set: 0,0ms
[77,225s][info][gc,phases     ] GC(421)   Evacuate Collection Set: 28,9ms
[77,225s][info][gc,phases     ] GC(421)   Post Evacuate Collection Set: 0,8ms
[77,225s][info][gc,phases     ] GC(421)   Other: 0,2ms
[77,225s][info][gc,heap       ] GC(421) Eden regions: 26->0(21)
[77,225s][info][gc,heap       ] GC(421) Survivor regions: 1->4(4)
[77,225s][info][gc,heap       ] GC(421) Old regions: 99->102
[77,225s][info][gc,heap       ] GC(421) Humongous regions: 94->94
[77,225s][info][gc,metaspace  ] GC(421) Metaspace: 36146K->36146K(1087488K)
[77,225s][info][gc            ] GC(421) Pause Young (G1 Evacuation Pause) 219M->199M(256M) 30,127ms
[77,225s][info][gc,cpu        ] GC(421) User=0,12s Sys=0,01s Real=0,03s
[78,280s][info][gc,start      ] GC(422) Pause Young (G1 Evacuation Pause)
[78,280s][info][gc,task       ] GC(422) Using 4 workers of 4 for evacuation
[78,309s][info][gc,phases     ] GC(422)   Pre Evacuate Collection Set: 0,0ms
[78,310s][info][gc,phases     ] GC(422)   Evacuate Collection Set: 28,9ms
[78,310s][info][gc,phases     ] GC(422)   Post Evacuate Collection Set: 0,5ms
[78,310s][info][gc,phases     ] GC(422)   Other: 0,2ms
[78,310s][info][gc,heap       ] GC(422) Eden regions: 21->0(19)
[78,310s][info][gc,heap       ] GC(422) Survivor regions: 4->3(4)
[78,310s][info][gc,heap       ] GC(422) Old regions: 102->105
[78,310s][info][gc,heap       ] GC(422) Humongous regions: 94->94
[78,310s][info][gc,metaspace  ] GC(422) Metaspace: 36159K->36159K(1087488K)
[78,310s][info][gc            ] GC(422) Pause Young (G1 Evacuation Pause) 220M->201M(256M) 29,732ms
[78,310s][info][gc,cpu        ] GC(422) User=0,06s Sys=0,00s Real=0,03s
[78,607s][info][gc,start      ] GC(423) Pause Initial Mark (G1 Evacuation Pause)
[78,607s][info][gc,task       ] GC(423) Using 4 workers of 4 for evacuation
[78,624s][info][gc,phases     ] GC(423)   Pre Evacuate Collection Set: 0,0ms
[78,624s][info][gc,phases     ] GC(423)   Evacuate Collection Set: 16,1ms
[78,624s][info][gc,phases     ] GC(423)   Post Evacuate Collection Set: 0,5ms
[78,624s][info][gc,phases     ] GC(423)   Other: 0,2ms
[78,624s][info][gc,heap       ] GC(423) Eden regions: 19->0(18)
[78,624s][info][gc,heap       ] GC(423) Survivor regions: 3->2(3)
[78,624s][info][gc,heap       ] GC(423) Old regions: 105->108
[78,624s][info][gc,heap       ] GC(423) Humongous regions: 94->94
[78,624s][info][gc,metaspace  ] GC(423) Metaspace: 36161K->36161K(1087488K)
[78,624s][info][gc            ] GC(423) Pause Initial Mark (G1 Evacuation Pause) 220M->203M(256M) 16,879ms
[78,624s][info][gc,cpu        ] GC(423) User=0,06s Sys=0,00s Real=0,02s
[78,624s][info][gc            ] GC(424) Concurrent Cycle
[78,624s][info][gc,marking    ] GC(424) Concurrent Clear Claimed Marks
[78,625s][info][gc,marking    ] GC(424) Concurrent Clear Claimed Marks 0,347ms
[78,625s][info][gc,marking    ] GC(424) Concurrent Scan Root Regions
[78,627s][info][gc,marking    ] GC(424) Concurrent Scan Root Regions 2,628ms
[78,627s][info][gc,marking    ] GC(424) Concurrent Mark (78,627s)
[78,627s][info][gc,marking    ] GC(424) Concurrent Mark From Roots
[78,627s][info][gc,task       ] GC(424) Using 1 workers of 1 for marking
[78,787s][info][gc,start      ] GC(425) Pause Young (G1 Evacuation Pause)
[78,787s][info][gc,task       ] GC(425) Using 4 workers of 4 for evacuation
[78,797s][info][gc,phases     ] GC(425)   Pre Evacuate Collection Set: 0,0ms
[78,797s][info][gc,phases     ] GC(425)   Evacuate Collection Set: 8,7ms
[78,797s][info][gc,phases     ] GC(425)   Post Evacuate Collection Set: 1,2ms
[78,797s][info][gc,phases     ] GC(425)   Other: 0,2ms
[78,797s][info][gc,heap       ] GC(425) Eden regions: 18->0(18)
[78,797s][info][gc,heap       ] GC(425) Survivor regions: 2->3(3)
[78,797s][info][gc,heap       ] GC(425) Old regions: 108->108
[78,797s][info][gc,heap       ] GC(425) Humongous regions: 94->94
[78,797s][info][gc,metaspace  ] GC(425) Metaspace: 36162K->36162K(1087488K)
[78,797s][info][gc            ] GC(425) Pause Young (G1 Evacuation Pause) 221M->204M(256M) 10,202ms
[78,797s][info][gc,cpu        ] GC(425) User=0,04s Sys=0,00s Real=0,01s
[78,895s][info][gc,marking    ] GC(424) Concurrent Mark From Roots 267,269ms
[78,895s][info][gc,marking    ] GC(424) Concurrent Mark (78,627s, 78,895s) 267,343ms
[78,895s][info][gc,start      ] GC(424) Pause Remark
[78,920s][info][gc,stringtable] GC(424) Cleaned string and symbol table, strings: 14341 processed, 22 removed, symbols: 84176 processed, 2 removed
[78,920s][info][gc            ] GC(424) Pause Remark 212M->212M(256M) 25,472ms
[78,920s][info][gc,cpu        ] GC(424) User=0,08s Sys=0,00s Real=0,02s
[78,921s][info][gc,marking    ] GC(424) Concurrent Create Live Data
[78,974s][info][gc,marking    ] GC(424) Concurrent Create Live Data 53,705ms
[78,975s][info][gc,start      ] GC(424) Pause Cleanup
[78,980s][info][gc            ] GC(424) Pause Cleanup 212M->212M(256M) 5,267ms
[78,980s][info][gc,cpu        ] GC(424) User=0,01s Sys=0,00s Real=0,00s
[78,980s][info][gc,marking    ] GC(424) Concurrent Cleanup for Next Mark
[78,982s][info][gc,marking    ] GC(424) Concurrent Cleanup for Next Mark 1,543ms
[78,982s][info][gc            ] GC(424) Concurrent Cycle 357,471ms
[86,022s][info][gc,heap,exit  ] Heap
[86,022s][info][gc,heap,exit  ]  garbage-first heap   total 262144K, used 226766K [0x00000000f0000000, 0x00000000f0100800, 0x0000000100000000)
[86,022s][info][gc,heap,exit  ]   region size 1024K, 21 young (21504K), 3 survivors (3072K)
[86,022s][info][gc,heap,exit  ]  Metaspace       used 36037K, capacity 42934K, committed 44108K, reserved 1087488K
[86,022s][info][gc,heap,exit  ]   class space    used 4891K, capacity 5939K, committed 6220K, reserved 1048576K
