[0.212s][info][gc] Using G1
[3,036s][info][gc] GC(0) Pause Young (G1 Evacuation Pause) 16M->5M(124M) 7,812ms
[4,495s][info][gc] GC(1) Pause Young (G1 Evacuation Pause) 54M->51M(124M) 9,492ms
[4,917s][info][gc] GC(2) Pause Initial Mark (Metadata GC Threshold) 54M->51M(124M) 4,933ms
[4,917s][info][gc] GC(3) Concurrent Cycle
[4,935s][info][gc] GC(3) Pause Remark 52M->52M(124M) 5,463ms
[4,937s][info][gc] GC(3) Pause Cleanup 52M->52M(124M) 0,265ms
[4,939s][info][gc] GC(3) Concurrent Cycle 22,378ms
[5,174s][info][gc] GC(4) Pause Initial Mark (G1 Humongous Allocation) 54M->52M(124M) 4,947ms
[5,175s][info][gc] GC(5) Concurrent Cycle
[5,211s][info][gc] GC(5) Pause Remark 96M->96M(124M) 5,657ms
[5,214s][info][gc] GC(5) Pause Cleanup 96M->96M(124M) 0,180ms
[5,216s][info][gc] GC(5) Concurrent Cycle 41,031ms
[5,935s][info][gc] GC(6) Pause Initial Mark (G1 Humongous Allocation) 97M->52M(124M) 4,340ms
[5,936s][info][gc] GC(7) Concurrent Cycle
[5,956s][info][gc] GC(7) Pause Remark 54M->54M(124M) 5,704ms
[5,959s][info][gc] GC(7) Pause Cleanup 54M->54M(124M) 0,241ms
[5,959s][info][gc] GC(7) Concurrent Cycle 23,662ms
[10,771s][info][gc] GC(8) Pause Initial Mark (G1 Humongous Allocation) 58M->55M(124M) 4,480ms
[10,771s][info][gc] GC(9) Concurrent Cycle
[10,808s][info][gc] GC(9) Pause Remark 99M->99M(124M) 7,599ms
[10,811s][info][gc] GC(9) Pause Cleanup 99M->99M(124M) 0,191ms
[10,811s][info][gc] GC(9) Concurrent Cycle 39,923ms
[11,858s][info][gc] GC(10) Pause Initial Mark (G1 Humongous Allocation) 105M->100M(124M) 22,510ms
[11,859s][info][gc] GC(11) Concurrent Cycle
[11,880s][info][gc] GC(12) Pause Young (G1 Humongous Allocation) 100M->100M(124M) 15,710ms
[11,959s][info][gc] GC(13) Pause Full (Allocation Failure) 100M->99M(124M) 78,674ms
[12,038s][info][gc] GC(14) Pause Full (Allocation Failure) 99M->99M(124M) 79,127ms
[12,038s][info][gc] GC(11) Concurrent Cycle 179,636ms
[16,169s][info][gc] GC(15) Pause Young (G1 Evacuation Pause) 105M->100M(124M) 4,208ms
[16,197s][info][gc] GC(16) Pause Initial Mark (G1 Humongous Allocation) 101M->100M(124M) 4,739ms
[16,198s][info][gc] GC(17) Concurrent Cycle
[16,202s][info][gc] GC(18) Pause Young (G1 Humongous Allocation) 100M->100M(124M) 2,926ms
[16,270s][info][gc] GC(19) Pause Full (Allocation Failure) 100M->99M(124M) 67,812ms
[16,337s][info][gc] GC(20) Pause Full (Allocation Failure) 99M->99M(124M) 67,291ms
[16,337s][info][gc] GC(17) Concurrent Cycle 139,842ms
[42,350s][info][gc] GC(21) Pause Young (G1 Evacuation Pause) 105M->100M(124M) 4,788ms
[42,676s][info][gc] GC(22) Pause Initial Mark (G1 Evacuation Pause) 105M->102M(124M) 8,423ms
[42,676s][info][gc] GC(23) Concurrent Cycle
[42,717s][info][gc] GC(23) Pause Remark 102M->102M(124M) 9,989ms
[42,723s][info][gc] GC(23) Pause Cleanup 102M->102M(124M) 0,271ms
[42,724s][info][gc] GC(23) Concurrent Cycle 47,410ms
[43,030s][info][gc] GC(24) Pause Young (G1 Evacuation Pause) 107M->103M(124M) 9,696ms
[43,166s][info][gc] GC(25) Pause Initial Mark (G1 Humongous Allocation) 104M->104M(124M) 5,564ms
[43,166s][info][gc] GC(26) Concurrent Cycle
[43,215s][info][gc] GC(26) Pause Remark 106M->106M(124M) 15,398ms
[43,224s][info][gc] GC(26) Pause Cleanup 106M->106M(124M) 2,178ms
[43,225s][info][gc] GC(26) Concurrent Cycle 58,833ms
[43,240s][info][gc] GC(27) Pause Initial Mark (G1 Humongous Allocation) 106M->105M(124M) 4,698ms
[43,240s][info][gc] GC(28) Concurrent Cycle
[43,289s][info][gc] GC(28) Pause Remark 109M->109M(124M) 12,109ms
[43,298s][info][gc] GC(28) Pause Cleanup 111M->109M(124M) 0,245ms
[43,299s][info][gc] GC(28) Concurrent Cycle 58,950ms
[51,915s][info][gc] GC(29) Pause Initial Mark (G1 Humongous Allocation) 112M->106M(124M) 4,613ms
[51,915s][info][gc] GC(30) Concurrent Cycle
[51,960s][info][gc] GC(30) Pause Remark 109M->109M(124M) 10,687ms
[51,968s][info][gc] GC(30) Pause Cleanup 109M->109M(124M) 0,218ms
[51,969s][info][gc] GC(30) Concurrent Cycle 54,001ms
[52,231s][info][gc] GC(31) Pause Young (G1 Evacuation Pause) 114M->109M(124M) 4,688ms
[52,368s][info][gc] GC(32) Pause Initial Mark (G1 Evacuation Pause) 114M->110M(124M) 15,305ms
[52,368s][info][gc] GC(33) Concurrent Cycle
[52,419s][info][gc] GC(33) Pause Remark 111M->111M(124M) 13,730ms
[52,427s][info][gc] GC(33) Pause Cleanup 111M->111M(124M) 0,259ms
[52,428s][info][gc] GC(33) Concurrent Cycle 60,405ms
[52,485s][info][gc] GC(34) Pause Young (G1 Evacuation Pause) 115M->110M(124M) 5,245ms
[52,533s][info][gc] GC(35) Pause Initial Mark (G1 Evacuation Pause) 115M->111M(124M) 5,312ms
[52,533s][info][gc] GC(36) Concurrent Cycle
[52,590s][info][gc] GC(36) Pause Remark 114M->114M(124M) 14,400ms
[52,604s][info][gc] GC(36) Pause Cleanup 115M->115M(124M) 0,225ms
[52,605s][info][gc] GC(36) Concurrent Cycle 72,705ms
[52,624s][info][gc] GC(37) Pause Young (G1 Evacuation Pause) 116M->112M(124M) 3,948ms
[52,675s][info][gc] GC(38) Pause Initial Mark (G1 Evacuation Pause) 117M->112M(124M) 4,742ms
[52,675s][info][gc] GC(39) Concurrent Cycle
[52,738s][info][gc] GC(39) Pause Remark 116M->116M(124M) 13,509ms
[52,746s][info][gc] GC(39) Pause Cleanup 117M->117M(124M) 0,228ms
[52,747s][info][gc] GC(39) Concurrent Cycle 71,972ms
[52,757s][info][gc] GC(40) Pause Young (G1 Evacuation Pause) 117M->112M(124M) 4,123ms
[52,813s][info][gc] GC(41) Pause Initial Mark (G1 Evacuation Pause) 117M->113M(124M) 10,174ms
[52,813s][info][gc] GC(42) Concurrent Cycle
[52,862s][info][gc] GC(43) Pause Young (G1 Evacuation Pause) 118M->114M(124M) 4,138ms
[52,895s][info][gc] GC(42) Pause Remark 115M->115M(124M) 11,497ms
[52,905s][info][gc] GC(42) Pause Cleanup 115M->115M(124M) 0,258ms
[52,906s][info][gc] GC(42) Concurrent Cycle 93,272ms
[52,932s][info][gc] GC(44) Pause Young (G1 Evacuation Pause) 119M->114M(124M) 4,300ms
[52,972s][info][gc] GC(45) Pause Initial Mark (G1 Evacuation Pause) 119M->115M(124M) 7,322ms
[52,972s][info][gc] GC(46) Concurrent Cycle
[53,020s][info][gc] GC(47) Pause Young (G1 Evacuation Pause) 120M->116M(124M) 4,531ms
[53,064s][info][gc] GC(46) Pause Remark 119M->119M(124M) 12,214ms
[53,077s][info][gc] GC(46) Pause Cleanup 120M->120M(124M) 1,294ms
[53,078s][info][gc] GC(46) Concurrent Cycle 105,260ms
[53,087s][info][gc] GC(48) Pause Young (G1 Evacuation Pause) 121M->116M(124M) 4,136ms
[53,123s][info][gc] GC(49) To-space exhausted
[53,123s][info][gc] GC(49) Pause Initial Mark (G1 Evacuation Pause) 121M->117M(124M) 6,195ms
[53,123s][info][gc] GC(50) Concurrent Cycle
[53,185s][info][gc] GC(51) To-space exhausted
[53,185s][info][gc] GC(51) Pause Young (G1 Evacuation Pause) 122M->122M(124M) 7,705ms
[53,188s][info][gc] GC(52) Pause Young (G1 Evacuation Pause) 122M->122M(124M) 3,305ms
[53,190s][info][gc] GC(53) Pause Young (G1 Evacuation Pause) 122M->122M(124M) 1,733ms
[53,192s][info][gc] GC(54) Pause Young (G1 Evacuation Pause) 122M->122M(124M) 1,913ms
[53,334s][info][gc] GC(55) Pause Full (Allocation Failure) 122M->116M(124M) 141,382ms
[53,334s][info][gc] GC(50) Concurrent Cycle 211,080ms
[53,410s][info][gc] GC(56) To-space exhausted
[53,410s][info][gc] GC(56) Pause Young (G1 Evacuation Pause) 122M->123M(124M) 14,869ms
[53,423s][info][gc] GC(57) To-space exhausted
[53,423s][info][gc] GC(57) Pause Initial Mark (G1 Evacuation Pause) 123M->123M(124M) 12,040ms
[53,423s][info][gc] GC(58) Concurrent Cycle
[53,574s][info][gc] GC(59) Pause Full (Allocation Failure) 123M->118M(124M) 150,665ms
[53,582s][info][gc] GC(58) Concurrent Cycle 158,809ms
[53,721s][info][gc] GC(60) To-space exhausted
[53,721s][info][gc] GC(60) Pause Young (G1 Evacuation Pause) 123M->123M(124M) 12,963ms
[53,871s][info][gc] GC(61) Pause Full (Allocation Failure) 123M->113M(124M) 149,697ms
[54,153s][info][gc] GC(62) Pause Initial Mark (G1 Evacuation Pause) 119M->114M(124M) 7,267ms
[54,154s][info][gc] GC(63) Concurrent Cycle
[54,246s][info][gc] GC(63) Pause Remark 115M->115M(124M) 10,794ms
[54,258s][info][gc] GC(63) Pause Cleanup 116M->116M(124M) 0,204ms
[54,259s][info][gc] GC(63) Concurrent Cycle 105,771ms
[54,442s][info][gc] GC(64) Pause Young (G1 Evacuation Pause) 119M->116M(124M) 9,317ms
[54,576s][info][gc] GC(65) To-space exhausted
[54,576s][info][gc] GC(65) Pause Initial Mark (G1 Evacuation Pause) 121M->123M(124M) 23,993ms
[54,576s][info][gc] GC(66) Concurrent Cycle
[54,589s][info][gc] GC(67) To-space exhausted
[54,589s][info][gc] GC(67) Pause Young (G1 Evacuation Pause) 123M->123M(124M) 9,948ms
[54,774s][info][gc] GC(68) Pause Full (Allocation Failure) 123M->118M(124M) 185,076ms
[54,774s][info][gc] GC(66) Concurrent Cycle 197,924ms
[54,864s][info][gc] GC(69) To-space exhausted
[54,864s][info][gc] GC(69) Pause Young (G1 Evacuation Pause) 123M->123M(124M) 12,940ms
[54,871s][info][gc] GC(70) Pause Initial Mark (G1 Evacuation Pause) 123M->123M(124M) 5,890ms
[54,871s][info][gc] GC(71) Concurrent Cycle
[55,048s][info][gc] GC(72) Pause Full (Allocation Failure) 123M->120M(124M) 175,875ms
[55,048s][info][gc] GC(71) Concurrent Cycle 177,209ms
[55,145s][info][gc] GC(73) To-space exhausted
[55,145s][info][gc] GC(73) Pause Young (G1 Evacuation Pause) 123M->123M(124M) 7,364ms
[55,150s][info][gc] GC(74) Pause Initial Mark (G1 Evacuation Pause) 123M->123M(124M) 4,483ms
[55,150s][info][gc] GC(75) Concurrent Cycle
[55,333s][info][gc] GC(76) Pause Full (Allocation Failure) 123M->121M(124M) 179,798ms
[55,333s][info][gc] GC(75) Concurrent Cycle 183,370ms
[55,409s][info][gc] GC(77) To-space exhausted
[55,409s][info][gc] GC(77) Pause Young (G1 Evacuation Pause) 123M->123M(124M) 17,960ms
[55,416s][info][gc] GC(78) Pause Initial Mark (G1 Evacuation Pause) 123M->123M(124M) 6,626ms
[55,416s][info][gc] GC(79) Concurrent Cycle
[55,623s][info][gc] GC(80) Pause Full (Allocation Failure) 123M->122M(124M) 205,560ms
[55,623s][info][gc] GC(79) Concurrent Cycle 207,096ms
[55,635s][info][gc] GC(81) To-space exhausted
[55,635s][info][gc] GC(81) Pause Young (G1 Evacuation Pause) 123M->123M(124M) 2,861ms
[55,638s][info][gc] GC(82) Pause Initial Mark (G1 Evacuation Pause) 123M->123M(124M) 3,133ms
[55,638s][info][gc] GC(83) Concurrent Cycle
[55,832s][info][gc] GC(84) Pause Full (Allocation Failure) 123M->122M(124M) 193,301ms
[55,832s][info][gc] GC(83) Concurrent Cycle 193,720ms
[55,850s][info][gc] GC(85) To-space exhausted
[55,850s][info][gc] GC(85) Pause Young (G1 Evacuation Pause) 123M->123M(124M) 9,774ms
[55,854s][info][gc] GC(86) Pause Initial Mark (G1 Evacuation Pause) 123M->123M(124M) 3,970ms
[55,855s][info][gc] GC(87) Concurrent Cycle
[56,033s][info][gc] GC(88) Pause Full (Allocation Failure) 123M->122M(124M) 178,744ms
[56,034s][info][gc] GC(87) Concurrent Cycle 179,426ms
[56,052s][info][gc] GC(89) To-space exhausted
[56,052s][info][gc] GC(89) Pause Young (G1 Evacuation Pause) 123M->123M(124M) 4,902ms
[56,070s][info][gc] GC(90) Pause Initial Mark (G1 Evacuation Pause) 123M->123M(124M) 12,282ms
[56,070s][info][gc] GC(91) Concurrent Cycle
[56,257s][info][gc] GC(92) Pause Full (Allocation Failure) 123M->122M(124M) 175,251ms
[56,257s][info][gc] GC(91) Concurrent Cycle 187,152ms
[56,277s][info][gc] GC(93) To-space exhausted
[56,277s][info][gc] GC(93) Pause Young (G1 Evacuation Pause) 123M->123M(124M) 5,281ms
[56,280s][info][gc] GC(94) Pause Initial Mark (G1 Evacuation Pause) 123M->123M(124M) 2,705ms
[56,280s][info][gc] GC(95) Concurrent Cycle
[56,469s][info][gc] GC(96) Pause Full (Allocation Failure) 123M->123M(124M) 187,731ms
[56,647s][info][gc] GC(97) Pause Full (Allocation Failure) 123M->123M(124M) 177,911ms
[56,649s][info][gc] GC(98) Pause Young (G1 Evacuation Pause) 123M->123M(124M) 1,233ms
[56,649s][info][gc] GC(95) Concurrent Cycle 369,397ms
[56,651s][info][gc] GC(99) Pause Young (G1 Evacuation Pause) 123M->123M(124M) 1,244ms
[56,831s][info][gc] GC(100) Pause Full (Allocation Failure) 123M->123M(124M) 180,586ms
[57,003s][info][gc] GC(101) Pause Full (Allocation Failure) 123M->123M(124M) 171,328ms
[57,005s][info][gc] GC(102) Pause Initial Mark (G1 Evacuation Pause) 123M->123M(124M) 1,893ms
[57,005s][info][gc] GC(103) Concurrent Cycle
[57,006s][info][gc] GC(104) Pause Young (G1 Evacuation Pause) 123M->123M(124M) 1,131ms
[57,186s][info][gc] GC(105) Pause Full (Allocation Failure) 123M->123M(124M) 178,980ms
[57,358s][info][gc] GC(106) Pause Full (Allocation Failure) 123M->123M(124M) 172,667ms
[57,359s][info][gc] GC(103) Concurrent Cycle 353,630ms
[57,360s][info][gc] GC(107) Pause Young (G1 Evacuation Pause) 123M->123M(124M) 1,194ms
[57,362s][info][gc] GC(108) Pause Initial Mark (G1 Evacuation Pause) 123M->123M(124M) 1,903ms
[57,362s][info][gc] GC(109) Concurrent Cycle
[57,538s][info][gc] GC(110) Pause Full (Allocation Failure) 123M->123M(124M) 175,941ms
[57,710s][info][gc] GC(111) Pause Full (Allocation Failure) 123M->123M(124M) 171,756ms
[57,710s][info][gc] GC(109) Concurrent Cycle 348,147ms
[58,107s][info][gc] GC(112) Pause Young (G1 Evacuation Pause) 123M->123M(124M) 1,357ms
[58,109s][info][gc] GC(113) Pause Initial Mark (G1 Evacuation Pause) 123M->123M(124M) 1,966ms
[58,109s][info][gc] GC(114) Concurrent Cycle
[58,286s][info][gc] GC(115) Pause Full (Allocation Failure) 123M->123M(124M) 176,719ms
[58,461s][info][gc] GC(116) Pause Full (Allocation Failure) 123M->123M(124M) 174,807ms
[58,461s][info][gc] GC(114) Concurrent Cycle 351,953ms
[58,462s][info][gc] GC(117) Pause Young (G1 Evacuation Pause) 123M->123M(124M) 1,198ms
[58,464s][info][gc] GC(118) Pause Initial Mark (G1 Evacuation Pause) 123M->123M(124M) 1,910ms
[58,464s][info][gc] GC(119) Concurrent Cycle
[58,640s][info][gc] GC(120) Pause Full (Allocation Failure) 123M->123M(124M) 175,568ms
[58,816s][info][gc] GC(121) Pause Full (Allocation Failure) 123M->123M(124M) 176,457ms
[58,817s][info][gc] GC(119) Concurrent Cycle 352,430ms
[58,818s][info][gc] GC(122) Pause Young (G1 Evacuation Pause) 123M->123M(124M) 1,326ms
[58,820s][info][gc] GC(123) Pause Initial Mark (G1 Evacuation Pause) 123M->123M(124M) 1,873ms
[58,820s][info][gc] GC(124) Concurrent Cycle
[58,996s][info][gc] GC(125) Pause Full (Allocation Failure) 123M->123M(124M) 175,308ms
[59,177s][info][gc] GC(126) Pause Full (Allocation Failure) 123M->123M(124M) 181,144ms
[59,177s][info][gc] GC(124) Concurrent Cycle 356,876ms
[59,179s][info][gc] GC(127) Pause Young (G1 Evacuation Pause) 123M->123M(124M) 1,329ms
[59,181s][info][gc] GC(128) Pause Initial Mark (G1 Evacuation Pause) 123M->123M(124M) 1,907ms
[59,181s][info][gc] GC(129) Concurrent Cycle
[59,358s][info][gc] GC(130) Pause Full (Allocation Failure) 123M->123M(124M) 176,739ms
[59,530s][info][gc] GC(131) Pause Full (Allocation Failure) 123M->123M(124M) 172,218ms
[59,530s][info][gc] GC(129) Concurrent Cycle 349,367ms
[59,532s][info][gc] GC(132) Pause Young (G1 Evacuation Pause) 123M->123M(124M) 1,174ms
[59,534s][info][gc] GC(133) Pause Initial Mark (G1 Evacuation Pause) 123M->123M(124M) 2,008ms
[59,534s][info][gc] GC(134) Concurrent Cycle
[59,712s][info][gc] GC(135) Pause Full (Allocation Failure) 123M->123M(124M) 178,133ms
[59,891s][info][gc] GC(136) Pause Full (Allocation Failure) 123M->123M(124M) 178,880ms
[59,891s][info][gc] GC(134) Concurrent Cycle 357,369ms
[59,893s][info][gc] GC(137) Pause Young (G1 Evacuation Pause) 123M->123M(124M) 1,325ms
[59,895s][info][gc] GC(138) Pause Initial Mark (G1 Evacuation Pause) 123M->123M(124M) 2,064ms
[59,895s][info][gc] GC(139) Concurrent Cycle
[60,077s][info][gc] GC(140) Pause Full (Allocation Failure) 123M->123M(124M) 181,555ms
[60,257s][info][gc] GC(141) Pause Full (Allocation Failure) 123M->123M(124M) 180,153ms
[60,257s][info][gc] GC(139) Concurrent Cycle 362,127ms
[60,260s][info][gc] GC(142) Pause Young (G1 Evacuation Pause) 123M->123M(124M) 1,756ms
[60,264s][info][gc] GC(143) Pause Initial Mark (G1 Evacuation Pause) 123M->123M(124M) 4,090ms
[60,264s][info][gc] GC(144) Concurrent Cycle
[60,440s][info][gc] GC(145) Pause Full (Allocation Failure) 123M->123M(124M) 175,753ms
[60,613s][info][gc] GC(146) Pause Full (Allocation Failure) 123M->123M(124M) 173,040ms
[60,614s][info][gc] GC(144) Concurrent Cycle 349,744ms
[60,615s][info][gc] GC(147) Pause Young (G1 Evacuation Pause) 123M->123M(124M) 1,192ms
[60,617s][info][gc] GC(148) Pause Initial Mark (G1 Evacuation Pause) 123M->123M(124M) 2,005ms
[60,617s][info][gc] GC(149) Concurrent Cycle
[60,795s][info][gc] GC(150) Pause Full (Allocation Failure) 123M->123M(124M) 177,420ms
[60,971s][info][gc] GC(151) Pause Full (Allocation Failure) 123M->123M(124M) 175,813ms
[60,971s][info][gc] GC(149) Concurrent Cycle 353,636ms
[60,973s][info][gc] GC(152) Pause Young (G1 Evacuation Pause) 123M->123M(124M) 1,832ms
[60,977s][info][gc] GC(153) Pause Initial Mark (G1 Evacuation Pause) 123M->123M(124M) 2,608ms
[60,977s][info][gc] GC(154) Concurrent Cycle
[61,160s][info][gc] GC(155) Pause Full (Allocation Failure) 123M->123M(124M) 182,907ms
[61,336s][info][gc] GC(156) Pause Full (Allocation Failure) 123M->123M(124M) 175,834ms
[61,337s][info][gc] GC(154) Concurrent Cycle 359,160ms
[61,338s][info][gc] GC(157) Pause Young (G1 Evacuation Pause) 123M->123M(124M) 1,173ms
[61,340s][info][gc] GC(158) Pause Initial Mark (G1 Evacuation Pause) 123M->123M(124M) 1,807ms
[61,340s][info][gc] GC(159) Concurrent Cycle
[61,512s][info][gc] GC(160) Pause Full (Allocation Failure) 123M->123M(124M) 171,814ms
[61,684s][info][gc] GC(161) Pause Full (Allocation Failure) 123M->123M(124M) 171,663ms
[61,684s][info][gc] GC(159) Concurrent Cycle 343,880ms
[61,685s][info][gc] GC(162) Pause Young (G1 Evacuation Pause) 123M->123M(124M) 1,151ms
[61,690s][info][gc] GC(163) Pause Initial Mark (G1 Evacuation Pause) 123M->123M(124M) 4,239ms
[61,690s][info][gc] GC(164) Concurrent Cycle
[61,866s][info][gc] GC(165) Pause Full (Allocation Failure) 123M->123M(124M) 175,582ms
[62,044s][info][gc] GC(166) Pause Full (Allocation Failure) 123M->123M(124M) 178,446ms
[62,044s][info][gc] GC(164) Concurrent Cycle 354,378ms
[62,046s][info][gc] GC(167) Pause Young (G1 Evacuation Pause) 123M->123M(124M) 1,387ms
[62,050s][info][gc] GC(168) Pause Initial Mark (G1 Evacuation Pause) 123M->123M(124M) 3,645ms
[62,050s][info][gc] GC(169) Concurrent Cycle
[62,226s][info][gc] GC(170) Pause Full (Allocation Failure) 123M->123M(124M) 175,910ms
[62,397s][info][gc] GC(171) Pause Full (Allocation Failure) 123M->123M(124M) 171,099ms
[62,397s][info][gc] GC(169) Concurrent Cycle 347,401ms
[62,399s][info][gc] GC(172) Pause Young (G1 Evacuation Pause) 123M->123M(124M) 1,167ms
[62,401s][info][gc] GC(173) Pause Initial Mark (G1 Evacuation Pause) 123M->123M(124M) 1,915ms
[62,401s][info][gc] GC(174) Concurrent Cycle
[62,583s][info][gc] GC(175) Pause Full (Allocation Failure) 123M->123M(124M) 181,717ms
[62,756s][info][gc] GC(176) Pause Full (Allocation Failure) 123M->123M(124M) 172,913ms
[62,756s][info][gc] GC(174) Concurrent Cycle 355,181ms
[62,757s][info][gc] GC(177) Pause Young (G1 Evacuation Pause) 123M->123M(124M) 1,299ms
[62,759s][info][gc] GC(178) Pause Initial Mark (G1 Evacuation Pause) 123M->123M(124M) 1,911ms
[62,760s][info][gc] GC(179) Concurrent Cycle
[62,933s][info][gc] GC(180) Pause Full (Allocation Failure) 123M->123M(124M) 173,246ms
[63,109s][info][gc] GC(181) Pause Full (Allocation Failure) 123M->123M(124M) 176,384ms
[63,110s][info][gc] GC(179) Concurrent Cycle 350,033ms
[63,111s][info][gc] GC(182) Pause Young (G1 Evacuation Pause) 123M->123M(124M) 1,361ms
[63,114s][info][gc] GC(183) Pause Initial Mark (G1 Evacuation Pause) 123M->123M(124M) 2,173ms
[63,114s][info][gc] GC(184) Concurrent Cycle
[63,288s][info][gc] GC(185) Pause Full (Allocation Failure) 123M->123M(124M) 174,107ms
[63,470s][info][gc] GC(186) Pause Full (Allocation Failure) 123M->123M(124M) 182,328ms
[63,472s][info][gc] GC(187) Pause Young (G1 Evacuation Pause) 123M->123M(124M) 1,345ms
[63,472s][info][gc] GC(184) Concurrent Cycle 358,431ms
[63,474s][info][gc] GC(188) Pause Young (G1 Evacuation Pause) 123M->123M(124M) 1,396ms
[63,649s][info][gc] GC(189) Pause Full (Allocation Failure) 123M->123M(124M) 174,785ms
[63,823s][info][gc] GC(190) Pause Full (Allocation Failure) 123M->123M(124M) 174,700ms
[63,826s][info][gc] GC(191) Pause Initial Mark (G1 Evacuation Pause) 123M->123M(124M) 1,958ms
[63,826s][info][gc] GC(192) Concurrent Cycle
[63,827s][info][gc] GC(193) Pause Young (G1 Evacuation Pause) 123M->123M(124M) 1,236ms
[64,001s][info][gc] GC(194) Pause Full (Allocation Failure) 123M->123M(124M) 173,368ms
[64,176s][info][gc] GC(195) Pause Full (Allocation Failure) 123M->123M(124M) 174,983ms
[64,176s][info][gc] GC(192) Concurrent Cycle 350,338ms
[64,178s][info][gc] GC(196) Pause Young (G1 Evacuation Pause) 123M->123M(124M) 1,418ms
[64,180s][info][gc] GC(197) Pause Initial Mark (G1 Evacuation Pause) 123M->123M(124M) 1,923ms
[64,180s][info][gc] GC(198) Concurrent Cycle
[64,361s][info][gc] GC(199) Pause Full (Allocation Failure) 123M->123M(124M) 181,354ms
[64,535s][info][gc] GC(200) Pause Full (Allocation Failure) 123M->123M(124M) 173,336ms
[64,535s][info][gc] GC(198) Concurrent Cycle 355,100ms
[64,549s][info][gc] GC(201) Pause Young (G1 Evacuation Pause) 123M->123M(124M) 13,742ms
[64,552s][info][gc] GC(202) Pause Initial Mark (G1 Evacuation Pause) 123M->123M(124M) 2,105ms
[64,552s][info][gc] GC(203) Concurrent Cycle
[64,734s][info][gc] GC(204) Pause Full (Allocation Failure) 123M->123M(124M) 182,323ms
[64,914s][info][gc] GC(205) Pause Full (Allocation Failure) 123M->123M(124M) 179,696ms
[64,914s][info][gc] GC(203) Concurrent Cycle 362,437ms
[64,915s][info][gc] GC(206) Pause Young (G1 Evacuation Pause) 123M->123M(124M) 1,186ms
[64,917s][info][gc] GC(207) Pause Initial Mark (G1 Evacuation Pause) 123M->123M(124M) 1,909ms
[64,918s][info][gc] GC(208) Concurrent Cycle
[65,092s][info][gc] GC(209) Pause Full (Allocation Failure) 123M->123M(124M) 173,997ms
[65,266s][info][gc] GC(210) Pause Full (Allocation Failure) 123M->123M(124M) 174,739ms
[65,267s][info][gc] GC(208) Concurrent Cycle 349,147ms
[65,268s][info][gc] GC(211) Pause Young (G1 Evacuation Pause) 123M->123M(124M) 1,151ms
[65,270s][info][gc] GC(212) Pause Initial Mark (G1 Evacuation Pause) 123M->123M(124M) 1,918ms
[65,270s][info][gc] GC(213) Concurrent Cycle
[65,442s][info][gc] GC(214) Pause Full (Allocation Failure) 123M->123M(124M) 171,972ms
[65,616s][info][gc] GC(215) Pause Full (Allocation Failure) 123M->123M(124M) 173,158ms
[65,616s][info][gc] GC(213) Concurrent Cycle 345,546ms
[65,617s][info][gc] GC(216) Pause Young (G1 Evacuation Pause) 123M->123M(124M) 1,147ms
[65,619s][info][gc] GC(217) Pause Initial Mark (G1 Evacuation Pause) 123M->123M(124M) 1,929ms
[65,619s][info][gc] GC(218) Concurrent Cycle
[65,791s][info][gc] GC(219) Pause Full (Allocation Failure) 123M->123M(124M) 171,874ms
[65,962s][info][gc] GC(220) Pause Full (Allocation Failure) 123M->123M(124M) 170,611ms
[65,962s][info][gc] GC(218) Concurrent Cycle 342,899ms
[65,975s][info][gc] GC(221) Pause Young (G1 Evacuation Pause) 123M->123M(124M) 12,563ms
[65,979s][info][gc] GC(222) Pause Initial Mark (G1 Evacuation Pause) 123M->123M(124M) 2,904ms
[65,979s][info][gc] GC(223) Concurrent Cycle
[66,156s][info][gc] GC(224) Pause Full (Allocation Failure) 123M->123M(124M) 177,611ms
[66,329s][info][gc] GC(225) Pause Full (Allocation Failure) 123M->123M(124M) 172,349ms
[66,329s][info][gc] GC(223) Concurrent Cycle 350,355ms
[66,331s][info][gc] GC(226) Pause Young (G1 Evacuation Pause) 123M->123M(124M) 1,381ms
[66,334s][info][gc] GC(227) Pause Initial Mark (G1 Evacuation Pause) 123M->123M(124M) 1,937ms
[66,334s][info][gc] GC(228) Concurrent Cycle
[66,507s][info][gc] GC(229) Pause Full (Allocation Failure) 123M->123M(124M) 172,962ms
[66,679s][info][gc] GC(230) Pause Full (Allocation Failure) 123M->123M(124M) 172,415ms
[66,679s][info][gc] GC(228) Concurrent Cycle 345,862ms
[66,682s][info][gc] GC(231) Pause Young (G1 Evacuation Pause) 123M->123M(124M) 1,634ms
[66,684s][info][gc] GC(232) Pause Initial Mark (G1 Evacuation Pause) 123M->123M(124M) 1,968ms
[66,684s][info][gc] GC(233) Concurrent Cycle
[66,860s][info][gc] GC(234) Pause Full (Allocation Failure) 123M->123M(124M) 175,728ms
[67,035s][info][gc] GC(235) Pause Full (Allocation Failure) 123M->123M(124M) 175,602ms
[67,036s][info][gc] GC(233) Concurrent Cycle 351,742ms
[67,037s][info][gc] GC(236) Pause Young (G1 Evacuation Pause) 123M->123M(124M) 1,292ms
[67,039s][info][gc] GC(237) Pause Initial Mark (G1 Evacuation Pause) 123M->123M(124M) 1,874ms
[67,039s][info][gc] GC(238) Concurrent Cycle
[67,215s][info][gc] GC(239) Pause Full (Allocation Failure) 123M->123M(124M) 176,093ms
[67,389s][info][gc] GC(240) Pause Full (Allocation Failure) 123M->123M(124M) 173,111ms
[67,389s][info][gc] GC(238) Concurrent Cycle 349,618ms
[67,390s][info][gc] GC(241) Pause Young (G1 Evacuation Pause) 123M->123M(124M) 1,208ms
[67,392s][info][gc] GC(242) Pause Initial Mark (G1 Evacuation Pause) 123M->123M(124M) 1,856ms
[67,392s][info][gc] GC(243) Concurrent Cycle
[67,565s][info][gc] GC(244) Pause Full (Allocation Failure) 123M->123M(124M) 172,917ms
[67,738s][info][gc] GC(245) Pause Full (Allocation Failure) 123M->123M(124M) 172,141ms
[67,738s][info][gc] GC(243) Concurrent Cycle 345,491ms
[67,739s][info][gc] GC(246) Pause Young (G1 Evacuation Pause) 123M->123M(124M) 1,304ms
[67,741s][info][gc] GC(247) Pause Initial Mark (G1 Evacuation Pause) 123M->123M(124M) 1,915ms
[67,741s][info][gc] GC(248) Concurrent Cycle
[67,916s][info][gc] GC(249) Pause Full (Allocation Failure) 123M->123M(124M) 174,832ms
[68,092s][info][gc] GC(250) Pause Full (Allocation Failure) 123M->123M(124M) 175,763ms
[68,092s][info][gc] GC(248) Concurrent Cycle 351,029ms
[68,094s][info][gc] GC(251) Pause Young (G1 Evacuation Pause) 123M->123M(124M) 1,502ms
[68,096s][info][gc] GC(252) Pause Initial Mark (G1 Evacuation Pause) 123M->123M(124M) 2,076ms
[68,096s][info][gc] GC(253) Concurrent Cycle
[68,271s][info][gc] GC(254) Pause Full (Allocation Failure) 123M->123M(124M) 174,699ms
[68,444s][info][gc] GC(255) Pause Full (Allocation Failure) 123M->123M(124M) 172,804ms
[68,444s][info][gc] GC(253) Concurrent Cycle 347,924ms
[68,446s][info][gc] GC(256) Pause Young (G1 Evacuation Pause) 123M->123M(124M) 1,185ms
[68,448s][info][gc] GC(257) Pause Initial Mark (G1 Evacuation Pause) 123M->123M(124M) 1,874ms
[68,448s][info][gc] GC(258) Concurrent Cycle
[68,622s][info][gc] GC(259) Pause Full (Allocation Failure) 123M->123M(124M) 174,085ms
[68,795s][info][gc] GC(260) Pause Full (Allocation Failure) 123M->123M(124M) 172,525ms
[68,795s][info][gc] GC(258) Concurrent Cycle 347,021ms
[68,796s][info][gc] GC(261) Pause Young (G1 Evacuation Pause) 123M->123M(124M) 1,195ms
[68,798s][info][gc] GC(262) Pause Initial Mark (G1 Evacuation Pause) 123M->123M(124M) 1,957ms
[68,798s][info][gc] GC(263) Concurrent Cycle
[68,972s][info][gc] GC(264) Pause Full (Allocation Failure) 123M->123M(124M) 173,355ms
[69,146s][info][gc] GC(265) Pause Full (Allocation Failure) 123M->123M(124M) 174,002ms
[69,146s][info][gc] GC(263) Concurrent Cycle 347,782ms
[69,148s][info][gc] GC(266) Pause Young (G1 Evacuation Pause) 123M->123M(124M) 1,341ms
[69,150s][info][gc] GC(267) Pause Initial Mark (G1 Evacuation Pause) 123M->123M(124M) 1,963ms
[69,150s][info][gc] GC(268) Concurrent Cycle
[69,323s][info][gc] GC(269) Pause Full (Allocation Failure) 123M->123M(124M) 172,640ms
[69,494s][info][gc] GC(270) Pause Full (Allocation Failure) 123M->123M(124M) 171,293ms
[69,494s][info][gc] GC(268) Concurrent Cycle 344,340ms
[69,496s][info][gc] GC(271) Pause Young (G1 Evacuation Pause) 123M->123M(124M) 1,150ms
[69,498s][info][gc] GC(272) Pause Initial Mark (G1 Evacuation Pause) 123M->123M(124M) 2,110ms
[69,498s][info][gc] GC(273) Concurrent Cycle
[69,677s][info][gc] GC(274) Pause Full (Allocation Failure) 123M->123M(124M) 179,085ms
[69,853s][info][gc] GC(275) Pause Full (Allocation Failure) 123M->123M(124M) 175,617ms
[69,853s][info][gc] GC(273) Concurrent Cycle 355,132ms
[69,855s][info][gc] GC(276) Pause Young (G1 Evacuation Pause) 123M->123M(124M) 1,355ms
[69,857s][info][gc] GC(277) Pause Initial Mark (G1 Evacuation Pause) 123M->123M(124M) 2,052ms
[69,857s][info][gc] GC(278) Concurrent Cycle
[70,037s][info][gc] GC(279) Pause Full (Allocation Failure) 123M->123M(124M) 180,156ms
[70,214s][info][gc] GC(280) Pause Full (Allocation Failure) 123M->123M(124M) 176,951ms
[70,214s][info][gc] GC(278) Concurrent Cycle 357,525ms
[70,216s][info][gc] GC(281) Pause Young (G1 Evacuation Pause) 123M->123M(124M) 1,227ms
[70,218s][info][gc] GC(282) Pause Initial Mark (G1 Evacuation Pause) 123M->123M(124M) 2,042ms
[70,218s][info][gc] GC(283) Concurrent Cycle
[70,393s][info][gc] GC(284) Pause Full (Allocation Failure) 123M->123M(124M) 174,289ms
[70,573s][info][gc] GC(285) Pause Full (Allocation Failure) 123M->123M(124M) 180,325ms
[70,574s][info][gc] GC(283) Concurrent Cycle 355,097ms
[70,577s][info][gc] GC(286) Pause Young (G1 Evacuation Pause) 123M->123M(124M) 3,573ms
[70,580s][info][gc] GC(287) Pause Initial Mark (G1 Evacuation Pause) 123M->123M(124M) 2,182ms
[70,580s][info][gc] GC(288) Concurrent Cycle
[70,760s][info][gc] GC(289) Pause Full (Allocation Failure) 123M->123M(124M) 180,034ms
[70,934s][info][gc] GC(290) Pause Full (Allocation Failure) 123M->123M(124M) 174,267ms
[70,934s][info][gc] GC(288) Concurrent Cycle 354,715ms
[70,936s][info][gc] GC(291) Pause Young (G1 Evacuation Pause) 123M->123M(124M) 1,279ms
[70,938s][info][gc] GC(292) Pause Initial Mark (G1 Evacuation Pause) 123M->123M(124M) 2,011ms
[70,938s][info][gc] GC(293) Concurrent Cycle
[71,119s][info][gc] GC(294) Pause Full (Allocation Failure) 123M->123M(124M) 181,058ms
[71,298s][info][gc] GC(295) Pause Full (Allocation Failure) 123M->123M(124M) 178,644ms
[71,298s][info][gc] GC(293) Concurrent Cycle 360,088ms
[71,299s][info][gc] GC(296) Pause Young (G1 Evacuation Pause) 123M->123M(124M) 1,146ms
[71,302s][info][gc] GC(297) Pause Initial Mark (G1 Evacuation Pause) 123M->123M(124M) 2,024ms
[71,302s][info][gc] GC(298) Concurrent Cycle
[71,480s][info][gc] GC(299) Pause Full (Allocation Failure) 123M->123M(124M) 178,618ms
[71,654s][info][gc] GC(300) Pause Full (Allocation Failure) 123M->123M(124M) 173,068ms
[71,654s][info][gc] GC(298) Concurrent Cycle 352,174ms
[71,655s][info][gc] GC(301) Pause Young (G1 Evacuation Pause) 123M->123M(124M) 1,223ms
[71,658s][info][gc] GC(302) Pause Initial Mark (G1 Evacuation Pause) 123M->123M(124M) 2,065ms
[71,658s][info][gc] GC(303) Concurrent Cycle
[71,831s][info][gc] GC(304) Pause Full (Allocation Failure) 123M->123M(124M) 172,843ms
[72,004s][info][gc] GC(305) Pause Full (Allocation Failure) 123M->123M(124M) 173,371ms
[72,004s][info][gc] GC(303) Concurrent Cycle 346,640ms
[72,006s][info][gc] GC(306) Pause Young (G1 Evacuation Pause) 123M->123M(124M) 1,194ms
[72,008s][info][gc] GC(307) Pause Initial Mark (G1 Evacuation Pause) 123M->123M(124M) 1,858ms
[72,008s][info][gc] GC(308) Concurrent Cycle
[72,183s][info][gc] GC(309) Pause Full (Allocation Failure) 123M->123M(124M) 175,188ms
[72,355s][info][gc] GC(310) Pause Full (Allocation Failure) 123M->123M(124M) 171,685ms
[72,355s][info][gc] GC(308) Concurrent Cycle 347,286ms
[72,357s][info][gc] GC(311) Pause Young (G1 Evacuation Pause) 123M->123M(124M) 1,305ms
[72,359s][info][gc] GC(312) Pause Initial Mark (G1 Evacuation Pause) 123M->123M(124M) 1,971ms
[72,359s][info][gc] GC(313) Concurrent Cycle
[72,535s][info][gc] GC(314) Pause Full (Allocation Failure) 123M->123M(124M) 176,092ms
[72,716s][info][gc] GC(315) Pause Full (Allocation Failure) 123M->123M(124M) 180,636ms
[72,716s][info][gc] GC(313) Concurrent Cycle 357,164ms
[72,717s][info][gc] GC(316) Pause Young (G1 Evacuation Pause) 123M->123M(124M) 1,300ms
[72,719s][info][gc] GC(317) Pause Initial Mark (G1 Evacuation Pause) 123M->123M(124M) 1,813ms
[72,719s][info][gc] GC(318) Concurrent Cycle
[72,893s][info][gc] GC(319) Pause Full (Allocation Failure) 123M->123M(124M) 173,787ms
[73,070s][info][gc] GC(320) Pause Full (Allocation Failure) 123M->123M(124M) 176,449ms
[73,070s][info][gc] GC(318) Concurrent Cycle 350,669ms
[73,072s][info][gc] GC(321) Pause Young (G1 Evacuation Pause) 123M->123M(124M) 1,202ms
[73,074s][info][gc] GC(322) Pause Initial Mark (G1 Evacuation Pause) 123M->123M(124M) 2,358ms
[73,074s][info][gc] GC(323) Concurrent Cycle
[73,252s][info][gc] GC(324) Pause Full (Allocation Failure) 123M->123M(124M) 177,860ms
[73,430s][info][gc] GC(325) Pause Full (Allocation Failure) 123M->123M(124M) 177,392ms
[73,430s][info][gc] GC(323) Concurrent Cycle 355,720ms
[73,432s][info][gc] GC(326) Pause Young (G1 Evacuation Pause) 123M->123M(124M) 1,365ms
[73,434s][info][gc] GC(327) Pause Initial Mark (G1 Evacuation Pause) 123M->123M(124M) 1,884ms
[73,434s][info][gc] GC(328) Concurrent Cycle
[73,614s][info][gc] GC(329) Pause Full (Allocation Failure) 123M->123M(124M) 180,340ms
[73,792s][info][gc] GC(330) Pause Full (Allocation Failure) 123M->123M(124M) 177,330ms
[73,794s][info][gc] GC(331) Pause Young (G1 Evacuation Pause) 123M->123M(124M) 1,603ms
[73,794s][info][gc] GC(328) Concurrent Cycle 359,960ms
[73,795s][info][gc] GC(332) Pause Young (G1 Evacuation Pause) 123M->123M(124M) 1,298ms
[73,971s][info][gc] GC(333) Pause Full (Allocation Failure) 123M->123M(124M) 175,467ms
[74,145s][info][gc] GC(334) Pause Full (Allocation Failure) 123M->123M(124M) 174,205ms
[74,147s][info][gc] GC(335) Pause Initial Mark (G1 Evacuation Pause) 123M->123M(124M) 1,918ms
[74,147s][info][gc] GC(336) Concurrent Cycle
[74,149s][info][gc] GC(337) Pause Young (G1 Evacuation Pause) 123M->123M(124M) 1,237ms
[74,322s][info][gc] GC(338) Pause Full (Allocation Failure) 123M->123M(124M) 172,763ms
[74,494s][info][gc] GC(339) Pause Full (Allocation Failure) 123M->123M(124M) 172,304ms
[74,494s][info][gc] GC(336) Concurrent Cycle 347,062ms
[74,496s][info][gc] GC(340) Pause Young (G1 Evacuation Pause) 123M->123M(124M) 1,164ms
[74,498s][info][gc] GC(341) Pause Initial Mark (G1 Evacuation Pause) 123M->123M(124M) 2,095ms
[74,498s][info][gc] GC(342) Concurrent Cycle
[74,673s][info][gc] GC(343) Pause Full (Allocation Failure) 123M->123M(124M) 174,885ms
[74,850s][info][gc] GC(344) Pause Full (Allocation Failure) 123M->123M(124M) 177,038ms
[74,851s][info][gc] GC(342) Concurrent Cycle 352,335ms
[74,852s][info][gc] GC(345) Pause Young (G1 Evacuation Pause) 123M->123M(124M) 1,311ms
[74,854s][info][gc] GC(346) Pause Initial Mark (G1 Evacuation Pause) 123M->123M(124M) 1,924ms
[74,854s][info][gc] GC(347) Concurrent Cycle
[75,031s][info][gc] GC(348) Pause Full (Allocation Failure) 123M->123M(124M) 176,320ms
[75,203s][info][gc] GC(349) Pause Full (Allocation Failure) 123M->123M(124M) 171,930ms
[75,203s][info][gc] GC(347) Concurrent Cycle 348,663ms
[75,204s][info][gc] GC(350) Pause Young (G1 Evacuation Pause) 123M->123M(124M) 1,154ms
[75,206s][info][gc] GC(351) Pause Initial Mark (G1 Evacuation Pause) 123M->123M(124M) 1,940ms
[75,206s][info][gc] GC(352) Concurrent Cycle
[75,380s][info][gc] GC(353) Pause Full (Allocation Failure) 123M->123M(124M) 173,006ms
[75,551s][info][gc] GC(354) Pause Full (Allocation Failure) 123M->123M(124M) 171,307ms
[75,551s][info][gc] GC(352) Concurrent Cycle 344,742ms
[75,552s][info][gc] GC(355) Pause Young (G1 Evacuation Pause) 123M->123M(124M) 1,143ms
[75,555s][info][gc] GC(356) Pause Initial Mark (G1 Evacuation Pause) 123M->123M(124M) 1,924ms
[75,555s][info][gc] GC(357) Concurrent Cycle
[75,727s][info][gc] GC(358) Pause Full (Allocation Failure) 123M->123M(124M) 172,555ms
[75,900s][info][gc] GC(359) Pause Full (Allocation Failure) 123M->123M(124M) 172,951ms
[75,900s][info][gc] GC(357) Concurrent Cycle 345,880ms
[75,902s][info][gc] GC(360) Pause Young (G1 Evacuation Pause) 123M->123M(124M) 1,352ms
[75,904s][info][gc] GC(361) Pause Initial Mark (G1 Evacuation Pause) 123M->123M(124M) 1,852ms
[75,904s][info][gc] GC(362) Concurrent Cycle
[76,080s][info][gc] GC(363) Pause Full (Allocation Failure) 123M->123M(124M) 175,635ms
[76,253s][info][gc] GC(364) Pause Full (Allocation Failure) 123M->123M(124M) 173,088ms
[76,253s][info][gc] GC(362) Concurrent Cycle 349,174ms
[76,255s][info][gc] GC(365) Pause Young (G1 Evacuation Pause) 123M->123M(124M) 1,152ms
[76,257s][info][gc] GC(366) Pause Initial Mark (G1 Evacuation Pause) 123M->123M(124M) 2,084ms
[76,257s][info][gc] GC(367) Concurrent Cycle
[76,430s][info][gc] GC(368) Pause Full (Allocation Failure) 123M->123M(124M) 173,218ms
[76,603s][info][gc] GC(369) Pause Full (Allocation Failure) 123M->123M(124M) 172,438ms
[76,603s][info][gc] GC(367) Concurrent Cycle 346,061ms
[91,711s][info][gc] GC(370) Pause Young (G1 Evacuation Pause) 123M->123M(124M) 1,420ms
[91,714s][info][gc] GC(371) Pause Initial Mark (G1 Evacuation Pause) 123M->123M(124M) 2,906ms
[91,714s][info][gc] GC(372) Concurrent Cycle
[91,909s][info][gc] GC(373) Pause Full (Allocation Failure) 123M->123M(124M) 194,268ms
[92,087s][info][gc] GC(374) Pause Full (Allocation Failure) 123M->123M(124M) 178,319ms
[92,087s][info][gc] GC(372) Concurrent Cycle 372,948ms
[92,089s][info][gc] GC(375) Pause Young (G1 Evacuation Pause) 123M->123M(124M) 1,493ms
[92,092s][info][gc] GC(376) Pause Initial Mark (G1 Evacuation Pause) 123M->123M(124M) 3,151ms
[92,092s][info][gc] GC(377) Concurrent Cycle
[92,269s][info][gc] GC(378) Pause Full (Allocation Failure) 123M->123M(124M) 176,706ms
[92,444s][info][gc] GC(379) Pause Full (Allocation Failure) 123M->123M(124M) 174,250ms
[92,444s][info][gc] GC(377) Concurrent Cycle 351,728ms
[92,464s][info][gc] GC(380) Pause Young (G1 Evacuation Pause) 123M->123M(124M) 1,355ms
[92,466s][info][gc] GC(381) Pause Initial Mark (G1 Evacuation Pause) 123M->123M(124M) 1,938ms
[92,466s][info][gc] GC(382) Concurrent Cycle
[92,642s][info][gc] GC(383) Pause Full (Allocation Failure) 123M->123M(124M) 175,164ms
[92,814s][info][gc] GC(384) Pause Full (Allocation Failure) 123M->123M(124M) 172,580ms
[92,815s][info][gc] GC(382) Concurrent Cycle 348,239ms
[92,816s][info][gc] GC(385) Pause Young (G1 Evacuation Pause) 123M->123M(124M) 1,315ms
[92,818s][info][gc] GC(386) Pause Initial Mark (G1 Evacuation Pause) 123M->123M(124M) 1,955ms
[92,818s][info][gc] GC(387) Concurrent Cycle
[92,994s][info][gc] GC(388) Pause Full (Allocation Failure) 123M->123M(124M) 175,504ms
[93,174s][info][gc] GC(389) Pause Full (Allocation Failure) 123M->123M(124M) 179,867ms
[93,174s][info][gc] GC(387) Concurrent Cycle 355,975ms
[121,934s][info][gc] GC(390) Pause Young (G1 Evacuation Pause) 123M->123M(124M) 1,266ms
[121,937s][info][gc] GC(391) Pause Initial Mark (G1 Evacuation Pause) 123M->123M(124M) 2,370ms
[121,937s][info][gc] GC(392) Concurrent Cycle
[122,118s][info][gc] GC(393) Pause Full (Allocation Failure) 123M->123M(124M) 181,087ms
[122,293s][info][gc] GC(394) Pause Full (Allocation Failure) 123M->123M(124M) 175,321ms
[122,294s][info][gc] GC(392) Concurrent Cycle 356,900ms
[151,379s][info][gc] GC(395) Pause Young (G1 Evacuation Pause) 123M->123M(124M) 2,005ms
[151,382s][info][gc] GC(396) Pause Initial Mark (G1 Evacuation Pause) 123M->123M(124M) 2,895ms
[151,382s][info][gc] GC(397) Concurrent Cycle
[151,569s][info][gc] GC(398) Pause Full (Allocation Failure) 123M->123M(124M) 186,205ms
[151,744s][info][gc] GC(399) Pause Full (Allocation Failure) 123M->123M(124M) 175,671ms
[151,744s][info][gc] GC(397) Concurrent Cycle 362,279ms
[151,746s][info][gc] GC(400) Pause Young (G1 Evacuation Pause) 123M->123M(124M) 1,182ms
[151,748s][info][gc] GC(401) Pause Initial Mark (G1 Evacuation Pause) 123M->123M(124M) 2,069ms
[151,748s][info][gc] GC(402) Concurrent Cycle
[151,924s][info][gc] GC(403) Pause Full (Allocation Failure) 123M->123M(124M) 175,498ms
[152,102s][info][gc] GC(404) Pause Full (Allocation Failure) 123M->123M(124M) 178,310ms
[152,102s][info][gc] GC(402) Concurrent Cycle 354,205ms
[152,104s][info][gc] GC(405) Pause Young (G1 Evacuation Pause) 123M->123M(124M) 1,389ms
[152,107s][info][gc] GC(406) Pause Initial Mark (G1 Evacuation Pause) 123M->123M(124M) 2,214ms
[152,107s][info][gc] GC(407) Concurrent Cycle
[152,285s][info][gc] GC(408) Pause Full (Allocation Failure) 123M->123M(124M) 177,691ms
[152,458s][info][gc] GC(409) Pause Full (Allocation Failure) 123M->123M(124M) 172,971ms
[152,458s][info][gc] GC(407) Concurrent Cycle 351,075ms
[152,459s][info][gc] GC(410) Pause Young (G1 Evacuation Pause) 123M->123M(124M) 1,279ms
[152,461s][info][gc] GC(411) Pause Initial Mark (G1 Evacuation Pause) 123M->123M(124M) 1,956ms
[152,461s][info][gc] GC(412) Concurrent Cycle
[152,636s][info][gc] GC(413) Pause Full (Allocation Failure) 123M->123M(124M) 174,372ms
[152,812s][info][gc] GC(414) Pause Full (Allocation Failure) 123M->123M(124M) 176,391ms
[152,813s][info][gc] GC(412) Concurrent Cycle 351,183ms
[152,814s][info][gc] GC(415) Pause Young (G1 Evacuation Pause) 123M->123M(124M) 1,375ms
[152,816s][info][gc] GC(416) Pause Initial Mark (G1 Evacuation Pause) 123M->123M(124M) 2,202ms
[152,817s][info][gc] GC(417) Concurrent Cycle
[152,996s][info][gc] GC(418) Pause Full (Allocation Failure) 123M->123M(124M) 179,206ms
[153,169s][info][gc] GC(419) Pause Full (Allocation Failure) 123M->123M(124M) 173,311ms
[153,170s][info][gc] GC(417) Concurrent Cycle 352,961ms
[153,171s][info][gc] GC(420) Pause Young (G1 Evacuation Pause) 123M->123M(124M) 1,177ms
[153,173s][info][gc] GC(421) Pause Initial Mark (G1 Evacuation Pause) 123M->123M(124M) 1,913ms
[153,173s][info][gc] GC(422) Concurrent Cycle
[153,348s][info][gc] GC(423) Pause Full (Allocation Failure) 123M->123M(124M) 175,029ms
[153,522s][info][gc] GC(424) Pause Full (Allocation Failure) 123M->123M(124M) 174,166ms
[153,523s][info][gc] GC(422) Concurrent Cycle 349,616ms
[153,524s][info][gc] GC(425) Pause Young (G1 Evacuation Pause) 123M->123M(124M) 1,175ms
[153,526s][info][gc] GC(426) Pause Initial Mark (G1 Evacuation Pause) 123M->123M(124M) 1,979ms
[153,526s][info][gc] GC(427) Concurrent Cycle
[153,701s][info][gc] GC(428) Pause Full (Allocation Failure) 123M->123M(124M) 174,449ms
[153,879s][info][gc] GC(429) Pause Full (Allocation Failure) 123M->123M(124M) 177,608ms
[153,879s][info][gc] GC(427) Concurrent Cycle 352,464ms
[153,880s][info][gc] GC(430) Pause Young (G1 Evacuation Pause) 123M->123M(124M) 1,157ms
[153,882s][info][gc] GC(431) Pause Initial Mark (G1 Evacuation Pause) 123M->123M(124M) 1,888ms
[153,882s][info][gc] GC(432) Concurrent Cycle
[154,060s][info][gc] GC(433) Pause Full (Allocation Failure) 123M->123M(124M) 177,880ms
[154,237s][info][gc] GC(434) Pause Full (Allocation Failure) 123M->123M(124M) 176,249ms
[154,237s][info][gc] GC(432) Concurrent Cycle 354,611ms
[154,238s][info][gc] GC(435) Pause Young (G1 Evacuation Pause) 123M->123M(124M) 1,204ms
[154,240s][info][gc] GC(436) Pause Initial Mark (G1 Evacuation Pause) 123M->123M(124M) 1,907ms
[154,240s][info][gc] GC(437) Concurrent Cycle
[154,414s][info][gc] GC(438) Pause Full (Allocation Failure) 123M->123M(124M) 173,205ms
[154,591s][info][gc] GC(439) Pause Full (Allocation Failure) 123M->123M(124M) 177,109ms
[154,591s][info][gc] GC(437) Concurrent Cycle 350,758ms
[154,593s][info][gc] GC(440) Pause Young (G1 Evacuation Pause) 123M->123M(124M) 1,418ms
[154,596s][info][gc] GC(441) Pause Initial Mark (G1 Evacuation Pause) 123M->123M(124M) 3,122ms
[154,596s][info][gc] GC(442) Concurrent Cycle
[154,774s][info][gc] GC(443) Pause Full (Allocation Failure) 123M->123M(124M) 177,659ms
[154,948s][info][gc] GC(444) Pause Full (Allocation Failure) 123M->123M(124M) 173,881ms
[154,948s][info][gc] GC(442) Concurrent Cycle 351,929ms
[156,001s][info][gc] GC(445) Pause Young (G1 Evacuation Pause) 123M->123M(124M) 1,340ms
[156,004s][info][gc] GC(446) Pause Initial Mark (G1 Evacuation Pause) 123M->123M(124M) 2,153ms
[156,004s][info][gc] GC(447) Concurrent Cycle
[156,188s][info][gc] GC(448) Pause Full (Allocation Failure) 123M->123M(124M) 183,826ms
[156,362s][info][gc] GC(449) Pause Full (Allocation Failure) 123M->123M(124M) 173,775ms
[156,362s][info][gc] GC(447) Concurrent Cycle 357,995ms
[156,363s][info][gc] GC(450) Pause Young (G1 Evacuation Pause) 123M->123M(124M) 1,368ms
[156,366s][info][gc] GC(451) Pause Initial Mark (G1 Evacuation Pause) 123M->123M(124M) 2,462ms
[156,366s][info][gc] GC(452) Concurrent Cycle
[156,544s][info][gc] GC(453) Pause Full (Allocation Failure) 123M->123M(124M) 178,484ms
[156,718s][info][gc] GC(454) Pause Full (Allocation Failure) 123M->123M(124M) 173,102ms
[156,718s][info][gc] GC(452) Concurrent Cycle 351,993ms
[156,719s][info][gc] GC(455) Pause Young (G1 Evacuation Pause) 123M->123M(124M) 1,174ms
[156,721s][info][gc] GC(456) Pause Initial Mark (G1 Evacuation Pause) 123M->123M(124M) 1,922ms
[156,721s][info][gc] GC(457) Concurrent Cycle
[156,903s][info][gc] GC(458) Pause Full (Allocation Failure) 123M->123M(124M) 181,634ms
[157,080s][info][gc] GC(459) Pause Full (Allocation Failure) 123M->123M(124M) 176,290ms
[157,082s][info][gc] GC(460) Pause Young (G1 Evacuation Pause) 123M->123M(124M) 1,511ms
[157,083s][info][gc] GC(461) Pause Young (G1 Evacuation Pause) 123M->123M(124M) 1,214ms
[157,083s][info][gc] GC(457) Concurrent Cycle 361,677ms
[157,264s][info][gc] GC(462) Pause Full (Allocation Failure) 123M->123M(124M) 181,148ms
[157,443s][info][gc] GC(463) Pause Full (Allocation Failure) 123M->123M(124M) 178,381ms
[157,446s][info][gc] GC(464) Pause Initial Mark (G1 Evacuation Pause) 123M->123M(124M) 2,339ms
[157,446s][info][gc] GC(465) Concurrent Cycle
[157,447s][info][gc] GC(466) Pause Young (G1 Evacuation Pause) 123M->123M(124M) 1,677ms
[157,623s][info][gc] GC(467) Pause Full (Allocation Failure) 123M->123M(124M) 175,454ms
[157,798s][info][gc] GC(468) Pause Full (Allocation Failure) 123M->123M(124M) 174,718ms
[157,798s][info][gc] GC(465) Concurrent Cycle 352,639ms
[157,805s][info][gc] GC(469) Pause Young (G1 Evacuation Pause) 123M->123M(124M) 6,249ms
[157,810s][info][gc] GC(470) Pause Initial Mark (G1 Evacuation Pause) 123M->123M(124M) 4,915ms
[157,810s][info][gc] GC(471) Concurrent Cycle
[157,986s][info][gc] GC(472) Pause Full (Allocation Failure) 123M->123M(124M) 175,924ms
[158,159s][info][gc] GC(473) Pause Full (Allocation Failure) 123M->123M(124M) 173,572ms
[158,160s][info][gc] GC(471) Concurrent Cycle 349,927ms
[158,161s][info][gc] GC(474) Pause Young (G1 Evacuation Pause) 123M->123M(124M) 1,141ms
[158,163s][info][gc] GC(475) Pause Initial Mark (G1 Evacuation Pause) 123M->123M(124M) 1,989ms
[158,163s][info][gc] GC(476) Concurrent Cycle
[158,336s][info][gc] GC(477) Pause Full (Allocation Failure) 123M->123M(124M) 172,114ms
[158,520s][info][gc] GC(478) Pause Full (Allocation Failure) 123M->123M(124M) 183,871ms
[158,520s][info][gc] GC(476) Concurrent Cycle 356,432ms
[158,521s][info][gc] GC(479) Pause Young (G1 Evacuation Pause) 123M->123M(124M) 1,452ms
[158,523s][info][gc] GC(480) Pause Initial Mark (G1 Evacuation Pause) 123M->123M(124M) 1,940ms
[158,524s][info][gc] GC(481) Concurrent Cycle
[158,704s][info][gc] GC(482) Pause Full (Allocation Failure) 123M->123M(124M) 180,624ms
[158,878s][info][gc] GC(483) Pause Full (Allocation Failure) 123M->123M(124M) 173,660ms
[158,878s][info][gc] GC(481) Concurrent Cycle 354,713ms
[158,880s][info][gc] GC(484) Pause Young (G1 Evacuation Pause) 123M->123M(124M) 1,313ms
[158,882s][info][gc] GC(485) Pause Initial Mark (G1 Evacuation Pause) 123M->123M(124M) 1,853ms
[158,882s][info][gc] GC(486) Concurrent Cycle
[159,057s][info][gc] GC(487) Pause Full (Allocation Failure) 123M->123M(124M) 175,302ms
[159,231s][info][gc] GC(488) Pause Full (Allocation Failure) 123M->123M(124M) 173,151ms
[159,231s][info][gc] GC(486) Concurrent Cycle 348,876ms
[159,232s][info][gc] GC(489) Pause Young (G1 Evacuation Pause) 123M->123M(124M) 1,294ms
[159,234s][info][gc] GC(490) Pause Initial Mark (G1 Evacuation Pause) 123M->123M(124M) 1,948ms
[159,234s][info][gc] GC(491) Concurrent Cycle
[159,419s][info][gc] GC(492) Pause Full (Allocation Failure) 123M->123M(124M) 184,425ms
[159,595s][info][gc] GC(493) Pause Full (Allocation Failure) 123M->123M(124M) 176,047ms
[159,595s][info][gc] GC(491) Concurrent Cycle 360,847ms
[159,597s][info][gc] GC(494) Pause Young (G1 Evacuation Pause) 123M->123M(124M) 1,397ms
[159,600s][info][gc] GC(495) Pause Initial Mark (G1 Evacuation Pause) 123M->123M(124M) 2,447ms
[159,600s][info][gc] GC(496) Concurrent Cycle
[159,778s][info][gc] GC(497) Pause Full (Allocation Failure) 123M->123M(124M) 178,459ms
[159,949s][info][gc] GC(498) Pause Full (Allocation Failure) 123M->123M(124M) 170,975ms
[159,950s][info][gc] GC(496) Concurrent Cycle 349,904ms
[159,951s][info][gc] GC(499) Pause Young (G1 Evacuation Pause) 123M->123M(124M) 1,150ms
[159,953s][info][gc] GC(500) Pause Initial Mark (G1 Evacuation Pause) 123M->123M(124M) 1,877ms
[159,953s][info][gc] GC(501) Concurrent Cycle
[160,132s][info][gc] GC(502) Pause Full (Allocation Failure) 123M->123M(124M) 179,256ms
[160,311s][info][gc] GC(503) Pause Full (Allocation Failure) 123M->123M(124M) 178,423ms
[160,311s][info][gc] GC(501) Concurrent Cycle 358,084ms
[160,313s][info][gc] GC(504) Pause Young (G1 Evacuation Pause) 123M->123M(124M) 1,170ms
[160,315s][info][gc] GC(505) Pause Initial Mark (G1 Evacuation Pause) 123M->123M(124M) 1,948ms
[160,315s][info][gc] GC(506) Concurrent Cycle
[160,487s][info][gc] GC(507) Pause Full (Allocation Failure) 123M->123M(124M) 172,612ms
[160,664s][info][gc] GC(508) Pause Full (Allocation Failure) 123M->123M(124M) 176,414ms
[160,664s][info][gc] GC(506) Concurrent Cycle 349,509ms
[160,666s][info][gc] GC(509) Pause Young (G1 Evacuation Pause) 123M->123M(124M) 1,531ms
[160,668s][info][gc] GC(510) Pause Initial Mark (G1 Evacuation Pause) 123M->123M(124M) 2,024ms
[160,668s][info][gc] GC(511) Concurrent Cycle
[160,848s][info][gc] GC(512) Pause Full (Allocation Failure) 123M->123M(124M) 179,875ms
[161,023s][info][gc] GC(513) Pause Full (Allocation Failure) 123M->123M(124M) 175,082ms
[161,024s][info][gc] GC(511) Concurrent Cycle 355,367ms
[161,025s][info][gc] GC(514) Pause Young (G1 Evacuation Pause) 123M->123M(124M) 1,281ms
[161,027s][info][gc] GC(515) Pause Initial Mark (G1 Evacuation Pause) 123M->123M(124M) 1,963ms
[161,027s][info][gc] GC(516) Concurrent Cycle
[161,199s][info][gc] GC(517) Pause Full (Allocation Failure) 123M->123M(124M) 171,802ms
[161,370s][info][gc] GC(518) Pause Full (Allocation Failure) 123M->123M(124M) 171,014ms
[161,371s][info][gc] GC(516) Concurrent Cycle 343,231ms
[161,372s][info][gc] GC(519) Pause Young (G1 Evacuation Pause) 123M->123M(124M) 1,137ms
[161,374s][info][gc] GC(520) Pause Initial Mark (G1 Evacuation Pause) 123M->123M(124M) 1,995ms
[161,374s][info][gc] GC(521) Concurrent Cycle
[161,547s][info][gc] GC(522) Pause Full (Allocation Failure) 123M->123M(124M) 173,305ms
[161,721s][info][gc] GC(523) Pause Full (Allocation Failure) 123M->123M(124M) 173,439ms
[161,721s][info][gc] GC(521) Concurrent Cycle 347,154ms
[161,723s][info][gc] GC(524) Pause Young (G1 Evacuation Pause) 123M->123M(124M) 1,360ms
[161,725s][info][gc] GC(525) Pause Initial Mark (G1 Evacuation Pause) 123M->123M(124M) 2,124ms
[161,725s][info][gc] GC(526) Concurrent Cycle
[161,899s][info][gc] GC(527) Pause Full (Allocation Failure) 123M->123M(124M) 173,352ms
[162,075s][info][gc] GC(528) Pause Full (Allocation Failure) 123M->123M(124M) 175,764ms
[162,075s][info][gc] GC(526) Concurrent Cycle 349,548ms
[162,076s][info][gc] GC(529) Pause Young (G1 Evacuation Pause) 123M->123M(124M) 1,293ms
[162,079s][info][gc] GC(530) Pause Initial Mark (G1 Evacuation Pause) 123M->123M(124M) 2,268ms
[162,079s][info][gc] GC(531) Concurrent Cycle
[162,253s][info][gc] GC(532) Pause Full (Allocation Failure) 123M->123M(124M) 173,754ms
[162,424s][info][gc] GC(533) Pause Full (Allocation Failure) 123M->123M(124M) 171,216ms
[162,424s][info][gc] GC(531) Concurrent Cycle 345,380ms
[162,426s][info][gc] GC(534) Pause Young (G1 Evacuation Pause) 123M->123M(124M) 1,323ms
[162,428s][info][gc] GC(535) Pause Initial Mark (G1 Evacuation Pause) 123M->123M(124M) 1,874ms
[162,428s][info][gc] GC(536) Concurrent Cycle
[162,604s][info][gc] GC(537) Pause Full (Allocation Failure) 123M->123M(124M) 176,234ms
[162,784s][info][gc] GC(538) Pause Full (Allocation Failure) 123M->123M(124M) 179,774ms
[162,784s][info][gc] GC(536) Concurrent Cycle 356,438ms
[162,786s][info][gc] GC(539) Pause Young (G1 Evacuation Pause) 123M->123M(124M) 1,257ms
[162,788s][info][gc] GC(540) Pause Initial Mark (G1 Evacuation Pause) 123M->123M(124M) 1,936ms
[162,788s][info][gc] GC(541) Concurrent Cycle
[162,965s][info][gc] GC(542) Pause Full (Allocation Failure) 123M->123M(124M) 176,630ms
[163,139s][info][gc] GC(543) Pause Full (Allocation Failure) 123M->123M(124M) 173,630ms
[163,139s][info][gc] GC(541) Concurrent Cycle 350,630ms
[163,140s][info][gc] GC(544) Pause Young (G1 Evacuation Pause) 123M->123M(124M) 1,330ms
[163,142s][info][gc] GC(545) Pause Initial Mark (G1 Evacuation Pause) 123M->123M(124M) 1,887ms
[163,142s][info][gc] GC(546) Concurrent Cycle
[163,315s][info][gc] GC(547) Pause Full (Allocation Failure) 123M->123M(124M) 172,860ms
[163,491s][info][gc] GC(548) Pause Full (Allocation Failure) 123M->123M(124M) 175,938ms
[163,492s][info][gc] GC(546) Concurrent Cycle 349,225ms
[163,493s][info][gc] GC(549) Pause Young (G1 Evacuation Pause) 123M->123M(124M) 1,176ms
[163,496s][info][gc] GC(550) Pause Initial Mark (G1 Evacuation Pause) 123M->123M(124M) 2,504ms
[163,496s][info][gc] GC(551) Concurrent Cycle
[163,676s][info][gc] GC(552) Pause Full (Allocation Failure) 123M->123M(124M) 180,572ms
[163,848s][info][gc] GC(553) Pause Full (Allocation Failure) 123M->123M(124M) 171,704ms
[163,848s][info][gc] GC(551) Concurrent Cycle 352,700ms
[163,850s][info][gc] GC(554) Pause Young (G1 Evacuation Pause) 123M->123M(124M) 1,209ms
[163,852s][info][gc] GC(555) Pause Initial Mark (G1 Evacuation Pause) 123M->123M(124M) 1,915ms
[163,852s][info][gc] GC(556) Concurrent Cycle
[164,037s][info][gc] GC(557) Pause Full (Allocation Failure) 123M->123M(124M) 185,292ms
[164,211s][info][gc] GC(558) Pause Full (Allocation Failure) 123M->123M(124M) 173,623ms
[164,220s][info][gc] GC(559) Pause Young (G1 Evacuation Pause) 123M->123M(124M) 8,935ms
[164,220s][info][gc] GC(556) Concurrent Cycle 368,508ms
[164,222s][info][gc] GC(560) Pause Young (G1 Evacuation Pause) 123M->123M(124M) 1,350ms
[164,404s][info][gc] GC(561) Pause Full (Allocation Failure) 123M->123M(124M) 181,657ms
[164,578s][info][gc] GC(562) Pause Full (Allocation Failure) 123M->123M(124M) 174,362ms
[164,581s][info][gc] GC(563) Pause Initial Mark (G1 Evacuation Pause) 123M->123M(124M) 1,979ms
[164,581s][info][gc] GC(564) Concurrent Cycle
[164,582s][info][gc] GC(565) Pause Young (G1 Evacuation Pause) 123M->123M(124M) 1,227ms
[164,761s][info][gc] GC(566) Pause Full (Allocation Failure) 123M->123M(124M) 177,830ms
[164,933s][info][gc] GC(567) Pause Full (Allocation Failure) 123M->123M(124M) 172,435ms
[164,933s][info][gc] GC(564) Concurrent Cycle 352,311ms
[164,935s][info][gc] GC(568) Pause Young (G1 Evacuation Pause) 123M->123M(124M) 1,374ms
[164,937s][info][gc] GC(569) Pause Initial Mark (G1 Evacuation Pause) 123M->123M(124M) 1,932ms
[164,937s][info][gc] GC(570) Concurrent Cycle
[165,117s][info][gc] GC(571) Pause Full (Allocation Failure) 123M->123M(124M) 180,232ms
[165,293s][info][gc] GC(572) Pause Full (Allocation Failure) 123M->123M(124M) 175,628ms
[165,293s][info][gc] GC(570) Concurrent Cycle 356,262ms
[165,295s][info][gc] GC(573) Pause Young (G1 Evacuation Pause) 123M->123M(124M) 1,303ms
[165,297s][info][gc] GC(574) Pause Initial Mark (G1 Evacuation Pause) 123M->123M(124M) 2,230ms
[165,297s][info][gc] GC(575) Concurrent Cycle
[165,473s][info][gc] GC(576) Pause Full (Allocation Failure) 123M->123M(124M) 175,868ms
[165,652s][info][gc] GC(577) Pause Full (Allocation Failure) 123M->123M(124M) 178,248ms
[165,652s][info][gc] GC(575) Concurrent Cycle 354,569ms
[165,653s][info][gc] GC(578) Pause Young (G1 Evacuation Pause) 123M->123M(124M) 1,291ms
[165,656s][info][gc] GC(579) Pause Initial Mark (G1 Evacuation Pause) 123M->123M(124M) 2,286ms
[165,656s][info][gc] GC(580) Concurrent Cycle
[165,837s][info][gc] GC(581) Pause Full (Allocation Failure) 123M->123M(124M) 181,206ms
[166,009s][info][gc] GC(582) Pause Full (Allocation Failure) 123M->123M(124M) 171,500ms
[166,009s][info][gc] GC(580) Concurrent Cycle 353,105ms
[166,010s][info][gc] GC(583) Pause Young (G1 Evacuation Pause) 123M->123M(124M) 1,164ms
[166,012s][info][gc] GC(584) Pause Initial Mark (G1 Evacuation Pause) 123M->123M(124M) 1,885ms
[166,012s][info][gc] GC(585) Concurrent Cycle
[166,188s][info][gc] GC(586) Pause Full (Allocation Failure) 123M->123M(124M) 175,447ms
[166,364s][info][gc] GC(587) Pause Full (Allocation Failure) 123M->123M(124M) 175,482ms
[166,364s][info][gc] GC(585) Concurrent Cycle 351,317ms
[166,365s][info][gc] GC(588) Pause Young (G1 Evacuation Pause) 123M->123M(124M) 1,302ms
[166,367s][info][gc] GC(589) Pause Initial Mark (G1 Evacuation Pause) 123M->123M(124M) 2,126ms
[166,368s][info][gc] GC(590) Concurrent Cycle
[166,548s][info][gc] GC(591) Pause Full (Allocation Failure) 123M->123M(124M) 179,959ms
[166,724s][info][gc] GC(592) Pause Full (Allocation Failure) 123M->123M(124M) 176,424ms
[166,724s][info][gc] GC(590) Concurrent Cycle 356,803ms
[166,726s][info][gc] GC(593) Pause Young (G1 Evacuation Pause) 123M->123M(124M) 1,261ms
[166,728s][info][gc] GC(594) Pause Initial Mark (G1 Evacuation Pause) 123M->123M(124M) 1,984ms
[166,728s][info][gc] GC(595) Concurrent Cycle
[166,901s][info][gc] GC(596) Pause Full (Allocation Failure) 123M->123M(124M) 172,645ms
[167,082s][info][gc] GC(597) Pause Full (Allocation Failure) 123M->123M(124M) 181,214ms
[167,082s][info][gc] GC(595) Concurrent Cycle 354,253ms
[167,084s][info][gc] GC(598) Pause Young (G1 Evacuation Pause) 123M->123M(124M) 1,311ms
[167,086s][info][gc] GC(599) Pause Initial Mark (G1 Evacuation Pause) 123M->123M(124M) 1,900ms
[167,086s][info][gc] GC(600) Concurrent Cycle
[167,263s][info][gc] GC(601) Pause Full (Allocation Failure) 123M->123M(124M) 177,224ms
[167,439s][info][gc] GC(602) Pause Full (Allocation Failure) 123M->123M(124M) 175,519ms
[167,439s][info][gc] GC(600) Concurrent Cycle 353,178ms
[167,441s][info][gc] GC(603) Pause Young (G1 Evacuation Pause) 123M->123M(124M) 1,159ms
[167,443s][info][gc] GC(604) Pause Initial Mark (G1 Evacuation Pause) 123M->123M(124M) 1,910ms
[167,443s][info][gc] GC(605) Concurrent Cycle
[167,617s][info][gc] GC(606) Pause Full (Allocation Failure) 123M->123M(124M) 174,255ms
[167,796s][info][gc] GC(607) Pause Full (Allocation Failure) 123M->123M(124M) 178,960ms
[167,797s][info][gc] GC(605) Concurrent Cycle 353,645ms
[167,798s][info][gc] GC(608) Pause Young (G1 Evacuation Pause) 123M->123M(124M) 1,313ms
[167,800s][info][gc] GC(609) Pause Initial Mark (G1 Evacuation Pause) 123M->123M(124M) 2,067ms
[167,800s][info][gc] GC(610) Concurrent Cycle
[167,974s][info][gc] GC(611) Pause Full (Allocation Failure) 123M->123M(124M) 173,952ms
[168,155s][info][gc] GC(612) Pause Full (Allocation Failure) 123M->123M(124M) 180,325ms
[168,155s][info][gc] GC(610) Concurrent Cycle 354,681ms
[168,156s][info][gc] GC(613) Pause Young (G1 Evacuation Pause) 123M->123M(124M) 1,156ms
[168,159s][info][gc] GC(614) Pause Initial Mark (G1 Evacuation Pause) 123M->123M(124M) 1,988ms
[168,159s][info][gc] GC(615) Concurrent Cycle
[168,337s][info][gc] GC(616) Pause Full (Allocation Failure) 123M->123M(124M) 177,933ms
[168,520s][info][gc] GC(617) Pause Full (Allocation Failure) 123M->123M(124M) 183,636ms
[168,521s][info][gc] GC(615) Concurrent Cycle 361,974ms
[168,522s][info][gc] GC(618) Pause Young (G1 Evacuation Pause) 123M->123M(124M) 1,166ms
[168,524s][info][gc] GC(619) Pause Initial Mark (G1 Evacuation Pause) 123M->123M(124M) 1,822ms
[168,524s][info][gc] GC(620) Concurrent Cycle
[168,704s][info][gc] GC(621) Pause Full (Allocation Failure) 123M->123M(124M) 180,287ms
[168,885s][info][gc] GC(622) Pause Full (Allocation Failure) 123M->123M(124M) 180,706ms
[168,885s][info][gc] GC(620) Concurrent Cycle 361,389ms
[172,353s][info][gc] GC(623) Pause Young (G1 Evacuation Pause) 123M->123M(124M) 1,703ms
[172,359s][info][gc] GC(624) Pause Initial Mark (G1 Evacuation Pause) 123M->123M(124M) 3,072ms
[172,359s][info][gc] GC(625) Concurrent Cycle
[172,584s][info][gc] GC(626) Pause Full (Allocation Failure) 123M->123M(124M) 205,273ms
[172,776s][info][gc] GC(627) Pause Full (Allocation Failure) 123M->123M(124M) 192,098ms
[172,776s][info][gc] GC(625) Concurrent Cycle 417,020ms
[172,778s][info][gc] GC(628) Pause Young (G1 Evacuation Pause) 123M->123M(124M) 1,442ms
[172,780s][info][gc] GC(629) Pause Initial Mark (G1 Evacuation Pause) 123M->123M(124M) 2,177ms
[172,780s][info][gc] GC(630) Concurrent Cycle
[172,964s][info][gc] GC(631) Pause Full (Allocation Failure) 123M->123M(124M) 183,588ms
[173,140s][info][gc] GC(632) Pause Full (Allocation Failure) 123M->123M(124M) 176,142ms
[173,140s][info][gc] GC(630) Concurrent Cycle 360,120ms
[173,142s][info][gc] GC(633) Pause Young (G1 Evacuation Pause) 123M->123M(124M) 1,555ms
[173,145s][info][gc] GC(634) Pause Initial Mark (G1 Evacuation Pause) 123M->123M(124M) 2,960ms
[173,145s][info][gc] GC(635) Concurrent Cycle
[173,320s][info][gc] GC(636) Pause Full (Allocation Failure) 123M->123M(124M) 174,626ms
[173,509s][info][gc] GC(637) Pause Full (Allocation Failure) 123M->123M(124M) 189,176ms
[173,512s][info][gc] GC(638) Pause Young (G1 Evacuation Pause) 123M->123M(124M) 1,972ms
[173,512s][info][gc] GC(635) Concurrent Cycle 366,479ms
[173,518s][info][gc] GC(639) Pause Young (G1 Evacuation Pause) 123M->123M(124M) 5,819ms
[173,751s][info][gc] GC(640) Pause Full (Allocation Failure) 123M->123M(124M) 232,248ms
[173,947s][info][gc] GC(641) Pause Full (Allocation Failure) 123M->123M(124M) 196,075ms
[173,951s][info][gc] GC(642) Pause Initial Mark (G1 Evacuation Pause) 123M->123M(124M) 3,063ms
[173,952s][info][gc] GC(644) Concurrent Cycle
[173,953s][info][gc] GC(643) Pause Young (G1 Evacuation Pause) 123M->123M(124M) 2,320ms
[174,170s][info][gc] GC(645) Pause Full (Allocation Failure) 123M->123M(124M) 216,071ms
[174,366s][info][gc] GC(646) Pause Full (Allocation Failure) 123M->123M(124M) 195,898ms
[174,366s][info][gc] GC(644) Concurrent Cycle 414,311ms
[174,367s][info][gc] GC(647) Pause Young (G1 Evacuation Pause) 123M->123M(124M) 1,323ms
[174,370s][info][gc] GC(648) Pause Initial Mark (G1 Evacuation Pause) 123M->123M(124M) 2,446ms
[174,370s][info][gc] GC(649) Concurrent Cycle
[174,562s][info][gc] GC(650) Pause Full (Allocation Failure) 123M->123M(124M) 191,515ms
[174,737s][info][gc] GC(651) Pause Full (Allocation Failure) 123M->123M(124M) 175,189ms
[174,737s][info][gc] GC(649) Concurrent Cycle 367,127ms
[174,739s][info][gc] GC(652) Pause Young (G1 Evacuation Pause) 123M->123M(124M) 1,191ms
[174,741s][info][gc] GC(653) Pause Initial Mark (G1 Evacuation Pause) 123M->123M(124M) 1,878ms
[174,741s][info][gc] GC(654) Concurrent Cycle
[174,914s][info][gc] GC(655) Pause Full (Allocation Failure) 123M->123M(124M) 173,496ms
[175,087s][info][gc] GC(656) Pause Full (Allocation Failure) 123M->123M(124M) 172,529ms
[175,087s][info][gc] GC(654) Concurrent Cycle 346,442ms
[175,088s][info][gc] GC(657) Pause Young (G1 Evacuation Pause) 123M->123M(124M) 1,130ms
[175,091s][info][gc] GC(658) Pause Initial Mark (G1 Evacuation Pause) 123M->123M(124M) 1,923ms
[175,091s][info][gc] GC(659) Concurrent Cycle
[175,278s][info][gc] GC(660) Pause Full (Allocation Failure) 123M->123M(124M) 187,123ms
[175,472s][info][gc] GC(661) Pause Full (Allocation Failure) 123M->123M(124M) 194,233ms
[175,476s][info][gc] GC(662) Pause Young (G1 Evacuation Pause) 123M->123M(124M) 3,745ms
[175,478s][info][gc] GC(663) Pause Young (G1 Evacuation Pause) 123M->123M(124M) 1,904ms
[175,479s][info][gc] GC(659) Concurrent Cycle 387,966ms
[175,685s][info][gc] GC(664) Pause Full (Allocation Failure) 123M->123M(124M) 206,263ms
[175,882s][info][gc] GC(665) Pause Full (Allocation Failure) 123M->123M(124M) 197,436ms
[175,885s][info][gc] GC(666) Pause Initial Mark (G1 Evacuation Pause) 123M->123M(124M) 1,885ms
[175,885s][info][gc] GC(667) Concurrent Cycle
[175,886s][info][gc] GC(668) Pause Young (G1 Evacuation Pause) 123M->123M(124M) 1,269ms
[176,067s][info][gc] GC(669) Pause Full (Allocation Failure) 123M->123M(124M) 180,265ms
[176,260s][info][gc] GC(670) Pause Full (Allocation Failure) 123M->123M(124M) 193,642ms
[176,261s][info][gc] GC(667) Concurrent Cycle 376,663ms
[176,266s][info][gc] GC(671) Pause Young (G1 Evacuation Pause) 123M->123M(124M) 1,623ms
[176,269s][info][gc] GC(672) Pause Initial Mark (G1 Evacuation Pause) 123M->123M(124M) 2,561ms
[176,269s][info][gc] GC(673) Concurrent Cycle
[176,444s][info][gc] GC(674) Pause Full (Allocation Failure) 123M->123M(124M) 174,931ms
[176,620s][info][gc] GC(675) Pause Full (Allocation Failure) 123M->123M(124M) 175,875ms
[176,620s][info][gc] GC(673) Concurrent Cycle 351,213ms
[176,621s][info][gc] GC(676) Pause Young (G1 Evacuation Pause) 123M->123M(124M) 1,155ms
[176,623s][info][gc] GC(677) Pause Initial Mark (G1 Evacuation Pause) 123M->123M(124M) 2,082ms
[176,623s][info][gc] GC(678) Concurrent Cycle
[176,797s][info][gc] GC(679) Pause Full (Allocation Failure) 123M->123M(124M) 173,284ms
[176,971s][info][gc] GC(680) Pause Full (Allocation Failure) 123M->123M(124M) 174,302ms
[176,971s][info][gc] GC(678) Concurrent Cycle 347,998ms
[176,973s][info][gc] GC(681) Pause Young (G1 Evacuation Pause) 123M->123M(124M) 1,172ms
[176,975s][info][gc] GC(682) Pause Initial Mark (G1 Evacuation Pause) 123M->123M(124M) 2,110ms
[176,975s][info][gc] GC(683) Concurrent Cycle
[177,150s][info][gc] GC(684) Pause Full (Allocation Failure) 123M->123M(124M) 173,823ms
[177,324s][info][gc] GC(685) Pause Full (Allocation Failure) 123M->123M(124M) 174,775ms
[177,325s][info][gc] GC(683) Concurrent Cycle 349,094ms
[177,326s][info][gc] GC(686) Pause Young (G1 Evacuation Pause) 123M->123M(124M) 1,350ms
[177,328s][info][gc] GC(687) Pause Initial Mark (G1 Evacuation Pause) 123M->123M(124M) 1,944ms
[177,328s][info][gc] GC(688) Concurrent Cycle
[177,505s][info][gc] GC(689) Pause Full (Allocation Failure) 123M->123M(124M) 176,511ms
[177,683s][info][gc] GC(690) Pause Full (Allocation Failure) 123M->123M(124M) 178,054ms
[177,683s][info][gc] GC(688) Concurrent Cycle 354,977ms
[177,685s][info][gc] GC(691) Pause Young (G1 Evacuation Pause) 123M->123M(124M) 1,164ms
[177,687s][info][gc] GC(692) Pause Initial Mark (G1 Evacuation Pause) 123M->123M(124M) 1,913ms
[177,687s][info][gc] GC(693) Concurrent Cycle
[177,861s][info][gc] GC(694) Pause Full (Allocation Failure) 123M->123M(124M) 174,206ms
[178,039s][info][gc] GC(695) Pause Full (Allocation Failure) 123M->123M(124M) 177,369ms
[178,042s][info][gc] GC(696) Pause Young (G1 Evacuation Pause) 123M->123M(124M) 3,032ms
[178,044s][info][gc] GC(697) Pause Young (G1 Evacuation Pause) 123M->123M(124M) 1,475ms
[178,044s][info][gc] GC(693) Concurrent Cycle 356,850ms
[178,224s][info][gc] GC(698) Pause Full (Allocation Failure) 123M->123M(124M) 179,974ms
[178,397s][info][gc] GC(699) Pause Full (Allocation Failure) 123M->123M(124M) 172,682ms
[178,400s][info][gc] GC(700) Pause Initial Mark (G1 Evacuation Pause) 123M->123M(124M) 2,600ms
[178,400s][info][gc] GC(701) Concurrent Cycle
[178,401s][info][gc] GC(702) Pause Young (G1 Evacuation Pause) 123M->123M(124M) 1,454ms
[178,583s][info][gc] GC(703) Pause Full (Allocation Failure) 123M->123M(124M) 181,373ms
[178,757s][info][gc] GC(704) Pause Full (Allocation Failure) 123M->123M(124M) 173,757ms
[178,757s][info][gc] GC(701) Concurrent Cycle 357,390ms
[178,759s][info][gc] GC(705) Pause Young (G1 Evacuation Pause) 123M->123M(124M) 1,444ms
[178,761s][info][gc] GC(706) Pause Initial Mark (G1 Evacuation Pause) 123M->123M(124M) 1,978ms
[178,761s][info][gc] GC(707) Concurrent Cycle
[178,938s][info][gc] GC(708) Pause Full (Allocation Failure) 123M->123M(124M) 176,780ms
[179,110s][info][gc] GC(709) Pause Full (Allocation Failure) 123M->123M(124M) 171,903ms
[179,110s][info][gc] GC(707) Concurrent Cycle 349,094ms
[179,112s][info][gc] GC(710) Pause Young (G1 Evacuation Pause) 123M->123M(124M) 1,500ms
[179,114s][info][gc] GC(711) Pause Initial Mark (G1 Evacuation Pause) 123M->123M(124M) 1,946ms
[179,114s][info][gc] GC(712) Concurrent Cycle
[179,289s][info][gc] GC(713) Pause Full (Allocation Failure) 123M->123M(124M) 174,851ms
[179,461s][info][gc] GC(714) Pause Full (Allocation Failure) 123M->123M(124M) 171,937ms
[179,461s][info][gc] GC(712) Concurrent Cycle 347,199ms
[179,462s][info][gc] GC(715) Pause Young (G1 Evacuation Pause) 123M->123M(124M) 1,197ms
[179,465s][info][gc] GC(716) Pause Initial Mark (G1 Evacuation Pause) 123M->123M(124M) 1,935ms
[179,465s][info][gc] GC(717) Concurrent Cycle
[179,638s][info][gc] GC(718) Pause Full (Allocation Failure) 123M->123M(124M) 172,989ms
[179,809s][info][gc] GC(719) Pause Full (Allocation Failure) 123M->123M(124M) 171,073ms
[179,809s][info][gc] GC(717) Concurrent Cycle 344,484ms
[179,811s][info][gc] GC(720) Pause Young (G1 Evacuation Pause) 123M->123M(124M) 1,172ms
[179,813s][info][gc] GC(721) Pause Initial Mark (G1 Evacuation Pause) 123M->123M(124M) 1,980ms
[179,813s][info][gc] GC(722) Concurrent Cycle
[179,985s][info][gc] GC(723) Pause Full (Allocation Failure) 123M->123M(124M) 172,025ms
[180,159s][info][gc] GC(724) Pause Full (Allocation Failure) 123M->123M(124M) 174,035ms
[180,159s][info][gc] GC(722) Concurrent Cycle 346,469ms
[180,161s][info][gc] GC(725) Pause Young (G1 Evacuation Pause) 123M->123M(124M) 1,310ms
[180,163s][info][gc] GC(726) Pause Initial Mark (G1 Evacuation Pause) 123M->123M(124M) 1,886ms
[180,163s][info][gc] GC(727) Concurrent Cycle
[180,335s][info][gc] GC(728) Pause Full (Allocation Failure) 123M->123M(124M) 172,125ms
[180,509s][info][gc] GC(729) Pause Full (Allocation Failure) 123M->123M(124M) 173,783ms
[180,509s][info][gc] GC(727) Concurrent Cycle 346,324ms
[180,511s][info][gc] GC(730) Pause Young (G1 Evacuation Pause) 123M->123M(124M) 1,329ms
[180,513s][info][gc] GC(731) Pause Initial Mark (G1 Evacuation Pause) 123M->123M(124M) 1,901ms
[180,513s][info][gc] GC(732) Concurrent Cycle
[180,693s][info][gc] GC(733) Pause Full (Allocation Failure) 123M->123M(124M) 179,411ms
[180,866s][info][gc] GC(734) Pause Full (Allocation Failure) 123M->123M(124M) 173,298ms
[180,866s][info][gc] GC(732) Concurrent Cycle 353,118ms
[180,868s][info][gc] GC(735) Pause Young (G1 Evacuation Pause) 123M->123M(124M) 1,313ms
[180,870s][info][gc] GC(736) Pause Initial Mark (G1 Evacuation Pause) 123M->123M(124M) 1,878ms
[180,870s][info][gc] GC(737) Concurrent Cycle
[181,044s][info][gc] GC(738) Pause Full (Allocation Failure) 123M->123M(124M) 174,472ms
[181,220s][info][gc] GC(739) Pause Full (Allocation Failure) 123M->123M(124M) 175,964ms
[181,221s][info][gc] GC(737) Concurrent Cycle 350,831ms
[181,222s][info][gc] GC(740) Pause Young (G1 Evacuation Pause) 123M->123M(124M) 1,181ms
[181,224s][info][gc] GC(741) Pause Initial Mark (G1 Evacuation Pause) 123M->123M(124M) 1,881ms
[181,224s][info][gc] GC(742) Concurrent Cycle
[181,396s][info][gc] GC(743) Pause Full (Allocation Failure) 123M->123M(124M) 172,186ms
[181,567s][info][gc] GC(744) Pause Full (Allocation Failure) 123M->123M(124M) 170,912ms
[181,568s][info][gc] GC(742) Concurrent Cycle 343,511ms
[181,569s][info][gc] GC(745) Pause Young (G1 Evacuation Pause) 123M->123M(124M) 1,144ms
[181,571s][info][gc] GC(746) Pause Initial Mark (G1 Evacuation Pause) 123M->123M(124M) 1,914ms
[181,571s][info][gc] GC(747) Concurrent Cycle
[181,743s][info][gc] GC(748) Pause Full (Allocation Failure) 123M->123M(124M) 172,242ms
[181,915s][info][gc] GC(749) Pause Full (Allocation Failure) 123M->123M(124M) 171,483ms
[181,915s][info][gc] GC(747) Concurrent Cycle 344,146ms
[182,776s][info][gc] GC(750) Pause Young (G1 Evacuation Pause) 123M->123M(124M) 1,563ms
[182,779s][info][gc] GC(751) Pause Initial Mark (G1 Evacuation Pause) 123M->123M(124M) 2,561ms
[182,779s][info][gc] GC(752) Concurrent Cycle
[182,954s][info][gc] GC(753) Pause Full (Allocation Failure) 123M->123M(124M) 174,310ms
[183,126s][info][gc] GC(754) Pause Full (Allocation Failure) 123M->123M(124M) 172,081ms
[183,126s][info][gc] GC(752) Concurrent Cycle 347,181ms
[183,128s][info][gc] GC(755) Pause Young (G1 Evacuation Pause) 123M->123M(124M) 1,226ms
[183,130s][info][gc] GC(756) Pause Initial Mark (G1 Evacuation Pause) 123M->123M(124M) 1,868ms
[183,130s][info][gc] GC(757) Concurrent Cycle
[183,304s][info][gc] GC(758) Pause Full (Allocation Failure) 123M->123M(124M) 173,898ms
[183,476s][info][gc] GC(759) Pause Full (Allocation Failure) 123M->123M(124M) 172,465ms
[183,477s][info][gc] GC(757) Concurrent Cycle 346,762ms
[183,480s][info][gc] GC(760) Pause Young (G1 Evacuation Pause) 123M->123M(124M) 1,169ms
[183,482s][info][gc] GC(761) Pause Initial Mark (G1 Evacuation Pause) 123M->123M(124M) 2,190ms
[183,482s][info][gc] GC(762) Concurrent Cycle
[183,659s][info][gc] GC(763) Pause Full (Allocation Failure) 123M->123M(124M) 176,178ms
[183,834s][info][gc] GC(764) Pause Full (Allocation Failure) 123M->123M(124M) 175,310ms
[183,834s][info][gc] GC(762) Concurrent Cycle 351,905ms
[183,836s][info][gc] GC(765) Pause Young (G1 Evacuation Pause) 123M->123M(124M) 1,158ms
[183,838s][info][gc] GC(766) Pause Initial Mark (G1 Evacuation Pause) 123M->123M(124M) 1,885ms
[183,838s][info][gc] GC(767) Concurrent Cycle
[184,015s][info][gc] GC(768) Pause Full (Allocation Failure) 123M->123M(124M) 177,343ms
[184,194s][info][gc] GC(769) Pause Full (Allocation Failure) 123M->123M(124M) 179,033ms
[184,195s][info][gc] GC(767) Concurrent Cycle 356,799ms
[184,196s][info][gc] GC(770) Pause Young (G1 Evacuation Pause) 123M->123M(124M) 1,231ms
[184,198s][info][gc] GC(771) Pause Initial Mark (G1 Evacuation Pause) 123M->123M(124M) 1,963ms
[184,198s][info][gc] GC(772) Concurrent Cycle
[184,373s][info][gc] GC(773) Pause Full (Allocation Failure) 123M->123M(124M) 174,904ms
[184,548s][info][gc] GC(774) Pause Full (Allocation Failure) 123M->123M(124M) 174,483ms
[184,548s][info][gc] GC(772) Concurrent Cycle 349,819ms
[184,549s][info][gc] GC(775) Pause Young (G1 Evacuation Pause) 123M->123M(124M) 1,163ms
[184,552s][info][gc] GC(776) Pause Initial Mark (G1 Evacuation Pause) 123M->123M(124M) 2,047ms
[184,552s][info][gc] GC(777) Concurrent Cycle
[184,731s][info][gc] GC(778) Pause Full (Allocation Failure) 123M->123M(124M) 178,895ms
[184,908s][info][gc] GC(779) Pause Full (Allocation Failure) 123M->123M(124M) 177,036ms
[184,908s][info][gc] GC(777) Concurrent Cycle 356,362ms
[186,001s][info][gc] GC(780) Pause Young (G1 Evacuation Pause) 123M->123M(124M) 1,579ms
[186,003s][info][gc] GC(781) Pause Initial Mark (G1 Evacuation Pause) 123M->123M(124M) 2,485ms
[186,003s][info][gc] GC(782) Concurrent Cycle
[186,186s][info][gc] GC(783) Pause Full (Allocation Failure) 123M->123M(124M) 182,967ms
[186,364s][info][gc] GC(784) Pause Full (Allocation Failure) 123M->123M(124M) 177,648ms
[186,364s][info][gc] GC(782) Concurrent Cycle 360,977ms
[186,366s][info][gc] GC(785) Pause Young (G1 Evacuation Pause) 123M->123M(124M) 1,284ms
[186,368s][info][gc] GC(786) Pause Initial Mark (G1 Evacuation Pause) 123M->123M(124M) 1,969ms
[186,368s][info][gc] GC(787) Concurrent Cycle
[186,542s][info][gc] GC(788) Pause Full (Allocation Failure) 123M->123M(124M) 173,472ms
[186,715s][info][gc] GC(789) Pause Full (Allocation Failure) 123M->123M(124M) 173,219ms
[186,715s][info][gc] GC(787) Concurrent Cycle 347,099ms
[186,716s][info][gc] GC(790) Pause Young (G1 Evacuation Pause) 123M->123M(124M) 1,178ms
[186,719s][info][gc] GC(791) Pause Initial Mark (G1 Evacuation Pause) 123M->123M(124M) 2,087ms
[186,719s][info][gc] GC(792) Concurrent Cycle
[186,893s][info][gc] GC(793) Pause Full (Allocation Failure) 123M->123M(124M) 174,044ms
[187,065s][info][gc] GC(794) Pause Full (Allocation Failure) 123M->123M(124M) 171,831ms
[187,065s][info][gc] GC(792) Concurrent Cycle 346,285ms
[187,066s][info][gc] GC(795) Pause Young (G1 Evacuation Pause) 123M->123M(124M) 1,341ms
[187,069s][info][gc] GC(796) Pause Initial Mark (G1 Evacuation Pause) 123M->123M(124M) 1,875ms
[187,069s][info][gc] GC(797) Concurrent Cycle
[187,245s][info][gc] GC(798) Pause Full (Allocation Failure) 123M->123M(124M) 175,932ms
[187,422s][info][gc] GC(799) Pause Full (Allocation Failure) 123M->123M(124M) 177,243ms
[187,422s][info][gc] GC(797) Concurrent Cycle 353,591ms
[187,433s][info][gc] GC(800) Pause Young (G1 Evacuation Pause) 123M->123M(124M) 1,824ms
[187,435s][info][gc] GC(801) Pause Initial Mark (G1 Evacuation Pause) 123M->123M(124M) 1,983ms
[187,435s][info][gc] GC(802) Concurrent Cycle
[187,610s][info][gc] GC(803) Pause Full (Allocation Failure) 123M->123M(124M) 174,675ms
[187,787s][info][gc] GC(804) Pause Full (Allocation Failure) 123M->123M(124M) 177,354ms
[187,787s][info][gc] GC(802) Concurrent Cycle 352,446ms
[187,789s][info][gc] GC(805) Pause Young (G1 Evacuation Pause) 123M->123M(124M) 1,568ms
[187,791s][info][gc] GC(806) Pause Initial Mark (G1 Evacuation Pause) 123M->123M(124M) 2,059ms
[187,791s][info][gc] GC(807) Concurrent Cycle
[187,968s][info][gc] GC(808) Pause Full (Allocation Failure) 123M->123M(124M) 176,390ms
[188,145s][info][gc] GC(809) Pause Full (Allocation Failure) 123M->123M(124M) 177,320ms
[188,145s][info][gc] GC(807) Concurrent Cycle 354,140ms
[188,147s][info][gc] GC(810) Pause Young (G1 Evacuation Pause) 123M->123M(124M) 1,332ms
[188,149s][info][gc] GC(811) Pause Initial Mark (G1 Evacuation Pause) 123M->123M(124M) 1,965ms
[188,149s][info][gc] GC(812) Concurrent Cycle
[188,324s][info][gc] GC(813) Pause Full (Allocation Failure) 123M->123M(124M) 174,589ms
[188,499s][info][gc] GC(814) Pause Full (Allocation Failure) 123M->123M(124M) 175,280ms
[188,500s][info][gc] GC(812) Concurrent Cycle 350,302ms
[188,501s][info][gc] GC(815) Pause Young (G1 Evacuation Pause) 123M->123M(124M) 1,147ms
[188,503s][info][gc] GC(816) Pause Initial Mark (G1 Evacuation Pause) 123M->123M(124M) 1,890ms
[188,503s][info][gc] GC(817) Concurrent Cycle
[188,679s][info][gc] GC(818) Pause Full (Allocation Failure) 123M->123M(124M) 175,905ms
[188,855s][info][gc] GC(819) Pause Full (Allocation Failure) 123M->123M(124M) 175,440ms
[188,855s][info][gc] GC(817) Concurrent Cycle 351,746ms
[189,063s][info][gc] GC(820) Pause Young (G1 Evacuation Pause) 123M->123M(124M) 1,348ms
[189,065s][info][gc] GC(821) Pause Initial Mark (G1 Evacuation Pause) 123M->123M(124M) 1,899ms
[189,065s][info][gc] GC(822) Concurrent Cycle
[189,245s][info][gc] GC(823) Pause Full (Allocation Failure) 123M->123M(124M) 180,051ms
[189,420s][info][gc] GC(824) Pause Full (Allocation Failure) 123M->123M(124M) 174,785ms
[189,420s][info][gc] GC(822) Concurrent Cycle 355,271ms
[189,422s][info][gc] GC(825) Pause Young (G1 Evacuation Pause) 123M->123M(124M) 1,202ms
[189,424s][info][gc] GC(826) Pause Initial Mark (G1 Evacuation Pause) 123M->123M(124M) 1,864ms
[189,424s][info][gc] GC(827) Concurrent Cycle
[189,596s][info][gc] GC(828) Pause Full (Allocation Failure) 123M->123M(124M) 172,597ms
[189,769s][info][gc] GC(829) Pause Full (Allocation Failure) 123M->123M(124M) 172,047ms
[189,769s][info][gc] GC(827) Concurrent Cycle 345,059ms
[189,828s][info][gc] GC(830) Pause Young (G1 Evacuation Pause) 123M->123M(124M) 1,322ms
[189,831s][info][gc] GC(831) Pause Initial Mark (G1 Evacuation Pause) 123M->123M(124M) 3,116ms
[189,832s][info][gc] GC(832) Concurrent Cycle
[190,015s][info][gc] GC(833) Pause Full (Allocation Failure) 123M->123M(124M) 183,218ms
[190,189s][info][gc] GC(834) Pause Full (Allocation Failure) 123M->123M(124M) 173,957ms
[190,189s][info][gc] GC(832) Concurrent Cycle 357,512ms
[190,190s][info][gc] GC(835) Pause Young (G1 Evacuation Pause) 123M->123M(124M) 1,168ms
[190,192s][info][gc] GC(836) Pause Initial Mark (G1 Evacuation Pause) 123M->123M(124M) 1,979ms
[190,193s][info][gc] GC(837) Concurrent Cycle
[190,365s][info][gc] GC(838) Pause Full (Allocation Failure) 123M->123M(124M) 172,384ms
[190,541s][info][gc] GC(839) Pause Full (Allocation Failure) 123M->123M(124M) 175,476ms
[190,541s][info][gc] GC(837) Concurrent Cycle 348,325ms
[190,545s][info][gc] GC(840) Pause Young (G1 Evacuation Pause) 123M->123M(124M) 3,397ms
[190,547s][info][gc] GC(841) Pause Initial Mark (G1 Evacuation Pause) 123M->123M(124M) 1,927ms
[190,547s][info][gc] GC(842) Concurrent Cycle
[190,732s][info][gc] GC(843) Pause Full (Allocation Failure) 123M->123M(124M) 185,405ms
[190,905s][info][gc] GC(844) Pause Full (Allocation Failure) 123M->123M(124M) 172,261ms
[190,905s][info][gc] GC(842) Concurrent Cycle 358,081ms
[190,906s][info][gc] GC(845) Pause Young (G1 Evacuation Pause) 123M->123M(124M) 1,176ms
[190,908s][info][gc] GC(846) Pause Initial Mark (G1 Evacuation Pause) 123M->123M(124M) 1,913ms
[190,908s][info][gc] GC(847) Concurrent Cycle
[191,081s][info][gc] GC(848) Pause Full (Allocation Failure) 123M->123M(124M) 172,321ms
[191,252s][info][gc] GC(849) Pause Full (Allocation Failure) 123M->123M(124M) 170,912ms
[191,252s][info][gc] GC(847) Concurrent Cycle 343,653ms
[191,254s][info][gc] GC(850) Pause Young (G1 Evacuation Pause) 123M->123M(124M) 1,182ms
[191,256s][info][gc] GC(851) Pause Initial Mark (G1 Evacuation Pause) 123M->123M(124M) 1,893ms
[191,256s][info][gc] GC(852) Concurrent Cycle
[191,437s][info][gc] GC(853) Pause Full (Allocation Failure) 123M->123M(124M) 181,400ms
[191,608s][info][gc] GC(854) Pause Full (Allocation Failure) 123M->123M(124M) 170,872ms
[191,608s][info][gc] GC(852) Concurrent Cycle 352,643ms
[191,616s][info][gc] GC(855) Pause Young (G1 Evacuation Pause) 123M->123M(124M) 7,348ms
[191,618s][info][gc] GC(856) Pause Initial Mark (G1 Evacuation Pause) 123M->123M(124M) 2,056ms
[191,618s][info][gc] GC(857) Concurrent Cycle
[191,791s][info][gc] GC(858) Pause Full (Allocation Failure) 123M->123M(124M) 172,720ms
[191,962s][info][gc] GC(859) Pause Full (Allocation Failure) 123M->123M(124M) 170,795ms
[191,962s][info][gc] GC(857) Concurrent Cycle 343,923ms
[191,964s][info][gc] GC(860) Pause Young (G1 Evacuation Pause) 123M->123M(124M) 1,585ms
[191,967s][info][gc] GC(861) Pause Initial Mark (G1 Evacuation Pause) 123M->123M(124M) 2,776ms
[191,968s][info][gc] GC(862) Concurrent Cycle
[192,155s][info][gc] GC(863) Pause Full (Allocation Failure) 123M->123M(124M) 187,837ms
[192,331s][info][gc] GC(864) Pause Full (Allocation Failure) 123M->123M(124M) 175,126ms
[192,331s][info][gc] GC(862) Concurrent Cycle 363,330ms
[192,333s][info][gc] GC(865) Pause Young (G1 Evacuation Pause) 123M->123M(124M) 1,927ms
[192,335s][info][gc] GC(866) Pause Initial Mark (G1 Evacuation Pause) 123M->123M(124M) 1,868ms
[192,335s][info][gc] GC(867) Concurrent Cycle
[192,515s][info][gc] GC(868) Pause Full (Allocation Failure) 123M->123M(124M) 180,006ms
[192,691s][info][gc] GC(869) Pause Full (Allocation Failure) 123M->123M(124M) 176,050ms
[192,692s][info][gc] GC(867) Concurrent Cycle 356,482ms
[192,693s][info][gc] GC(870) Pause Young (G1 Evacuation Pause) 123M->123M(124M) 1,153ms
[192,695s][info][gc] GC(871) Pause Initial Mark (G1 Evacuation Pause) 123M->123M(124M) 2,074ms
[192,695s][info][gc] GC(872) Concurrent Cycle
[192,873s][info][gc] GC(873) Pause Full (Allocation Failure) 123M->123M(124M) 177,048ms
[193,044s][info][gc] GC(874) Pause Full (Allocation Failure) 123M->123M(124M) 171,162ms
[193,044s][info][gc] GC(872) Concurrent Cycle 348,605ms
[193,045s][info][gc] GC(875) Pause Young (G1 Evacuation Pause) 123M->123M(124M) 1,152ms
[193,048s][info][gc] GC(876) Pause Initial Mark (G1 Evacuation Pause) 123M->123M(124M) 2,796ms
[193,048s][info][gc] GC(877) Concurrent Cycle
[193,230s][info][gc] GC(878) Pause Full (Allocation Failure) 123M->123M(124M) 181,500ms
[193,403s][info][gc] GC(879) Pause Full (Allocation Failure) 123M->123M(124M) 172,799ms
[193,403s][info][gc] GC(877) Concurrent Cycle 354,760ms
[193,405s][info][gc] GC(880) Pause Young (G1 Evacuation Pause) 123M->123M(124M) 1,164ms
[193,407s][info][gc] GC(881) Pause Initial Mark (G1 Evacuation Pause) 123M->123M(124M) 1,984ms
[193,407s][info][gc] GC(882) Concurrent Cycle
[193,583s][info][gc] GC(883) Pause Full (Allocation Failure) 123M->123M(124M) 176,281ms
[193,758s][info][gc] GC(884) Pause Full (Allocation Failure) 123M->123M(124M) 174,537ms
[193,758s][info][gc] GC(882) Concurrent Cycle 351,225ms
[193,759s][info][gc] GC(885) Pause Young (G1 Evacuation Pause) 123M->123M(124M) 1,152ms
[193,761s][info][gc] GC(886) Pause Initial Mark (G1 Evacuation Pause) 123M->123M(124M) 1,860ms
[193,761s][info][gc] GC(887) Concurrent Cycle
[193,934s][info][gc] GC(888) Pause Full (Allocation Failure) 123M->123M(124M) 172,806ms
[194,119s][info][gc] GC(889) Pause Full (Allocation Failure) 123M->123M(124M) 184,640ms
[194,119s][info][gc] GC(887) Concurrent Cycle 357,856ms
[194,122s][info][gc] GC(890) Pause Young (G1 Evacuation Pause) 123M->123M(124M) 2,146ms
[194,124s][info][gc] GC(891) Pause Initial Mark (G1 Evacuation Pause) 123M->123M(124M) 2,168ms
[194,124s][info][gc] GC(892) Concurrent Cycle
[194,300s][info][gc] GC(893) Pause Full (Allocation Failure) 123M->123M(124M) 175,346ms
[194,474s][info][gc] GC(894) Pause Full (Allocation Failure) 123M->123M(124M) 173,797ms
[194,474s][info][gc] GC(892) Concurrent Cycle 349,552ms
[194,475s][info][gc] GC(895) Pause Young (G1 Evacuation Pause) 123M->123M(124M) 1,164ms
[194,477s][info][gc] GC(896) Pause Initial Mark (G1 Evacuation Pause) 123M->123M(124M) 1,903ms
[194,477s][info][gc] GC(897) Concurrent Cycle
[194,658s][info][gc] GC(898) Pause Full (Allocation Failure) 123M->123M(124M) 180,853ms
[194,835s][info][gc] GC(899) Pause Full (Allocation Failure) 123M->123M(124M) 176,131ms
[194,835s][info][gc] GC(897) Concurrent Cycle 357,411ms
[194,841s][info][gc] GC(900) Pause Young (G1 Evacuation Pause) 123M->123M(124M) 5,123ms
[194,843s][info][gc] GC(901) Pause Initial Mark (G1 Evacuation Pause) 123M->123M(124M) 2,272ms
[194,843s][info][gc] GC(902) Concurrent Cycle
[195,019s][info][gc] GC(903) Pause Full (Allocation Failure) 123M->123M(124M) 175,424ms
[195,190s][info][gc] GC(904) Pause Full (Allocation Failure) 123M->123M(124M) 170,706ms
[195,190s][info][gc] GC(902) Concurrent Cycle 346,537ms
[195,191s][info][gc] GC(905) Pause Young (G1 Evacuation Pause) 123M->123M(124M) 1,191ms
[195,193s][info][gc] GC(906) Pause Initial Mark (G1 Evacuation Pause) 123M->123M(124M) 1,882ms
[195,193s][info][gc] GC(907) Concurrent Cycle
[195,365s][info][gc] GC(908) Pause Full (Allocation Failure) 123M->123M(124M) 171,714ms
[195,540s][info][gc] GC(909) Pause Full (Allocation Failure) 123M->123M(124M) 174,904ms
[195,540s][info][gc] GC(907) Concurrent Cycle 347,024ms
[195,542s][info][gc] GC(910) Pause Young (G1 Evacuation Pause) 123M->123M(124M) 1,192ms
[195,544s][info][gc] GC(911) Pause Initial Mark (G1 Evacuation Pause) 123M->123M(124M) 2,311ms
[195,544s][info][gc] GC(912) Concurrent Cycle
[195,718s][info][gc] GC(913) Pause Full (Allocation Failure) 123M->123M(124M) 174,048ms
[195,891s][info][gc] GC(914) Pause Full (Allocation Failure) 123M->123M(124M) 172,937ms
[195,892s][info][gc] GC(912) Concurrent Cycle 347,417ms
[195,893s][info][gc] GC(915) Pause Young (G1 Evacuation Pause) 123M->123M(124M) 1,122ms
[195,895s][info][gc] GC(916) Pause Initial Mark (G1 Evacuation Pause) 123M->123M(124M) 1,853ms
[195,895s][info][gc] GC(917) Concurrent Cycle
[196,074s][info][gc] GC(918) Pause Full (Allocation Failure) 123M->123M(124M) 178,990ms
[196,249s][info][gc] GC(919) Pause Full (Allocation Failure) 123M->123M(124M) 175,310ms
[196,250s][info][gc] GC(917) Concurrent Cycle 354,724ms
[196,251s][info][gc] GC(920) Pause Young (G1 Evacuation Pause) 123M->123M(124M) 1,171ms
[196,253s][info][gc] GC(921) Pause Initial Mark (G1 Evacuation Pause) 123M->123M(124M) 1,989ms
[196,253s][info][gc] GC(922) Concurrent Cycle
[196,428s][info][gc] GC(923) Pause Full (Allocation Failure) 123M->123M(124M) 174,872ms
[196,600s][info][gc] GC(924) Pause Full (Allocation Failure) 123M->123M(124M) 171,518ms
[196,600s][info][gc] GC(922) Concurrent Cycle 346,842ms
[196,601s][info][gc] GC(925) Pause Young (G1 Evacuation Pause) 123M->123M(124M) 1,171ms
[196,604s][info][gc] GC(926) Pause Initial Mark (G1 Evacuation Pause) 123M->123M(124M) 1,922ms
[196,604s][info][gc] GC(927) Concurrent Cycle
[196,776s][info][gc] GC(928) Pause Full (Allocation Failure) 123M->123M(124M) 172,229ms
[196,947s][info][gc] GC(929) Pause Full (Allocation Failure) 123M->123M(124M) 170,389ms
[196,947s][info][gc] GC(927) Concurrent Cycle 343,084ms
[196,948s][info][gc] GC(930) Pause Young (G1 Evacuation Pause) 123M->123M(124M) 1,192ms
[196,950s][info][gc] GC(931) Pause Initial Mark (G1 Evacuation Pause) 123M->123M(124M) 1,936ms
[196,950s][info][gc] GC(932) Concurrent Cycle
[197,122s][info][gc] GC(933) Pause Full (Allocation Failure) 123M->123M(124M) 171,858ms
[197,294s][info][gc] GC(934) Pause Full (Allocation Failure) 123M->123M(124M) 171,287ms
[197,294s][info][gc] GC(932) Concurrent Cycle 343,567ms
[197,295s][info][gc] GC(935) Pause Young (G1 Evacuation Pause) 123M->123M(124M) 1,339ms
[197,298s][info][gc] GC(936) Pause Initial Mark (G1 Evacuation Pause) 123M->123M(124M) 1,954ms
[197,298s][info][gc] GC(937) Concurrent Cycle
[197,470s][info][gc] GC(938) Pause Full (Allocation Failure) 123M->123M(124M) 172,101ms
[197,642s][info][gc] GC(939) Pause Full (Allocation Failure) 123M->123M(124M) 172,343ms
[197,643s][info][gc] GC(937) Concurrent Cycle 344,909ms
[197,644s][info][gc] GC(940) Pause Young (G1 Evacuation Pause) 123M->123M(124M) 1,208ms
[197,646s][info][gc] GC(941) Pause Initial Mark (G1 Evacuation Pause) 123M->123M(124M) 1,960ms
[197,646s][info][gc] GC(942) Concurrent Cycle
[197,820s][info][gc] GC(943) Pause Full (Allocation Failure) 123M->123M(124M) 174,054ms
[197,992s][info][gc] GC(944) Pause Full (Allocation Failure) 123M->123M(124M) 171,798ms
[197,992s][info][gc] GC(942) Concurrent Cycle 346,298ms
[197,994s][info][gc] GC(945) Pause Young (G1 Evacuation Pause) 123M->123M(124M) 1,301ms
[197,996s][info][gc] GC(946) Pause Initial Mark (G1 Evacuation Pause) 123M->123M(124M) 1,904ms
[197,996s][info][gc] GC(947) Concurrent Cycle
[198,172s][info][gc] GC(948) Pause Full (Allocation Failure) 123M->123M(124M) 175,942ms
[198,343s][info][gc] GC(949) Pause Full (Allocation Failure) 123M->123M(124M) 170,845ms
[198,343s][info][gc] GC(947) Concurrent Cycle 347,167ms
[198,344s][info][gc] GC(950) Pause Young (G1 Evacuation Pause) 123M->123M(124M) 1,127ms
[198,346s][info][gc] GC(951) Pause Initial Mark (G1 Evacuation Pause) 123M->123M(124M) 1,889ms
[198,346s][info][gc] GC(952) Concurrent Cycle
[198,518s][info][gc] GC(953) Pause Full (Allocation Failure) 123M->123M(124M) 171,798ms
[198,689s][info][gc] GC(954) Pause Full (Allocation Failure) 123M->123M(124M) 170,880ms
[198,690s][info][gc] GC(952) Concurrent Cycle 343,110ms
[198,691s][info][gc] GC(955) Pause Young (G1 Evacuation Pause) 123M->123M(124M) 1,151ms
[198,693s][info][gc] GC(956) Pause Initial Mark (G1 Evacuation Pause) 123M->123M(124M) 1,787ms
[198,693s][info][gc] GC(957) Concurrent Cycle
[198,866s][info][gc] GC(958) Pause Full (Allocation Failure) 123M->123M(124M) 173,079ms
[199,037s][info][gc] GC(959) Pause Full (Allocation Failure) 123M->123M(124M) 170,852ms
[199,037s][info][gc] GC(957) Concurrent Cycle 344,352ms
[199,039s][info][gc] GC(960) Pause Young (G1 Evacuation Pause) 123M->123M(124M) 1,155ms
[199,041s][info][gc] GC(961) Pause Initial Mark (G1 Evacuation Pause) 123M->123M(124M) 1,835ms
[199,041s][info][gc] GC(962) Concurrent Cycle
[199,213s][info][gc] GC(963) Pause Full (Allocation Failure) 123M->123M(124M) 172,064ms
[199,384s][info][gc] GC(964) Pause Full (Allocation Failure) 123M->123M(124M) 171,146ms
[199,384s][info][gc] GC(962) Concurrent Cycle 343,631ms
[199,386s][info][gc] GC(965) Pause Young (G1 Evacuation Pause) 123M->123M(124M) 1,334ms
[199,388s][info][gc] GC(966) Pause Initial Mark (G1 Evacuation Pause) 123M->123M(124M) 1,896ms
[199,388s][info][gc] GC(967) Concurrent Cycle
[199,560s][info][gc] GC(968) Pause Full (Allocation Failure) 123M->123M(124M) 171,873ms
[199,732s][info][gc] GC(969) Pause Full (Allocation Failure) 123M->123M(124M) 172,427ms
[199,733s][info][gc] GC(967) Concurrent Cycle 344,692ms
[199,734s][info][gc] GC(970) Pause Young (G1 Evacuation Pause) 123M->123M(124M) 1,403ms
[199,736s][info][gc] GC(971) Pause Initial Mark (G1 Evacuation Pause) 123M->123M(124M) 1,898ms
[199,736s][info][gc] GC(972) Concurrent Cycle
[199,909s][info][gc] GC(973) Pause Full (Allocation Failure) 123M->123M(124M) 172,138ms
[200,082s][info][gc] GC(974) Pause Full (Allocation Failure) 123M->123M(124M) 173,167ms
[200,082s][info][gc] GC(972) Concurrent Cycle 345,719ms
[200,083s][info][gc] GC(975) Pause Young (G1 Evacuation Pause) 123M->123M(124M) 1,135ms
[200,086s][info][gc] GC(976) Pause Initial Mark (G1 Evacuation Pause) 123M->123M(124M) 2,328ms
[200,086s][info][gc] GC(977) Concurrent Cycle
[200,260s][info][gc] GC(978) Pause Full (Allocation Failure) 123M->123M(124M) 173,588ms
[200,436s][info][gc] GC(979) Pause Full (Allocation Failure) 123M->123M(124M) 176,725ms
[200,437s][info][gc] GC(977) Concurrent Cycle 350,710ms
[200,438s][info][gc] GC(980) Pause Young (G1 Evacuation Pause) 123M->123M(124M) 1,164ms
[200,440s][info][gc] GC(981) Pause Initial Mark (G1 Evacuation Pause) 123M->123M(124M) 2,044ms
[200,440s][info][gc] GC(982) Concurrent Cycle
[200,615s][info][gc] GC(983) Pause Full (Allocation Failure) 123M->123M(124M) 174,236ms
[200,793s][info][gc] GC(984) Pause Full (Allocation Failure) 123M->123M(124M) 178,235ms
[200,793s][info][gc] GC(982) Concurrent Cycle 352,880ms
[203,559s][info][gc] GC(985) Pause Young (G1 Evacuation Pause) 123M->123M(124M) 1,180ms
[203,561s][info][gc] GC(986) Pause Initial Mark (G1 Evacuation Pause) 123M->123M(124M) 1,983ms
[203,562s][info][gc] GC(987) Concurrent Cycle
[203,735s][info][gc] GC(988) Pause Full (Allocation Failure) 123M->123M(124M) 173,624ms
[203,907s][info][gc] GC(989) Pause Full (Allocation Failure) 123M->123M(124M) 171,291ms
[203,907s][info][gc] GC(987) Concurrent Cycle 345,336ms
[206,320s][info][gc] GC(990) Pause Young (G1 Evacuation Pause) 123M->123M(124M) 1,398ms
[206,323s][info][gc] GC(991) Pause Initial Mark (G1 Evacuation Pause) 123M->123M(124M) 2,347ms
[206,323s][info][gc] GC(992) Concurrent Cycle
[206,499s][info][gc] GC(993) Pause Full (Allocation Failure) 123M->123M(124M) 175,826ms
[206,673s][info][gc] GC(994) Pause Full (Allocation Failure) 123M->123M(124M) 174,728ms
[206,674s][info][gc] GC(992) Concurrent Cycle 351,002ms
[206,675s][info][gc] GC(995) Pause Young (G1 Evacuation Pause) 123M->123M(124M) 1,165ms
[206,677s][info][gc] GC(996) Pause Initial Mark (G1 Evacuation Pause) 123M->123M(124M) 1,828ms
[206,677s][info][gc] GC(997) Concurrent Cycle
[206,851s][info][gc] GC(998) Pause Full (Allocation Failure) 123M->123M(124M) 173,756ms
[207,023s][info][gc] GC(999) Pause Full (Allocation Failure) 123M->123M(124M) 172,242ms
[207,023s][info][gc] GC(997) Concurrent Cycle 346,393ms
[207,025s][info][gc] GC(1000) Pause Young (G1 Evacuation Pause) 123M->123M(124M) 1,162ms
[207,027s][info][gc] GC(1001) Pause Initial Mark (G1 Evacuation Pause) 123M->123M(124M) 1,912ms
[207,027s][info][gc] GC(1002) Concurrent Cycle
[207,207s][info][gc] GC(1003) Pause Full (Allocation Failure) 123M->123M(124M) 180,467ms
[207,386s][info][gc] GC(1004) Pause Full (Allocation Failure) 123M->123M(124M) 177,946ms
[207,386s][info][gc] GC(1002) Concurrent Cycle 358,818ms
[207,387s][info][gc] GC(1005) Pause Young (G1 Evacuation Pause) 123M->123M(124M) 1,315ms
[207,389s][info][gc] GC(1006) Pause Initial Mark (G1 Evacuation Pause) 123M->123M(124M) 1,892ms
[207,389s][info][gc] GC(1007) Concurrent Cycle
[207,566s][info][gc] GC(1008) Pause Full (Allocation Failure) 123M->123M(124M) 176,836ms
[207,747s][info][gc] GC(1009) Pause Full (Allocation Failure) 123M->123M(124M) 181,061ms
[207,748s][info][gc] GC(1007) Concurrent Cycle 358,292ms
[207,751s][info][gc] GC(1010) Pause Young (G1 Evacuation Pause) 123M->123M(124M) 2,392ms
[207,753s][info][gc] GC(1011) Pause Initial Mark (G1 Evacuation Pause) 123M->123M(124M) 2,062ms
[207,753s][info][gc] GC(1012) Concurrent Cycle
[207,934s][info][gc] GC(1013) Pause Full (Allocation Failure) 123M->123M(124M) 180,591ms
[208,114s][info][gc] GC(1014) Pause Full (Allocation Failure) 123M->123M(124M) 180,581ms
[208,115s][info][gc] GC(1012) Concurrent Cycle 361,597ms
[208,116s][info][gc] GC(1015) Pause Young (G1 Evacuation Pause) 123M->123M(124M) 1,497ms
[208,118s][info][gc] GC(1016) Pause Initial Mark (G1 Evacuation Pause) 123M->123M(124M) 2,092ms
[208,118s][info][gc] GC(1017) Concurrent Cycle
[208,293s][info][gc] GC(1018) Pause Full (Allocation Failure) 123M->123M(124M) 174,562ms
[208,467s][info][gc] GC(1019) Pause Full (Allocation Failure) 123M->123M(124M) 173,823ms
[208,467s][info][gc] GC(1017) Concurrent Cycle 348,792ms
[209,152s][info][gc] GC(1020) Pause Young (G1 Evacuation Pause) 123M->123M(124M) 1,419ms
[209,154s][info][gc] GC(1021) Pause Initial Mark (G1 Evacuation Pause) 123M->123M(124M) 1,859ms
[209,154s][info][gc] GC(1022) Concurrent Cycle
[209,333s][info][gc] GC(1023) Pause Full (Allocation Failure) 123M->123M(124M) 178,452ms
[209,515s][info][gc] GC(1024) Pause Full (Allocation Failure) 123M->123M(124M) 181,853ms
[209,515s][info][gc] GC(1022) Concurrent Cycle 360,700ms
[209,516s][info][gc] GC(1025) Pause Young (G1 Evacuation Pause) 123M->123M(124M) 1,303ms
[209,531s][info][gc] GC(1026) Pause Initial Mark (G1 Evacuation Pause) 123M->123M(124M) 15,043ms
[209,532s][info][gc] GC(1027) Concurrent Cycle
[209,709s][info][gc] GC(1028) Pause Full (Allocation Failure) 123M->123M(124M) 177,260ms
[209,887s][info][gc] GC(1029) Pause Full (Allocation Failure) 123M->123M(124M) 178,045ms
[209,887s][info][gc] GC(1027) Concurrent Cycle 355,738ms
[209,889s][info][gc] GC(1030) Pause Young (G1 Evacuation Pause) 123M->123M(124M) 1,158ms
[209,891s][info][gc] GC(1031) Pause Initial Mark (G1 Evacuation Pause) 123M->123M(124M) 1,923ms
[209,891s][info][gc] GC(1032) Concurrent Cycle
[210,067s][info][gc] GC(1033) Pause Full (Allocation Failure) 123M->123M(124M) 176,330ms
[210,242s][info][gc] GC(1034) Pause Full (Allocation Failure) 123M->123M(124M) 175,003ms
[210,243s][info][gc] GC(1032) Concurrent Cycle 351,777ms
[210,244s][info][gc] GC(1035) Pause Young (G1 Evacuation Pause) 123M->123M(124M) 1,154ms
[210,246s][info][gc] GC(1036) Pause Initial Mark (G1 Evacuation Pause) 123M->123M(124M) 1,944ms
[210,246s][info][gc] GC(1037) Concurrent Cycle
[210,420s][info][gc] GC(1038) Pause Full (Allocation Failure) 123M->123M(124M) 173,937ms
[210,593s][info][gc] GC(1039) Pause Full (Allocation Failure) 123M->123M(124M) 172,410ms
[210,593s][info][gc] GC(1037) Concurrent Cycle 346,773ms
[210,594s][info][gc] GC(1040) Pause Young (G1 Evacuation Pause) 123M->123M(124M) 1,172ms
[210,596s][info][gc] GC(1041) Pause Initial Mark (G1 Evacuation Pause) 123M->123M(124M) 1,860ms
[210,596s][info][gc] GC(1042) Concurrent Cycle
[210,774s][info][gc] GC(1043) Pause Full (Allocation Failure) 123M->123M(124M) 177,085ms
[210,947s][info][gc] GC(1044) Pause Full (Allocation Failure) 123M->123M(124M) 173,796ms
[210,948s][info][gc] GC(1042) Concurrent Cycle 351,297ms
[210,949s][info][gc] GC(1045) Pause Young (G1 Evacuation Pause) 123M->123M(124M) 1,295ms
[210,951s][info][gc] GC(1046) Pause Initial Mark (G1 Evacuation Pause) 123M->123M(124M) 2,232ms
[210,952s][info][gc] GC(1047) Concurrent Cycle
[211,127s][info][gc] GC(1048) Pause Full (Allocation Failure) 123M->123M(124M) 175,760ms
[211,301s][info][gc] GC(1049) Pause Full (Allocation Failure) 123M->123M(124M) 173,569ms
[211,301s][info][gc] GC(1047) Concurrent Cycle 349,750ms
[215,687s][info][gc] GC(1050) Pause Young (G1 Evacuation Pause) 123M->123M(124M) 1,628ms
[215,692s][info][gc] GC(1051) Pause Initial Mark (G1 Evacuation Pause) 123M->123M(124M) 4,884ms
[215,692s][info][gc] GC(1052) Concurrent Cycle
[215,882s][info][gc] GC(1053) Pause Full (Allocation Failure) 123M->123M(124M) 190,083ms
[216,064s][info][gc] GC(1054) Pause Full (Allocation Failure) 123M->123M(124M) 181,066ms
[216,064s][info][gc] GC(1052) Concurrent Cycle 371,672ms
[216,081s][info][gc] GC(1055) Pause Young (G1 Evacuation Pause) 123M->123M(124M) 1,616ms
[216,083s][info][gc] GC(1056) Pause Initial Mark (G1 Evacuation Pause) 123M->123M(124M) 2,376ms
[216,083s][info][gc] GC(1057) Concurrent Cycle
[216,262s][info][gc] GC(1058) Pause Full (Allocation Failure) 123M->123M(124M) 178,462ms
[216,438s][info][gc] GC(1059) Pause Full (Allocation Failure) 123M->123M(124M) 175,909ms
[216,438s][info][gc] GC(1057) Concurrent Cycle 354,776ms
[216,440s][info][gc] GC(1060) Pause Young (G1 Evacuation Pause) 123M->123M(124M) 1,436ms
[216,442s][info][gc] GC(1061) Pause Initial Mark (G1 Evacuation Pause) 123M->123M(124M) 2,351ms
[216,442s][info][gc] GC(1062) Concurrent Cycle
[216,620s][info][gc] GC(1063) Pause Full (Allocation Failure) 123M->123M(124M) 177,638ms
[216,794s][info][gc] GC(1064) Pause Full (Allocation Failure) 123M->123M(124M) 174,017ms
[216,794s][info][gc] GC(1062) Concurrent Cycle 352,064ms
[216,796s][info][gc] GC(1065) Pause Young (G1 Evacuation Pause) 123M->123M(124M) 1,326ms
[216,798s][info][gc] GC(1066) Pause Initial Mark (G1 Evacuation Pause) 123M->123M(124M) 1,961ms
[216,798s][info][gc] GC(1067) Concurrent Cycle
[216,972s][info][gc] GC(1068) Pause Full (Allocation Failure) 123M->123M(124M) 173,834ms
[217,148s][info][gc] GC(1069) Pause Full (Allocation Failure) 123M->123M(124M) 176,040ms
[217,148s][info][gc] GC(1067) Concurrent Cycle 350,289ms
[217,150s][info][gc] GC(1070) Pause Young (G1 Evacuation Pause) 123M->123M(124M) 1,155ms
[217,152s][info][gc] GC(1071) Pause Initial Mark (G1 Evacuation Pause) 123M->123M(124M) 2,300ms
[217,152s][info][gc] GC(1072) Concurrent Cycle
[217,332s][info][gc] GC(1073) Pause Full (Allocation Failure) 123M->123M(124M) 179,155ms
[217,503s][info][gc] GC(1074) Pause Full (Allocation Failure) 123M->123M(124M) 171,667ms
[217,504s][info][gc] GC(1072) Concurrent Cycle 351,236ms
[217,505s][info][gc] GC(1075) Pause Young (G1 Evacuation Pause) 123M->123M(124M) 1,178ms
[217,507s][info][gc] GC(1076) Pause Initial Mark (G1 Evacuation Pause) 123M->123M(124M) 1,936ms
[217,507s][info][gc] GC(1077) Concurrent Cycle
[217,681s][info][gc] GC(1078) Pause Full (Allocation Failure) 123M->123M(124M) 173,219ms
[217,862s][info][gc] GC(1079) Pause Full (Allocation Failure) 123M->123M(124M) 180,827ms
[217,862s][info][gc] GC(1077) Concurrent Cycle 354,422ms
[217,864s][info][gc] GC(1080) Pause Young (G1 Evacuation Pause) 123M->123M(124M) 1,495ms
[217,866s][info][gc] GC(1081) Pause Initial Mark (G1 Evacuation Pause) 123M->123M(124M) 2,028ms
[217,866s][info][gc] GC(1082) Concurrent Cycle
[218,049s][info][gc] GC(1083) Pause Full (Allocation Failure) 123M->123M(124M) 183,173ms
[218,228s][info][gc] GC(1084) Pause Full (Allocation Failure) 123M->123M(124M) 178,341ms
[218,228s][info][gc] GC(1082) Concurrent Cycle 361,943ms
[218,368s][info][gc] GC(1085) Pause Young (G1 Evacuation Pause) 123M->123M(124M) 1,348ms
[218,370s][info][gc] GC(1086) Pause Initial Mark (G1 Evacuation Pause) 123M->123M(124M) 1,917ms
[218,370s][info][gc] GC(1087) Concurrent Cycle
[218,543s][info][gc] GC(1088) Pause Full (Allocation Failure) 123M->123M(124M) 173,028ms
[218,718s][info][gc] GC(1089) Pause Full (Allocation Failure) 123M->123M(124M) 175,112ms
[218,718s][info][gc] GC(1087) Concurrent Cycle 348,512ms
[218,720s][info][gc] GC(1090) Pause Young (G1 Evacuation Pause) 123M->123M(124M) 1,157ms
[218,723s][info][gc] GC(1091) Pause Initial Mark (G1 Evacuation Pause) 123M->123M(124M) 3,702ms
[218,724s][info][gc] GC(1092) Concurrent Cycle
[218,900s][info][gc] GC(1093) Pause Full (Allocation Failure) 123M->123M(124M) 176,591ms
[219,074s][info][gc] GC(1094) Pause Full (Allocation Failure) 123M->123M(124M) 173,294ms
[219,074s][info][gc] GC(1092) Concurrent Cycle 350,414ms
[219,075s][info][gc] GC(1095) Pause Young (G1 Evacuation Pause) 123M->123M(124M) 1,156ms
[219,078s][info][gc] GC(1096) Pause Initial Mark (G1 Evacuation Pause) 123M->123M(124M) 2,022ms
[219,078s][info][gc] GC(1097) Concurrent Cycle
[219,251s][info][gc] GC(1098) Pause Full (Allocation Failure) 123M->123M(124M) 172,986ms
[219,425s][info][gc] GC(1099) Pause Full (Allocation Failure) 123M->123M(124M) 173,800ms
[219,425s][info][gc] GC(1097) Concurrent Cycle 347,532ms
[219,427s][info][gc] GC(1100) Pause Young (G1 Evacuation Pause) 123M->123M(124M) 1,141ms
[219,429s][info][gc] GC(1101) Pause Initial Mark (G1 Evacuation Pause) 123M->123M(124M) 1,889ms
[219,429s][info][gc] GC(1102) Concurrent Cycle
[219,602s][info][gc] GC(1103) Pause Full (Allocation Failure) 123M->123M(124M) 173,473ms
[219,776s][info][gc] GC(1104) Pause Full (Allocation Failure) 123M->123M(124M) 173,393ms
[219,776s][info][gc] GC(1102) Concurrent Cycle 347,285ms
[219,783s][info][gc] GC(1105) Pause Young (G1 Evacuation Pause) 123M->123M(124M) 1,169ms
[219,785s][info][gc] GC(1106) Pause Initial Mark (G1 Evacuation Pause) 123M->123M(124M) 1,874ms
[219,785s][info][gc] GC(1107) Concurrent Cycle
[219,961s][info][gc] GC(1108) Pause Full (Allocation Failure) 123M->123M(124M) 175,453ms
[220,136s][info][gc] GC(1109) Pause Full (Allocation Failure) 123M->123M(124M) 174,772ms
[220,136s][info][gc] GC(1107) Concurrent Cycle 350,661ms
[220,138s][info][gc] GC(1110) Pause Young (G1 Evacuation Pause) 123M->123M(124M) 1,421ms
[220,140s][info][gc] GC(1111) Pause Initial Mark (G1 Evacuation Pause) 123M->123M(124M) 1,882ms
[220,140s][info][gc] GC(1112) Concurrent Cycle
[220,314s][info][gc] GC(1113) Pause Full (Allocation Failure) 123M->123M(124M) 174,505ms
[220,486s][info][gc] GC(1114) Pause Full (Allocation Failure) 123M->123M(124M) 171,397ms
[220,486s][info][gc] GC(1112) Concurrent Cycle 346,310ms
[220,832s][info][gc] GC(1115) Pause Young (G1 Evacuation Pause) 123M->123M(124M) 1,344ms
[220,834s][info][gc] GC(1116) Pause Initial Mark (G1 Evacuation Pause) 123M->123M(124M) 2,267ms
[220,834s][info][gc] GC(1117) Concurrent Cycle
[221,009s][info][gc] GC(1118) Pause Full (Allocation Failure) 123M->123M(124M) 174,890ms
[221,180s][info][gc] GC(1119) Pause Full (Allocation Failure) 123M->123M(124M) 171,217ms
[221,181s][info][gc] GC(1117) Concurrent Cycle 346,522ms
[221,182s][info][gc] GC(1120) Pause Young (G1 Evacuation Pause) 123M->123M(124M) 1,189ms
[221,184s][info][gc] GC(1121) Pause Initial Mark (G1 Evacuation Pause) 123M->123M(124M) 1,840ms
[221,184s][info][gc] GC(1122) Concurrent Cycle
[221,357s][info][gc] GC(1123) Pause Full (Allocation Failure) 123M->123M(124M) 172,777ms
[221,528s][info][gc] GC(1124) Pause Full (Allocation Failure) 123M->123M(124M) 171,296ms
[221,528s][info][gc] GC(1122) Concurrent Cycle 344,486ms
[221,535s][info][gc] GC(1125) Pause Young (G1 Evacuation Pause) 123M->123M(124M) 1,188ms
[221,537s][info][gc] GC(1126) Pause Initial Mark (G1 Evacuation Pause) 123M->123M(124M) 1,847ms
[221,537s][info][gc] GC(1127) Concurrent Cycle
[221,710s][info][gc] GC(1128) Pause Full (Allocation Failure) 123M->123M(124M) 172,430ms
[221,881s][info][gc] GC(1129) Pause Full (Allocation Failure) 123M->123M(124M) 170,787ms
[221,881s][info][gc] GC(1127) Concurrent Cycle 343,641ms
[221,883s][info][gc] GC(1130) Pause Young (G1 Evacuation Pause) 123M->123M(124M) 1,334ms
[221,885s][info][gc] GC(1131) Pause Initial Mark (G1 Evacuation Pause) 123M->123M(124M) 2,018ms
[221,885s][info][gc] GC(1132) Concurrent Cycle
[222,063s][info][gc] GC(1133) Pause Full (Allocation Failure) 123M->123M(124M) 178,529ms
[222,237s][info][gc] GC(1134) Pause Full (Allocation Failure) 123M->123M(124M) 173,555ms
[222,237s][info][gc] GC(1132) Concurrent Cycle 352,505ms
[222,559s][info][gc] GC(1135) Pause Young (G1 Evacuation Pause) 123M->123M(124M) 1,190ms
[222,561s][info][gc] GC(1136) Pause Initial Mark (G1 Evacuation Pause) 123M->123M(124M) 1,973ms
[222,562s][info][gc] GC(1137) Concurrent Cycle
[222,734s][info][gc] GC(1138) Pause Full (Allocation Failure) 123M->123M(124M) 172,375ms
[222,905s][info][gc] GC(1139) Pause Full (Allocation Failure) 123M->123M(124M) 171,088ms
[222,905s][info][gc] GC(1137) Concurrent Cycle 343,887ms
[222,907s][info][gc] GC(1140) Pause Young (G1 Evacuation Pause) 123M->123M(124M) 1,653ms
[222,910s][info][gc] GC(1141) Pause Initial Mark (G1 Evacuation Pause) 123M->123M(124M) 2,708ms
[222,910s][info][gc] GC(1142) Concurrent Cycle
[223,086s][info][gc] GC(1143) Pause Full (Allocation Failure) 123M->123M(124M) 175,555ms
[223,257s][info][gc] GC(1144) Pause Full (Allocation Failure) 123M->123M(124M) 170,814ms
[223,257s][info][gc] GC(1142) Concurrent Cycle 346,755ms
[223,287s][info][gc] GC(1145) Pause Young (G1 Evacuation Pause) 123M->123M(124M) 1,168ms
[223,289s][info][gc] GC(1146) Pause Initial Mark (G1 Evacuation Pause) 123M->123M(124M) 1,929ms
[223,289s][info][gc] GC(1147) Concurrent Cycle
[223,462s][info][gc] GC(1148) Pause Full (Allocation Failure) 123M->123M(124M) 171,984ms
[223,633s][info][gc] GC(1149) Pause Full (Allocation Failure) 123M->123M(124M) 171,422ms
[223,633s][info][gc] GC(1147) Concurrent Cycle 343,820ms
[223,635s][info][gc] GC(1150) Pause Young (G1 Evacuation Pause) 123M->123M(124M) 1,151ms
[223,637s][info][gc] GC(1151) Pause Initial Mark (G1 Evacuation Pause) 123M->123M(124M) 1,909ms
[223,637s][info][gc] GC(1152) Concurrent Cycle
[223,811s][info][gc] GC(1153) Pause Full (Allocation Failure) 123M->123M(124M) 174,311ms
[223,982s][info][gc] GC(1154) Pause Full (Allocation Failure) 123M->123M(124M) 171,166ms
[223,983s][info][gc] GC(1152) Concurrent Cycle 345,884ms
[224,015s][info][gc] GC(1155) Pause Young (G1 Evacuation Pause) 123M->123M(124M) 1,176ms
[224,017s][info][gc] GC(1156) Pause Initial Mark (G1 Evacuation Pause) 123M->123M(124M) 1,909ms
[224,017s][info][gc] GC(1157) Concurrent Cycle
[224,192s][info][gc] GC(1158) Pause Full (Allocation Failure) 123M->123M(124M) 174,730ms
[224,363s][info][gc] GC(1159) Pause Full (Allocation Failure) 123M->123M(124M) 170,835ms
[224,363s][info][gc] GC(1157) Concurrent Cycle 346,009ms
[224,365s][info][gc] GC(1160) Pause Young (G1 Evacuation Pause) 123M->123M(124M) 1,158ms
[224,367s][info][gc] GC(1161) Pause Initial Mark (G1 Evacuation Pause) 123M->123M(124M) 1,869ms
[224,367s][info][gc] GC(1162) Concurrent Cycle
[224,545s][info][gc] GC(1163) Pause Full (Allocation Failure) 123M->123M(124M) 178,014ms
[224,722s][info][gc] GC(1164) Pause Full (Allocation Failure) 123M->123M(124M) 177,307ms
[224,723s][info][gc] GC(1162) Concurrent Cycle 355,727ms
[224,727s][info][gc] GC(1165) Pause Young (G1 Evacuation Pause) 123M->123M(124M) 1,216ms
[224,729s][info][gc] GC(1166) Pause Initial Mark (G1 Evacuation Pause) 123M->123M(124M) 1,840ms
[224,729s][info][gc] GC(1167) Concurrent Cycle
[224,903s][info][gc] GC(1168) Pause Full (Allocation Failure) 123M->123M(124M) 173,681ms
[225,076s][info][gc] GC(1169) Pause Full (Allocation Failure) 123M->123M(124M) 172,393ms
[225,076s][info][gc] GC(1167) Concurrent Cycle 346,514ms
[225,077s][info][gc] GC(1170) Pause Young (G1 Evacuation Pause) 123M->123M(124M) 1,125ms
[225,079s][info][gc] GC(1171) Pause Initial Mark (G1 Evacuation Pause) 123M->123M(124M) 1,955ms
[225,079s][info][gc] GC(1172) Concurrent Cycle
[225,252s][info][gc] GC(1173) Pause Full (Allocation Failure) 123M->123M(124M) 172,170ms
[225,424s][info][gc] GC(1174) Pause Full (Allocation Failure) 123M->123M(124M) 171,947ms
[225,424s][info][gc] GC(1172) Concurrent Cycle 344,526ms
[225,823s][info][gc] GC(1175) Pause Young (G1 Evacuation Pause) 123M->123M(124M) 1,313ms
[225,825s][info][gc] GC(1176) Pause Initial Mark (G1 Evacuation Pause) 123M->123M(124M) 1,900ms
[225,826s][info][gc] GC(1177) Concurrent Cycle
[225,998s][info][gc] GC(1178) Pause Full (Allocation Failure) 123M->123M(124M) 172,476ms
[226,175s][info][gc] GC(1179) Pause Full (Allocation Failure) 123M->123M(124M) 176,714ms
[226,175s][info][gc] GC(1177) Concurrent Cycle 349,589ms
[226,177s][info][gc] GC(1180) Pause Young (G1 Evacuation Pause) 123M->123M(124M) 1,144ms
[226,179s][info][gc] GC(1181) Pause Initial Mark (G1 Evacuation Pause) 123M->123M(124M) 1,903ms
[226,179s][info][gc] GC(1182) Concurrent Cycle
[226,355s][info][gc] GC(1183) Pause Full (Allocation Failure) 123M->123M(124M) 176,150ms
[226,526s][info][gc] GC(1184) Pause Full (Allocation Failure) 123M->123M(124M) 171,373ms
[226,527s][info][gc] GC(1182) Concurrent Cycle 347,937ms
[226,535s][info][gc] GC(1185) Pause Young (G1 Evacuation Pause) 123M->123M(124M) 1,173ms
[226,537s][info][gc] GC(1186) Pause Initial Mark (G1 Evacuation Pause) 123M->123M(124M) 1,944ms
[226,537s][info][gc] GC(1187) Concurrent Cycle
[226,709s][info][gc] GC(1188) Pause Full (Allocation Failure) 123M->123M(124M) 171,880ms
[226,881s][info][gc] GC(1189) Pause Full (Allocation Failure) 123M->123M(124M) 171,299ms
[226,881s][info][gc] GC(1187) Concurrent Cycle 343,589ms
[226,882s][info][gc] GC(1190) Pause Young (G1 Evacuation Pause) 123M->123M(124M) 1,170ms
[226,884s][info][gc] GC(1191) Pause Initial Mark (G1 Evacuation Pause) 123M->123M(124M) 1,864ms
[226,884s][info][gc] GC(1192) Concurrent Cycle
[227,058s][info][gc] GC(1193) Pause Full (Allocation Failure) 123M->123M(124M) 173,451ms
[227,229s][info][gc] GC(1194) Pause Full (Allocation Failure) 123M->123M(124M) 170,730ms
[227,229s][info][gc] GC(1192) Concurrent Cycle 344,584ms
[227,303s][info][gc] GC(1195) Pause Young (G1 Evacuation Pause) 123M->123M(124M) 1,314ms
[227,305s][info][gc] GC(1196) Pause Initial Mark (G1 Evacuation Pause) 123M->123M(124M) 1,830ms
[227,305s][info][gc] GC(1197) Concurrent Cycle
[227,478s][info][gc] GC(1198) Pause Full (Allocation Failure) 123M->123M(124M) 172,123ms
[227,649s][info][gc] GC(1199) Pause Full (Allocation Failure) 123M->123M(124M) 170,733ms
[227,649s][info][gc] GC(1197) Concurrent Cycle 343,270ms
[227,650s][info][gc] GC(1200) Pause Young (G1 Evacuation Pause) 123M->123M(124M) 1,372ms
[227,652s][info][gc] GC(1201) Pause Initial Mark (G1 Evacuation Pause) 123M->123M(124M) 1,894ms
[227,652s][info][gc] GC(1202) Concurrent Cycle
[227,827s][info][gc] GC(1203) Pause Full (Allocation Failure) 123M->123M(124M) 174,166ms
[227,998s][info][gc] GC(1204) Pause Full (Allocation Failure) 123M->123M(124M) 170,888ms
[227,998s][info][gc] GC(1202) Concurrent Cycle 345,461ms
[230,383s][info][gc] GC(1205) Pause Young (G1 Evacuation Pause) 123M->123M(124M) 1,193ms
[230,385s][info][gc] GC(1206) Pause Initial Mark (G1 Evacuation Pause) 123M->123M(124M) 2,046ms
[230,386s][info][gc] GC(1207) Concurrent Cycle
[230,564s][info][gc] GC(1208) Pause Full (Allocation Failure) 123M->123M(124M) 178,343ms
[230,738s][info][gc] GC(1209) Pause Full (Allocation Failure) 123M->123M(124M) 173,988ms
[230,738s][info][gc] GC(1207) Concurrent Cycle 352,762ms
[230,740s][info][gc] GC(1210) Pause Young (G1 Evacuation Pause) 123M->123M(124M) 1,134ms
[230,742s][info][gc] GC(1211) Pause Initial Mark (G1 Evacuation Pause) 123M->123M(124M) 1,924ms
[230,742s][info][gc] GC(1212) Concurrent Cycle
[230,918s][info][gc] GC(1213) Pause Full (Allocation Failure) 123M->123M(124M) 175,966ms
[231,090s][info][gc] GC(1214) Pause Full (Allocation Failure) 123M->123M(124M) 171,568ms
[231,090s][info][gc] GC(1212) Concurrent Cycle 348,329ms
[231,092s][info][gc] GC(1215) Pause Young (G1 Evacuation Pause) 123M->123M(124M) 1,333ms
[231,094s][info][gc] GC(1216) Pause Initial Mark (G1 Evacuation Pause) 123M->123M(124M) 1,955ms
[231,094s][info][gc] GC(1217) Concurrent Cycle
[231,269s][info][gc] GC(1218) Pause Full (Allocation Failure) 123M->123M(124M) 174,243ms
[231,447s][info][gc] GC(1219) Pause Full (Allocation Failure) 123M->123M(124M) 178,401ms
[231,447s][info][gc] GC(1217) Concurrent Cycle 353,347ms
[231,451s][info][gc] GC(1220) Pause Young (G1 Evacuation Pause) 123M->123M(124M) 3,510ms
[231,453s][info][gc] GC(1221) Pause Initial Mark (G1 Evacuation Pause) 123M->123M(124M) 1,940ms
[231,453s][info][gc] GC(1222) Concurrent Cycle
[231,630s][info][gc] GC(1223) Pause Full (Allocation Failure) 123M->123M(124M) 176,441ms
[231,801s][info][gc] GC(1224) Pause Full (Allocation Failure) 123M->123M(124M) 171,068ms
[231,801s][info][gc] GC(1222) Concurrent Cycle 347,912ms
[233,767s][info][gc] GC(1225) Pause Young (G1 Evacuation Pause) 123M->123M(124M) 1,270ms
[233,770s][info][gc] GC(1226) Pause Initial Mark (G1 Evacuation Pause) 123M->123M(124M) 2,677ms
[233,770s][info][gc] GC(1227) Concurrent Cycle
[233,952s][info][gc] GC(1228) Pause Full (Allocation Failure) 123M->123M(124M) 181,400ms
[234,129s][info][gc] GC(1229) Pause Full (Allocation Failure) 123M->123M(124M) 177,656ms
[234,130s][info][gc] GC(1227) Concurrent Cycle 359,494ms
[234,131s][info][gc] GC(1230) Pause Young (G1 Evacuation Pause) 123M->123M(124M) 1,150ms
[234,133s][info][gc] GC(1231) Pause Initial Mark (G1 Evacuation Pause) 123M->123M(124M) 1,930ms
[234,133s][info][gc] GC(1232) Concurrent Cycle
[234,314s][info][gc] GC(1233) Pause Full (Allocation Failure) 123M->123M(124M) 181,137ms
[234,491s][info][gc] GC(1234) Pause Full (Allocation Failure) 123M->123M(124M) 176,336ms
[234,491s][info][gc] GC(1232) Concurrent Cycle 357,882ms
[234,493s][info][gc] GC(1235) Pause Young (G1 Evacuation Pause) 123M->123M(124M) 1,345ms
[234,495s][info][gc] GC(1236) Pause Initial Mark (G1 Evacuation Pause) 123M->123M(124M) 2,274ms
[234,495s][info][gc] GC(1237) Concurrent Cycle
[234,673s][info][gc] GC(1238) Pause Full (Allocation Failure) 123M->123M(124M) 177,725ms
[234,852s][info][gc] GC(1239) Pause Full (Allocation Failure) 123M->123M(124M) 178,654ms
[234,852s][info][gc] GC(1237) Concurrent Cycle 356,808ms
[234,855s][info][gc] GC(1240) Pause Young (G1 Evacuation Pause) 123M->123M(124M) 2,624ms
[234,857s][info][gc] GC(1241) Pause Initial Mark (G1 Evacuation Pause) 123M->123M(124M) 2,355ms
[234,857s][info][gc] GC(1242) Concurrent Cycle
[235,038s][info][gc] GC(1243) Pause Full (Allocation Failure) 123M->123M(124M) 180,673ms
[235,211s][info][gc] GC(1244) Pause Full (Allocation Failure) 123M->123M(124M) 172,894ms
[235,211s][info][gc] GC(1242) Concurrent Cycle 353,962ms
[235,213s][info][gc] GC(1245) Pause Young (G1 Evacuation Pause) 123M->123M(124M) 1,161ms
[235,215s][info][gc] GC(1246) Pause Initial Mark (G1 Evacuation Pause) 123M->123M(124M) 2,169ms
[235,215s][info][gc] GC(1247) Concurrent Cycle
[235,394s][info][gc] GC(1248) Pause Full (Allocation Failure) 123M->123M(124M) 179,031ms
[235,568s][info][gc] GC(1249) Pause Full (Allocation Failure) 123M->123M(124M) 173,278ms
[235,568s][info][gc] GC(1247) Concurrent Cycle 352,771ms
[235,569s][info][gc] GC(1250) Pause Young (G1 Evacuation Pause) 123M->123M(124M) 1,165ms
[235,571s][info][gc] GC(1251) Pause Initial Mark (G1 Evacuation Pause) 123M->123M(124M) 1,877ms
[235,571s][info][gc] GC(1252) Concurrent Cycle
[235,753s][info][gc] GC(1253) Pause Full (Allocation Failure) 123M->123M(124M) 181,259ms
[235,934s][info][gc] GC(1254) Pause Full (Allocation Failure) 123M->123M(124M) 181,490ms
[235,935s][info][gc] GC(1252) Concurrent Cycle 363,164ms
[235,936s][info][gc] GC(1255) Pause Young (G1 Evacuation Pause) 123M->123M(124M) 1,155ms
[235,938s][info][gc] GC(1256) Pause Initial Mark (G1 Evacuation Pause) 123M->123M(124M) 1,942ms
[235,938s][info][gc] GC(1257) Concurrent Cycle
[236,119s][info][gc] GC(1258) Pause Full (Allocation Failure) 123M->123M(124M) 180,958ms
[236,298s][info][gc] GC(1259) Pause Full (Allocation Failure) 123M->123M(124M) 178,788ms
[236,298s][info][gc] GC(1257) Concurrent Cycle 360,146ms
[236,300s][info][gc] GC(1260) Pause Young (G1 Evacuation Pause) 123M->123M(124M) 1,443ms
[236,302s][info][gc] GC(1261) Pause Initial Mark (G1 Evacuation Pause) 123M->123M(124M) 2,308ms
[236,303s][info][gc] GC(1262) Concurrent Cycle
[236,481s][info][gc] GC(1263) Pause Full (Allocation Failure) 123M->123M(124M) 178,033ms
[236,653s][info][gc] GC(1264) Pause Full (Allocation Failure) 123M->123M(124M) 172,555ms
[236,654s][info][gc] GC(1262) Concurrent Cycle 351,027ms
[236,655s][info][gc] GC(1265) Pause Young (G1 Evacuation Pause) 123M->123M(124M) 1,175ms
[236,657s][info][gc] GC(1266) Pause Initial Mark (G1 Evacuation Pause) 123M->123M(124M) 1,908ms
[236,657s][info][gc] GC(1267) Concurrent Cycle
[236,830s][info][gc] GC(1268) Pause Full (Allocation Failure) 123M->123M(124M) 172,601ms
[237,008s][info][gc] GC(1269) Pause Full (Allocation Failure) 123M->123M(124M) 178,349ms
[237,008s][info][gc] GC(1267) Concurrent Cycle 351,353ms
[237,010s][info][gc] GC(1270) Pause Young (G1 Evacuation Pause) 123M->123M(124M) 1,188ms
[237,012s][info][gc] GC(1271) Pause Initial Mark (G1 Evacuation Pause) 123M->123M(124M) 1,835ms
[237,012s][info][gc] GC(1272) Concurrent Cycle
[237,189s][info][gc] GC(1273) Pause Full (Allocation Failure) 123M->123M(124M) 177,422ms
[237,367s][info][gc] GC(1274) Pause Full (Allocation Failure) 123M->123M(124M) 177,901ms
[237,368s][info][gc] GC(1272) Concurrent Cycle 355,734ms
[237,369s][info][gc] GC(1275) Pause Young (G1 Evacuation Pause) 123M->123M(124M) 1,171ms
[237,371s][info][gc] GC(1276) Pause Initial Mark (G1 Evacuation Pause) 123M->123M(124M) 1,922ms
[237,371s][info][gc] GC(1277) Concurrent Cycle
[237,551s][info][gc] GC(1278) Pause Full (Allocation Failure) 123M->123M(124M) 179,304ms
[237,727s][info][gc] GC(1279) Pause Full (Allocation Failure) 123M->123M(124M) 175,691ms
[237,727s][info][gc] GC(1277) Concurrent Cycle 355,354ms
[237,728s][info][gc] GC(1280) Pause Young (G1 Evacuation Pause) 123M->123M(124M) 1,166ms
[237,731s][info][gc] GC(1281) Pause Initial Mark (G1 Evacuation Pause) 123M->123M(124M) 2,326ms
[237,731s][info][gc] GC(1282) Concurrent Cycle
[237,906s][info][gc] GC(1283) Pause Full (Allocation Failure) 123M->123M(124M) 174,946ms
[238,081s][info][gc] GC(1284) Pause Full (Allocation Failure) 123M->123M(124M) 175,188ms
[238,081s][info][gc] GC(1282) Concurrent Cycle 350,515ms
[238,082s][info][gc] GC(1285) Pause Young (G1 Evacuation Pause) 123M->123M(124M) 1,173ms
[238,085s][info][gc] GC(1286) Pause Initial Mark (G1 Evacuation Pause) 123M->123M(124M) 1,931ms
[238,085s][info][gc] GC(1287) Concurrent Cycle
[238,258s][info][gc] GC(1288) Pause Full (Allocation Failure) 123M->123M(124M) 173,038ms
[238,432s][info][gc] GC(1289) Pause Full (Allocation Failure) 123M->123M(124M) 174,080ms
[238,432s][info][gc] GC(1287) Concurrent Cycle 347,528ms
[238,433s][info][gc] GC(1290) Pause Young (G1 Evacuation Pause) 123M->123M(124M) 1,169ms
[238,436s][info][gc] GC(1291) Pause Initial Mark (G1 Evacuation Pause) 123M->123M(124M) 1,874ms
[238,436s][info][gc] GC(1292) Concurrent Cycle
[238,611s][info][gc] GC(1293) Pause Full (Allocation Failure) 123M->123M(124M) 174,901ms
[238,782s][info][gc] GC(1294) Pause Full (Allocation Failure) 123M->123M(124M) 171,655ms
[238,783s][info][gc] GC(1292) Concurrent Cycle 346,973ms
[238,784s][info][gc] GC(1295) Pause Young (G1 Evacuation Pause) 123M->123M(124M) 1,307ms
[238,786s][info][gc] GC(1296) Pause Initial Mark (G1 Evacuation Pause) 123M->123M(124M) 1,953ms
[238,786s][info][gc] GC(1297) Concurrent Cycle
[238,958s][info][gc] GC(1298) Pause Full (Allocation Failure) 123M->123M(124M) 171,860ms
[239,131s][info][gc] GC(1299) Pause Full (Allocation Failure) 123M->123M(124M) 172,154ms
[239,131s][info][gc] GC(1297) Concurrent Cycle 344,437ms
[239,132s][info][gc] GC(1300) Pause Young (G1 Evacuation Pause) 123M->123M(124M) 1,150ms
[239,134s][info][gc] GC(1301) Pause Initial Mark (G1 Evacuation Pause) 123M->123M(124M) 1,930ms
[239,134s][info][gc] GC(1302) Concurrent Cycle
[239,307s][info][gc] GC(1303) Pause Full (Allocation Failure) 123M->123M(124M) 172,278ms
[239,481s][info][gc] GC(1304) Pause Full (Allocation Failure) 123M->123M(124M) 174,500ms
[239,481s][info][gc] GC(1302) Concurrent Cycle 347,204ms
[239,483s][info][gc] GC(1305) Pause Young (G1 Evacuation Pause) 123M->123M(124M) 1,149ms
[239,485s][info][gc] GC(1306) Pause Initial Mark (G1 Evacuation Pause) 123M->123M(124M) 1,820ms
[239,485s][info][gc] GC(1307) Concurrent Cycle
[239,663s][info][gc] GC(1308) Pause Full (Allocation Failure) 123M->123M(124M) 177,795ms
[239,838s][info][gc] GC(1309) Pause Full (Allocation Failure) 123M->123M(124M) 174,725ms
[239,838s][info][gc] GC(1307) Concurrent Cycle 352,947ms
[239,839s][info][gc] GC(1310) Pause Young (G1 Evacuation Pause) 123M->123M(124M) 1,170ms
[239,841s][info][gc] GC(1311) Pause Initial Mark (G1 Evacuation Pause) 123M->123M(124M) 1,863ms
[239,841s][info][gc] GC(1312) Concurrent Cycle
[240,015s][info][gc] GC(1313) Pause Full (Allocation Failure) 123M->123M(124M) 173,692ms
[240,192s][info][gc] GC(1314) Pause Full (Allocation Failure) 123M->123M(124M) 177,106ms
[240,193s][info][gc] GC(1312) Concurrent Cycle 351,208ms
[240,194s][info][gc] GC(1315) Pause Young (G1 Evacuation Pause) 123M->123M(124M) 1,485ms
[240,197s][info][gc] GC(1316) Pause Initial Mark (G1 Evacuation Pause) 123M->123M(124M) 2,144ms
[240,197s][info][gc] GC(1317) Concurrent Cycle
[240,376s][info][gc] GC(1318) Pause Full (Allocation Failure) 123M->123M(124M) 178,912ms
[240,554s][info][gc] GC(1319) Pause Full (Allocation Failure) 123M->123M(124M) 178,412ms
[240,554s][info][gc] GC(1317) Concurrent Cycle 357,752ms
[240,556s][info][gc] GC(1320) Pause Young (G1 Evacuation Pause) 123M->123M(124M) 1,137ms
[240,558s][info][gc] GC(1321) Pause Initial Mark (G1 Evacuation Pause) 123M->123M(124M) 2,030ms
[240,558s][info][gc] GC(1322) Concurrent Cycle
[240,736s][info][gc] GC(1323) Pause Full (Allocation Failure) 123M->123M(124M) 177,865ms
[240,910s][info][gc] GC(1324) Pause Full (Allocation Failure) 123M->123M(124M) 174,151ms
[240,910s][info][gc] GC(1322) Concurrent Cycle 352,435ms
[240,912s][info][gc] GC(1325) Pause Young (G1 Evacuation Pause) 123M->123M(124M) 1,334ms
[240,914s][info][gc] GC(1326) Pause Initial Mark (G1 Evacuation Pause) 123M->123M(124M) 1,960ms
[240,914s][info][gc] GC(1327) Concurrent Cycle
[241,095s][info][gc] GC(1328) Pause Full (Allocation Failure) 123M->123M(124M) 181,030ms
[241,271s][info][gc] GC(1329) Pause Full (Allocation Failure) 123M->123M(124M) 176,048ms
[241,272s][info][gc] GC(1327) Concurrent Cycle 357,513ms
[241,273s][info][gc] GC(1330) Pause Young (G1 Evacuation Pause) 123M->123M(124M) 1,149ms
[241,275s][info][gc] GC(1331) Pause Initial Mark (G1 Evacuation Pause) 123M->123M(124M) 1,968ms
[241,275s][info][gc] GC(1332) Concurrent Cycle
[241,447s][info][gc] GC(1333) Pause Full (Allocation Failure) 123M->123M(124M) 171,855ms
[241,618s][info][gc] GC(1334) Pause Full (Allocation Failure) 123M->123M(124M) 170,663ms
[241,618s][info][gc] GC(1332) Concurrent Cycle 342,890ms
[241,620s][info][gc] GC(1335) Pause Young (G1 Evacuation Pause) 123M->123M(124M) 1,325ms
[241,622s][info][gc] GC(1336) Pause Initial Mark (G1 Evacuation Pause) 123M->123M(124M) 1,900ms
[241,622s][info][gc] GC(1337) Concurrent Cycle
[241,798s][info][gc] GC(1338) Pause Full (Allocation Failure) 123M->123M(124M) 176,325ms
[241,979s][info][gc] GC(1339) Pause Full (Allocation Failure) 123M->123M(124M) 181,062ms
[241,979s][info][gc] GC(1337) Concurrent Cycle 357,799ms
[241,981s][info][gc] GC(1340) Pause Young (G1 Evacuation Pause) 123M->123M(124M) 1,154ms
[241,983s][info][gc] GC(1341) Pause Initial Mark (G1 Evacuation Pause) 123M->123M(124M) 1,922ms
[241,983s][info][gc] GC(1342) Concurrent Cycle
[242,155s][info][gc] GC(1343) Pause Full (Allocation Failure) 123M->123M(124M) 172,028ms
[242,330s][info][gc] GC(1344) Pause Full (Allocation Failure) 123M->123M(124M) 175,216ms
[242,331s][info][gc] GC(1342) Concurrent Cycle 347,648ms
[242,333s][info][gc] GC(1345) Pause Young (G1 Evacuation Pause) 123M->123M(124M) 2,397ms
[242,336s][info][gc] GC(1346) Pause Initial Mark (G1 Evacuation Pause) 123M->123M(124M) 2,183ms
[242,336s][info][gc] GC(1347) Concurrent Cycle
[242,514s][info][gc] GC(1348) Pause Full (Allocation Failure) 123M->123M(124M) 178,112ms
[242,689s][info][gc] GC(1349) Pause Full (Allocation Failure) 123M->123M(124M) 174,489ms
[242,689s][info][gc] GC(1347) Concurrent Cycle 353,021ms
[242,690s][info][gc] GC(1350) Pause Young (G1 Evacuation Pause) 123M->123M(124M) 1,194ms
[242,692s][info][gc] GC(1351) Pause Initial Mark (G1 Evacuation Pause) 123M->123M(124M) 1,860ms
[242,692s][info][gc] GC(1352) Concurrent Cycle
[242,871s][info][gc] GC(1353) Pause Full (Allocation Failure) 123M->123M(124M) 178,960ms
[243,043s][info][gc] GC(1354) Pause Full (Allocation Failure) 123M->123M(124M) 171,809ms
[243,043s][info][gc] GC(1352) Concurrent Cycle 351,184ms
[243,045s][info][gc] GC(1355) Pause Young (G1 Evacuation Pause) 123M->123M(124M) 1,159ms
[243,047s][info][gc] GC(1356) Pause Initial Mark (G1 Evacuation Pause) 123M->123M(124M) 1,901ms
[243,047s][info][gc] GC(1357) Concurrent Cycle
[243,219s][info][gc] GC(1358) Pause Full (Allocation Failure) 123M->123M(124M) 171,808ms
[243,398s][info][gc] GC(1359) Pause Full (Allocation Failure) 123M->123M(124M) 178,900ms
[243,398s][info][gc] GC(1357) Concurrent Cycle 351,090ms
[243,400s][info][gc] GC(1360) Pause Young (G1 Evacuation Pause) 123M->123M(124M) 2,221ms
[243,402s][info][gc] GC(1361) Pause Initial Mark (G1 Evacuation Pause) 123M->123M(124M) 1,939ms
[243,403s][info][gc] GC(1362) Concurrent Cycle
[243,582s][info][gc] GC(1363) Pause Full (Allocation Failure) 123M->123M(124M) 178,889ms
[243,753s][info][gc] GC(1364) Pause Full (Allocation Failure) 123M->123M(124M) 171,472ms
[243,753s][info][gc] GC(1362) Concurrent Cycle 350,766ms
[243,765s][info][gc] GC(1365) Pause Young (G1 Evacuation Pause) 123M->123M(124M) 10,698ms
[243,767s][info][gc] GC(1366) Pause Initial Mark (G1 Evacuation Pause) 123M->123M(124M) 1,994ms
[243,767s][info][gc] GC(1367) Concurrent Cycle
[243,943s][info][gc] GC(1368) Pause Full (Allocation Failure) 123M->123M(124M) 175,723ms
[244,115s][info][gc] GC(1369) Pause Full (Allocation Failure) 123M->123M(124M) 171,963ms
[244,115s][info][gc] GC(1367) Concurrent Cycle 348,089ms
[244,116s][info][gc] GC(1370) Pause Young (G1 Evacuation Pause) 123M->123M(124M) 1,137ms
[244,118s][info][gc] GC(1371) Pause Initial Mark (G1 Evacuation Pause) 123M->123M(124M) 1,886ms
[244,118s][info][gc] GC(1372) Concurrent Cycle
[244,291s][info][gc] GC(1373) Pause Full (Allocation Failure) 123M->123M(124M) 172,843ms
[244,463s][info][gc] GC(1374) Pause Full (Allocation Failure) 123M->123M(124M) 171,388ms
[244,463s][info][gc] GC(1372) Concurrent Cycle 344,651ms
[244,464s][info][gc] GC(1375) Pause Young (G1 Evacuation Pause) 123M->123M(124M) 1,148ms
[244,467s][info][gc] GC(1376) Pause Initial Mark (G1 Evacuation Pause) 123M->123M(124M) 1,917ms
[244,467s][info][gc] GC(1377) Concurrent Cycle
[244,639s][info][gc] GC(1378) Pause Full (Allocation Failure) 123M->123M(124M) 171,931ms
[244,811s][info][gc] GC(1379) Pause Full (Allocation Failure) 123M->123M(124M) 172,135ms
[244,811s][info][gc] GC(1377) Concurrent Cycle 344,477ms
[244,812s][info][gc] GC(1380) Pause Young (G1 Evacuation Pause) 123M->123M(124M) 1,128ms
[244,815s][info][gc] GC(1381) Pause Initial Mark (G1 Evacuation Pause) 123M->123M(124M) 1,919ms
[244,815s][info][gc] GC(1382) Concurrent Cycle
[244,987s][info][gc] GC(1383) Pause Full (Allocation Failure) 123M->123M(124M) 171,981ms
[245,163s][info][gc] GC(1384) Pause Full (Allocation Failure) 123M->123M(124M) 176,495ms
[245,164s][info][gc] GC(1382) Concurrent Cycle 348,942ms
[245,165s][info][gc] GC(1385) Pause Young (G1 Evacuation Pause) 123M->123M(124M) 1,176ms
[245,167s][info][gc] GC(1386) Pause Initial Mark (G1 Evacuation Pause) 123M->123M(124M) 1,888ms
[245,167s][info][gc] GC(1387) Concurrent Cycle
[245,340s][info][gc] GC(1388) Pause Full (Allocation Failure) 123M->123M(124M) 172,302ms
[245,510s][info][gc] GC(1389) Pause Full (Allocation Failure) 123M->123M(124M) 170,803ms
[245,511s][info][gc] GC(1387) Concurrent Cycle 343,563ms
[245,512s][info][gc] GC(1390) Pause Young (G1 Evacuation Pause) 123M->123M(124M) 1,139ms
[245,514s][info][gc] GC(1391) Pause Initial Mark (G1 Evacuation Pause) 123M->123M(124M) 1,881ms
[245,514s][info][gc] GC(1392) Concurrent Cycle
[245,687s][info][gc] GC(1393) Pause Full (Allocation Failure) 123M->123M(124M) 172,518ms
[245,859s][info][gc] GC(1394) Pause Full (Allocation Failure) 123M->123M(124M) 171,794ms
[245,859s][info][gc] GC(1392) Concurrent Cycle 344,773ms
[245,860s][info][gc] GC(1395) Pause Young (G1 Evacuation Pause) 123M->123M(124M) 1,215ms
[245,862s][info][gc] GC(1396) Pause Initial Mark (G1 Evacuation Pause) 123M->123M(124M) 1,873ms
[245,862s][info][gc] GC(1397) Concurrent Cycle
[246,035s][info][gc] GC(1398) Pause Full (Allocation Failure) 123M->123M(124M) 172,280ms
[246,206s][info][gc] GC(1399) Pause Full (Allocation Failure) 123M->123M(124M) 170,552ms
[246,206s][info][gc] GC(1397) Concurrent Cycle 343,291ms
[246,207s][info][gc] GC(1400) Pause Young (G1 Evacuation Pause) 123M->123M(124M) 1,128ms
[246,209s][info][gc] GC(1401) Pause Initial Mark (G1 Evacuation Pause) 123M->123M(124M) 1,919ms
[246,209s][info][gc] GC(1402) Concurrent Cycle
[246,384s][info][gc] GC(1403) Pause Full (Allocation Failure) 123M->123M(124M) 174,929ms
[246,557s][info][gc] GC(1404) Pause Full (Allocation Failure) 123M->123M(124M) 172,319ms
[246,557s][info][gc] GC(1402) Concurrent Cycle 347,695ms
[246,558s][info][gc] GC(1405) Pause Young (G1 Evacuation Pause) 123M->123M(124M) 1,171ms
[246,560s][info][gc] GC(1406) Pause Initial Mark (G1 Evacuation Pause) 123M->123M(124M) 1,948ms
[246,560s][info][gc] GC(1407) Concurrent Cycle
[246,734s][info][gc] GC(1408) Pause Full (Allocation Failure) 123M->123M(124M) 173,084ms
[246,905s][info][gc] GC(1409) Pause Full (Allocation Failure) 123M->123M(124M) 171,016ms
[246,905s][info][gc] GC(1407) Concurrent Cycle 344,546ms
[246,906s][info][gc] GC(1410) Pause Young (G1 Evacuation Pause) 123M->123M(124M) 1,163ms
[246,908s][info][gc] GC(1411) Pause Initial Mark (G1 Evacuation Pause) 123M->123M(124M) 1,902ms
[246,908s][info][gc] GC(1412) Concurrent Cycle
[247,081s][info][gc] GC(1413) Pause Full (Allocation Failure) 123M->123M(124M) 172,926ms
[247,253s][info][gc] GC(1414) Pause Full (Allocation Failure) 123M->123M(124M) 171,628ms
[247,253s][info][gc] GC(1412) Concurrent Cycle 345,008ms
[247,255s][info][gc] GC(1415) Pause Young (G1 Evacuation Pause) 123M->123M(124M) 1,312ms
[247,257s][info][gc] GC(1416) Pause Initial Mark (G1 Evacuation Pause) 123M->123M(124M) 1,819ms
[247,257s][info][gc] GC(1417) Concurrent Cycle
[247,430s][info][gc] GC(1418) Pause Full (Allocation Failure) 123M->123M(124M) 173,281ms
[247,602s][info][gc] GC(1419) Pause Full (Allocation Failure) 123M->123M(124M) 171,307ms
[247,602s][info][gc] GC(1417) Concurrent Cycle 345,037ms
[247,603s][info][gc] GC(1420) Pause Young (G1 Evacuation Pause) 123M->123M(124M) 1,144ms
[247,605s][info][gc] GC(1421) Pause Initial Mark (G1 Evacuation Pause) 123M->123M(124M) 1,917ms
[247,606s][info][gc] GC(1422) Concurrent Cycle
[247,778s][info][gc] GC(1423) Pause Full (Allocation Failure) 123M->123M(124M) 171,906ms
[247,948s][info][gc] GC(1424) Pause Full (Allocation Failure) 123M->123M(124M) 170,785ms
[247,949s][info][gc] GC(1422) Concurrent Cycle 343,133ms
[252,405s][info][gc] GC(1425) Pause Young (G1 Evacuation Pause) 123M->123M(124M) 1,508ms
[252,409s][info][gc] GC(1426) Pause Initial Mark (G1 Evacuation Pause) 123M->123M(124M) 3,730ms
[252,592s][info][gc] GC(1427) Concurrent Cycle
[252,772s][info][gc] GC(1428) Pause Full (Allocation Failure) 123M->123M(124M) 179,632ms
[252,946s][info][gc] GC(1429) Pause Full (Allocation Failure) 123M->123M(124M) 173,932ms
[252,946s][info][gc] GC(1427) Concurrent Cycle 354,051ms
