[0.014s][info][gc] Using G1
[1,059s][info][gc] GC(0) Pause Young (G1 Evacuation Pause) 14M->3M(256M) 9,645ms
[2,390s][info][gc] GC(1) Pause Initial Mark (Metadata GC Threshold) 58M->52M(256M) 16,079ms
[2,390s][info][gc] GC(2) Concurrent Cycle
[2,408s][info][gc] GC(2) Pause Remark 52M->52M(256M) 5,813ms
[2,411s][info][gc] GC(2) Pause Cleanup 52M->52M(256M) 0,346ms
[2,414s][info][gc] GC(2) Concurrent Cycle 24,384ms
[7,000s][info][gc] GC(3) Pause Initial Mark (G1 Humongous Allocation) 105M->55M(256M) 7,002ms
[7,000s][info][gc] GC(4) Concurrent Cycle
[7,035s][info][gc] GC(4) Pause Remark 99M->99M(256M) 7,921ms
[7,038s][info][gc] GC(4) Pause Cleanup 99M->99M(256M) 0,346ms
[7,041s][info][gc] GC(4) Concurrent Cycle 41,805ms
[7,936s][info][gc] GC(5) Pause Initial Mark (G1 Humongous Allocation) 105M->100M(256M) 10,332ms
[7,936s][info][gc] GC(6) Concurrent Cycle
[7,997s][info][gc] GC(6) Pause Remark 144M->144M(256M) 13,009ms
[8,001s][info][gc] GC(6) Pause Cleanup 144M->144M(256M) 0,485ms
[8,003s][info][gc] GC(6) Concurrent Cycle 67,418ms
[14,800s][info][gc] GC(7) Pause Initial Mark (G1 Humongous Allocation) 150M->100M(256M) 11,875ms
[14,802s][info][gc] GC(8) Concurrent Cycle
[14,839s][info][gc] GC(8) Pause Remark 145M->145M(256M) 10,576ms
[14,843s][info][gc] GC(8) Pause Cleanup 145M->145M(256M) 0,345ms
[14,845s][info][gc] GC(8) Concurrent Cycle 42,291ms
[15,426s][info][gc] GC(9) Pause Initial Mark (G1 Humongous Allocation) 147M->145M(256M) 14,000ms
[15,426s][info][gc] GC(10) Concurrent Cycle
[15,489s][info][gc] GC(10) Pause Remark 189M->189M(256M) 15,966ms
[15,493s][info][gc] GC(10) Pause Cleanup 189M->189M(256M) 0,330ms
[15,495s][info][gc] GC(10) Concurrent Cycle 68,868ms
[23,953s][info][gc] GC(11) Pause Young (G1 Evacuation Pause) 222M->111M(256M) 26,807ms
[43,903s][info][gc] GC(12) Pause Young (G1 Evacuation Pause) 157M->122M(256M) 36,124ms
[44,059s][info][gc] GC(13) Pause Initial Mark (G1 Humongous Allocation) 135M->121M(256M) 19,627ms
[44,059s][info][gc] GC(14) Concurrent Cycle
[44,287s][info][gc] GC(14) Pause Remark 147M->147M(256M) 14,933ms
[44,306s][info][gc] GC(14) Pause Cleanup 149M->147M(256M) 0,431ms
[44,307s][info][gc] GC(14) Concurrent Cycle 247,912ms
[44,440s][info][gc] GC(15) Pause Young (G1 Evacuation Pause) 165M->124M(256M) 15,926ms
[44,653s][info][gc] GC(16) Pause Initial Mark (G1 Evacuation Pause) 172M->126M(256M) 19,084ms
[44,653s][info][gc] GC(17) Concurrent Cycle
[44,761s][info][gc] GC(17) Pause Remark 144M->144M(256M) 14,868ms
[44,799s][info][gc] GC(17) Pause Cleanup 153M->153M(256M) 0,562ms
[44,801s][info][gc] GC(17) Concurrent Cycle 147,761ms
[44,956s][info][gc] GC(18) Pause Young (G1 Evacuation Pause) 186M->128M(256M) 29,889ms
[45,191s][info][gc] GC(19) Pause Initial Mark (G1 Evacuation Pause) 194M->129M(256M) 12,183ms
[45,191s][info][gc] GC(20) Concurrent Cycle
[45,353s][info][gc] GC(20) Pause Remark 176M->176M(256M) 15,328ms
[45,375s][info][gc] GC(20) Pause Cleanup 182M->182M(256M) 0,502ms
[45,377s][info][gc] GC(20) Concurrent Cycle 185,761ms
[45,433s][info][gc] GC(21) Pause Young (G1 Evacuation Pause) 199M->130M(256M) 12,126ms
[45,710s][info][gc] GC(22) Pause Initial Mark (G1 Evacuation Pause) 205M->130M(256M) 33,071ms
[45,710s][info][gc] GC(23) Concurrent Cycle
[45,822s][info][gc] GC(23) Pause Remark 159M->159M(256M) 15,784ms
[45,845s][info][gc] GC(23) Pause Cleanup 164M->164M(256M) 0,479ms
[45,846s][info][gc] GC(23) Concurrent Cycle 135,847ms
[45,973s][info][gc] GC(24) Pause Young (G1 Evacuation Pause) 206M->132M(256M) 23,151ms
[46,192s][info][gc] GC(25) Pause Initial Mark (G1 Evacuation Pause) 210M->132M(256M) 28,889ms
[46,193s][info][gc] GC(26) Concurrent Cycle
[46,303s][info][gc] GC(26) Pause Remark 160M->160M(256M) 16,722ms
[46,355s][info][gc] GC(26) Pause Cleanup 178M->178M(256M) 0,490ms
[46,356s][info][gc] GC(26) Concurrent Cycle 163,602ms
[46,439s][info][gc] GC(27) Pause Young (G1 Evacuation Pause) 211M->133M(256M) 15,641ms
[46,641s][info][gc] GC(28) Pause Initial Mark (G1 Evacuation Pause) 216M->134M(256M) 23,183ms
[46,641s][info][gc] GC(29) Concurrent Cycle
[46,759s][info][gc] GC(29) Pause Remark 166M->166M(256M) 20,643ms
[46,867s][info][gc] GC(29) Pause Cleanup 214M->214M(256M) 0,813ms
[46,868s][info][gc] GC(29) Concurrent Cycle 227,507ms
[46,908s][info][gc] GC(30) Pause Young (G1 Evacuation Pause) 216M->136M(256M) 30,925ms
[47,130s][info][gc] GC(31) Pause Initial Mark (G1 Evacuation Pause) 218M->137M(256M) 42,731ms
[47,130s][info][gc] GC(32) Concurrent Cycle
[47,242s][info][gc] GC(32) Pause Remark 171M->171M(256M) 15,984ms
[47,264s][info][gc] GC(32) Pause Cleanup 180M->180M(256M) 0,421ms
[47,266s][info][gc] GC(32) Concurrent Cycle 135,506ms
[47,376s][info][gc] GC(33) Pause Young (G1 Evacuation Pause) 219M->139M(256M) 24,428ms
[47,574s][info][gc] GC(34) Pause Initial Mark (G1 Evacuation Pause) 220M->141M(256M) 32,251ms
[47,574s][info][gc] GC(35) Concurrent Cycle
[47,707s][info][gc] GC(35) Pause Remark 190M->190M(256M) 22,783ms
[47,789s][info][gc] GC(36) Pause Young (G1 Evacuation Pause) 219M->142M(256M) 23,075ms
[47,839s][info][gc] GC(35) Pause Cleanup 170M->169M(256M) 0,440ms
[47,840s][info][gc] GC(35) Concurrent Cycle 266,863ms
[47,951s][info][gc] GC(37) Pause Young (G1 Evacuation Pause) 220M->142M(256M) 21,443ms
[48,101s][info][gc] GC(38) Pause Initial Mark (G1 Evacuation Pause) 222M->144M(256M) 18,667ms
[48,101s][info][gc] GC(39) Concurrent Cycle
[48,217s][info][gc] GC(39) Pause Remark 189M->189M(256M) 14,820ms
[48,278s][info][gc] GC(40) Pause Young (G1 Evacuation Pause) 222M->145M(256M) 18,154ms
[48,280s][info][gc] GC(39) Pause Cleanup 146M->146M(256M) 0,400ms
[48,282s][info][gc] GC(39) Concurrent Cycle 181,141ms
[48,390s][info][gc] GC(41) Pause Young (G1 Evacuation Pause) 223M->147M(256M) 22,754ms
[48,413s][info][gc] GC(42) Pause Mixed (G1 Evacuation Pause) 151M->146M(256M) 16,420ms
[48,512s][info][gc] GC(43) Pause Initial Mark (G1 Evacuation Pause) 223M->148M(256M) 11,124ms
[48,512s][info][gc] GC(44) Concurrent Cycle
[48,637s][info][gc] GC(44) Pause Remark 214M->214M(256M) 14,558ms
[48,664s][info][gc] GC(45) Pause Young (G1 Evacuation Pause) 223M->149M(256M) 10,439ms
[48,674s][info][gc] GC(44) Pause Cleanup 158M->158M(256M) 0,436ms
[48,676s][info][gc] GC(44) Concurrent Cycle 163,858ms
[48,767s][info][gc] GC(46) Pause Young (G1 Evacuation Pause) 223M->152M(256M) 13,679ms
[48,793s][info][gc] GC(47) Pause Mixed (G1 Evacuation Pause) 157M->150M(256M) 20,315ms
[48,863s][info][gc] GC(48) Pause Initial Mark (G1 Evacuation Pause) 221M->152M(256M) 11,529ms
[48,863s][info][gc] GC(49) Concurrent Cycle
[48,951s][info][gc] GC(50) Pause Young (G1 Evacuation Pause) 221M->153M(256M) 10,671ms
[48,996s][info][gc] GC(49) Pause Remark 185M->185M(256M) 12,012ms
[49,024s][info][gc] GC(49) Pause Cleanup 218M->218M(256M) 0,449ms
[49,026s][info][gc] GC(49) Concurrent Cycle 163,069ms
[49,040s][info][gc] GC(51) Pause Young (G1 Evacuation Pause) 222M->154M(256M) 11,976ms
[49,060s][info][gc] GC(52) Pause Mixed (G1 Evacuation Pause) 160M->148M(256M) 14,555ms
[49,120s][info][gc] GC(53) Pause Initial Mark (G1 Evacuation Pause) 219M->149M(256M) 11,053ms
[49,120s][info][gc] GC(54) Concurrent Cycle
[49,204s][info][gc] GC(55) Pause Young (G1 Evacuation Pause) 220M->149M(256M) 8,594ms
[49,254s][info][gc] GC(54) Pause Remark 186M->186M(256M) 12,406ms
[49,280s][info][gc] GC(54) Pause Cleanup 217M->217M(256M) 0,487ms
[49,292s][info][gc] GC(56) Pause Young (G1 Evacuation Pause) 220M->150M(256M) 9,305ms
[49,294s][info][gc] GC(54) Concurrent Cycle 173,766ms
[49,311s][info][gc] GC(57) Pause Mixed (G1 Evacuation Pause) 158M->146M(256M) 10,509ms
[49,366s][info][gc] GC(58) Pause Young (G1 Evacuation Pause) 219M->147M(256M) 8,107ms
[49,429s][info][gc] GC(59) Pause Young (G1 Evacuation Pause) 221M->148M(256M) 11,277ms
[49,490s][info][gc] GC(60) Pause Initial Mark (G1 Evacuation Pause) 222M->151M(256M) 13,812ms
[49,490s][info][gc] GC(61) Concurrent Cycle
[49,561s][info][gc] GC(62) Pause Young (G1 Evacuation Pause) 222M->153M(256M) 16,213ms
[49,641s][info][gc] GC(63) Pause Young (G1 Evacuation Pause) 220M->157M(256M) 17,256ms
[49,677s][info][gc] GC(61) Pause Remark 175M->175M(256M) 13,615ms
[49,701s][info][gc] GC(61) Pause Cleanup 194M->194M(256M) 0,498ms
[49,703s][info][gc] GC(61) Concurrent Cycle 212,894ms
[49,735s][info][gc] GC(64) Pause Young (G1 Evacuation Pause) 220M->158M(256M) 12,510ms
[49,752s][info][gc] GC(65) Pause Mixed (G1 Evacuation Pause) 164M->154M(256M) 12,444ms
[49,805s][info][gc] GC(66) Pause Young (G1 Evacuation Pause) 221M->154M(256M) 7,299ms
[49,856s][info][gc] GC(67) Pause Young (G1 Evacuation Pause) 223M->156M(256M) 10,147ms
[49,905s][info][gc] GC(68) Pause Initial Mark (G1 Evacuation Pause) 222M->158M(256M) 10,328ms
[49,906s][info][gc] GC(69) Concurrent Cycle
[49,988s][info][gc] GC(70) Pause Young (G1 Evacuation Pause) 222M->159M(256M) 11,080ms
[50,048s][info][gc] GC(69) Pause Remark 200M->200M(256M) 12,933ms
[50,081s][info][gc] GC(71) Pause Young (G1 Evacuation Pause) 223M->159M(256M) 13,093ms
[50,100s][info][gc] GC(69) Pause Cleanup 177M->177M(256M) 0,495ms
[50,113s][info][gc] GC(69) Concurrent Cycle 207,524ms
[50,138s][info][gc] GC(72) Pause Young (G1 Evacuation Pause) 224M->160M(256M) 8,638ms
[50,159s][info][gc] GC(73) Pause Mixed (G1 Evacuation Pause) 168M->149M(256M) 14,883ms
[50,211s][info][gc] GC(74) Pause Young (G1 Evacuation Pause) 218M->149M(256M) 9,198ms
[50,258s][info][gc] GC(75) Pause Young (G1 Evacuation Pause) 219M->152M(256M) 10,343ms
[50,312s][info][gc] GC(76) Pause Initial Mark (G1 Evacuation Pause) 220M->156M(256M) 14,202ms
[50,312s][info][gc] GC(77) Concurrent Cycle
[50,383s][info][gc] GC(78) Pause Young (G1 Evacuation Pause) 219M->157M(256M) 13,700ms
[50,448s][info][gc] GC(79) Pause Young (G1 Evacuation Pause) 222M->160M(256M) 13,876ms
[50,488s][info][gc] GC(77) Pause Remark 191M->191M(256M) 13,327ms
[50,514s][info][gc] GC(77) Pause Cleanup 220M->220M(256M) 0,516ms
[50,525s][info][gc] GC(80) Pause Young (G1 Evacuation Pause) 222M->160M(256M) 9,907ms
[50,526s][info][gc] GC(77) Concurrent Cycle 213,338ms
[50,545s][info][gc] GC(81) Pause Mixed (G1 Evacuation Pause) 167M->155M(256M) 14,126ms
[50,600s][info][gc] GC(82) Pause Young (G1 Evacuation Pause) 221M->155M(256M) 8,383ms
[50,646s][info][gc] GC(83) Pause Young (G1 Evacuation Pause) 221M->155M(256M) 5,911ms
[50,694s][info][gc] GC(84) Pause Initial Mark (G1 Evacuation Pause) 222M->155M(256M) 7,830ms
[50,694s][info][gc] GC(85) Concurrent Cycle
[50,764s][info][gc] GC(86) Pause Young (G1 Evacuation Pause) 222M->156M(256M) 7,456ms
[50,842s][info][gc] GC(87) Pause Young (G1 Evacuation Pause) 223M->161M(256M) 22,464ms
[50,865s][info][gc] GC(85) Pause Remark 168M->168M(256M) 12,642ms
[50,897s][info][gc] GC(85) Pause Cleanup 209M->209M(256M) 0,505ms
[50,899s][info][gc] GC(85) Concurrent Cycle 205,269ms
[50,919s][info][gc] GC(88) Pause Young (G1 Evacuation Pause) 220M->162M(256M) 14,040ms
[50,941s][info][gc] GC(89) Pause Mixed (G1 Evacuation Pause) 173M->157M(256M) 9,876ms
[50,990s][info][gc] GC(90) Pause Young (G1 Evacuation Pause) 222M->158M(256M) 8,410ms
[51,036s][info][gc] GC(91) Pause Young (G1 Evacuation Pause) 222M->158M(256M) 6,911ms
[51,094s][info][gc] GC(92) Pause Initial Mark (G1 Evacuation Pause) 223M->159M(256M) 13,723ms
[51,094s][info][gc] GC(93) Concurrent Cycle
[51,164s][info][gc] GC(94) Pause Young (G1 Evacuation Pause) 223M->162M(256M) 11,412ms
[51,233s][info][gc] GC(95) Pause Young (G1 Evacuation Pause) 223M->162M(256M) 11,463ms
[51,265s][info][gc] GC(93) Pause Remark 179M->179M(256M) 14,955ms
[51,295s][info][gc] GC(93) Pause Cleanup 210M->210M(256M) 0,528ms
[51,297s][info][gc] GC(93) Concurrent Cycle 202,274ms
[51,314s][info][gc] GC(96) Pause Young (G1 Evacuation Pause) 224M->162M(256M) 10,540ms
[51,338s][info][gc] GC(97) Pause Mixed (G1 Evacuation Pause) 169M->153M(256M) 17,641ms
[51,386s][info][gc] GC(98) Pause Young (G1 Evacuation Pause) 221M->153M(256M) 9,037ms
[51,450s][info][gc] GC(99) Pause Young (G1 Evacuation Pause) 222M->155M(256M) 9,090ms
[51,499s][info][gc] GC(100) Pause Initial Mark (G1 Evacuation Pause) 223M->157M(256M) 11,895ms
[51,499s][info][gc] GC(101) Concurrent Cycle
[51,569s][info][gc] GC(102) Pause Young (G1 Evacuation Pause) 223M->160M(256M) 14,433ms
[51,653s][info][gc] GC(103) Pause Young (G1 Evacuation Pause) 221M->160M(256M) 19,428ms
[51,682s][info][gc] GC(101) Pause Remark 177M->177M(256M) 12,433ms
[51,712s][info][gc] GC(101) Pause Cleanup 218M->218M(256M) 0,539ms
[51,714s][info][gc] GC(101) Concurrent Cycle 215,007ms
[51,730s][info][gc] GC(104) Pause Young (G1 Evacuation Pause) 223M->164M(256M) 14,246ms
[51,752s][info][gc] GC(105) Pause Mixed (G1 Evacuation Pause) 168M->158M(256M) 18,368ms
[51,805s][info][gc] GC(106) Pause Young (G1 Evacuation Pause) 221M->157M(256M) 9,110ms
[51,853s][info][gc] GC(107) Pause Young (G1 Evacuation Pause) 222M->157M(256M) 4,429ms
[51,902s][info][gc] GC(108) Pause Initial Mark (G1 Evacuation Pause) 222M->157M(256M) 6,169ms
[51,902s][info][gc] GC(109) Concurrent Cycle
[51,982s][info][gc] GC(110) Pause Young (G1 Evacuation Pause) 223M->157M(256M) 6,415ms
[52,052s][info][gc] GC(109) Pause Remark 208M->208M(256M) 12,828ms
[52,073s][info][gc] GC(111) Pause Young (G1 Evacuation Pause) 223M->158M(256M) 6,735ms
[52,094s][info][gc] GC(109) Pause Cleanup 170M->170M(256M) 0,543ms
[52,096s][info][gc] GC(109) Concurrent Cycle 193,387ms
[52,137s][info][gc] GC(112) Pause Young (G1 Evacuation Pause) 223M->160M(256M) 11,165ms
[52,156s][info][gc] GC(113) Pause Mixed (G1 Evacuation Pause) 168M->154M(256M) 14,246ms
[52,209s][info][gc] GC(114) Pause Young (G1 Evacuation Pause) 222M->158M(256M) 14,388ms
[52,259s][info][gc] GC(115) Pause Young (G1 Evacuation Pause) 222M->159M(256M) 11,956ms
[52,311s][info][gc] GC(116) Pause Initial Mark (G1 Evacuation Pause) 221M->162M(256M) 13,385ms
[52,311s][info][gc] GC(117) Concurrent Cycle
[52,390s][info][gc] GC(118) Pause Young (G1 Evacuation Pause) 222M->162M(256M) 9,159ms
[52,462s][info][gc] GC(117) Pause Remark 216M->216M(256M) 12,325ms
[52,478s][info][gc] GC(119) Pause Young (G1 Evacuation Pause) 223M->162M(256M) 8,609ms
[52,504s][info][gc] GC(117) Pause Cleanup 194M->194M(256M) 0,563ms
[52,506s][info][gc] GC(117) Concurrent Cycle 194,610ms
[52,540s][info][gc] GC(120) Pause Young (G1 Evacuation Pause) 224M->162M(256M) 11,090ms
[52,568s][info][gc] GC(121) Pause Mixed (G1 Evacuation Pause) 169M->151M(256M) 23,109ms
[52,627s][info][gc] GC(122) Pause Young (G1 Evacuation Pause) 221M->151M(256M) 10,857ms
[52,680s][info][gc] GC(123) Pause Young (G1 Evacuation Pause) 221M->155M(256M) 11,703ms
[52,736s][info][gc] GC(124) Pause Initial Mark (G1 Evacuation Pause) 222M->157M(256M) 13,708ms
[52,736s][info][gc] GC(125) Concurrent Cycle
[52,808s][info][gc] GC(126) Pause Young (G1 Evacuation Pause) 222M->157M(256M) 12,558ms
[52,878s][info][gc] GC(127) Pause Young (G1 Evacuation Pause) 221M->157M(256M) 9,455ms
[52,896s][info][gc] GC(125) Pause Remark 162M->162M(256M) 12,868ms
[52,926s][info][gc] GC(125) Pause Cleanup 196M->196M(256M) 0,549ms
[52,928s][info][gc] GC(125) Concurrent Cycle 192,244ms
[52,952s][info][gc] GC(128) Pause Young (G1 Evacuation Pause) 222M->158M(256M) 8,597ms
[52,971s][info][gc] GC(129) Pause Mixed (G1 Evacuation Pause) 166M->151M(256M) 13,858ms
[53,024s][info][gc] GC(130) Pause Young (G1 Evacuation Pause) 221M->151M(256M) 9,033ms
[53,083s][info][gc] GC(131) Pause Young (G1 Evacuation Pause) 221M->152M(256M) 11,596ms
[53,146s][info][gc] GC(132) Pause Initial Mark (G1 Evacuation Pause) 221M->155M(256M) 12,580ms
[53,146s][info][gc] GC(133) Concurrent Cycle
[53,235s][info][gc] GC(134) Pause Young (G1 Evacuation Pause) 223M->155M(256M) 22,211ms
[53,313s][info][gc] GC(135) Pause Young (G1 Evacuation Pause) 223M->156M(256M) 12,776ms
[53,332s][info][gc] GC(133) Pause Remark 159M->159M(256M) 12,908ms
[53,362s][info][gc] GC(133) Pause Cleanup 187M->187M(256M) 0,689ms
[53,363s][info][gc] GC(133) Concurrent Cycle 217,513ms
[53,411s][info][gc] GC(136) Pause Young (G1 Evacuation Pause) 221M->159M(256M) 15,742ms
[53,435s][info][gc] GC(137) Pause Mixed (G1 Evacuation Pause) 163M->155M(256M) 18,908ms
[53,495s][info][gc] GC(138) Pause Young (G1 Evacuation Pause) 221M->156M(256M) 11,861ms
[53,552s][info][gc] GC(139) Pause Young (G1 Evacuation Pause) 221M->156M(256M) 7,745ms
[53,605s][info][gc] GC(140) Pause Initial Mark (G1 Evacuation Pause) 222M->157M(256M) 8,140ms
[53,605s][info][gc] GC(141) Concurrent Cycle
[53,683s][info][gc] GC(142) Pause Young (G1 Evacuation Pause) 224M->157M(256M) 8,445ms
[53,759s][info][gc] GC(143) Pause Young (G1 Evacuation Pause) 224M->158M(256M) 13,366ms
[53,781s][info][gc] GC(141) Pause Remark 167M->167M(256M) 12,733ms
[53,815s][info][gc] GC(141) Pause Cleanup 212M->212M(256M) 0,534ms
[53,816s][info][gc] GC(141) Concurrent Cycle 211,817ms
[53,837s][info][gc] GC(144) Pause Young (G1 Evacuation Pause) 224M->160M(256M) 13,688ms
[53,862s][info][gc] GC(145) Pause Mixed (G1 Evacuation Pause) 165M->156M(256M) 19,306ms
[53,915s][info][gc] GC(146) Pause Young (G1 Evacuation Pause) 222M->155M(256M) 8,568ms
[53,961s][info][gc] GC(147) Pause Young (G1 Evacuation Pause) 222M->156M(256M) 6,512ms
[54,008s][info][gc] GC(148) Pause Initial Mark (G1 Evacuation Pause) 222M->157M(256M) 9,876ms
[54,008s][info][gc] GC(149) Concurrent Cycle
[54,079s][info][gc] GC(150) Pause Young (G1 Evacuation Pause) 223M->158M(256M) 8,110ms
[54,155s][info][gc] GC(149) Pause Remark 209M->209M(256M) 12,105ms
[54,179s][info][gc] GC(151) Pause Young (G1 Evacuation Pause) 224M->158M(256M) 8,424ms
[54,193s][info][gc] GC(149) Pause Cleanup 166M->166M(256M) 0,597ms
[54,195s][info][gc] GC(149) Concurrent Cycle 186,710ms
[86,771s][info][gc] GC(152) Pause Young (G1 Evacuation Pause) 223M->162M(256M) 41,291ms
[86,845s][info][gc] GC(153) Pause Mixed (G1 Evacuation Pause) 166M->155M(256M) 33,048ms
[87,060s][info][gc] GC(154) Pause Young (G1 Evacuation Pause) 221M->158M(256M) 25,581ms
[87,176s][info][gc] GC(155) Pause Initial Mark (G1 Evacuation Pause) 220M->163M(256M) 20,308ms
[87,176s][info][gc] GC(156) Concurrent Cycle
[87,294s][info][gc] GC(156) Pause Remark 203M->203M(256M) 24,928ms
[87,362s][info][gc] GC(157) Pause Young (G1 Evacuation Pause) 219M->166M(256M) 17,306ms
[87,373s][info][gc] GC(156) Pause Cleanup 174M->162M(256M) 0,719ms
[87,375s][info][gc] GC(156) Concurrent Cycle 198,567ms
[87,482s][info][gc] GC(158) Pause Young (G1 Evacuation Pause) 207M->155M(256M) 23,511ms
[87,510s][info][gc] GC(159) Pause Mixed (G1 Evacuation Pause) 162M->143M(256M) 13,963ms
[87,609s][info][gc] GC(160) Pause Initial Mark (G1 Evacuation Pause) 210M->144M(256M) 8,182ms
[87,609s][info][gc] GC(161) Concurrent Cycle
[87,724s][info][gc] GC(162) Pause Young (G1 Evacuation Pause) 212M->144M(256M) 6,260ms
[87,744s][info][gc] GC(161) Pause Remark 147M->147M(256M) 14,505ms
[87,771s][info][gc] GC(161) Pause Cleanup 162M->162M(256M) 0,631ms
[87,772s][info][gc] GC(161) Concurrent Cycle 163,548ms
[87,860s][info][gc] GC(163) Pause Young (G1 Evacuation Pause) 213M->146M(256M) 9,527ms
[87,981s][info][gc] GC(164) Pause Initial Mark (G1 Evacuation Pause) 215M->148M(256M) 21,751ms
[87,982s][info][gc] GC(165) Concurrent Cycle
[88,102s][info][gc] GC(166) Pause Young (G1 Evacuation Pause) 217M->149M(256M) 13,934ms
[88,235s][info][gc] GC(167) Pause Young (G1 Evacuation Pause) 219M->150M(256M) 19,358ms
[88,260s][info][gc] GC(165) Pause Remark 154M->154M(256M) 16,779ms
[88,286s][info][gc] GC(165) Pause Cleanup 173M->173M(256M) 0,662ms
[88,288s][info][gc] GC(165) Concurrent Cycle 306,136ms
[88,365s][info][gc] GC(168) Pause Young (G1 Evacuation Pause) 220M->151M(256M) 18,895ms
[88,392s][info][gc] GC(169) Pause Mixed (G1 Evacuation Pause) 158M->148M(256M) 15,391ms
[88,486s][info][gc] GC(170) Pause Initial Mark (G1 Evacuation Pause) 219M->148M(256M) 10,207ms
[88,486s][info][gc] GC(171) Concurrent Cycle
[88,622s][info][gc] GC(171) Pause Remark 220M->220M(256M) 15,974ms
[88,641s][info][gc] GC(172) Pause Young (G1 Evacuation Pause) 220M->149M(256M) 7,453ms
[88,657s][info][gc] GC(171) Pause Cleanup 163M->163M(256M) 0,635ms
[88,659s][info][gc] GC(171) Concurrent Cycle 173,087ms
[88,741s][info][gc] GC(173) Pause Young (G1 Evacuation Pause) 221M->150M(256M) 19,566ms
[88,765s][info][gc] GC(174) Pause Mixed (G1 Evacuation Pause) 158M->149M(256M) 14,990ms
[88,849s][info][gc] GC(175) Pause Initial Mark (G1 Evacuation Pause) 222M->150M(256M) 11,628ms
[88,849s][info][gc] GC(176) Concurrent Cycle
[88,943s][info][gc] GC(177) Pause Young (G1 Evacuation Pause) 223M->150M(256M) 13,401ms
[89,014s][info][gc] GC(176) Pause Remark 187M->187M(256M) 17,014ms
[89,046s][info][gc] GC(176) Pause Cleanup 214M->214M(256M) 0,665ms
[89,048s][info][gc] GC(176) Concurrent Cycle 198,588ms
[89,065s][info][gc] GC(178) Pause Young (G1 Evacuation Pause) 223M->151M(256M) 10,492ms
[89,125s][info][gc] GC(179) Pause Initial Mark (G1 Evacuation Pause) 223M->156M(256M) 13,560ms
[89,125s][info][gc] GC(180) Concurrent Cycle
[89,185s][info][gc] GC(181) Pause Young (G1 Evacuation Pause) 219M->160M(256M) 16,234ms
[89,240s][info][gc] GC(182) Pause Young (G1 Evacuation Pause) 220M->160M(256M) 13,870ms
[89,297s][info][gc] GC(180) Pause Remark 215M->215M(256M) 15,991ms
[89,313s][info][gc] GC(183) Pause Young (G1 Evacuation Pause) 221M->161M(256M) 9,441ms
[89,337s][info][gc] GC(180) Pause Cleanup 192M->191M(256M) 0,552ms
[89,339s][info][gc] GC(180) Concurrent Cycle 213,675ms
[89,370s][info][gc] GC(184) Pause Young (G1 Evacuation Pause) 221M->161M(256M) 12,040ms
[89,383s][info][gc] GC(185) Pause Mixed (G1 Evacuation Pause) 170M->158M(256M) 6,943ms
[89,421s][info][gc] GC(186) Pause Initial Mark (G1 Evacuation Pause) 223M->160M(256M) 9,822ms
[89,421s][info][gc] GC(187) Concurrent Cycle
[89,471s][info][gc] GC(188) Pause Young (G1 Evacuation Pause) 222M->161M(256M) 8,819ms
[89,524s][info][gc] GC(189) Pause Young (G1 Evacuation Pause) 223M->162M(256M) 8,694ms
[89,594s][info][gc] GC(187) Pause Remark 220M->220M(256M) 14,070ms
[89,606s][info][gc] GC(190) Pause Young (G1 Evacuation Pause) 224M->163M(256M) 8,580ms
[89,636s][info][gc] GC(187) Pause Cleanup 200M->199M(256M) 0,534ms
[89,638s][info][gc] GC(187) Concurrent Cycle 216,886ms
[89,659s][info][gc] GC(191) Pause Young (G1 Evacuation Pause) 222M->162M(256M) 10,194ms
[89,675s][info][gc] GC(192) Pause Mixed (G1 Evacuation Pause) 170M->158M(256M) 11,392ms
[89,718s][info][gc] GC(193) Pause Initial Mark (G1 Evacuation Pause) 224M->159M(256M) 7,894ms
[89,718s][info][gc] GC(194) Concurrent Cycle
[89,780s][info][gc] GC(195) Pause Young (G1 Evacuation Pause) 224M->159M(256M) 7,384ms
[89,833s][info][gc] GC(196) Pause Young (G1 Evacuation Pause) 224M->160M(256M) 7,182ms
[89,894s][info][gc] GC(194) Pause Remark 213M->213M(256M) 15,146ms
[89,910s][info][gc] GC(197) Pause Young (G1 Evacuation Pause) 225M->161M(256M) 7,453ms
[89,941s][info][gc] GC(194) Pause Cleanup 205M->205M(256M) 0,512ms
[89,943s][info][gc] GC(194) Concurrent Cycle 224,353ms
[89,960s][info][gc] GC(198) Pause Young (G1 Evacuation Pause) 225M->161M(256M) 9,518ms
[89,977s][info][gc] GC(199) Pause Mixed (G1 Evacuation Pause) 168M->161M(256M) 11,650ms
[90,024s][info][gc] GC(200) Pause Initial Mark (G1 Evacuation Pause) 224M->162M(256M) 9,379ms
[90,024s][info][gc] GC(201) Concurrent Cycle
[90,099s][info][gc] GC(202) Pause Young (G1 Evacuation Pause) 225M->169M(256M) 21,661ms
[90,152s][info][gc] GC(203) Pause Young (G1 Evacuation Pause) 220M->170M(256M) 13,207ms
[90,229s][info][gc] GC(201) Pause Remark 199M->199M(256M) 16,747ms
[90,253s][info][gc] GC(204) Pause Young (G1 Evacuation Pause) 220M->170M(256M) 6,023ms
[90,282s][info][gc] GC(201) Pause Cleanup 209M->209M(256M) 1,256ms
[90,284s][info][gc] GC(201) Concurrent Cycle 259,378ms
[90,296s][info][gc] GC(205) Pause Young (G1 Evacuation Pause) 221M->170M(256M) 5,189ms
[90,307s][info][gc] GC(206) Pause Mixed (G1 Evacuation Pause) 180M->169M(256M) 5,604ms
[90,339s][info][gc] GC(207) Pause Initial Mark (G1 Evacuation Pause) 223M->170M(256M) 6,827ms
[90,339s][info][gc] GC(208) Concurrent Cycle
[90,405s][info][gc] GC(209) Pause Young (G1 Evacuation Pause) 223M->172M(256M) 16,260ms
[90,451s][info][gc] GC(210) Pause Young (G1 Evacuation Pause) 223M->173M(256M) 8,155ms
[90,499s][info][gc] GC(211) Pause Young (G1 Evacuation Pause) 223M->173M(256M) 9,315ms
[90,550s][info][gc] GC(208) Pause Remark 220M->220M(256M) 16,450ms
[90,567s][info][gc] GC(212) Pause Young (G1 Evacuation Pause) 224M->174M(256M) 10,614ms
[90,601s][info][gc] GC(208) Pause Cleanup 204M->204M(256M) 1,834ms
[90,603s][info][gc] GC(208) Concurrent Cycle 263,713ms
[90,623s][info][gc] GC(213) Pause Young (G1 Evacuation Pause) 224M->174M(256M) 7,440ms
[90,639s][info][gc] GC(214) Pause Mixed (G1 Evacuation Pause) 183M->167M(256M) 9,747ms
[90,678s][info][gc] GC(215) Pause Initial Mark (G1 Evacuation Pause) 221M->167M(256M) 8,491ms
[90,678s][info][gc] GC(216) Concurrent Cycle
[90,724s][info][gc] GC(217) Pause Young (G1 Evacuation Pause) 221M->168M(256M) 5,795ms
[90,775s][info][gc] GC(218) Pause Young (G1 Evacuation Pause) 222M->168M(256M) 5,778ms
[90,822s][info][gc] GC(219) Pause Young (G1 Evacuation Pause) 222M->169M(256M) 6,467ms
[90,874s][info][gc] GC(220) Pause Young (G1 Evacuation Pause) 223M->170M(256M) 8,493ms
[90,901s][info][gc] GC(216) Pause Remark 183M->183M(256M) 15,025ms
[90,939s][info][gc] GC(221) Pause Young (G1 Evacuation Pause) 224M->170M(256M) 8,268ms
[90,951s][info][gc] GC(216) Pause Cleanup 186M->186M(256M) 0,569ms
[90,953s][info][gc] GC(216) Concurrent Cycle 274,850ms
[90,981s][info][gc] GC(222) Pause Young (G1 Evacuation Pause) 224M->171M(256M) 10,285ms
[90,997s][info][gc] GC(223) Pause Mixed (G1 Evacuation Pause) 178M->169M(256M) 10,932ms
[91,033s][info][gc] GC(224) Pause Initial Mark (G1 Evacuation Pause) 223M->169M(256M) 8,793ms
[91,033s][info][gc] GC(225) Concurrent Cycle
[91,081s][info][gc] GC(226) Pause Young (G1 Evacuation Pause) 223M->170M(256M) 5,273ms
[91,140s][info][gc] GC(227) Pause Young (G1 Evacuation Pause) 224M->171M(256M) 10,133ms
[91,194s][info][gc] GC(228) Pause Young (G1 Evacuation Pause) 225M->173M(256M) 11,928ms
[91,241s][info][gc] GC(229) Pause Young (G1 Evacuation Pause) 224M->175M(256M) 11,105ms
[91,264s][info][gc] GC(225) Pause Remark 184M->184M(256M) 14,316ms
[91,299s][info][gc] GC(230) Pause Young (G1 Evacuation Pause) 223M->177M(256M) 12,836ms
[91,323s][info][gc] GC(225) Pause Cleanup 212M->212M(256M) 0,570ms
[91,325s][info][gc] GC(225) Concurrent Cycle 292,036ms
[91,344s][info][gc] GC(231) Pause Young (G1 Evacuation Pause) 224M->180M(256M) 14,191ms
[91,361s][info][gc] GC(232) Pause Mixed (G1 Evacuation Pause) 186M->180M(256M) 9,599ms
[91,398s][info][gc] GC(233) Pause Initial Mark (G1 Evacuation Pause) 223M->180M(256M) 6,708ms
[91,398s][info][gc] GC(234) Concurrent Cycle
[91,448s][info][gc] GC(235) Pause Young (G1 Evacuation Pause) 224M->180M(256M) 3,675ms
[91,486s][info][gc] GC(236) Pause Young (G1 Evacuation Pause) 224M->181M(256M) 5,163ms
[91,525s][info][gc] GC(237) Pause Young (G1 Evacuation Pause) 224M->184M(256M) 7,781ms
[91,570s][info][gc] GC(238) Pause Young (G1 Evacuation Pause) 224M->184M(256M) 9,272ms
[91,611s][info][gc] GC(239) Pause Young (G1 Evacuation Pause) 224M->185M(256M) 8,632ms
[91,639s][info][gc] GC(234) Pause Remark 203M->203M(256M) 16,098ms
[91,669s][info][gc] GC(240) Pause Young (G1 Evacuation Pause) 225M->185M(256M) 5,654ms
[91,699s][info][gc] GC(234) Pause Cleanup 205M->203M(256M) 5,044ms
[91,701s][info][gc] GC(234) Concurrent Cycle 302,149ms
[91,718s][info][gc] GC(241) Pause Young (G1 Evacuation Pause) 224M->183M(256M) 5,058ms
[91,737s][info][gc] GC(242) Pause Mixed (G1 Evacuation Pause) 193M->177M(256M) 12,236ms
[91,767s][info][gc] GC(243) Pause Initial Mark (G1 Evacuation Pause) 221M->177M(256M) 8,608ms
[91,767s][info][gc] GC(244) Concurrent Cycle
[91,805s][info][gc] GC(245) Pause Young (G1 Evacuation Pause) 222M->178M(256M) 7,611ms
[91,845s][info][gc] GC(246) Pause Young (G1 Evacuation Pause) 223M->178M(256M) 6,155ms
[91,889s][info][gc] GC(247) Pause Young (G1 Evacuation Pause) 223M->179M(256M) 7,197ms
[91,932s][info][gc] GC(248) Pause Young (G1 Evacuation Pause) 223M->179M(256M) 7,750ms
[91,971s][info][gc] GC(249) Pause Young (G1 Evacuation Pause) 224M->180M(256M) 8,322ms
[92,014s][info][gc] GC(244) Pause Remark 218M->218M(256M) 13,609ms
[92,028s][info][gc] GC(250) Pause Young (G1 Evacuation Pause) 225M->181M(256M) 8,890ms
[92,064s][info][gc] GC(251) Pause Young (G1 Evacuation Pause) 224M->181M(256M) 9,668ms
[92,085s][info][gc] GC(244) Pause Cleanup 210M->210M(256M) 0,585ms
[92,086s][info][gc] GC(244) Concurrent Cycle 319,267ms
[92,103s][info][gc] GC(252) Pause Young (G1 Evacuation Pause) 225M->182M(256M) 8,737ms
[92,119s][info][gc] GC(253) Pause Mixed (G1 Evacuation Pause) 190M->179M(256M) 10,507ms
[92,150s][info][gc] GC(254) Pause Initial Mark (G1 Evacuation Pause) 224M->179M(256M) 8,328ms
[92,151s][info][gc] GC(255) Concurrent Cycle
[92,197s][info][gc] GC(256) Pause Young (G1 Evacuation Pause) 225M->179M(256M) 5,930ms
[92,245s][info][gc] GC(257) Pause Young (G1 Evacuation Pause) 224M->182M(256M) 9,885ms
[92,322s][info][gc] GC(258) Pause Young (G1 Evacuation Pause) 224M->184M(256M) 26,543ms
[92,389s][info][gc] GC(259) Pause Young (G1 Evacuation Pause) 222M->187M(256M) 17,806ms
[92,437s][info][gc] GC(260) Pause Young (G1 Evacuation Pause) 223M->189M(256M) 17,687ms
[92,478s][info][gc] GC(255) Pause Remark 215M->215M(256M) 18,133ms
[92,494s][info][gc] GC(261) Pause Young (G1 Evacuation Pause) 223M->189M(256M) 8,534ms
[92,524s][info][gc] GC(262) Pause Young (G1 Evacuation Pause) 224M->189M(256M) 6,319ms
[92,557s][info][gc] GC(263) Pause Young (G1 Evacuation Pause) 224M->190M(256M) 7,502ms
[92,606s][info][gc] GC(264) Pause Young (G1 Evacuation Pause) 224M->192M(256M) 19,959ms
[92,608s][info][gc] GC(255) Pause Cleanup 192M->192M(256M) 1,694ms
[92,610s][info][gc] GC(255) Concurrent Cycle 459,129ms
[92,640s][info][gc] GC(265) Pause Young (G1 Evacuation Pause) 225M->193M(256M) 7,403ms
[92,655s][info][gc] GC(266) Pause Mixed (G1 Evacuation Pause) 202M->193M(256M) 7,321ms
[92,682s][info][gc] GC(267) Pause Initial Mark (G1 Evacuation Pause) 225M->193M(256M) 5,005ms
[92,682s][info][gc] GC(268) Concurrent Cycle
[92,707s][info][gc] GC(269) Pause Young (G1 Evacuation Pause) 225M->193M(256M) 3,789ms
[92,737s][info][gc] GC(270) Pause Young (G1 Evacuation Pause) 224M->193M(256M) 5,482ms
[92,765s][info][gc] GC(271) Pause Young (G1 Evacuation Pause) 225M->194M(256M) 4,565ms
[92,797s][info][gc] GC(272) Pause Young (G1 Evacuation Pause) 226M->194M(256M) 5,133ms
[92,828s][info][gc] GC(273) Pause Young (G1 Evacuation Pause) 225M->194M(256M) 7,262ms
[92,863s][info][gc] GC(274) Pause Young (G1 Evacuation Pause) 225M->195M(256M) 6,128ms
[92,907s][info][gc] GC(275) Pause Young (G1 Evacuation Pause) 226M->195M(256M) 9,137ms
[92,938s][info][gc] GC(276) Pause Young (G1 Evacuation Pause) 226M->195M(256M) 7,382ms
[92,968s][info][gc] GC(268) Pause Remark 215M->215M(256M) 15,771ms
[92,986s][info][gc] GC(277) Pause Young (G1 Evacuation Pause) 226M->196M(256M) 6,859ms
[93,013s][info][gc] GC(278) Pause Young (G1 Evacuation Pause) 226M->196M(256M) 6,395ms
[93,038s][info][gc] GC(279) Pause Young (G1 Evacuation Pause) 224M->196M(256M) 7,855ms
[93,047s][info][gc] GC(268) Pause Cleanup 211M->211M(256M) 0,715ms
[93,049s][info][gc] GC(268) Concurrent Cycle 366,925ms
[93,064s][info][gc] GC(280) Pause Young (G1 Evacuation Pause) 225M->197M(256M) 7,367ms
[93,087s][info][gc] GC(281) Pause Mixed (G1 Evacuation Pause) 206M->186M(256M) 13,905ms
[93,118s][info][gc] GC(282) Pause Initial Mark (G1 Evacuation Pause) 221M->186M(256M) 9,545ms
[93,118s][info][gc] GC(283) Concurrent Cycle
[93,150s][info][gc] GC(284) Pause Young (G1 Evacuation Pause) 222M->186M(256M) 5,921ms
[93,186s][info][gc] GC(285) Pause Young (G1 Evacuation Pause) 223M->186M(256M) 8,979ms
[93,226s][info][gc] GC(286) Pause Young (G1 Evacuation Pause) 222M->187M(256M) 7,403ms
[93,262s][info][gc] GC(287) Pause Young (G1 Evacuation Pause) 224M->187M(256M) 6,322ms
[93,297s][info][gc] GC(288) Pause Young (G1 Evacuation Pause) 224M->187M(256M) 6,668ms
[93,333s][info][gc] GC(289) Pause Young (G1 Evacuation Pause) 224M->188M(256M) 7,077ms
[93,368s][info][gc] GC(290) Pause Young (G1 Evacuation Pause) 225M->190M(256M) 11,656ms
[93,408s][info][gc] GC(291) Pause Young (G1 Evacuation Pause) 225M->192M(256M) 11,698ms
[93,437s][info][gc] GC(283) Pause Remark 214M->214M(256M) 12,273ms
[93,457s][info][gc] GC(292) Pause Young (G1 Evacuation Pause) 224M->194M(256M) 13,333ms
[93,487s][info][gc] GC(293) Pause Young (G1 Evacuation Pause) 224M->196M(256M) 12,212ms
[93,517s][info][gc] GC(294) Pause Young (G1 Evacuation Pause) 225M->197M(256M) 9,859ms
[93,532s][info][gc] GC(283) Pause Cleanup 213M->213M(256M) 0,668ms
[93,534s][info][gc] GC(283) Concurrent Cycle 415,952ms
[93,549s][info][gc] GC(295) Pause Young (G1 Evacuation Pause) 225M->198M(256M) 7,465ms
[93,563s][info][gc] GC(296) Pause Mixed (G1 Evacuation Pause) 208M->197M(256M) 6,455ms
[93,583s][info][gc] GC(297) Pause Initial Mark (G1 Evacuation Pause) 224M->197M(256M) 5,489ms
[93,583s][info][gc] GC(298) Concurrent Cycle
[93,607s][info][gc] GC(299) Pause Young (G1 Evacuation Pause) 224M->198M(256M) 3,870ms
[93,632s][info][gc] GC(300) Pause Young (G1 Evacuation Pause) 225M->200M(256M) 7,069ms
[93,655s][info][gc] GC(301) Pause Young (G1 Evacuation Pause) 224M->201M(256M) 7,121ms
[93,681s][info][gc] GC(302) Pause Young (G1 Evacuation Pause) 225M->201M(256M) 5,441ms
[93,705s][info][gc] GC(303) Pause Young (G1 Evacuation Pause) 225M->201M(256M) 3,589ms
[93,726s][info][gc] GC(304) Pause Young (G1 Evacuation Pause) 224M->201M(256M) 3,932ms
[93,754s][info][gc] GC(305) Pause Young (G1 Evacuation Pause) 225M->201M(256M) 5,308ms
[93,778s][info][gc] GC(306) Pause Young (G1 Evacuation Pause) 225M->202M(256M) 6,172ms
[93,811s][info][gc] GC(307) Pause Young (G1 Evacuation Pause) 226M->202M(256M) 8,965ms
[93,839s][info][gc] GC(308) Pause Young (G1 Evacuation Pause) 227M->202M(256M) 6,966ms
[93,871s][info][gc] GC(309) Pause Young (G1 Evacuation Pause) 226M->202M(256M) 6,339ms
[93,895s][info][gc] GC(298) Pause Remark 214M->214M(256M) 12,298ms
[93,909s][info][gc] GC(310) Pause Young (G1 Evacuation Pause) 226M->202M(256M) 6,374ms
[93,931s][info][gc] GC(311) Pause Young (G1 Evacuation Pause) 225M->202M(256M) 8,409ms
[93,955s][info][gc] GC(312) Pause Young (G1 Evacuation Pause) 225M->202M(256M) 7,198ms
[93,984s][info][gc] GC(313) Pause Young (G1 Evacuation Pause) 226M->202M(256M) 7,513ms
[93,996s][info][gc] GC(298) Pause Cleanup 221M->221M(256M) 0,705ms
[94,000s][info][gc] GC(298) Concurrent Cycle 417,360ms
[94,008s][info][gc] GC(314) Pause Young (G1 Evacuation Pause) 226M->203M(256M) 7,261ms
[94,026s][info][gc] GC(315) Pause Mixed (G1 Evacuation Pause) 212M->194M(256M) 12,637ms
[94,051s][info][gc] GC(316) Pause Initial Mark (G1 Evacuation Pause) 221M->195M(256M) 9,289ms
[94,052s][info][gc] GC(317) Concurrent Cycle
[94,078s][info][gc] GC(318) Pause Young (G1 Evacuation Pause) 222M->195M(256M) 6,559ms
[94,109s][info][gc] GC(319) Pause Young (G1 Evacuation Pause) 223M->195M(256M) 7,430ms
[94,143s][info][gc] GC(320) Pause Young (G1 Evacuation Pause) 223M->195M(256M) 7,002ms
[94,170s][info][gc] GC(321) Pause Young (G1 Evacuation Pause) 223M->195M(256M) 7,165ms
[94,199s][info][gc] GC(322) Pause Young (G1 Evacuation Pause) 224M->195M(256M) 7,717ms
[94,233s][info][gc] GC(323) Pause Young (G1 Evacuation Pause) 224M->195M(256M) 10,962ms
[94,267s][info][gc] GC(324) Pause Young (G1 Evacuation Pause) 224M->195M(256M) 8,772ms
[94,307s][info][gc] GC(325) Pause Young (G1 Evacuation Pause) 224M->196M(256M) 14,790ms
[94,340s][info][gc] GC(326) Pause Young (G1 Evacuation Pause) 225M->196M(256M) 9,363ms
[94,379s][info][gc] GC(327) Pause Young (G1 Evacuation Pause) 225M->196M(256M) 10,970ms
[94,402s][info][gc] GC(317) Pause Remark 208M->208M(256M) 12,665ms
[94,421s][info][gc] GC(328) Pause Young (G1 Evacuation Pause) 225M->196M(256M) 9,097ms
[94,452s][info][gc] GC(329) Pause Young (G1 Evacuation Pause) 225M->196M(256M) 9,359ms
[94,482s][info][gc] GC(330) Pause Young (G1 Evacuation Pause) 225M->196M(256M) 10,919ms
[94,495s][info][gc] GC(317) Pause Cleanup 213M->213M(256M) 0,663ms
[94,497s][info][gc] GC(317) Concurrent Cycle 445,534ms
[94,518s][info][gc] GC(331) Pause Young (G1 Evacuation Pause) 225M->198M(256M) 13,473ms
[94,540s][info][gc] GC(332) Pause Mixed (G1 Evacuation Pause) 206M->195M(256M) 18,204ms
[94,569s][info][gc] GC(333) Pause Initial Mark (G1 Evacuation Pause) 224M->197M(256M) 13,647ms
[94,569s][info][gc] GC(334) Concurrent Cycle
[94,597s][info][gc] GC(335) Pause Young (G1 Evacuation Pause) 225M->199M(256M) 9,351ms
[94,621s][info][gc] GC(336) Pause Young (G1 Evacuation Pause) 225M->199M(256M) 5,940ms
[94,647s][info][gc] GC(337) Pause Young (G1 Evacuation Pause) 224M->200M(256M) 7,636ms
[94,673s][info][gc] GC(338) Pause Young (G1 Evacuation Pause) 224M->200M(256M) 7,790ms
[94,696s][info][gc] GC(339) Pause Young (G1 Evacuation Pause) 225M->200M(256M) 5,790ms
[94,721s][info][gc] GC(340) Pause Young (G1 Evacuation Pause) 225M->201M(256M) 6,805ms
[94,750s][info][gc] GC(341) Pause Young (G1 Evacuation Pause) 225M->203M(256M) 11,282ms
[94,779s][info][gc] GC(342) Pause Young (G1 Evacuation Pause) 225M->203M(256M) 8,991ms
[94,807s][info][gc] GC(343) Pause Young (G1 Evacuation Pause) 224M->203M(256M) 7,106ms
[94,834s][info][gc] GC(344) Pause Young (G1 Evacuation Pause) 225M->203M(256M) 4,258ms
[94,852s][info][gc] GC(345) Pause Young (G1 Evacuation Pause) 225M->203M(256M) 3,319ms
[94,882s][info][gc] GC(346) Pause Young (G1 Evacuation Pause) 226M->203M(256M) 6,069ms
[94,902s][info][gc] GC(347) Pause Young (G1 Evacuation Pause) 226M->203M(256M) 4,142ms
[94,928s][info][gc] GC(334) Pause Remark 223M->223M(256M) 12,869ms
[94,935s][info][gc] GC(348) Pause Young (G1 Evacuation Pause) 226M->203M(256M) 4,037ms
[94,954s][info][gc] GC(349) Pause Young (G1 Evacuation Pause) 226M->203M(256M) 5,227ms
[94,975s][info][gc] GC(350) Pause Young (G1 Evacuation Pause) 226M->203M(256M) 5,134ms
[94,997s][info][gc] GC(351) Pause Young (G1 Evacuation Pause) 226M->204M(256M) 5,284ms
[95,012s][info][gc] GC(334) Pause Cleanup 223M->223M(256M) 0,756ms
[95,020s][info][gc] GC(352) Pause Young (G1 Evacuation Pause) 227M->204M(256M) 5,828ms
[95,022s][info][gc] GC(334) Concurrent Cycle 453,230ms
[95,040s][info][gc] GC(353) Pause Mixed (G1 Evacuation Pause) 215M->198M(256M) 11,231ms
[95,063s][info][gc] GC(354) Pause Initial Mark (G1 Evacuation Pause) 223M->198M(256M) 9,834ms
[95,063s][info][gc] GC(355) Concurrent Cycle
[95,091s][info][gc] GC(356) Pause Young (G1 Evacuation Pause) 223M->198M(256M) 6,640ms
[95,120s][info][gc] GC(357) Pause Young (G1 Evacuation Pause) 223M->198M(256M) 8,328ms
[95,146s][info][gc] GC(358) Pause Young (G1 Evacuation Pause) 223M->198M(256M) 7,280ms
[95,178s][info][gc] GC(359) Pause Young (G1 Evacuation Pause) 223M->198M(256M) 9,676ms
[95,207s][info][gc] GC(360) Pause Young (G1 Evacuation Pause) 224M->198M(256M) 7,834ms
[95,231s][info][gc] GC(361) Pause Young (G1 Evacuation Pause) 224M->198M(256M) 7,767ms
[95,258s][info][gc] GC(362) Pause Young (G1 Evacuation Pause) 224M->199M(256M) 7,957ms
[95,287s][info][gc] GC(363) Pause Young (G1 Evacuation Pause) 225M->199M(256M) 8,063ms
[95,316s][info][gc] GC(364) Pause Young (G1 Evacuation Pause) 226M->199M(256M) 7,637ms
[95,343s][info][gc] GC(365) Pause Young (G1 Evacuation Pause) 226M->199M(256M) 8,709ms
[95,381s][info][gc] GC(366) Pause Young (G1 Evacuation Pause) 226M->199M(256M) 10,621ms
[95,418s][info][gc] GC(355) Pause Remark 219M->219M(256M) 12,122ms
[95,431s][info][gc] GC(367) Pause Young (G1 Evacuation Pause) 226M->199M(256M) 8,195ms
[95,458s][info][gc] GC(368) Pause Young (G1 Evacuation Pause) 226M->199M(256M) 8,794ms
[95,488s][info][gc] GC(369) Pause Young (G1 Evacuation Pause) 226M->199M(256M) 9,796ms
[95,512s][info][gc] GC(370) Pause Young (G1 Evacuation Pause) 226M->199M(256M) 8,458ms
[95,518s][info][gc] GC(355) Pause Cleanup 207M->207M(256M) 0,821ms
[95,520s][info][gc] GC(355) Concurrent Cycle 456,594ms
[95,543s][info][gc] GC(371) Pause Young (G1 Evacuation Pause) 226M->201M(256M) 12,723ms
[95,567s][info][gc] GC(372) Pause Mixed (G1 Evacuation Pause) 210M->195M(256M) 18,410ms
[95,597s][info][gc] GC(373) Pause Initial Mark (G1 Evacuation Pause) 223M->196M(256M) 13,477ms
[95,597s][info][gc] GC(374) Concurrent Cycle
[95,624s][info][gc] GC(375) Pause Young (G1 Evacuation Pause) 224M->196M(256M) 5,072ms
[95,649s][info][gc] GC(376) Pause Young (G1 Evacuation Pause) 224M->196M(256M) 4,625ms
[95,672s][info][gc] GC(377) Pause Young (G1 Evacuation Pause) 224M->196M(256M) 5,475ms
[95,700s][info][gc] GC(378) Pause Young (G1 Evacuation Pause) 224M->196M(256M) 6,846ms
[95,727s][info][gc] GC(379) Pause Young (G1 Evacuation Pause) 224M->196M(256M) 6,150ms
[95,754s][info][gc] GC(380) Pause Young (G1 Evacuation Pause) 224M->197M(256M) 9,835ms
[95,783s][info][gc] GC(381) Pause Young (G1 Evacuation Pause) 224M->199M(256M) 11,894ms
[95,823s][info][gc] GC(382) Pause Young (G1 Evacuation Pause) 224M->200M(256M) 17,065ms
[95,855s][info][gc] GC(383) Pause Young (G1 Evacuation Pause) 225M->200M(256M) 7,920ms
[95,887s][info][gc] GC(384) Pause Young (G1 Evacuation Pause) 224M->202M(256M) 9,134ms
[95,915s][info][gc] GC(385) Pause Young (G1 Evacuation Pause) 224M->204M(256M) 10,091ms
[95,936s][info][gc] GC(386) Pause Young (G1 Evacuation Pause) 225M->204M(256M) 6,023ms
[95,960s][info][gc] GC(387) Pause Young (G1 Evacuation Pause) 226M->204M(256M) 4,710ms
[95,976s][info][gc] GC(374) Pause Remark 205M->205M(256M) 14,780ms
[95,998s][info][gc] GC(388) Pause Young (G1 Evacuation Pause) 226M->204M(256M) 4,401ms
[96,015s][info][gc] GC(389) Pause Young (G1 Evacuation Pause) 226M->204M(256M) 4,438ms
[96,038s][info][gc] GC(390) Pause Young (G1 Evacuation Pause) 226M->204M(256M) 3,680ms
[96,052s][info][gc] GC(374) Pause Cleanup 224M->224M(256M) 1,241ms
[96,054s][info][gc] GC(374) Concurrent Cycle 456,754ms
[96,059s][info][gc] GC(391) Pause Young (G1 Evacuation Pause) 226M->204M(256M) 4,325ms
[96,080s][info][gc] GC(392) Pause Mixed (G1 Evacuation Pause) 215M->199M(256M) 15,362ms
[96,107s][info][gc] GC(393) Pause Initial Mark (G1 Evacuation Pause) 224M->199M(256M) 10,784ms
[96,107s][info][gc] GC(394) Concurrent Cycle
[96,134s][info][gc] GC(395) Pause Young (G1 Evacuation Pause) 224M->199M(256M) 5,021ms
[96,161s][info][gc] GC(396) Pause Young (G1 Evacuation Pause) 224M->199M(256M) 6,726ms
[96,185s][info][gc] GC(397) Pause Young (G1 Evacuation Pause) 224M->199M(256M) 6,704ms
[96,210s][info][gc] GC(398) Pause Young (G1 Evacuation Pause) 224M->199M(256M) 6,156ms
[96,237s][info][gc] GC(399) Pause Young (G1 Evacuation Pause) 224M->200M(256M) 7,691ms
[96,264s][info][gc] GC(400) Pause Young (G1 Evacuation Pause) 225M->202M(256M) 11,215ms
[96,298s][info][gc] GC(401) Pause Young (G1 Evacuation Pause) 225M->202M(256M) 9,799ms
[96,325s][info][gc] GC(402) Pause Young (G1 Evacuation Pause) 225M->202M(256M) 6,661ms
[96,347s][info][gc] GC(403) Pause Young (G1 Evacuation Pause) 225M->202M(256M) 3,418ms
[96,371s][info][gc] GC(404) Pause Young (G1 Evacuation Pause) 225M->202M(256M) 4,897ms
[96,398s][info][gc] GC(405) Pause Young (G1 Evacuation Pause) 225M->203M(256M) 4,970ms
[96,420s][info][gc] GC(406) Pause Young (G1 Evacuation Pause) 226M->203M(256M) 4,374ms
[96,444s][info][gc] GC(407) Pause Young (G1 Evacuation Pause) 226M->203M(256M) 5,003ms
[96,476s][info][gc] GC(394) Pause Remark 222M->222M(256M) 15,490ms
[96,485s][info][gc] GC(408) Pause Young (G1 Evacuation Pause) 226M->203M(256M) 4,775ms
[96,507s][info][gc] GC(409) Pause Young (G1 Evacuation Pause) 225M->203M(256M) 4,842ms
[96,530s][info][gc] GC(410) Pause Young (G1 Evacuation Pause) 225M->203M(256M) 6,287ms
[96,552s][info][gc] GC(411) Pause Young (G1 Evacuation Pause) 225M->203M(256M) 5,337ms
[96,561s][info][gc] GC(394) Pause Cleanup 216M->216M(256M) 1,390ms
[96,563s][info][gc] GC(394) Concurrent Cycle 456,280ms
[96,575s][info][gc] GC(412) Pause Young (G1 Evacuation Pause) 225M->203M(256M) 6,992ms
[96,593s][info][gc] GC(413) Pause Mixed (G1 Evacuation Pause) 213M->196M(256M) 12,267ms
[96,619s][info][gc] GC(414) Pause Initial Mark (G1 Evacuation Pause) 223M->196M(256M) 9,314ms
[96,619s][info][gc] GC(415) Concurrent Cycle
[96,649s][info][gc] GC(416) Pause Young (G1 Evacuation Pause) 222M->196M(256M) 6,973ms
[96,675s][info][gc] GC(417) Pause Young (G1 Evacuation Pause) 223M->196M(256M) 8,395ms
[96,705s][info][gc] GC(418) Pause Young (G1 Evacuation Pause) 223M->196M(256M) 8,655ms
[96,734s][info][gc] GC(419) Pause Young (G1 Evacuation Pause) 223M->196M(256M) 7,337ms
[96,762s][info][gc] GC(420) Pause Young (G1 Evacuation Pause) 224M->196M(256M) 8,036ms
[96,794s][info][gc] GC(421) Pause Young (G1 Evacuation Pause) 224M->196M(256M) 9,262ms
[96,823s][info][gc] GC(422) Pause Young (G1 Evacuation Pause) 224M->196M(256M) 7,589ms
[96,861s][info][gc] GC(423) Pause Young (G1 Evacuation Pause) 224M->197M(256M) 9,540ms
[96,897s][info][gc] GC(424) Pause Young (G1 Evacuation Pause) 225M->197M(256M) 12,671ms
[96,932s][info][gc] GC(425) Pause Young (G1 Evacuation Pause) 225M->199M(256M) 12,268ms
[96,963s][info][gc] GC(426) Pause Young (G1 Evacuation Pause) 225M->201M(256M) 14,161ms
[96,993s][info][gc] GC(427) Pause Young (G1 Evacuation Pause) 225M->204M(256M) 13,910ms
[97,019s][info][gc] GC(415) Pause Remark 220M->220M(256M) 12,311ms
[97,030s][info][gc] GC(428) Pause Young (G1 Evacuation Pause) 225M->205M(256M) 6,876ms
[97,050s][info][gc] GC(429) Pause Young (G1 Evacuation Pause) 225M->204M(256M) 3,569ms
[97,069s][info][gc] GC(430) Pause Young (G1 Evacuation Pause) 225M->204M(256M) 3,197ms
[97,086s][info][gc] GC(431) Pause Young (G1 Evacuation Pause) 225M->204M(256M) 3,069ms
[97,102s][info][gc] GC(415) Pause Cleanup 225M->225M(256M) 0,866ms
[97,107s][info][gc] GC(432) Pause Young (G1 Evacuation Pause) 225M->204M(256M) 4,138ms
[97,109s][info][gc] GC(415) Concurrent Cycle 490,473ms
[97,129s][info][gc] GC(433) Pause Mixed (G1 Evacuation Pause) 215M->200M(256M) 14,586ms
[97,152s][info][gc] GC(434) Pause Initial Mark (G1 Evacuation Pause) 225M->200M(256M) 11,437ms
[97,152s][info][gc] GC(435) Concurrent Cycle
[97,177s][info][gc] GC(436) Pause Young (G1 Evacuation Pause) 225M->200M(256M) 6,506ms
[97,206s][info][gc] GC(437) Pause Young (G1 Evacuation Pause) 225M->200M(256M) 4,802ms
[97,234s][info][gc] GC(438) Pause Young (G1 Evacuation Pause) 225M->200M(256M) 5,360ms
[97,258s][info][gc] GC(439) Pause Young (G1 Evacuation Pause) 225M->200M(256M) 5,620ms
[97,283s][info][gc] GC(440) Pause Young (G1 Evacuation Pause) 225M->200M(256M) 6,011ms
[97,309s][info][gc] GC(441) Pause Young (G1 Evacuation Pause) 225M->200M(256M) 6,372ms
[97,338s][info][gc] GC(442) Pause Young (G1 Evacuation Pause) 225M->201M(256M) 8,910ms
[97,377s][info][gc] GC(443) Pause Young (G1 Evacuation Pause) 226M->201M(256M) 9,863ms
[97,414s][info][gc] GC(444) Pause Young (G1 Evacuation Pause) 226M->201M(256M) 7,459ms
[97,444s][info][gc] GC(445) Pause Young (G1 Evacuation Pause) 226M->201M(256M) 7,803ms
[97,471s][info][gc] GC(446) Pause Young (G1 Evacuation Pause) 226M->201M(256M) 8,588ms
[97,500s][info][gc] GC(447) Pause Young (G1 Evacuation Pause) 226M->202M(256M) 10,523ms
[97,516s][info][gc] GC(435) Pause Remark 205M->205M(256M) 12,983ms
[97,537s][info][gc] GC(448) Pause Young (G1 Evacuation Pause) 225M->202M(256M) 8,743ms
[97,564s][info][gc] GC(449) Pause Young (G1 Evacuation Pause) 225M->204M(256M) 11,467ms
[97,590s][info][gc] GC(450) Pause Young (G1 Evacuation Pause) 225M->204M(256M) 9,896ms
[97,612s][info][gc] GC(451) Pause Young (G1 Evacuation Pause) 225M->204M(256M) 7,506ms
[97,620s][info][gc] GC(435) Pause Cleanup 212M->211M(256M) 0,839ms
[97,622s][info][gc] GC(435) Concurrent Cycle 469,214ms
[97,634s][info][gc] GC(452) Pause Young (G1 Evacuation Pause) 225M->203M(256M) 4,826ms
[97,654s][info][gc] GC(453) Pause Mixed (G1 Evacuation Pause) 214M->195M(256M) 12,147ms
[97,678s][info][gc] GC(454) Pause Initial Mark (G1 Evacuation Pause) 221M->196M(256M) 9,633ms
[97,679s][info][gc] GC(455) Concurrent Cycle
[97,709s][info][gc] GC(456) Pause Young (G1 Evacuation Pause) 222M->196M(256M) 5,243ms
[97,736s][info][gc] GC(457) Pause Young (G1 Evacuation Pause) 223M->196M(256M) 5,751ms
[97,776s][info][gc] GC(458) Pause Young (G1 Evacuation Pause) 223M->196M(256M) 21,305ms
[97,808s][info][gc] GC(459) Pause Young (G1 Evacuation Pause) 223M->196M(256M) 7,185ms
[97,842s][info][gc] GC(460) Pause Young (G1 Evacuation Pause) 223M->196M(256M) 6,956ms
[97,871s][info][gc] GC(461) Pause Young (G1 Evacuation Pause) 223M->196M(256M) 6,551ms
[97,907s][info][gc] GC(462) Pause Young (G1 Evacuation Pause) 224M->196M(256M) 7,495ms
[97,938s][info][gc] GC(463) Pause Young (G1 Evacuation Pause) 224M->196M(256M) 8,600ms
[97,968s][info][gc] GC(464) Pause Young (G1 Evacuation Pause) 224M->196M(256M) 9,486ms
[98,003s][info][gc] GC(465) Pause Young (G1 Evacuation Pause) 224M->196M(256M) 12,663ms
[98,037s][info][gc] GC(466) Pause Young (G1 Evacuation Pause) 224M->197M(256M) 9,172ms
[98,073s][info][gc] GC(467) Pause Young (G1 Evacuation Pause) 225M->197M(256M) 8,763ms
[98,095s][info][gc] GC(455) Pause Remark 207M->207M(256M) 12,483ms
[98,115s][info][gc] GC(468) Pause Young (G1 Evacuation Pause) 225M->197M(256M) 8,227ms
[98,145s][info][gc] GC(469) Pause Young (G1 Evacuation Pause) 225M->197M(256M) 9,828ms
[98,177s][info][gc] GC(470) Pause Young (G1 Evacuation Pause) 225M->199M(256M) 12,848ms
[98,195s][info][gc] GC(455) Pause Cleanup 224M->224M(256M) 0,855ms
[98,210s][info][gc] GC(471) Pause Young (G1 Evacuation Pause) 224M->200M(256M) 14,716ms
[98,212s][info][gc] GC(455) Concurrent Cycle 533,440ms
[98,236s][info][gc] GC(472) Pause Mixed (G1 Evacuation Pause) 209M->197M(256M) 19,895ms
[98,262s][info][gc] GC(473) Pause Initial Mark (G1 Evacuation Pause) 224M->198M(256M) 10,744ms
[98,262s][info][gc] GC(474) Concurrent Cycle
[98,288s][info][gc] GC(475) Pause Young (G1 Evacuation Pause) 224M->199M(256M) 8,860ms
[98,319s][info][gc] GC(476) Pause Young (G1 Evacuation Pause) 224M->201M(256M) 9,759ms
[98,349s][info][gc] GC(477) Pause Young (G1 Evacuation Pause) 225M->201M(256M) 7,420ms
[98,379s][info][gc] GC(478) Pause Young (G1 Evacuation Pause) 225M->201M(256M) 7,129ms
[98,405s][info][gc] GC(479) Pause Young (G1 Evacuation Pause) 225M->201M(256M) 5,790ms
[98,430s][info][gc] GC(480) Pause Young (G1 Evacuation Pause) 225M->201M(256M) 5,283ms
[98,457s][info][gc] GC(481) Pause Young (G1 Evacuation Pause) 225M->201M(256M) 6,800ms
[98,482s][info][gc] GC(482) Pause Young (G1 Evacuation Pause) 225M->201M(256M) 5,800ms
[98,516s][info][gc] GC(483) Pause Young (G1 Evacuation Pause) 225M->201M(256M) 13,985ms
[98,550s][info][gc] GC(484) Pause Young (G1 Evacuation Pause) 225M->201M(256M) 10,443ms
[98,580s][info][gc] GC(485) Pause Young (G1 Evacuation Pause) 225M->202M(256M) 8,812ms
[98,605s][info][gc] GC(486) Pause Young (G1 Evacuation Pause) 226M->202M(256M) 6,379ms
[98,630s][info][gc] GC(487) Pause Young (G1 Evacuation Pause) 226M->202M(256M) 8,401ms
[98,656s][info][gc] GC(488) Pause Young (G1 Evacuation Pause) 225M->204M(256M) 10,373ms
[98,677s][info][gc] GC(474) Pause Remark 213M->213M(256M) 12,121ms
[98,695s][info][gc] GC(489) Pause Young (G1 Evacuation Pause) 224M->205M(256M) 9,236ms
[98,721s][info][gc] GC(490) Pause Young (G1 Evacuation Pause) 226M->205M(256M) 6,210ms
[98,744s][info][gc] GC(491) Pause Young (G1 Evacuation Pause) 226M->205M(256M) 3,248ms
[98,760s][info][gc] GC(474) Pause Cleanup 223M->223M(256M) 0,988ms
[98,762s][info][gc] GC(474) Concurrent Cycle 499,783ms
[98,769s][info][gc] GC(492) Pause Young (G1 Evacuation Pause) 227M->205M(256M) 4,720ms
[98,799s][info][gc] GC(493) Pause Mixed (G1 Evacuation Pause) 216M->199M(256M) 21,514ms
[98,842s][info][gc] GC(494) Pause Initial Mark (G1 Evacuation Pause) 224M->199M(256M) 17,271ms
[98,842s][info][gc] GC(495) Concurrent Cycle
[98,872s][info][gc] GC(496) Pause Young (G1 Evacuation Pause) 224M->199M(256M) 4,575ms
[98,905s][info][gc] GC(497) Pause Young (G1 Evacuation Pause) 225M->199M(256M) 5,073ms
[98,932s][info][gc] GC(498) Pause Young (G1 Evacuation Pause) 225M->199M(256M) 5,841ms
[98,957s][info][gc] GC(499) Pause Young (G1 Evacuation Pause) 225M->199M(256M) 6,191ms
[98,992s][info][gc] GC(500) Pause Young (G1 Evacuation Pause) 225M->199M(256M) 7,359ms
[99,022s][info][gc] GC(501) Pause Young (G1 Evacuation Pause) 225M->199M(256M) 6,342ms
[99,052s][info][gc] GC(502) Pause Young (G1 Evacuation Pause) 225M->199M(256M) 7,671ms
[99,084s][info][gc] GC(503) Pause Young (G1 Evacuation Pause) 225M->199M(256M) 10,511ms
[99,112s][info][gc] GC(504) Pause Young (G1 Evacuation Pause) 225M->199M(256M) 7,848ms
[99,146s][info][gc] GC(505) Pause Young (G1 Evacuation Pause) 225M->200M(256M) 8,691ms
[99,175s][info][gc] GC(506) Pause Young (G1 Evacuation Pause) 226M->200M(256M) 8,531ms
[99,203s][info][gc] GC(495) Pause Remark 221M->221M(256M) 12,063ms
[99,216s][info][gc] GC(507) Pause Young (G1 Evacuation Pause) 226M->200M(256M) 7,769ms
[99,244s][info][gc] GC(508) Pause Young (G1 Evacuation Pause) 226M->200M(256M) 8,195ms
[99,267s][info][gc] GC(509) Pause Young (G1 Evacuation Pause) 226M->200M(256M) 8,455ms
[99,295s][info][gc] GC(510) Pause Young (G1 Evacuation Pause) 226M->200M(256M) 8,820ms
[99,304s][info][gc] GC(495) Pause Cleanup 207M->207M(256M) 0,891ms
[99,310s][info][gc] GC(495) Concurrent Cycle 467,931ms
[99,324s][info][gc] GC(511) Pause Young (G1 Evacuation Pause) 226M->200M(256M) 8,326ms
[99,351s][info][gc] GC(512) Pause Mixed (G1 Evacuation Pause) 210M->194M(256M) 19,704ms
[99,382s][info][gc] GC(513) Pause Initial Mark (G1 Evacuation Pause) 223M->194M(256M) 13,094ms
[99,382s][info][gc] GC(514) Concurrent Cycle
[99,409s][info][gc] GC(515) Pause Young (G1 Evacuation Pause) 223M->194M(256M) 7,435ms
[99,449s][info][gc] GC(516) Pause Young (G1 Evacuation Pause) 224M->194M(256M) 7,928ms
[99,483s][info][gc] GC(517) Pause Young (G1 Evacuation Pause) 224M->194M(256M) 9,098ms
[99,519s][info][gc] GC(518) Pause Young (G1 Evacuation Pause) 224M->195M(256M) 13,433ms
[99,559s][info][gc] GC(519) Pause Young (G1 Evacuation Pause) 225M->197M(256M) 13,424ms
[99,596s][info][gc] GC(520) Pause Young (G1 Evacuation Pause) 225M->200M(256M) 16,942ms
[99,626s][info][gc] GC(521) Pause Young (G1 Evacuation Pause) 225M->201M(256M) 13,030ms
[99,651s][info][gc] GC(522) Pause Young (G1 Evacuation Pause) 224M->201M(256M) 6,666ms
[99,672s][info][gc] GC(523) Pause Young (G1 Evacuation Pause) 225M->201M(256M) 4,519ms
[99,695s][info][gc] GC(524) Pause Young (G1 Evacuation Pause) 225M->201M(256M) 5,425ms
[99,719s][info][gc] GC(525) Pause Young (G1 Evacuation Pause) 225M->201M(256M) 4,901ms
[99,741s][info][gc] GC(526) Pause Young (G1 Evacuation Pause) 225M->202M(256M) 6,032ms
[99,763s][info][gc] GC(527) Pause Young (G1 Evacuation Pause) 226M->202M(256M) 6,099ms
[99,790s][info][gc] GC(514) Pause Remark 224M->224M(256M) 12,700ms
[99,798s][info][gc] GC(528) Pause Young (G1 Evacuation Pause) 226M->202M(256M) 5,879ms
[99,818s][info][gc] GC(529) Pause Young (G1 Evacuation Pause) 226M->202M(256M) 6,641ms
[99,841s][info][gc] GC(530) Pause Young (G1 Evacuation Pause) 226M->202M(256M) 7,874ms
[99,863s][info][gc] GC(531) Pause Young (G1 Evacuation Pause) 226M->202M(256M) 8,162ms
[99,886s][info][gc] GC(532) Pause Young (G1 Evacuation Pause) 226M->202M(256M) 8,028ms
[99,897s][info][gc] GC(514) Pause Cleanup 207M->207M(256M) 0,857ms
[99,899s][info][gc] GC(514) Concurrent Cycle 517,236ms
[99,916s][info][gc] GC(533) Pause Young (G1 Evacuation Pause) 226M->202M(256M) 7,879ms
[99,939s][info][gc] GC(534) Pause Mixed (G1 Evacuation Pause) 211M->201M(256M) 14,881ms
[99,968s][info][gc] GC(535) Pause Initial Mark (G1 Evacuation Pause) 225M->201M(256M) 13,246ms
[99,968s][info][gc] GC(536) Concurrent Cycle
[99,990s][info][gc] GC(537) Pause Young (G1 Evacuation Pause) 225M->201M(256M) 7,885ms
[100,014s][info][gc] GC(538) Pause Young (G1 Evacuation Pause) 225M->201M(256M) 8,555ms
[100,041s][info][gc] GC(539) Pause Young (G1 Evacuation Pause) 225M->201M(256M) 7,933ms
[100,067s][info][gc] GC(540) Pause Young (G1 Evacuation Pause) 225M->201M(256M) 9,040ms
[100,091s][info][gc] GC(541) Pause Young (G1 Evacuation Pause) 225M->201M(256M) 8,639ms
[100,116s][info][gc] GC(542) Pause Young (G1 Evacuation Pause) 225M->201M(256M) 8,789ms
[100,148s][info][gc] GC(543) Pause Young (G1 Evacuation Pause) 225M->201M(256M) 11,925ms
[100,174s][info][gc] GC(544) Pause Young (G1 Evacuation Pause) 225M->202M(256M) 8,296ms
[100,199s][info][gc] GC(545) Pause Young (G1 Evacuation Pause) 226M->202M(256M) 9,123ms
[100,224s][info][gc] GC(546) Pause Young (G1 Evacuation Pause) 226M->202M(256M) 8,571ms
[100,252s][info][gc] GC(547) Pause Young (G1 Evacuation Pause) 226M->202M(256M) 10,348ms
[100,283s][info][gc] GC(548) Pause Young (G1 Evacuation Pause) 226M->202M(256M) 8,318ms
[100,314s][info][gc] GC(549) Pause Young (G1 Evacuation Pause) 226M->202M(256M) 8,465ms
[100,346s][info][gc] GC(550) Pause Young (G1 Evacuation Pause) 226M->202M(256M) 8,813ms
[100,377s][info][gc] GC(551) Pause Young (G1 Evacuation Pause) 226M->202M(256M) 9,018ms
[100,399s][info][gc] GC(536) Pause Remark 208M->208M(256M) 14,813ms
[100,426s][info][gc] GC(552) Pause Young (G1 Evacuation Pause) 226M->202M(256M) 9,881ms
[100,472s][info][gc] GC(536) Pause Cleanup 213M->213M(256M) 1,130ms
[100,474s][info][gc] GC(536) Concurrent Cycle 506,010ms
[101,381s][info][gc] GC(553) Pause Young (G1 Evacuation Pause) 226M->209M(256M) 107,569ms
[101,547s][info][gc] GC(554) Pause Mixed (G1 Evacuation Pause) 217M->199M(256M) 71,820ms
[101,911s][info][gc] GC(555) Pause Initial Mark (G1 Evacuation Pause) 220M->207M(256M) 47,783ms
[101,911s][info][gc] GC(556) Concurrent Cycle
[102,085s][info][gc] GC(557) Pause Young (G1 Evacuation Pause) 220M->207M(256M) 19,411ms
[102,191s][info][gc] GC(556) Pause Remark 214M->214M(256M) 13,033ms
[102,237s][info][gc] GC(556) Pause Cleanup 217M->217M(256M) 1,601ms
[102,239s][info][gc] GC(556) Concurrent Cycle 327,724ms
[102,283s][info][gc] GC(558) Pause Young (G1 Evacuation Pause) 220M->207M(256M) 7,913ms
[102,423s][info][gc] GC(559) Pause Mixed (G1 Evacuation Pause) 218M->184M(256M) 14,349ms
[102,503s][info][gc] GC(560) Pause Mixed (G1 Evacuation Pause) 195M->165M(256M) 36,429ms
[102,556s][info][gc] GC(561) Pause Mixed (G1 Evacuation Pause) 176M->162M(256M) 30,637ms
[134,077s][info][gc] GC(562) Pause Initial Mark (G1 Humongous Allocation) 196M->166M(256M) 34,286ms
[134,080s][info][gc] GC(563) Concurrent Cycle
[134,232s][info][gc] GC(563) Pause Remark 168M->168M(256M) 19,330ms
[134,265s][info][gc] GC(563) Pause Cleanup 168M->166M(256M) 2,265ms
[134,266s][info][gc] GC(563) Concurrent Cycle 186,734ms
[149,459s][info][gc] GC(564) Pause Young (G1 Evacuation Pause) 208M->172M(256M) 16,740ms
[149,525s][info][gc] GC(565) Pause Mixed (G1 Evacuation Pause) 179M->157M(256M) 32,455ms
[150,517s][info][gc] GC(566) Pause Young (G1 Evacuation Pause) 200M->168M(256M) 47,501ms
[151,047s][info][gc] GC(567) Pause Initial Mark (G1 Evacuation Pause) 204M->180M(256M) 37,801ms
[151,047s][info][gc] GC(568) Concurrent Cycle
[151,285s][info][gc] GC(568) Pause Remark 188M->188M(256M) 23,543ms
[151,335s][info][gc] GC(568) Pause Cleanup 189M->186M(256M) 8,313ms
[151,337s][info][gc] GC(568) Concurrent Cycle 289,333ms
[155,108s][info][gc] GC(569) Pause Young (G1 Evacuation Pause) 205M->187M(256M) 48,880ms
[156,211s][info][gc] GC(570) Pause Mixed (G1 Evacuation Pause) 194M->183M(256M) 36,865ms
[156,870s][info][gc] GC(571) Pause Initial Mark (G1 Evacuation Pause) 208M->184M(256M) 25,134ms
[156,870s][info][gc] GC(572) Concurrent Cycle
[157,160s][info][gc] GC(572) Pause Remark 194M->194M(256M) 19,456ms
[157,208s][info][gc] GC(572) Pause Cleanup 195M->195M(256M) 1,192ms
[157,210s][info][gc] GC(572) Concurrent Cycle 339,805ms
[165,546s][info][gc] GC(573) Pause Young (G1 Evacuation Pause) 214M->189M(256M) 8,845ms
[165,595s][info][gc] GC(574) Pause Mixed (G1 Evacuation Pause) 197M->188M(256M) 18,983ms
[165,719s][info][gc] GC(575) Pause Initial Mark (G1 Evacuation Pause) 214M->190M(256M) 22,203ms
[165,719s][info][gc] GC(576) Concurrent Cycle
[165,857s][info][gc] GC(577) Pause Young (G1 Evacuation Pause) 215M->193M(256M) 18,885ms
[166,025s][info][gc] GC(576) Pause Remark 208M->208M(256M) 17,894ms
[166,074s][info][gc] GC(576) Pause Cleanup 208M->208M(256M) 0,939ms
[166,076s][info][gc] GC(576) Concurrent Cycle 356,175ms
[166,236s][info][gc] GC(578) Pause Young (G1 Evacuation Pause) 218M->199M(256M) 32,974ms
[166,333s][info][gc] GC(579) Pause Mixed (G1 Evacuation Pause) 207M->199M(256M) 20,841ms
[166,592s][info][gc] GC(580) Pause Initial Mark (G1 Evacuation Pause) 218M->202M(256M) 29,496ms
[166,592s][info][gc] GC(581) Concurrent Cycle
[166,881s][info][gc] GC(581) Pause Remark 216M->216M(256M) 18,532ms
[166,924s][info][gc] GC(582) Pause Young (G1 Evacuation Pause) 219M->206M(256M) 17,370ms
[166,964s][info][gc] GC(581) Pause Cleanup 211M->208M(256M) 8,746ms
[166,966s][info][gc] GC(581) Concurrent Cycle 373,791ms
[167,113s][info][gc] GC(583) Pause Young (G1 Evacuation Pause) 216M->206M(256M) 29,504ms
[167,219s][info][gc] GC(584) Pause Mixed (G1 Evacuation Pause) 216M->202M(256M) 31,551ms
[167,383s][info][gc] GC(585) Pause Initial Mark (G1 Evacuation Pause) 216M->205M(256M) 25,553ms
[167,383s][info][gc] GC(586) Concurrent Cycle
[167,511s][info][gc] GC(587) Pause Young (G1 Evacuation Pause) 218M->208M(256M) 26,066ms
[167,633s][info][gc] GC(588) Pause Young (G1 Evacuation Pause) 220M->213M(256M) 29,247ms
[167,757s][info][gc] GC(586) Pause Remark 222M->222M(256M) 17,708ms
[167,828s][info][gc] GC(589) Pause Young (G1 Evacuation Pause) 223M->218M(256M) 27,773ms
[167,850s][info][gc] GC(586) Pause Cleanup 219M->219M(256M) 1,989ms
[167,852s][info][gc] GC(586) Concurrent Cycle 468,841ms
[168,019s][info][gc] GC(590) Pause Young (G1 Evacuation Pause) 228M->220M(256M) 35,816ms
[168,214s][info][gc] GC(591) Pause Mixed (G1 Evacuation Pause) 230M->222M(256M) 44,388ms
[168,410s][info][gc] GC(592) Pause Initial Mark (G1 Evacuation Pause) 232M->227M(256M) 38,183ms
[168,410s][info][gc] GC(593) Concurrent Cycle
[168,800s][info][gc] GC(593) Pause Remark 236M->236M(256M) 29,527ms
[168,887s][info][gc] GC(594) Pause Young (G1 Evacuation Pause) 237M->230M(256M) 40,959ms
[168,921s][info][gc] GC(593) Pause Cleanup 231M->231M(256M) 2,479ms
[168,922s][info][gc] GC(593) Concurrent Cycle 512,116ms
[174,111s][info][gc] GC(595) Pause Young (G1 Evacuation Pause) 240M->231M(256M) 18,996ms
[176,516s][info][gc] GC(596) Pause Mixed (G1 Evacuation Pause) 242M->228M(256M) 27,782ms
[180,072s][info][gc] GC(597) Pause Initial Mark (G1 Evacuation Pause) 239M->228M(256M) 16,264ms
[180,072s][info][gc] GC(598) Concurrent Cycle
[180,431s][info][gc] GC(598) Pause Remark 230M->230M(256M) 23,403ms
[180,500s][info][gc] GC(598) Pause Cleanup 230M->230M(256M) 3,967ms
[180,501s][info][gc] GC(598) Concurrent Cycle 429,111ms
[183,758s][info][gc] GC(599) Pause Young (G1 Evacuation Pause) 239M->229M(256M) 17,490ms
[184,139s][info][gc] GC(600) Pause Mixed (G1 Evacuation Pause) 239M->223M(256M) 28,630ms
[184,444s][info][gc] GC(601) Pause Initial Mark (G1 Evacuation Pause) 233M->224M(256M) 18,884ms
[184,444s][info][gc] GC(602) Concurrent Cycle
[184,808s][info][gc] GC(602) Pause Remark 232M->232M(256M) 18,534ms
[184,880s][info][gc] GC(602) Pause Cleanup 233M->233M(256M) 1,804ms
[184,881s][info][gc] GC(602) Concurrent Cycle 437,629ms
[185,469s][info][gc] GC(603) Pause Young (G1 Evacuation Pause) 235M->224M(256M) 8,059ms
[186,294s][info][gc] GC(604) Pause Mixed (G1 Evacuation Pause) 235M->223M(256M) 8,774ms
[187,472s][info][gc] GC(605) Pause Initial Mark (G1 Evacuation Pause) 234M->223M(256M) 7,372ms
[187,472s][info][gc] GC(606) Concurrent Cycle
[187,834s][info][gc] GC(606) Pause Remark 229M->229M(256M) 18,371ms
[187,902s][info][gc] GC(606) Pause Cleanup 230M->230M(256M) 1,136ms
[187,903s][info][gc] GC(606) Concurrent Cycle 431,087ms
[188,448s][info][gc] GC(607) Pause Young (G1 Evacuation Pause) 234M->224M(256M) 5,325ms
[188,607s][info][gc] GC(608) Pause Initial Mark (G1 Evacuation Pause) 235M->224M(256M) 24,905ms
[188,608s][info][gc] GC(609) Concurrent Cycle
[188,989s][info][gc] GC(609) Pause Remark 234M->234M(256M) 19,026ms
[189,007s][info][gc] GC(610) Pause Young (G1 Evacuation Pause) 234M->228M(256M) 14,414ms
[189,081s][info][gc] GC(609) Pause Cleanup 232M->232M(256M) 1,854ms
[189,082s][info][gc] GC(609) Concurrent Cycle 474,527ms
[189,162s][info][gc] GC(611) Pause Young (G1 Evacuation Pause) 238M->231M(256M) 12,650ms
[189,436s][info][gc] GC(612) Pause Initial Mark (G1 Evacuation Pause) 241M->234M(256M) 41,035ms
[189,436s][info][gc] GC(613) Concurrent Cycle
[189,804s][info][gc] GC(613) Pause Remark 235M->235M(256M) 20,537ms
[189,871s][info][gc] GC(613) Pause Cleanup 235M->235M(256M) 1,393ms
[189,872s][info][gc] GC(613) Concurrent Cycle 435,727ms
[190,184s][info][gc] GC(614) Pause Young (G1 Evacuation Pause) 244M->235M(256M) 19,428ms
[190,493s][info][gc] GC(615) Pause Mixed (G1 Evacuation Pause) 246M->226M(256M) 43,265ms
[190,833s][info][gc] GC(616) Pause Initial Mark (G1 Evacuation Pause) 236M->227M(256M) 30,190ms
[190,833s][info][gc] GC(617) Concurrent Cycle
[191,172s][info][gc] GC(618) Pause Young (G1 Evacuation Pause) 237M->228M(256M) 8,961ms
[191,226s][info][gc] GC(617) Pause Remark 230M->230M(256M) 22,176ms
[191,296s][info][gc] GC(617) Pause Cleanup 230M->230M(256M) 1,863ms
[191,298s][info][gc] GC(617) Concurrent Cycle 465,297ms
[191,527s][info][gc] GC(619) Pause Young (G1 Evacuation Pause) 239M->228M(256M) 9,648ms
[191,678s][info][gc] GC(620) Pause Mixed (G1 Evacuation Pause) 238M->228M(256M) 19,844ms
[191,844s][info][gc] GC(621) Pause Initial Mark (G1 Evacuation Pause) 238M->229M(256M) 22,680ms
[191,844s][info][gc] GC(622) Concurrent Cycle
[192,068s][info][gc] GC(623) Pause Young (GCLocker Initiated GC) 239M->229M(256M) 16,083ms
[192,304s][info][gc] GC(622) Pause Remark 238M->238M(256M) 25,879ms
[192,377s][info][gc] GC(622) Pause Cleanup 239M->239M(256M) 1,571ms
[192,379s][info][gc] GC(622) Concurrent Cycle 534,546ms
[192,428s][info][gc] GC(624) Pause Young (G1 Evacuation Pause) 239M->230M(256M) 17,247ms
[192,670s][info][gc] GC(625) Pause Mixed (G1 Evacuation Pause) 240M->228M(256M) 18,465ms
[192,926s][info][gc] GC(626) Pause Initial Mark (G1 Evacuation Pause) 238M->229M(256M) 19,241ms
[192,926s][info][gc] GC(627) Concurrent Cycle
[193,221s][info][gc] GC(628) Pause Young (G1 Evacuation Pause) 239M->229M(256M) 14,089ms
[193,333s][info][gc] GC(627) Pause Remark 234M->234M(256M) 21,073ms
[193,411s][info][gc] GC(627) Pause Cleanup 238M->238M(256M) 1,918ms
[193,413s][info][gc] GC(627) Concurrent Cycle 486,761ms
[193,477s][info][gc] GC(629) Pause Young (G1 Evacuation Pause) 239M->229M(256M) 10,303ms
[193,751s][info][gc] GC(630) Pause Mixed (G1 Evacuation Pause) 239M->229M(256M) 8,695ms
[193,991s][info][gc] GC(631) Pause Initial Mark (G1 Evacuation Pause) 240M->230M(256M) 8,773ms
[193,991s][info][gc] GC(632) Concurrent Cycle
[194,270s][info][gc] GC(633) Pause Young (G1 Evacuation Pause) 241M->230M(256M) 11,524ms
[194,396s][info][gc] GC(632) Pause Remark 232M->232M(256M) 27,250ms
[194,469s][info][gc] GC(632) Pause Cleanup 237M->237M(256M) 2,005ms
[194,471s][info][gc] GC(632) Concurrent Cycle 479,813ms
[194,524s][info][gc] GC(634) Pause Young (G1 Evacuation Pause) 240M->230M(256M) 7,454ms
[194,757s][info][gc] GC(635) Pause Mixed (G1 Evacuation Pause) 240M->230M(256M) 10,912ms
[194,987s][info][gc] GC(636) Pause Initial Mark (G1 Evacuation Pause) 240M->231M(256M) 10,967ms
[194,987s][info][gc] GC(637) Concurrent Cycle
[195,371s][info][gc] GC(637) Pause Remark 234M->234M(256M) 24,753ms
[195,440s][info][gc] GC(637) Pause Cleanup 234M->234M(256M) 1,389ms
[195,442s][info][gc] GC(637) Concurrent Cycle 454,759ms
[195,674s][info][gc] GC(638) Pause Young (G1 Evacuation Pause) 241M->231M(256M) 10,776ms
[195,912s][info][gc] GC(639) Pause Initial Mark (G1 Evacuation Pause) 241M->232M(256M) 11,387ms
[195,912s][info][gc] GC(640) Concurrent Cycle
[196,292s][info][gc] GC(640) Pause Remark 237M->237M(256M) 19,089ms
[196,363s][info][gc] GC(640) Pause Cleanup 237M->237M(256M) 1,371ms
[196,365s][info][gc] GC(640) Concurrent Cycle 452,623ms
[196,505s][info][gc] GC(641) Pause Young (G1 Evacuation Pause) 242M->232M(256M) 7,759ms
[196,667s][info][gc] GC(642) Pause Mixed (G1 Evacuation Pause) 242M->232M(256M) 10,530ms
[196,879s][info][gc] GC(643) Pause Initial Mark (G1 Evacuation Pause) 242M->233M(256M) 9,118ms
[196,879s][info][gc] GC(644) Concurrent Cycle
[197,106s][info][gc] GC(645) Pause Young (G1 Evacuation Pause) 243M->234M(256M) 7,989ms
[197,246s][info][gc] GC(646) Pause Young (G1 Evacuation Pause) 244M->235M(256M) 8,275ms
[197,287s][info][gc] GC(644) Pause Remark 235M->235M(256M) 18,818ms
[197,361s][info][gc] GC(644) Pause Cleanup 237M->237M(256M) 1,443ms
[197,362s][info][gc] GC(644) Concurrent Cycle 483,386ms
[197,483s][info][gc] GC(647) Pause Young (G1 Evacuation Pause) 245M->235M(256M) 8,111ms
[197,614s][info][gc] GC(648) Pause Initial Mark (G1 Evacuation Pause) 245M->236M(256M) 7,669ms
[197,614s][info][gc] GC(649) Concurrent Cycle
[197,831s][info][gc] GC(650) Pause Young (G1 Evacuation Pause) 246M->237M(256M) 8,891ms
[197,969s][info][gc] GC(651) Pause Young (G1 Evacuation Pause) 247M->238M(256M) 9,426ms
[198,035s][info][gc] GC(649) Pause Remark 241M->241M(256M) 20,459ms
[198,111s][info][gc] GC(649) Pause Cleanup 247M->247M(256M) 1,424ms
[198,113s][info][gc] GC(649) Concurrent Cycle 498,328ms
[198,128s][info][gc] GC(652) Pause Young (G1 Evacuation Pause) 248M->238M(256M) 7,115ms
[198,426s][info][gc] GC(653) Pause Initial Mark (G1 Evacuation Pause) 248M->239M(256M) 7,898ms
[198,426s][info][gc] GC(654) Concurrent Cycle
[198,553s][info][gc] GC(655) Pause Young (G1 Evacuation Pause) 249M->240M(256M) 8,510ms
[198,671s][info][gc] GC(656) Pause Young (G1 Evacuation Pause) 250M->240M(256M) 7,738ms
[198,847s][info][gc] GC(654) Pause Remark 247M->247M(256M) 21,757ms
[198,923s][info][gc] GC(654) Pause Cleanup 247M->247M(256M) 1,975ms
[198,924s][info][gc] GC(654) Concurrent Cycle 498,053ms
[198,965s][info][gc] GC(657) Pause Young (G1 Evacuation Pause) 250M->241M(256M) 6,436ms
[199,015s][info][gc] GC(658) To-space exhausted
[199,015s][info][gc] GC(658) Pause Mixed (G1 Evacuation Pause) 251M->244M(256M) 8,248ms
[199,206s][info][gc] GC(659) To-space exhausted
[199,206s][info][gc] GC(659) Pause Initial Mark (G1 Evacuation Pause) 254M->254M(256M) 14,660ms
[199,206s][info][gc] GC(660) Concurrent Cycle
[199,262s][info][gc] GC(661) To-space exhausted
[199,262s][info][gc] GC(661) Pause Young (G1 Evacuation Pause) 255M->255M(256M) 8,702ms
[199,266s][info][gc] GC(662) Pause Young (G1 Evacuation Pause) 255M->255M(256M) 3,220ms
[200,067s][info][gc] GC(663) Pause Full (Allocation Failure) 255M->223M(256M) 801,156ms
[200,067s][info][gc] GC(660) Concurrent Cycle 861,357ms
[200,384s][info][gc] GC(664) Pause Young (G1 Evacuation Pause) 235M->224M(256M) 7,684ms
[201,123s][info][gc] GC(665) Pause Initial Mark (G1 Evacuation Pause) 235M->224M(256M) 6,334ms
[201,123s][info][gc] GC(666) Concurrent Cycle
[201,175s][info][gc] GC(667) Pause Young (G1 Evacuation Pause) 234M->225M(256M) 5,505ms
[201,389s][info][gc] GC(668) Pause Young (G1 Evacuation Pause) 235M->226M(256M) 9,204ms
[201,516s][info][gc] GC(669) Pause Young (G1 Evacuation Pause) 236M->227M(256M) 10,230ms
[201,568s][info][gc] GC(666) Pause Remark 233M->233M(256M) 25,938ms
[201,646s][info][gc] GC(666) Pause Cleanup 235M->235M(256M) 1,393ms
[201,648s][info][gc] GC(666) Concurrent Cycle 524,760ms
[201,668s][info][gc] GC(670) Pause Young (G1 Evacuation Pause) 237M->228M(256M) 8,539ms
[201,796s][info][gc] GC(671) Pause Initial Mark (G1 Evacuation Pause) 238M->228M(256M) 13,195ms
[201,796s][info][gc] GC(672) Concurrent Cycle
[201,931s][info][gc] GC(673) Pause Young (G1 Evacuation Pause) 238M->229M(256M) 11,370ms
[202,066s][info][gc] GC(674) Pause Young (G1 Evacuation Pause) 239M->230M(256M) 11,367ms
[202,238s][info][gc] GC(675) Pause Young (G1 Evacuation Pause) 240M->232M(256M) 18,877ms
[202,277s][info][gc] GC(672) Pause Remark 234M->234M(256M) 22,265ms
[202,361s][info][gc] GC(672) Pause Cleanup 238M->238M(256M) 1,868ms
[202,363s][info][gc] GC(672) Concurrent Cycle 566,080ms
[202,457s][info][gc] GC(676) Pause Young (G1 Evacuation Pause) 242M->233M(256M) 18,973ms
[203,520s][info][gc] GC(677) Pause Initial Mark (G1 Evacuation Pause) 243M->233M(256M) 8,649ms
[203,521s][info][gc] GC(678) Concurrent Cycle
[203,772s][info][gc] GC(679) Pause Young (G1 Evacuation Pause) 244M->233M(256M) 9,209ms
[203,954s][info][gc] GC(678) Pause Remark 240M->240M(256M) 19,072ms
[204,034s][info][gc] GC(678) Pause Cleanup 244M->244M(256M) 1,498ms
[204,036s][info][gc] GC(678) Concurrent Cycle 515,439ms
[204,071s][info][gc] GC(680) Pause Young (G1 Evacuation Pause) 244M->234M(256M) 6,653ms
[204,277s][info][gc] GC(681) Pause Initial Mark (G1 Evacuation Pause) 244M->236M(256M) 16,375ms
[204,277s][info][gc] GC(682) Concurrent Cycle
[204,568s][info][gc] GC(683) Pause Young (G1 Evacuation Pause) 246M->236M(256M) 13,691ms
[204,749s][info][gc] GC(682) Pause Remark 242M->242M(256M) 21,418ms
[204,836s][info][gc] GC(682) Pause Cleanup 245M->245M(256M) 1,956ms
[204,838s][info][gc] GC(682) Concurrent Cycle 560,637ms
[204,857s][info][gc] GC(684) Pause Young (G1 Evacuation Pause) 246M->237M(256M) 11,876ms
[205,088s][info][gc] GC(685) Pause Initial Mark (G1 Evacuation Pause) 248M->238M(256M) 14,102ms
[205,089s][info][gc] GC(686) Concurrent Cycle
[205,353s][info][gc] GC(687) Pause Young (G1 Evacuation Pause) 248M->238M(256M) 10,836ms
[205,524s][info][gc] GC(686) Pause Remark 243M->243M(256M) 19,263ms
[205,604s][info][gc] GC(686) Pause Cleanup 245M->245M(256M) 1,428ms
[205,606s][info][gc] GC(686) Concurrent Cycle 517,503ms
[205,732s][info][gc] GC(688) Pause Young (G1 Evacuation Pause) 249M->238M(256M) 7,108ms
[206,476s][info][gc] GC(689) Pause Initial Mark (G1 Evacuation Pause) 249M->239M(256M) 6,333ms
[206,476s][info][gc] GC(690) Concurrent Cycle
[206,786s][info][gc] GC(691) Pause Young (G1 Evacuation Pause) 249M->239M(256M) 9,973ms
[206,914s][info][gc] GC(690) Pause Remark 243M->243M(256M) 19,246ms
[206,995s][info][gc] GC(690) Pause Cleanup 247M->247M(256M) 1,438ms
[206,997s][info][gc] GC(690) Concurrent Cycle 520,666ms
[207,152s][info][gc] GC(692) Pause Young (G1 Evacuation Pause) 250M->239M(256M) 6,894ms
[207,330s][info][gc] GC(693) Pause Initial Mark (G1 Evacuation Pause) 250M->241M(256M) 17,118ms
[207,330s][info][gc] GC(694) Concurrent Cycle
[207,506s][info][gc] GC(695) Pause Young (G1 Evacuation Pause) 251M->242M(256M) 22,394ms
[207,795s][info][gc] GC(694) Pause Remark 251M->251M(256M) 22,172ms
[207,889s][info][gc] GC(696) Pause Young (G1 Evacuation Pause) 252M->242M(256M) 16,200ms
[207,895s][info][gc] GC(694) Pause Cleanup 243M->243M(256M) 1,463ms
[207,897s][info][gc] GC(694) Concurrent Cycle 566,256ms
[212,026s][info][gc] GC(697) Pause Young (G1 Evacuation Pause) 252M->242M(256M) 9,953ms
[212,192s][info][gc] GC(698) Pause Initial Mark (G1 Evacuation Pause) 252M->243M(256M) 14,743ms
[212,192s][info][gc] GC(699) Concurrent Cycle
[212,449s][info][gc] GC(700) To-space exhausted
[212,449s][info][gc] GC(700) Pause Young (G1 Evacuation Pause) 253M->243M(256M) 10,394ms
[212,636s][info][gc] GC(699) Pause Remark 250M->250M(256M) 19,266ms
[212,716s][info][gc] GC(699) Pause Cleanup 251M->251M(256M) 1,522ms
[212,718s][info][gc] GC(699) Concurrent Cycle 525,565ms
[213,968s][info][gc] GC(701) To-space exhausted
[213,968s][info][gc] GC(701) Pause Young (G1 Evacuation Pause) 254M->250M(256M) 8,534ms
[213,997s][info][gc] GC(702) To-space exhausted
[213,997s][info][gc] GC(702) Pause Initial Mark (G1 Evacuation Pause) 254M->254M(256M) 5,346ms
[213,997s][info][gc] GC(703) Concurrent Cycle
[213,999s][info][gc] GC(704) Pause Young (G1 Evacuation Pause) 254M->254M(256M) 1,713ms
[214,801s][info][gc] GC(705) Pause Full (Allocation Failure) 254M->232M(256M) 801,642ms
[214,801s][info][gc] GC(703) Concurrent Cycle 804,255ms
[215,666s][info][gc] GC(706) Pause Young (G1 Evacuation Pause) 244M->233M(256M) 6,511ms
[215,825s][info][gc] GC(707) Pause Initial Mark (G1 Evacuation Pause) 244M->234M(256M) 10,142ms
[215,825s][info][gc] GC(708) Concurrent Cycle
[216,055s][info][gc] GC(709) Pause Young (G1 Evacuation Pause) 244M->234M(256M) 10,822ms
[216,271s][info][gc] GC(708) Pause Remark 242M->242M(256M) 21,843ms
[216,350s][info][gc] GC(708) Pause Cleanup 242M->242M(256M) 1,392ms
[216,352s][info][gc] GC(708) Concurrent Cycle 526,539ms
[217,381s][info][gc] GC(710) Pause Young (G1 Evacuation Pause) 244M->234M(256M) 11,531ms
[217,510s][info][gc] GC(711) Pause Initial Mark (G1 Evacuation Pause) 244M->234M(256M) 9,752ms
[217,510s][info][gc] GC(712) Concurrent Cycle
[217,716s][info][gc] GC(713) Pause Young (G1 Evacuation Pause) 244M->234M(256M) 8,990ms
[217,950s][info][gc] GC(712) Pause Remark 245M->245M(256M) 19,522ms
[217,968s][info][gc] GC(714) Pause Young (G1 Evacuation Pause) 245M->235M(256M) 5,781ms
[218,036s][info][gc] GC(712) Pause Cleanup 235M->235M(256M) 1,408ms
[218,038s][info][gc] GC(712) Concurrent Cycle 527,712ms
[218,261s][info][gc] GC(715) Pause Young (G1 Evacuation Pause) 246M->235M(256M) 4,839ms
[218,547s][info][gc] GC(716) Pause Initial Mark (G1 Evacuation Pause) 246M->235M(256M) 5,745ms
[218,547s][info][gc] GC(717) Concurrent Cycle
[218,884s][info][gc] GC(718) Pause Young (G1 Evacuation Pause) 246M->235M(256M) 6,245ms
[218,985s][info][gc] GC(717) Pause Remark 239M->239M(256M) 19,520ms
[219,067s][info][gc] GC(717) Pause Cleanup 243M->243M(256M) 1,612ms
[219,069s][info][gc] GC(717) Concurrent Cycle 521,469ms
[219,137s][info][gc] GC(719) Pause Young (G1 Evacuation Pause) 245M->235M(256M) 5,281ms
[219,369s][info][gc] GC(720) Pause Initial Mark (G1 Evacuation Pause) 245M->236M(256M) 6,432ms
[219,369s][info][gc] GC(721) Concurrent Cycle
[219,496s][info][gc] GC(722) Pause Young (G1 Evacuation Pause) 246M->236M(256M) 6,643ms
[219,717s][info][gc] GC(723) Pause Young (G1 Evacuation Pause) 246M->236M(256M) 6,660ms
[219,823s][info][gc] GC(721) Pause Remark 242M->242M(256M) 20,446ms
[219,864s][info][gc] GC(724) Pause Young (G1 Evacuation Pause) 246M->236M(256M) 6,011ms
[219,914s][info][gc] GC(721) Pause Cleanup 244M->244M(256M) 1,424ms
[219,916s][info][gc] GC(721) Concurrent Cycle 546,729ms
[219,981s][info][gc] GC(725) Pause Young (G1 Evacuation Pause) 246M->237M(256M) 8,068ms
[220,115s][info][gc] GC(726) Pause Initial Mark (G1 Evacuation Pause) 247M->237M(256M) 11,373ms
[220,115s][info][gc] GC(727) Concurrent Cycle
[220,256s][info][gc] GC(728) Pause Young (G1 Evacuation Pause) 247M->238M(256M) 7,816ms
[220,372s][info][gc] GC(729) Pause Young (G1 Evacuation Pause) 248M->238M(256M) 8,348ms
[220,503s][info][gc] GC(730) Pause Young (G1 Evacuation Pause) 248M->239M(256M) 13,735ms
[220,592s][info][gc] GC(727) Pause Remark 243M->243M(256M) 21,931ms
[220,669s][info][gc] GC(731) Pause Young (G1 Evacuation Pause) 249M->241M(256M) 11,920ms
[220,688s][info][gc] GC(727) Pause Cleanup 242M->242M(256M) 1,492ms
[220,690s][info][gc] GC(727) Concurrent Cycle 574,417ms
[220,902s][info][gc] GC(732) Pause Young (G1 Evacuation Pause) 251M->242M(256M) 9,481ms
[221,030s][info][gc] GC(733) Pause Initial Mark (G1 Evacuation Pause) 253M->242M(256M) 8,313ms
[221,030s][info][gc] GC(734) Concurrent Cycle
[221,276s][info][gc] GC(735) To-space exhausted
[221,276s][info][gc] GC(735) Pause Young (G1 Evacuation Pause) 252M->244M(256M) 9,793ms
[221,490s][info][gc] GC(734) Pause Remark 245M->245M(256M) 22,775ms
[221,577s][info][gc] GC(734) Pause Cleanup 245M->245M(256M) 1,454ms
[221,578s][info][gc] GC(734) Concurrent Cycle 548,317ms
[222,658s][info][gc] GC(736) To-space exhausted
[222,658s][info][gc] GC(736) Pause Young (G1 Evacuation Pause) 254M->247M(256M) 10,365ms
[223,141s][info][gc] GC(737) To-space exhausted
[223,141s][info][gc] GC(737) Pause Initial Mark (G1 Evacuation Pause) 254M->253M(256M) 10,786ms
[223,141s][info][gc] GC(738) Concurrent Cycle
[223,152s][info][gc] GC(739) To-space exhausted
[223,152s][info][gc] GC(739) Pause Young (G1 Evacuation Pause) 254M->254M(256M) 4,365ms
[223,154s][info][gc] GC(740) Pause Young (G1 Evacuation Pause) 254M->254M(256M) 1,808ms
[223,951s][info][gc] GC(741) Pause Full (Allocation Failure) 254M->238M(256M) 796,356ms
[223,951s][info][gc] GC(738) Concurrent Cycle 810,361ms
[224,059s][info][gc] GC(742) Pause Young (G1 Evacuation Pause) 250M->241M(256M) 13,839ms
[224,174s][info][gc] GC(743) To-space exhausted
[224,174s][info][gc] GC(743) Pause Initial Mark (G1 Evacuation Pause) 251M->252M(256M) 26,071ms
[224,175s][info][gc] GC(744) Concurrent Cycle
[224,230s][info][gc] GC(745) To-space exhausted
[224,230s][info][gc] GC(745) Pause Young (G1 Evacuation Pause) 255M->255M(256M) 22,671ms
[224,236s][info][gc] GC(746) Pause Young (G1 Evacuation Pause) 255M->255M(256M) 5,904ms
[225,055s][info][gc] GC(747) Pause Full (Allocation Failure) 255M->242M(256M) 818,217ms
[225,055s][info][gc] GC(744) Concurrent Cycle 880,241ms
[225,841s][info][gc] GC(748) To-space exhausted
[225,842s][info][gc] GC(748) Pause Young (G1 Evacuation Pause) 254M->255M(256M) 19,830ms
[225,852s][info][gc] GC(749) To-space exhausted
[225,852s][info][gc] GC(749) Pause Initial Mark (G1 Evacuation Pause) 255M->255M(256M) 10,570ms
[225,852s][info][gc] GC(750) Concurrent Cycle
[226,657s][info][gc] GC(751) Pause Full (Allocation Failure) 255M->238M(256M) 804,147ms
[226,657s][info][gc] GC(750) Concurrent Cycle 804,511ms
[226,695s][info][gc] GC(752) Pause Young (G1 Evacuation Pause) 250M->239M(256M) 2,897ms
[226,819s][info][gc] GC(753) Pause Initial Mark (G1 Evacuation Pause) 250M->239M(256M) 10,516ms
[226,820s][info][gc] GC(754) Concurrent Cycle
[226,968s][info][gc] GC(755) Pause Young (G1 Evacuation Pause) 250M->240M(256M) 10,093ms
[227,070s][info][gc] GC(756) Pause Young (G1 Evacuation Pause) 250M->240M(256M) 8,555ms
[227,201s][info][gc] GC(757) Pause Young (G1 Evacuation Pause) 250M->241M(256M) 15,505ms
[227,320s][info][gc] GC(754) Pause Remark 247M->247M(256M) 22,582ms
[227,337s][info][gc] GC(758) Pause Young (G1 Evacuation Pause) 251M->241M(256M) 7,137ms
[227,415s][info][gc] GC(754) Pause Cleanup 250M->250M(256M) 1,388ms
[227,416s][info][gc] GC(754) Concurrent Cycle 596,644ms
[227,440s][info][gc] GC(759) Pause Young (G1 Evacuation Pause) 251M->242M(256M) 9,121ms
[227,550s][info][gc] GC(760) Pause Initial Mark (G1 Evacuation Pause) 252M->243M(256M) 8,467ms
[227,550s][info][gc] GC(761) Concurrent Cycle
[227,667s][info][gc] GC(762) Pause Young (G1 Evacuation Pause) 253M->243M(256M) 9,615ms
[227,728s][info][gc] GC(763) To-space exhausted
[227,728s][info][gc] GC(763) Pause Young (G1 Evacuation Pause) 254M->247M(256M) 9,164ms
[227,807s][info][gc] GC(764) To-space exhausted
[227,807s][info][gc] GC(764) Pause Young (G1 Evacuation Pause) 255M->255M(256M) 11,736ms
[227,812s][info][gc] GC(765) Pause Young (G1 Evacuation Pause) 255M->255M(256M) 4,907ms
[228,651s][info][gc] GC(766) Pause Full (Allocation Failure) 255M->243M(256M) 838,082ms
[228,651s][info][gc] GC(761) Concurrent Cycle 1100,797ms
[228,853s][info][gc] GC(767) To-space exhausted
[228,853s][info][gc] GC(767) Pause Young (G1 Evacuation Pause) 255M->255M(256M) 12,459ms
[228,857s][info][gc] GC(768) Pause Initial Mark (G1 Evacuation Pause) 255M->255M(256M) 3,736ms
[228,857s][info][gc] GC(769) Concurrent Cycle
[229,619s][info][gc] GC(770) Pause Full (Allocation Failure) 255M->244M(256M) 761,820ms
[229,619s][info][gc] GC(769) Concurrent Cycle 762,202ms
[229,795s][info][gc] GC(771) To-space exhausted
[229,795s][info][gc] GC(771) Pause Young (G1 Evacuation Pause) 255M->254M(256M) 10,280ms
[229,856s][info][gc] GC(772) To-space exhausted
[229,856s][info][gc] GC(772) Pause Initial Mark (G1 Evacuation Pause) 255M->255M(256M) 5,355ms
[229,856s][info][gc] GC(773) Concurrent Cycle
[229,858s][info][gc] GC(774) Pause Young (G1 Evacuation Pause) 255M->255M(256M) 1,671ms
[230,617s][info][gc] GC(775) Pause Full (Allocation Failure) 255M->244M(256M) 758,745ms
[230,617s][info][gc] GC(773) Concurrent Cycle 761,236ms
